2026-09-20T22:05:20Z INFO Logging to /tmp/logs/update_2026-09-20T22-05-20Z.log.
2026-09-20T22:05:20Z INFO Update valid-nwb-file-to-out-degrees (base directory /tmp).
2026-09-20T22:05:21Z INFO Processing 500 items (50503 already recorded).
2026-09-20T22:05:23Z WARNING 024ef50f-ac6f-49ea-806b-93ef4b5e8644: failed while reading the NWB file (KeyError: 'Unable to synchronously open object (component not found)')
2026-09-20T22:05:23Z WARNING [1/500] 024ef50f-ac6f-49ea-806b-93ef4b5e8644: leaving unrecorded for a later run to retry.
2026-09-20T22:05:24Z WARNING 09073220-fbea-45d2-9a39-2cc61fcdc2a1: failed while reading the NWB file (KeyError: 'Unable to synchronously open object (component not found)')
2026-09-20T22:05:24Z WARNING [2/500] 09073220-fbea-45d2-9a39-2cc61fcdc2a1: leaving unrecorded for a later run to retry.
2026-09-20T22:05:27Z INFO [3/500] 092f0423-eb08-4697-8356-7a991761b8f4: 41 internal nodes; 3.1 s; peak memory 117 MiB.
2026-09-20T22:05:31Z INFO [4/500] 093049e3-4a44-4705-9563-9deebe0570ed: 40 internal nodes; 3.7 s; peak memory 117 MiB.
2026-09-20T22:05:32Z INFO [5/500] 09309710-7953-4215-a409-921c31119ce3: 17 internal nodes; 1.1 s; peak memory 117 MiB.
2026-09-20T22:05:34Z INFO [6/500] 09312675-37fc-4db6-ac0c-ff99e155f30a: 30 internal nodes; 2.2 s; peak memory 117 MiB.
2026-09-20T22:05:36Z INFO [7/500] 0931d85d-402c-4b7b-b7ce-d3959b57f3d6: 27 internal nodes; 1.5 s; peak memory 117 MiB.
2026-09-20T22:05:47Z INFO [8/500] 09321ad9-04dd-4d1b-8b0d-ffe0ba722cbb: 217 internal nodes; 10.9 s; peak memory 139 MiB.
2026-09-20T22:05:48Z INFO [9/500] 09329f5a-376a-4ae9-94c8-0df85869beda: 41 internal nodes; 1.6 s; peak memory 139 MiB.
2026-09-20T22:05:50Z INFO [10/500] 0932aadb-17f5-47a2-b541-562cb3653eeb: 38 internal nodes; 1.8 s; peak memory 139 MiB.
2026-09-20T22:05:52Z INFO [11/500] 093368c0-df0e-4d78-bbf1-089bd361bd30: 27 internal nodes; 1.5 s; peak memory 139 MiB.
2026-09-20T22:05:53Z INFO [12/500] 0934ef55-6c17-41d0-9e35-5ec807719b41: 27 internal nodes; 1.5 s; peak memory 139 MiB.
2026-09-20T22:05:55Z INFO [13/500] 09356f63-a24c-4e14-90e5-10996ae666bb: 30 internal nodes; 1.5 s; peak memory 139 MiB.
2026-09-20T22:05:56Z INFO [14/500] 0935e4a8-b86f-4780-8d3d-d1334ff5a883: 25 internal nodes; 1.3 s; peak memory 139 MiB.
2026-09-20T22:05:57Z INFO [15/500] 0936c2fe-4072-46f7-ab56-53b6a7346658: 17 internal nodes; 1.1 s; peak memory 139 MiB.
2026-09-20T22:05:59Z INFO [16/500] 09377439-87b0-4757-9a12-6fc1176cac0d: 63 internal nodes; 1.6 s; peak memory 139 MiB.
2026-09-20T22:06:00Z INFO [17/500] 09385bc4-8f18-4978-a704-dbd43448423c: 60 internal nodes; 1.7 s; peak memory 139 MiB.
2026-09-20T22:06:01Z INFO [18/500] 0939c469-666a-4de7-9771-549c7399e120: 17 internal nodes; 1.1 s; peak memory 139 MiB.
2026-09-20T22:06:04Z INFO [19/500] 093a065f-a6d7-4ff7-8653-905f3c681ca1: 44 internal nodes; 2.7 s; peak memory 139 MiB.
2026-09-20T22:06:10Z INFO [20/500] 093a123b-5483-4ebc-87a5-9a1b10f4d5ec: 55 internal nodes; 6.0 s; peak memory 139 MiB.
2026-09-20T22:06:11Z INFO [21/500] 093a3c94-9384-42f3-80df-2aa2764a3fbf: 18 internal nodes; 1.2 s; peak memory 139 MiB.
2026-09-20T22:06:16Z INFO [22/500] 093b3a4c-ad0a-4227-bdee-a7ad03649679: 53 internal nodes; 4.4 s; peak memory 139 MiB.
2026-09-20T22:06:17Z INFO [23/500] 093b8bd7-25ee-4ac6-99c0-4331bf77be93: 29 internal nodes; 1.5 s; peak memory 139 MiB.
2026-09-20T22:06:19Z INFO [24/500] 093bf5e8-e14d-4d7d-ad5d-a0d5e6ea93e5: 31 internal nodes; 1.7 s; peak memory 139 MiB.
2026-09-20T22:06:26Z INFO [25/500] 093cb4f9-880a-494c-aae3-284863b3ab7c: 59 internal nodes; 7.1 s; peak memory 139 MiB.
2026-09-20T22:06:27Z INFO [26/500] 093cfa93-8c3d-427f-9a50-89afde6b7439: 54 internal nodes; 1.3 s; peak memory 139 MiB.
2026-09-20T22:06:33Z INFO [27/500] 093e3bb6-1336-4035-9c3f-d84362be24c7: 126 internal nodes; 6.0 s; peak memory 139 MiB.
2026-09-20T22:06:57Z INFO [28/500] 093e79b6-6e12-496c-85c3-0424cd44513e: 1228 internal nodes; 23.4 s; peak memory 188 MiB.
2026-09-20T22:06:58Z INFO [29/500] 093eab9f-26a9-4a6f-8af7-994749a1e317: 17 internal nodes; 1.1 s; peak memory 188 MiB.
2026-09-20T22:07:01Z INFO [30/500] 09400f07-1df6-492c-a81c-51d3c3fa973d: 44 internal nodes; 3.0 s; peak memory 188 MiB.
2026-09-20T22:07:02Z INFO [31/500] 0940964a-a96e-4c8d-bf02-50dc5ee65879: 13 internal nodes; 1.0 s; peak memory 188 MiB.
2026-09-20T22:07:23Z INFO [32/500] 0940b241-3901-439f-becf-328e3e9cb427: 340 internal nodes; 21.5 s; peak memory 189 MiB.
2026-09-20T22:07:24Z INFO [33/500] 0941141f-cbdc-43a5-9b3a-437b6d1d82ef: 18 internal nodes; 1.0 s; peak memory 189 MiB.
2026-09-20T22:07:29Z INFO [34/500] 09412692-df96-4be0-8e30-896b01f90615: 53 internal nodes; 4.6 s; peak memory 189 MiB.
2026-09-20T22:07:30Z INFO [35/500] 0942e709-8b0e-4a77-ba3d-615cf25c15ab: 30 internal nodes; 1.4 s; peak memory 189 MiB.
2026-09-20T22:07:41Z INFO [36/500] 09451a78-8d6a-4911-bc38-83f2c8e23a0e: 196 internal nodes; 11.0 s; peak memory 189 MiB.
2026-09-20T22:07:43Z INFO [37/500] 0945217e-2721-441f-80ad-ff21400633b9: 90 internal nodes; 1.7 s; peak memory 189 MiB.
2026-09-20T22:07:44Z INFO [38/500] 09459563-dbf0-4757-873e-191bb4e0b3e4: 25 internal nodes; 0.9 s; peak memory 189 MiB.
2026-09-20T22:07:45Z INFO [39/500] 0946b9f3-a2d6-49c6-838b-8f00e7ef52e0: 17 internal nodes; 1.1 s; peak memory 189 MiB.
2026-09-20T22:07:55Z INFO [40/500] 09470cd2-2c7f-401d-9bf6-ddfbfb36f214: 83 internal nodes; 9.5 s; peak memory 189 MiB.
2026-09-20T22:07:56Z INFO [41/500] 094752b3-9a95-4dfd-a139-7290f80892d8: 17 internal nodes; 1.1 s; peak memory 189 MiB.
2026-09-20T22:07:57Z INFO [42/500] 09476d6c-8346-44c5-a710-ad14c7d0cb7a: 17 internal nodes; 1.1 s; peak memory 189 MiB.
2026-09-20T22:07:58Z INFO [43/500] 0947ff51-dfe1-422f-a3cd-a57cae774c54: 29 internal nodes; 1.6 s; peak memory 189 MiB.
2026-09-20T22:08:00Z INFO [44/500] 09491397-1b85-4279-9774-9479ebbc7fd4: 30 internal nodes; 1.2 s; peak memory 189 MiB.
2026-09-20T22:08:01Z INFO [45/500] 094a045e-612d-4c21-8b36-3e61938f0381: 17 internal nodes; 1.2 s; peak memory 189 MiB.
2026-09-20T22:08:02Z INFO [46/500] 094a4560-c779-4e37-9dcf-151f82468f96: 17 internal nodes; 1.1 s; peak memory 189 MiB.
2026-09-20T22:08:03Z INFO [47/500] 094a6e73-2a3d-498b-a720-7d9c4d12133b: 17 internal nodes; 1.1 s; peak memory 189 MiB.
2026-09-20T22:08:11Z INFO [48/500] 094aafeb-f6d0-425e-8515-8c64b7255ba8: 177 internal nodes; 8.1 s; peak memory 189 MiB.
2026-09-20T22:08:13Z INFO [49/500] 094c08f3-4338-4fed-bf08-3b9a014accbc: 31 internal nodes; 1.9 s; peak memory 189 MiB.
2026-09-20T22:08:14Z INFO [50/500] 094c0bb6-0092-45f9-bbce-11dfbac78b4c: 17 internal nodes; 1.0 s; peak memory 189 MiB.
2026-09-20T22:08:14Z INFO [50/500] 094c0bb6-0092-45f9-bbce-11dfbac78b4c: checkpointed 50551 records.
2026-09-20T22:08:18Z INFO [51/500] 094d13c5-dcbd-4fa4-b627-ac420ef5e7cd: 46 internal nodes; 3.6 s; peak memory 189 MiB.
2026-09-20T22:08:19Z INFO [52/500] 094d1bed-ee8e-4752-84a0-a90ce5542962: 27 internal nodes; 1.3 s; peak memory 189 MiB.
2026-09-20T22:08:20Z INFO [53/500] 094d2f66-84b1-4e91-9ffd-11ef3486fcec: 34 internal nodes; 1.2 s; peak memory 189 MiB.
2026-09-20T22:08:21Z INFO [54/500] 094da687-128b-4abd-ab47-035390f014f7: 20 internal nodes; 0.9 s; peak memory 189 MiB.
2026-09-20T22:08:23Z INFO [55/500] 094deb8f-3512-467b-adc0-067405804369: 53 internal nodes; 1.6 s; peak memory 189 MiB.
2026-09-20T22:08:24Z INFO [56/500] 094e55fc-e2c5-4bf9-a23e-9c58b7090cd9: 26 internal nodes; 1.6 s; peak memory 189 MiB.
2026-09-20T22:08:26Z INFO [57/500] 094e808e-e155-4178-abb6-546acbf47386: 32 internal nodes; 2.0 s; peak memory 189 MiB.
2026-09-20T22:08:28Z INFO [58/500] 095070f9-5195-44a6-a9eb-6596cd2f4917: 28 internal nodes; 2.0 s; peak memory 189 MiB.
2026-09-20T22:08:30Z INFO [59/500] 09510a19-ac5a-4bb3-afa9-6bbb9238be07: 54 internal nodes; 1.3 s; peak memory 189 MiB.
2026-09-20T22:08:32Z INFO [60/500] 095240ae-acd7-4072-95c4-86c1254cf61e: 66 internal nodes; 1.9 s; peak memory 189 MiB.
2026-09-20T22:08:33Z INFO [61/500] 0952bde1-5c3e-4616-b62d-6ddfa168e3ab: 17 internal nodes; 1.0 s; peak memory 189 MiB.
2026-09-20T22:08:34Z INFO [62/500] 0953546f-4600-4a47-b38a-1250b1c22f88: 31 internal nodes; 1.4 s; peak memory 189 MiB.
2026-09-20T22:08:37Z INFO [63/500] 09535572-acc5-4b3f-83e2-a19f0468c32c: 44 internal nodes; 3.0 s; peak memory 189 MiB.
2026-09-20T22:08:39Z INFO [64/500] 0954dd90-3fae-4208-83cf-6e800b395fff: 30 internal nodes; 1.5 s; peak memory 189 MiB.
2026-09-20T22:08:50Z INFO [65/500] 09559d87-c40e-448d-8ae7-ab9df93dcb1c: 213 internal nodes; 11.9 s; peak memory 189 MiB.
2026-09-20T22:08:52Z INFO [66/500] 095604e1-29b7-4226-b2c7-e21661ee6920: 21 internal nodes; 1.3 s; peak memory 189 MiB.
2026-09-20T22:08:53Z INFO [67/500] 095704bf-ad93-4c5a-88bd-b68ef2e202f2: 19 internal nodes; 1.3 s; peak memory 189 MiB.
2026-09-20T22:09:04Z INFO [68/500] 09576f3b-3072-4a7e-a5dc-9832a6d28cb8: 293 internal nodes; 11.1 s; peak memory 189 MiB.
2026-09-20T22:09:05Z INFO [69/500] 0958e296-cd39-4d0f-94d2-19626e57d09e: 17 internal nodes; 1.1 s; peak memory 189 MiB.
2026-09-20T22:09:06Z INFO [70/500] 0958e964-5fec-4ff0-8650-c1cd5a09287c: 20 internal nodes; 1.1 s; peak memory 189 MiB.
2026-09-20T22:09:08Z INFO [71/500] 0958f03f-0a67-455c-a6a7-66454a01520d: 27 internal nodes; 1.5 s; peak memory 189 MiB.
2026-09-20T22:09:11Z INFO [72/500] 09592b12-2484-4466-897d-bb8e00496aae: 47 internal nodes; 3.0 s; peak memory 189 MiB.
2026-09-20T22:09:12Z INFO [73/500] 09595921-d88f-440b-ab42-6cd655240be2: 31 internal nodes; 1.4 s; peak memory 189 MiB.
2026-09-20T22:09:14Z INFO [74/500] 095a66ac-542a-42d6-88a3-1df6eb7a92e8: 29 internal nodes; 1.5 s; peak memory 189 MiB.
2026-09-20T22:09:16Z INFO [75/500] 095b91bd-15fe-4198-a64f-cbff3059abc7: 38 internal nodes; 1.7 s; peak memory 189 MiB.
2026-09-20T22:09:17Z INFO [76/500] 095cc933-7e9e-4cc4-b4ac-e0b9d99dd85e: 23 internal nodes; 1.3 s; peak memory 189 MiB.
2026-09-20T22:09:18Z INFO [77/500] 095ce7e7-2687-4be6-9c16-02925fe06bf9: 27 internal nodes; 1.4 s; peak memory 189 MiB.
2026-09-20T22:09:20Z INFO [78/500] 095d346c-93ea-4cee-9fa9-28a81faa6876: 63 internal nodes; 1.6 s; peak memory 189 MiB.
2026-09-20T22:09:21Z INFO [79/500] 095ea4d0-f3a5-4195-bcb3-ca6eee953c77: 27 internal nodes; 1.4 s; peak memory 189 MiB.
2026-09-20T22:09:23Z INFO [80/500] 0960f56d-26fe-47f0-8c21-a93724834033: 24 internal nodes; 1.6 s; peak memory 189 MiB.
2026-09-20T22:09:25Z INFO [81/500] 096201c7-54a9-48af-b780-142fbcadc494: 60 internal nodes; 1.6 s; peak memory 189 MiB.
2026-09-20T22:09:36Z INFO [82/500] 09620f27-0c29-4bfb-9bea-8b2842e6ad01: 115 internal nodes; 11.1 s; peak memory 189 MiB.
2026-09-20T22:09:49Z INFO [83/500] 09629b88-1cca-4235-9de5-2c508c6a4ef4: 134 internal nodes; 13.1 s; peak memory 189 MiB.
2026-09-20T22:09:50Z INFO [84/500] 0962bd7a-9582-4cdd-bff4-6c7865ae3809: 27 internal nodes; 1.4 s; peak memory 189 MiB.
2026-09-20T22:09:51Z INFO [85/500] 096304fd-2532-4817-8410-94a8752cb371: 17 internal nodes; 1.1 s; peak memory 189 MiB.
2026-09-20T22:09:52Z INFO [86/500] 0963f020-e329-46b7-bc30-664292eb5f80: 17 internal nodes; 1.1 s; peak memory 189 MiB.
2026-09-20T22:09:54Z INFO [87/500] 09647473-9101-4fb0-922e-709ce062b2fc: 26 internal nodes; 1.3 s; peak memory 189 MiB.
2026-09-20T22:09:55Z INFO [88/500] 09649dfe-e39e-4b6d-be0a-bd553b9fa1c4: 27 internal nodes; 1.4 s; peak memory 189 MiB.
2026-09-20T22:09:57Z INFO [89/500] 0964c458-fa1d-49a2-92d5-70d6483681ff: 25 internal nodes; 2.2 s; peak memory 189 MiB.
2026-09-20T22:10:01Z INFO [90/500] 0965063a-ec06-496e-971c-bf70db2e4b6e: 46 internal nodes; 3.5 s; peak memory 189 MiB.
2026-09-20T22:10:03Z INFO [91/500] 0965967a-4578-40d6-b493-8f295916b866: 31 internal nodes; 2.4 s; peak memory 189 MiB.
2026-09-20T22:10:04Z INFO [92/500] 0965a0db-2575-4514-8b91-2a7dde8031e7: 15 internal nodes; 1.0 s; peak memory 189 MiB.
2026-09-20T22:10:16Z INFO [93/500] 0965b501-4165-43eb-91a8-33bf8463f3ef: 63 internal nodes; 11.6 s; peak memory 189 MiB.
2026-09-20T22:10:17Z INFO [94/500] 0965fd7f-4e91-477d-b54d-d5680d3c8bf8: 17 internal nodes; 1.0 s; peak memory 189 MiB.
2026-09-20T22:10:29Z INFO [95/500] 09661b05-133f-4878-953e-5c1c994fd881: 293 internal nodes; 12.5 s; peak memory 189 MiB.
2026-09-20T22:10:32Z INFO [96/500] 09678cee-b092-4785-b239-8f2c27f5a8ea: 37 internal nodes; 2.2 s; peak memory 189 MiB.
2026-09-20T22:10:34Z INFO [97/500] 096870fa-46a5-4ae1-8dd4-6eeb17e6268f: 72 internal nodes; 2.3 s; peak memory 189 MiB.
2026-09-20T22:10:41Z INFO [98/500] 09689164-a484-4774-b000-bb5cf233a52a: 61 internal nodes; 6.7 s; peak memory 189 MiB.
2026-09-20T22:10:42Z INFO [99/500] 0969cdf0-6dda-405a-91ec-e6f81a697bf9: 27 internal nodes; 1.6 s; peak memory 189 MiB.
2026-09-20T22:10:44Z INFO [100/500] 096ad175-aa40-4bcc-a544-410c504d7f1a: 27 internal nodes; 1.4 s; peak memory 189 MiB.
2026-09-20T22:10:44Z INFO [100/500] 096ad175-aa40-4bcc-a544-410c504d7f1a: checkpointed 50601 records.
2026-09-20T22:10:55Z INFO [101/500] 096b5d55-86cc-4aa0-b0d8-e58d3242d6c6: 165 internal nodes; 11.2 s; peak memory 189 MiB.
2026-09-20T22:10:56Z INFO [102/500] 096b5f13-1341-4928-aec2-b9a05fd21afe: 19 internal nodes; 1.3 s; peak memory 189 MiB.
2026-09-20T22:10:58Z INFO [103/500] 096c0315-7c72-479b-a605-887ed6b23b98: 25 internal nodes; 1.8 s; peak memory 189 MiB.
2026-09-20T22:10:59Z INFO [104/500] 096c10b0-3ec8-47dd-9bd4-bf9bc3bf0759: 18 internal nodes; 1.0 s; peak memory 189 MiB.
2026-09-20T22:11:07Z INFO [105/500] 096c4a64-33ae-475e-a94f-b9d01c39ce9f: 70 internal nodes; 7.9 s; peak memory 189 MiB.
2026-09-20T22:11:09Z INFO [106/500] 096c8d97-5cb6-4267-857e-ec1126eb88d5: 25 internal nodes; 1.8 s; peak memory 189 MiB.
2026-09-20T22:11:10Z INFO [107/500] 096ca5c6-9169-4ffa-b17b-f3763b5450c9: 11 internal nodes; 0.8 s; peak memory 189 MiB.
2026-09-20T22:11:11Z INFO [108/500] 096cde7d-d7f9-469c-943d-4de8645bb7fd: 27 internal nodes; 1.0 s; peak memory 189 MiB.
2026-09-20T22:11:12Z INFO [109/500] 096e0e47-2d48-456c-b634-4c0597147224: 55 internal nodes; 1.6 s; peak memory 189 MiB.
2026-09-20T22:11:16Z INFO [110/500] 096e1b12-c699-4bdd-9afe-c2379b5760bd: 67 internal nodes; 3.3 s; peak memory 189 MiB.
2026-09-20T22:11:17Z INFO [111/500] 096e279a-268c-4571-80ae-2f05602cc3e5: 11 internal nodes; 0.9 s; peak memory 189 MiB.
2026-09-20T22:11:18Z INFO [112/500] 096e36bf-5cc6-4d69-8ef8-5d7e28eac581: 17 internal nodes; 1.1 s; peak memory 189 MiB.
2026-09-20T22:11:19Z INFO [113/500] 096ec7c1-8d81-48b9-a94b-f6149e9e0d4b: 53 internal nodes; 1.7 s; peak memory 189 MiB.
2026-09-20T22:11:29Z INFO [114/500] 0971564d-fd17-4cee-aef9-0ac264f80551: 107 internal nodes; 9.9 s; peak memory 189 MiB.
2026-09-20T22:11:37Z INFO [115/500] 09719691-2817-4c0a-89d2-0723f9dda4aa: 66 internal nodes; 8.3 s; peak memory 189 MiB.
2026-09-20T22:11:39Z INFO [116/500] 0971d353-04b8-4766-8ac2-c6edbe01aa03: 31 internal nodes; 1.9 s; peak memory 189 MiB.
2026-09-20T22:11:41Z INFO [117/500] 0971e254-5d1e-4b40-b5d4-b27d35c5669c: 27 internal nodes; 1.6 s; peak memory 189 MiB.
2026-09-20T22:11:48Z INFO [118/500] 0971f66e-131d-4f60-a28f-5e4a16d461b4: 61 internal nodes; 6.7 s; peak memory 189 MiB.
2026-09-20T22:11:50Z INFO [119/500] 0972c602-425e-46b9-9dd0-54d4f2054ee9: 44 internal nodes; 2.4 s; peak memory 189 MiB.
2026-09-20T22:11:56Z INFO [120/500] 097326a9-ce81-4cc6-accf-90601610927a: 177 internal nodes; 6.1 s; peak memory 189 MiB.
2026-09-20T22:11:57Z INFO [121/500] 09736553-2d7a-4fec-9901-0899dad1037d: 22 internal nodes; 0.9 s; peak memory 189 MiB.
2026-09-20T22:11:58Z INFO [122/500] 09749398-5605-434e-8d9c-0fc8ef234203: 19 internal nodes; 1.0 s; peak memory 190 MiB.
2026-09-20T22:11:59Z INFO [123/500] 09758102-67dd-4c82-9d4c-892d914ff0d6: 54 internal nodes; 1.2 s; peak memory 190 MiB.
2026-09-20T22:12:00Z INFO [124/500] 09758ed7-74eb-4827-a10f-4025786b8a52: 11 internal nodes; 0.8 s; peak memory 190 MiB.
2026-09-20T22:12:02Z INFO [125/500] 09760d37-dff6-410c-8631-f2f245d5a740: 27 internal nodes; 1.3 s; peak memory 190 MiB.
2026-09-20T22:12:10Z INFO [126/500] 097637b6-16dc-4c24-b996-60300e80fbf8: 177 internal nodes; 8.2 s; peak memory 190 MiB.
2026-09-20T22:12:11Z INFO [127/500] 09778676-459e-4ca8-8c72-95024be617c7: 27 internal nodes; 1.3 s; peak memory 190 MiB.
2026-09-20T22:12:19Z INFO [128/500] 09779add-14c8-421c-a25e-0fa5c2825452: 154 internal nodes; 7.8 s; peak memory 190 MiB.
2026-09-20T22:12:20Z INFO [129/500] 0977bee1-108e-496f-82b4-9dc73698c310: 27 internal nodes; 1.4 s; peak memory 190 MiB.
2026-09-20T22:12:21Z INFO [130/500] 09787e91-e112-4fed-9d58-ea550ec157ff: 15 internal nodes; 1.0 s; peak memory 190 MiB.
2026-09-20T22:12:22Z INFO [131/500] 0978ec2c-e737-441f-9a46-544ae275d097: 17 internal nodes; 1.1 s; peak memory 190 MiB.
2026-09-20T22:12:25Z INFO [132/500] 097a2674-7b2a-4749-bb4a-bb9aa3fd89c4: 67 internal nodes; 3.0 s; peak memory 190 MiB.
2026-09-20T22:12:27Z INFO [133/500] 097a47b2-2805-4931-8909-6b7403439366: 54 internal nodes; 1.5 s; peak memory 190 MiB.
2026-09-20T22:12:28Z INFO [134/500] 097a6748-8c7e-4809-89ac-8bfb6d58187f: 27 internal nodes; 1.6 s; peak memory 190 MiB.
2026-09-20T22:12:30Z INFO [135/500] 097a9f0e-f601-45a8-b707-fc704ac7a2e4: 27 internal nodes; 1.4 s; peak memory 190 MiB.
2026-09-20T22:12:32Z INFO [136/500] 097b5d39-cce5-45d8-8862-1004be1a9975: 31 internal nodes; 2.0 s; peak memory 190 MiB.
2026-09-20T22:12:33Z INFO [137/500] 097b79b2-e990-4fb4-9d37-fa97ed7365e2: 18 internal nodes; 1.2 s; peak memory 190 MiB.
2026-09-20T22:12:39Z INFO [138/500] 097bec89-e9c7-4bda-8e79-14368edface3: 41 internal nodes; 6.3 s; peak memory 190 MiB.
2026-09-20T22:12:55Z INFO [139/500] 097c1611-fba1-45af-8aaf-0d702cc3a579: 336 internal nodes; 15.2 s; peak memory 190 MiB.
2026-09-20T22:12:57Z INFO [140/500] 097c8604-5a22-4102-85d5-e390887eb7a5: 42 internal nodes; 2.5 s; peak memory 190 MiB.
2026-09-20T22:12:58Z INFO [141/500] 097e0cbe-3acf-4d83-ac45-a4b659e5973d: 30 internal nodes; 1.4 s; peak memory 190 MiB.
2026-09-20T22:13:00Z INFO [142/500] 097f26c1-72ba-4817-a5cc-702a00fa4782: 21 internal nodes; 1.4 s; peak memory 190 MiB.
2026-09-20T22:13:09Z INFO [143/500] 097f77c7-f16b-41a4-bb00-d034f1c47022: 81 internal nodes; 8.9 s; peak memory 190 MiB.
2026-09-20T22:13:10Z INFO [144/500] 097f9bd1-5424-4708-8ebc-e3c105a09146: 31 internal nodes; 1.7 s; peak memory 190 MiB.
2026-09-20T22:13:11Z INFO [145/500] 097fc834-edcb-45a0-b708-1514cd47597e: 17 internal nodes; 0.8 s; peak memory 190 MiB.
2026-09-20T22:13:26Z INFO [146/500] 097fe1be-7132-4ffa-a9f5-039cb46ff725: 439 internal nodes; 14.4 s; peak memory 190 MiB.
2026-09-20T22:13:28Z INFO [147/500] 0980544d-2f3d-4e84-8434-79306ace519f: 65 internal nodes; 2.1 s; peak memory 190 MiB.
2026-09-20T22:13:30Z INFO [148/500] 09806577-a6dd-40bc-b353-8ad30208ee48: 44 internal nodes; 2.8 s; peak memory 190 MiB.
2026-09-20T22:13:31Z INFO [149/500] 09812abd-9c25-4f44-a0db-3b2703aace86: 26 internal nodes; 0.9 s; peak memory 190 MiB.
2026-09-20T22:13:33Z INFO [150/500] 0981e14f-5998-4a9a-948f-16cc5a60b9c3: 63 internal nodes; 1.5 s; peak memory 190 MiB.
2026-09-20T22:13:33Z INFO [150/500] 0981e14f-5998-4a9a-948f-16cc5a60b9c3: checkpointed 50651 records.
2026-09-20T22:13:34Z INFO [151/500] 09821e01-8cf5-491f-b209-ca5d24a6d834: 19 internal nodes; 1.3 s; peak memory 190 MiB.
2026-09-20T22:13:35Z INFO [152/500] 0982ec1e-efc0-4cd7-9311-6dd5633040dc: 17 internal nodes; 1.1 s; peak memory 190 MiB.
2026-09-20T22:13:37Z INFO [153/500] 09839265-d654-4f80-878d-921116eeb4ae: 58 internal nodes; 1.3 s; peak memory 190 MiB.
2026-09-20T22:13:38Z INFO [154/500] 0984734e-6522-4cef-831f-88ced1a0a592: 17 internal nodes; 1.1 s; peak memory 190 MiB.
2026-09-20T22:13:39Z INFO [155/500] 098498d9-c19f-4c99-ad75-0540b9d64d53: 91 internal nodes; 1.6 s; peak memory 190 MiB.
2026-09-20T22:13:49Z INFO [156/500] 098518aa-e4af-4bcc-815a-ac8ac2e9e647: 150 internal nodes; 9.3 s; peak memory 190 MiB.
2026-09-20T22:13:50Z INFO [157/500] 0985ecca-20d5-4cc7-ad11-6774ca94d910: 27 internal nodes; 1.3 s; peak memory 190 MiB.
2026-09-20T22:13:51Z INFO [158/500] 098629b8-ec82-4e96-a44e-35120dc9a1c5: 17 internal nodes; 1.0 s; peak memory 190 MiB.
2026-09-20T22:13:57Z INFO [159/500] 09863d29-45e3-4c10-bb53-9892503be146: 111 internal nodes; 6.5 s; peak memory 190 MiB.
2026-09-20T22:13:59Z INFO [160/500] 098658b6-345f-45f4-baee-b81cf571d3b8: 17 internal nodes; 1.1 s; peak memory 190 MiB.
2026-09-20T22:14:00Z INFO [161/500] 09873620-65a5-46f0-8014-6d5cd88cf751: 115 internal nodes; 1.4 s; peak memory 190 MiB.
2026-09-20T22:14:02Z INFO [162/500] 0987651e-b826-43b9-92e6-4c4a556017f8: 31 internal nodes; 1.8 s; peak memory 190 MiB.
2026-09-20T22:14:04Z INFO [163/500] 09876954-1e33-4a79-a74e-a7b299326cf1: 37 internal nodes; 2.5 s; peak memory 190 MiB.
2026-09-20T22:14:06Z INFO [164/500] 098784f5-269a-4339-a344-e26adcb52b9e: 29 internal nodes; 1.8 s; peak memory 190 MiB.
2026-09-20T22:14:07Z INFO [165/500] 09878df6-ffb5-4791-8f12-7b3b1694127c: 17 internal nodes; 1.1 s; peak memory 190 MiB.
2026-09-20T22:14:08Z INFO [166/500] 0987b974-011e-4e2e-9c59-8664a6b9981e: 22 internal nodes; 1.2 s; peak memory 190 MiB.
2026-09-20T22:14:09Z INFO [167/500] 0988f42f-3a50-49ad-aefd-bab16bf4d485: 17 internal nodes; 1.0 s; peak memory 190 MiB.
2026-09-20T22:14:11Z INFO [168/500] 09893102-0066-42eb-9de0-27a956283466: 31 internal nodes; 1.6 s; peak memory 190 MiB.
2026-09-20T22:14:14Z INFO [169/500] 098a33c9-4d81-497f-b0ad-0eb6ec3b664b: 44 internal nodes; 3.0 s; peak memory 190 MiB.
2026-09-20T22:14:15Z INFO [170/500] 098a72e4-ac54-485d-9dc4-e0bcdf510773: 117 internal nodes; 1.5 s; peak memory 190 MiB.
2026-09-20T22:14:18Z INFO [171/500] 098b770d-46dc-445d-b28a-d851db3f9389: 69 internal nodes; 2.4 s; peak memory 190 MiB.
2026-09-20T22:14:20Z INFO [172/500] 098bcde2-22d5-44e6-84ba-78bb75b28dcc: 56 internal nodes; 1.7 s; peak memory 190 MiB.
2026-09-20T22:14:21Z INFO [173/500] 098c0ea8-29dc-43a1-bd33-c10ae5437531: 27 internal nodes; 1.3 s; peak memory 190 MiB.
2026-09-20T22:14:23Z INFO [174/500] 098c2ea4-71c2-435a-a98b-07c72ad5eef9: 44 internal nodes; 2.5 s; peak memory 190 MiB.
2026-09-20T22:14:24Z INFO [175/500] 098c5d34-41dc-4945-beda-a39bfe386d56: 17 internal nodes; 1.1 s; peak memory 190 MiB.
2026-09-20T22:14:26Z INFO [176/500] 098cb89b-a258-4c4f-80fd-e1b9e3e1d4e3: 17 internal nodes; 1.2 s; peak memory 190 MiB.
2026-09-20T22:14:27Z INFO [177/500] 098d37dd-fe4f-4a1d-8d88-17348ee86af1: 17 internal nodes; 1.1 s; peak memory 190 MiB.
2026-09-20T22:14:28Z INFO [178/500] 098ee658-eae9-4985-9ba3-979a0ecf5640: 17 internal nodes; 1.1 s; peak memory 190 MiB.
2026-09-20T22:14:29Z INFO [179/500] 098ef410-b85c-4731-bba8-073970e949c9: 27 internal nodes; 1.4 s; peak memory 190 MiB.
2026-09-20T22:14:31Z INFO [180/500] 09908b44-d72a-46e1-8d86-c6e673a5cf22: 31 internal nodes; 2.0 s; peak memory 190 MiB.
2026-09-20T22:14:32Z INFO [181/500] 09912a0a-113f-46d3-9c0b-465c99e950d2: 17 internal nodes; 1.0 s; peak memory 190 MiB.
2026-09-20T22:14:33Z INFO [182/500] 09912d28-b899-4a85-a876-13f3621f5a3b: 17 internal nodes; 1.1 s; peak memory 190 MiB.
2026-09-20T22:14:34Z INFO [183/500] 09914e95-3f57-4091-a558-3c8596f7b3bf: 58 internal nodes; 1.2 s; peak memory 190 MiB.
2026-09-20T22:14:36Z INFO [184/500] 09915080-2307-46b3-a0e6-1b375d2f3de7: 17 internal nodes; 1.2 s; peak memory 190 MiB.
2026-09-20T22:14:37Z INFO [185/500] 0992388d-e7d4-4507-8f1d-ef635e2bb4e9: 34 internal nodes; 1.7 s; peak memory 190 MiB.
2026-09-20T22:14:38Z INFO [186/500] 0992feb4-9e86-4b42-9520-f3b95cab0e05: 13 internal nodes; 1.2 s; peak memory 190 MiB.
2026-09-20T22:14:40Z INFO [187/500] 09931d97-340c-4f81-8584-01925c16af77: 39 internal nodes; 1.8 s; peak memory 190 MiB.
2026-09-20T22:14:41Z INFO [188/500] 09935913-d8b2-46b3-9354-336e4d294710: 17 internal nodes; 1.1 s; peak memory 190 MiB.
2026-09-20T22:14:43Z INFO [189/500] 0993e62f-43b8-432d-8c50-2d75139cb74d: 18 internal nodes; 1.3 s; peak memory 190 MiB.
2026-09-20T22:14:44Z INFO [190/500] 09941135-e381-45c2-93e5-f84547c53e8d: 60 internal nodes; 1.8 s; peak memory 190 MiB.
2026-09-20T22:14:46Z INFO [191/500] 09944479-3b08-456b-a802-6054f85c4fb5: 91 internal nodes; 1.7 s; peak memory 190 MiB.
2026-09-20T22:14:48Z INFO [192/500] 09952dc7-2be6-4580-936c-627e0fb4c6c8: 25 internal nodes; 1.6 s; peak memory 190 MiB.
2026-09-20T22:14:51Z INFO [193/500] 0995ba65-03e9-4da2-9684-77432458481c: 47 internal nodes; 3.5 s; peak memory 190 MiB.
2026-09-20T22:14:53Z INFO [194/500] 0996ade8-1d65-4162-ae52-1aa1a14b8b56: 27 internal nodes; 1.5 s; peak memory 190 MiB.
2026-09-20T22:14:54Z INFO [195/500] 0996c572-4126-40d6-92ab-ce42dda3ab48: 27 internal nodes; 1.4 s; peak memory 190 MiB.
2026-09-20T22:14:55Z INFO [196/500] 099744a0-cfb3-4292-a489-61f36302466a: 13 internal nodes; 1.2 s; peak memory 190 MiB.
2026-09-20T22:14:56Z INFO [197/500] 0997c584-645e-4a5e-9021-88f3fd499a91: 17 internal nodes; 1.1 s; peak memory 190 MiB.
2026-09-20T22:14:57Z INFO [198/500] 0997e173-ab09-4756-967a-a4f5f91a638f: 25 internal nodes; 1.1 s; peak memory 190 MiB.
2026-09-20T22:15:01Z INFO [199/500] 099b9e20-da06-4179-928d-97dca9a9b7ef: 44 internal nodes; 3.2 s; peak memory 190 MiB.
2026-09-20T22:15:03Z INFO [200/500] 099c2628-125f-48f4-89eb-53ddf1c08381: 36 internal nodes; 1.9 s; peak memory 190 MiB.
2026-09-20T22:15:03Z INFO [200/500] 099c2628-125f-48f4-89eb-53ddf1c08381: checkpointed 50701 records.
2026-09-20T22:15:04Z INFO [201/500] 099f0a6c-43be-4e9f-8e5e-fe20c1008049: 13 internal nodes; 0.8 s; peak memory 190 MiB.
2026-09-20T22:15:06Z INFO [202/500] 099fb701-58e9-4309-9ab9-ba0bb72b4635: 31 internal nodes; 2.0 s; peak memory 190 MiB.
2026-09-20T22:15:19Z INFO [203/500] 09a0751f-a0c3-4674-b8f4-396a15352ac5: 263 internal nodes; 13.7 s; peak memory 190 MiB.
2026-09-20T22:15:20Z INFO [204/500] 09a1fb5f-9469-41fa-bab7-476fcbdfc76e: 17 internal nodes; 1.1 s; peak memory 190 MiB.
2026-09-20T22:15:43Z INFO [205/500] 09a2676d-83de-4779-834b-4178a3827b27: 385 internal nodes; 22.6 s; peak memory 190 MiB.
2026-09-20T22:15:44Z INFO [206/500] 09a31724-5e58-4bcd-a6da-6757624a17a1: 116 internal nodes; 1.4 s; peak memory 190 MiB.
2026-09-20T22:15:52Z INFO [207/500] 09a3f3e8-30a9-4e06-b78c-19f97cebe968: 67 internal nodes; 7.5 s; peak memory 190 MiB.
2026-09-20T22:15:53Z INFO [208/500] 09a406bf-7d58-4f73-83e4-6d2be8f9f20c: 17 internal nodes; 1.0 s; peak memory 190 MiB.
2026-09-20T22:15:54Z INFO [209/500] 09a4332c-a177-4419-b191-fccf857bca7f: 17 internal nodes; 1.1 s; peak memory 190 MiB.
2026-09-20T22:16:01Z INFO [210/500] 09a4a979-7198-4db6-b31f-c38a11fa059f: 145 internal nodes; 7.2 s; peak memory 190 MiB.
2026-09-20T22:16:02Z INFO [211/500] 09a4bd91-523a-4696-8e81-79c3c3adfcd3: 17 internal nodes; 1.2 s; peak memory 190 MiB.
2026-09-20T22:16:04Z INFO [212/500] 09a57fb8-16f6-4be2-b034-20c0b508672b: 27 internal nodes; 1.4 s; peak memory 190 MiB.
2026-09-20T22:16:06Z INFO [213/500] 09a5b8c0-b6f7-444d-b547-c5674e07a72c: 36 internal nodes; 1.6 s; peak memory 190 MiB.
2026-09-20T22:16:07Z INFO [214/500] 09a6690d-622e-48ae-9781-62ba7a8d0845: 27 internal nodes; 1.6 s; peak memory 190 MiB.
2026-09-20T22:16:09Z INFO [215/500] 09a6d809-86d2-4b48-9fd1-8082adc0ee76: 27 internal nodes; 1.5 s; peak memory 190 MiB.
2026-09-20T22:16:10Z INFO [216/500] 09a80bd6-61e6-45c4-a7d9-d11cbb271e4a: 17 internal nodes; 1.1 s; peak memory 190 MiB.
2026-09-20T22:16:26Z INFO [217/500] 09a84516-dd69-4208-915e-af986301faca: 398 internal nodes; 16.7 s; peak memory 190 MiB.
2026-09-20T22:16:28Z INFO [218/500] 09a87655-80fc-4f4b-8b6a-721a95fa0422: 27 internal nodes; 1.4 s; peak memory 190 MiB.
2026-09-20T22:16:30Z INFO [219/500] 09a88377-c627-4e4b-b929-c94a909f28fa: 62 internal nodes; 1.8 s; peak memory 190 MiB.
2026-09-20T22:16:33Z INFO [220/500] 09a89d29-756f-49c0-afbe-2f82edc49fb1: 44 internal nodes; 3.0 s; peak memory 190 MiB.
2026-09-20T22:16:41Z INFO [221/500] 09a8de5e-04f0-40f8-9301-bf015a804674: 177 internal nodes; 8.3 s; peak memory 190 MiB.
2026-09-20T22:16:42Z INFO [222/500] 09aa0e01-a104-48c4-9f9a-f9d373ea4d42: 18 internal nodes; 1.3 s; peak memory 190 MiB.
2026-09-20T22:16:45Z INFO [223/500] 09aa62e5-c4e7-429e-acc5-4115d468fbd3: 44 internal nodes; 2.7 s; peak memory 190 MiB.
2026-09-20T22:16:47Z INFO [224/500] 09ab8bde-2071-4bd8-bf46-1fc2e9475332: 58 internal nodes; 1.8 s; peak memory 190 MiB.
2026-09-20T22:16:48Z INFO [225/500] 09abfac8-d134-4159-aaf8-efc9afc573ed: 23 internal nodes; 1.4 s; peak memory 190 MiB.
2026-09-20T22:16:58Z INFO [226/500] 09ac3a12-a196-4e18-8984-6cb51848501f: 208 internal nodes; 9.9 s; peak memory 190 MiB.
2026-09-20T22:17:00Z INFO [227/500] 09ac9506-031f-47b3-b29f-f6e07ea27942: 25 internal nodes; 1.8 s; peak memory 190 MiB.
2026-09-20T22:17:02Z INFO [228/500] 09ac952e-e223-49b2-953a-5e8b0505a31c: 38 internal nodes; 2.6 s; peak memory 190 MiB.
2026-09-20T22:17:03Z INFO [229/500] 09ace77d-78b3-4e2f-9a59-75755badc93d: 17 internal nodes; 1.0 s; peak memory 190 MiB.
2026-09-20T22:17:13Z INFO [230/500] 09ad2dda-b346-40ea-8300-e2ab35d8e258: 238 internal nodes; 9.6 s; peak memory 190 MiB.
2026-09-20T22:17:15Z INFO [231/500] 09ad32c4-820f-4905-931a-f54b13829def: 53 internal nodes; 1.6 s; peak memory 190 MiB.
2026-09-20T22:17:16Z INFO [232/500] 09ad8f00-b801-48f1-b349-296820f775f0: 27 internal nodes; 1.5 s; peak memory 190 MiB.
2026-09-20T22:17:24Z INFO [233/500] 09ade962-029c-4327-9acc-44308724f297: 177 internal nodes; 7.7 s; peak memory 190 MiB.
2026-09-20T22:17:25Z INFO [234/500] 09ae8dcd-8066-4554-aaf2-5a541673faf4: 17 internal nodes; 1.1 s; peak memory 190 MiB.
2026-09-20T22:17:26Z INFO [235/500] 09ae9e3f-7621-445e-b882-5ae2672f9001: 17 internal nodes; 1.1 s; peak memory 190 MiB.
2026-09-20T22:17:27Z INFO [236/500] 09aeb529-249d-4af4-8617-106dca1cd6ba: 29 internal nodes; 1.5 s; peak memory 190 MiB.
2026-09-20T22:17:36Z INFO [237/500] 09aec2cc-b4ff-4e90-875e-9847c938bf26: 177 internal nodes; 8.3 s; peak memory 190 MiB.
2026-09-20T22:17:48Z INFO [238/500] 09b0085e-82c4-4832-ba14-c8bad253549a: 70 internal nodes; 12.2 s; peak memory 190 MiB.
2026-09-20T22:17:54Z INFO [239/500] 09b09422-0ba4-4dea-810b-0acbc6ec9dac: 73 internal nodes; 5.9 s; peak memory 190 MiB.
2026-09-20T22:17:55Z INFO [240/500] 09b0b83e-3195-4b35-b65f-b2bf2afb7723: 17 internal nodes; 1.1 s; peak memory 190 MiB.
2026-09-20T22:17:56Z INFO [241/500] 09b1d782-bfa8-4677-a9ab-0d53c0620eff: 27 internal nodes; 1.5 s; peak memory 190 MiB.
2026-09-20T22:17:57Z INFO [242/500] 09b2b687-9ad0-4b30-aaac-21d4a2186d91: 17 internal nodes; 1.1 s; peak memory 190 MiB.
2026-09-20T22:17:59Z INFO [243/500] 09b37070-802c-4aa7-8db5-aef6cad7b081: 17 internal nodes; 1.1 s; peak memory 190 MiB.
2026-09-20T22:18:00Z INFO [244/500] 09b3e523-dce2-4427-b362-1ca0dd9d5d57: 31 internal nodes; 1.7 s; peak memory 190 MiB.
2026-09-20T22:18:02Z INFO [245/500] 09b40c3f-b544-4b2a-8633-43f5f45926ea: 19 internal nodes; 1.3 s; peak memory 190 MiB.
2026-09-20T22:18:04Z INFO [246/500] 09b45f4d-30ac-48f6-8387-28a93d9d4b9f: 66 internal nodes; 2.0 s; peak memory 190 MiB.
2026-09-20T22:18:05Z INFO [247/500] 09b51b9f-cc06-44f8-a958-f4e26c48dcfd: 17 internal nodes; 1.0 s; peak memory 190 MiB.
2026-09-20T22:18:06Z INFO [248/500] 09b564ff-d3f7-4eec-860f-7f446c4349d4: 27 internal nodes; 1.3 s; peak memory 190 MiB.
2026-09-20T22:18:15Z INFO [249/500] 09b58978-d38c-497d-a876-37993a4c4d0b: 167 internal nodes; 8.9 s; peak memory 190 MiB.
2026-09-20T22:18:16Z INFO [250/500] 09b5b2f7-5578-4339-971e-b43d2d53b043: 17 internal nodes; 1.1 s; peak memory 190 MiB.
2026-09-20T22:18:16Z INFO [250/500] 09b5b2f7-5578-4339-971e-b43d2d53b043: checkpointed 50751 records.
2026-09-20T22:18:18Z INFO [251/500] 09b5de13-4177-4e1f-bcd9-a94bfee0727c: 61 internal nodes; 1.5 s; peak memory 190 MiB.
2026-09-20T22:18:19Z INFO [252/500] 09b641e5-c137-49b6-bf97-68997810e52c: 31 internal nodes; 1.6 s; peak memory 190 MiB.
2026-09-20T22:18:21Z INFO [253/500] 09b68144-bbfd-4c10-84e7-002a4974a8bf: 27 internal nodes; 1.5 s; peak memory 190 MiB.
2026-09-20T22:18:24Z INFO [254/500] 09b78939-8441-4bf2-9a3c-ea0b21d25144: 49 internal nodes; 3.8 s; peak memory 190 MiB.
2026-09-20T22:18:25Z INFO [255/500] 09b7a6cb-e084-4770-b04e-da8d1300a039: 17 internal nodes; 1.0 s; peak memory 190 MiB.
2026-09-20T22:18:40Z INFO [256/500] 09b7d1d7-8b38-47b2-94f5-e0815ed37926: 261 internal nodes; 15.0 s; peak memory 190 MiB.
2026-09-20T22:18:47Z INFO [257/500] 09b81c90-bd08-4dad-bed1-ebaf4485156f: 122 internal nodes; 6.5 s; peak memory 190 MiB.
2026-09-20T22:18:49Z INFO [258/500] 09b81f5f-0818-44a8-94cb-6b85e088cc0c: 66 internal nodes; 2.1 s; peak memory 190 MiB.
2026-09-20T22:18:51Z INFO [259/500] 09b86bbb-cf45-46e6-9a4d-a7e7a4ddc785: 30 internal nodes; 1.5 s; peak memory 190 MiB.
2026-09-20T22:18:52Z INFO [260/500] 09b8e0d1-1256-449b-87e1-2a6e29b594ee: 27 internal nodes; 1.3 s; peak memory 190 MiB.
2026-09-20T22:19:09Z INFO [261/500] 09b95e2a-b015-46ea-8332-beb4b3f13ba0: 137 internal nodes; 17.6 s; peak memory 190 MiB.
2026-09-20T22:19:11Z INFO [262/500] 09baf449-3c2b-4701-9f95-737798d6677d: 24 internal nodes; 1.4 s; peak memory 190 MiB.
2026-09-20T22:19:12Z INFO [263/500] 09bbe124-7b0d-438c-b186-e0846a0e2c28: 17 internal nodes; 1.2 s; peak memory 190 MiB.
2026-09-20T22:19:20Z INFO [264/500] 09bc8e09-ed3f-4842-8afe-c609f592b51b: 188 internal nodes; 7.9 s; peak memory 190 MiB.
2026-09-20T22:19:21Z INFO [265/500] 09bcc6d3-aa79-4ff8-99da-4d39c157dfe9: 90 internal nodes; 1.5 s; peak memory 190 MiB.
2026-09-20T22:19:23Z INFO [266/500] 09bf910d-7170-48fc-a68b-f8a1bf2689ae: 63 internal nodes; 1.6 s; peak memory 190 MiB.
2026-09-20T22:19:26Z INFO [267/500] 09c126c2-b273-40ec-9a98-4623e22028ef: 41 internal nodes; 3.1 s; peak memory 190 MiB.
2026-09-20T22:19:28Z INFO [268/500] 09c14d38-3fd2-4adc-a0db-db97d5f0e124: 19 internal nodes; 1.4 s; peak memory 190 MiB.
2026-09-20T22:19:29Z INFO [269/500] 09c2b6af-4acc-4806-bf68-40d7c55058cf: 65 internal nodes; 1.9 s; peak memory 190 MiB.
2026-09-20T22:19:31Z INFO [270/500] 09c2ba14-8dc3-499e-a38e-2f4a0723b32f: 91 internal nodes; 1.3 s; peak memory 190 MiB.
2026-09-20T22:19:32Z INFO [271/500] 09c324f7-0769-4f54-82c2-66fae75657b9: 18 internal nodes; 1.2 s; peak memory 190 MiB.
2026-09-20T22:19:33Z INFO [272/500] 09c331d9-cb20-4541-92dd-76fd4f9f521a: 90 internal nodes; 1.2 s; peak memory 190 MiB.
2026-09-20T22:19:35Z INFO [273/500] 09c3a406-1669-464d-9ff7-1d29b8d18e91: 26 internal nodes; 1.7 s; peak memory 190 MiB.
2026-09-20T22:19:37Z INFO [274/500] 09c3d0e7-3be4-4c70-b45a-7d2eeb20ffc2: 72 internal nodes; 2.3 s; peak memory 190 MiB.
2026-09-20T22:19:38Z INFO [275/500] 09c488b8-8668-46f0-b2d5-63440f0d9ff3: 17 internal nodes; 1.1 s; peak memory 190 MiB.
2026-09-20T22:19:49Z INFO [276/500] 09c4bd5a-f32e-4152-8324-e280a1c9a3db: 75 internal nodes; 11.0 s; peak memory 190 MiB.
2026-09-20T22:19:52Z INFO [277/500] 09c52288-d38d-4da1-b6e9-471b2f9771a2: 31 internal nodes; 2.4 s; peak memory 190 MiB.
2026-09-20T22:19:54Z INFO [278/500] 09c59f0a-e2c1-4888-a83d-19ba3457a68b: 40 internal nodes; 2.6 s; peak memory 190 MiB.
2026-09-20T22:19:56Z INFO [279/500] 09c67de8-6e21-42fd-a802-cea92540ec8a: 69 internal nodes; 1.9 s; peak memory 190 MiB.
2026-09-20T22:19:58Z INFO [280/500] 09c9ca88-48f7-43c3-8fa8-57d0a1813059: 54 internal nodes; 1.4 s; peak memory 190 MiB.
2026-09-20T22:20:01Z INFO [281/500] 09cb3b6a-ec27-411d-9c5b-4d050f7cf0c0: 44 internal nodes; 2.9 s; peak memory 190 MiB.
2026-09-20T22:20:08Z INFO [282/500] 09cb8322-6a8d-4a55-976a-bbd68e1817df: 66 internal nodes; 7.7 s; peak memory 190 MiB.
2026-09-20T22:20:10Z INFO [283/500] 09cbc73d-2827-49b8-b9fd-826474189ff4: 27 internal nodes; 1.4 s; peak memory 190 MiB.
2026-09-20T22:20:11Z INFO [284/500] 09cc0818-2dba-4aea-b20a-68d781523390: 28 internal nodes; 1.8 s; peak memory 190 MiB.
2026-09-20T22:20:13Z INFO [285/500] 09ccd87f-e536-4b24-bd20-3669ffda36e9: 30 internal nodes; 1.5 s; peak memory 190 MiB.
2026-09-20T22:20:17Z INFO [286/500] 09cd9469-9231-4329-b51d-cb4d3f805f22: 82 internal nodes; 4.0 s; peak memory 190 MiB.
2026-09-20T22:20:18Z INFO [287/500] 09cdf7f4-a829-4d1c-8a8f-e26cfbc176a6: 27 internal nodes; 1.5 s; peak memory 190 MiB.
2026-09-20T22:20:20Z INFO [288/500] 09ce209d-d361-4f58-9389-8dee28bfe020: 53 internal nodes; 1.5 s; peak memory 190 MiB.
2026-09-20T22:20:21Z INFO [289/500] 09ce5490-26ea-468f-aafe-d8ac2da76591: 27 internal nodes; 1.4 s; peak memory 190 MiB.
2026-09-20T22:20:22Z INFO [290/500] 09ce781a-e048-43a7-abd4-6bfc5be62863: 13 internal nodes; 1.1 s; peak memory 190 MiB.
2026-09-20T22:20:25Z INFO [291/500] 09ce8d97-d61e-4b3a-99cb-a5c6a55b3122: 45 internal nodes; 3.1 s; peak memory 190 MiB.
2026-09-20T22:20:27Z INFO [292/500] 09cf0271-4ce0-40d7-9a23-74f093233b70: 55 internal nodes; 1.5 s; peak memory 190 MiB.
2026-09-20T22:20:28Z INFO [293/500] 09cfba07-9fff-4f01-92e6-ddf0a30fc76c: 27 internal nodes; 1.2 s; peak memory 190 MiB.
2026-09-20T22:20:30Z INFO [294/500] 09cfd04a-da5d-49c1-8dbf-b98a34850cc9: 53 internal nodes; 1.7 s; peak memory 190 MiB.
2026-09-20T22:20:31Z INFO [295/500] 09d02fff-1fab-43b1-ad67-282f3e160485: 17 internal nodes; 0.9 s; peak memory 190 MiB.
2026-09-20T22:20:33Z INFO [296/500] 09d1979c-fa5c-491f-94d3-2173aa36e835: 72 internal nodes; 2.5 s; peak memory 190 MiB.
2026-09-20T22:20:35Z INFO [297/500] 09d32b22-c5dc-4601-a11b-274ddf365ef7: 31 internal nodes; 1.9 s; peak memory 190 MiB.
2026-09-20T22:20:37Z INFO [298/500] 09d3f976-6f83-4189-b06e-88ebf7f49295: 50 internal nodes; 1.6 s; peak memory 190 MiB.
2026-09-20T22:20:38Z INFO [299/500] 09d418a7-938d-498e-88cc-b142794eba04: 31 internal nodes; 1.7 s; peak memory 190 MiB.
2026-09-20T22:20:40Z INFO [300/500] 09d55c53-130d-4ec3-b29d-e57f3d00b74e: 29 internal nodes; 1.5 s; peak memory 190 MiB.
2026-09-20T22:20:40Z INFO [300/500] 09d55c53-130d-4ec3-b29d-e57f3d00b74e: checkpointed 50801 records.
2026-09-20T22:20:41Z INFO [301/500] 09d5b087-e3f0-4b4e-88da-dbff30f5881f: 11 internal nodes; 0.9 s; peak memory 190 MiB.
2026-09-20T22:20:42Z INFO [302/500] 09d5f672-5836-40ee-86b8-77d02e914187: 17 internal nodes; 1.0 s; peak memory 190 MiB.
2026-09-20T22:20:43Z INFO [303/500] 09d61dcf-77fe-440b-9f71-6c2984dea32a: 61 internal nodes; 1.5 s; peak memory 190 MiB.
2026-09-20T22:20:45Z INFO [304/500] 09d88ae2-9ccc-4956-a6a5-e3de83c3a2c1: 31 internal nodes; 1.8 s; peak memory 190 MiB.
2026-09-20T22:20:47Z INFO [305/500] 09d894ab-6c82-4ba0-bd4f-9b87e9b350e8: 30 internal nodes; 1.4 s; peak memory 190 MiB.
2026-09-20T22:20:49Z INFO [306/500] 09d8a73d-83f7-412b-9ae3-76d879419bf1: 44 internal nodes; 2.6 s; peak memory 190 MiB.
2026-09-20T22:20:51Z INFO [307/500] 09d9845a-6363-4b1c-bbe6-3e92963cdb0a: 27 internal nodes; 1.5 s; peak memory 190 MiB.
2026-09-20T22:20:52Z INFO [308/500] 09dae43c-6f24-4da9-a77d-84623b266f7d: 27 internal nodes; 1.3 s; peak memory 190 MiB.
2026-09-20T22:20:58Z INFO [309/500] 09db61bd-ebff-445b-8399-899d37f45095: 73 internal nodes; 6.0 s; peak memory 190 MiB.
2026-09-20T22:20:59Z INFO [310/500] 09dc3210-8116-47a1-8473-9e4105f581e6: 17 internal nodes; 1.0 s; peak memory 190 MiB.
2026-09-20T22:21:02Z INFO [311/500] 09dc738d-e023-44f3-890f-be3017a8f6c5: 44 internal nodes; 2.8 s; peak memory 190 MiB.
2026-09-20T22:21:03Z INFO [312/500] 09dcab2f-e1f9-4d88-ae87-991fb55797c6: 11 internal nodes; 0.8 s; peak memory 190 MiB.
2026-09-20T22:21:09Z INFO [313/500] 09dccc65-2177-4d83-a9a5-58ccdb6dea48: 267 internal nodes; 5.8 s; peak memory 190 MiB.
2026-09-20T22:21:09Z INFO [314/500] 09dce58a-679a-462b-a67b-eb59f66fbec9: 22 internal nodes; 0.9 s; peak memory 190 MiB.
2026-09-20T22:21:11Z INFO [315/500] 09dd8eb3-e064-4223-84cd-807228c536f5: 26 internal nodes; 1.1 s; peak memory 190 MiB.
2026-09-20T22:21:12Z INFO [316/500] 09de817d-1b8d-46c8-b95f-f31555ecd87a: 116 internal nodes; 1.3 s; peak memory 190 MiB.
2026-09-20T22:21:14Z INFO [317/500] 09dedd5f-2d29-4b99-b8f5-da356bbe9894: 44 internal nodes; 2.4 s; peak memory 190 MiB.
2026-09-20T22:21:15Z INFO [318/500] 09df43ba-d42b-4fee-bf5f-4540a3cbb594: 18 internal nodes; 1.2 s; peak memory 190 MiB.
2026-09-20T22:21:17Z INFO [319/500] 09df844b-8898-46dc-bc74-d5ff5ffb129f: 27 internal nodes; 1.5 s; peak memory 190 MiB.
2026-09-20T22:21:18Z INFO [320/500] 09dfb829-b00f-4761-ab66-4b1ae4557b85: 17 internal nodes; 1.1 s; peak memory 190 MiB.
2026-09-20T22:21:19Z INFO [321/500] 09dfc987-4167-446e-9aac-95106cddcdd1: 17 internal nodes; 1.1 s; peak memory 190 MiB.
2026-09-20T22:21:27Z INFO [322/500] 09dff453-e589-4803-b94a-f7cb3da729ec: 145 internal nodes; 8.1 s; peak memory 190 MiB.
2026-09-20T22:21:28Z INFO [323/500] 09e03788-3188-49b6-93f3-94a695be4a36: 34 internal nodes; 1.1 s; peak memory 190 MiB.
2026-09-20T22:21:30Z INFO [324/500] 09e09925-28d4-4e25-a996-1a979eb61992: 29 internal nodes; 1.3 s; peak memory 190 MiB.
2026-09-20T22:21:31Z INFO [325/500] 09e10cda-1047-475d-a34e-17c18169d246: 27 internal nodes; 1.4 s; peak memory 190 MiB.
2026-09-20T22:21:32Z INFO [326/500] 09e19dcf-b354-4837-ad95-8f957175e164: 11 internal nodes; 1.2 s; peak memory 190 MiB.
2026-09-20T22:21:34Z INFO [327/500] 09e1a3f1-b8dc-4daf-b865-495a895b66db: 27 internal nodes; 1.5 s; peak memory 190 MiB.
2026-09-20T22:21:43Z INFO [328/500] 09e1dcea-126d-426f-b062-6cb679cdefc6: 32 internal nodes; 9.7 s; peak memory 190 MiB.
2026-09-20T22:21:45Z INFO [329/500] 09e1e86f-de52-4eaf-8c2c-8845a0719e35: 22 internal nodes; 1.4 s; peak memory 190 MiB.
2026-09-20T22:21:55Z INFO [330/500] 09e2058e-592b-4f6e-946f-dfac82fb932f: 59 internal nodes; 10.6 s; peak memory 190 MiB.
2026-09-20T22:21:56Z INFO [331/500] 09e2424e-8afc-4b14-992a-14499e9ea7a2: 13 internal nodes; 0.9 s; peak memory 190 MiB.
2026-09-20T22:21:58Z INFO [332/500] 09e24b80-5379-4e2d-8937-78743e30bdfd: 27 internal nodes; 1.5 s; peak memory 190 MiB.
2026-09-20T22:21:59Z INFO [333/500] 09e29a29-fbb1-4cce-83d6-0476cd675754: 13 internal nodes; 1.2 s; peak memory 190 MiB.
2026-09-20T22:22:01Z INFO [334/500] 09e2a404-b029-4bcd-b8a3-5a9a982fc82a: 31 internal nodes; 2.2 s; peak memory 190 MiB.
2026-09-20T22:22:03Z INFO [335/500] 09e2ec5d-8722-4bb2-9a5c-95e4954be211: 31 internal nodes; 2.0 s; peak memory 190 MiB.
2026-09-20T22:22:04Z INFO [336/500] 09e39016-49e6-4b79-bf75-c3843df166b1: 18 internal nodes; 1.0 s; peak memory 190 MiB.
2026-09-20T22:22:05Z INFO [337/500] 09e3a9c8-66cd-496a-bf35-4cdc617bc6ab: 19 internal nodes; 1.1 s; peak memory 190 MiB.
2026-09-20T22:22:06Z INFO [338/500] 09e60b83-41b6-4018-baa5-919f336af932: 13 internal nodes; 0.9 s; peak memory 190 MiB.
2026-09-20T22:22:08Z INFO [339/500] 09e750cd-9386-4d68-ada5-5603f3566833: 27 internal nodes; 1.5 s; peak memory 190 MiB.
2026-09-20T22:22:09Z INFO [340/500] 09e77ba5-07b8-40cf-8512-3602822cf44c: 17 internal nodes; 1.0 s; peak memory 190 MiB.
2026-09-20T22:22:10Z INFO [341/500] 09e82e72-934b-4536-b61d-7f31c5a52267: 25 internal nodes; 1.4 s; peak memory 190 MiB.
2026-09-20T22:22:12Z INFO [342/500] 09e921b5-3f4b-4014-b530-1f287a23095e: 120 internal nodes; 1.7 s; peak memory 190 MiB.
2026-09-20T22:22:13Z INFO [343/500] 09e98317-6218-4c5a-83ea-c91aca8541ba: 56 internal nodes; 1.6 s; peak memory 190 MiB.
2026-09-20T22:22:17Z INFO [344/500] 09ea1a9a-a5ab-496a-84a1-373c1e4c5cbf: 39 internal nodes; 3.6 s; peak memory 190 MiB.
2026-09-20T22:22:19Z INFO [345/500] 09ea60c8-b381-40b1-b123-3ee29f1525e9: 21 internal nodes; 1.6 s; peak memory 190 MiB.
2026-09-20T22:22:20Z INFO [346/500] 09ead2db-b9b7-4481-bf92-9f9ef160f2af: 17 internal nodes; 1.0 s; peak memory 190 MiB.
2026-09-20T22:22:21Z INFO [347/500] 09ec20a1-6e30-4c6d-968f-cace49771e05: 27 internal nodes; 1.4 s; peak memory 190 MiB.
2026-09-20T22:22:22Z INFO [348/500] 09ed1aa2-81eb-429c-b06f-24f73121cc78: 115 internal nodes; 1.4 s; peak memory 190 MiB.
2026-09-20T22:22:24Z INFO [349/500] 09ed3f49-a741-4f12-8ecd-2611ad16e93d: 26 internal nodes; 1.5 s; peak memory 190 MiB.
2026-09-20T22:22:25Z INFO [350/500] 09ee4cd3-358b-4181-869e-110128ca15d6: 17 internal nodes; 1.1 s; peak memory 190 MiB.
2026-09-20T22:22:25Z INFO [350/500] 09ee4cd3-358b-4181-869e-110128ca15d6: checkpointed 50851 records.
2026-09-20T22:22:38Z INFO [351/500] 09ee5205-c046-439b-b11a-218d83b694a1: 271 internal nodes; 12.9 s; peak memory 190 MiB.
2026-09-20T22:22:40Z INFO [352/500] 09ee60fe-f2b8-4cc8-b3df-09062c54fd53: 27 internal nodes; 1.5 s; peak memory 190 MiB.
2026-09-20T22:22:41Z INFO [353/500] 09ee6cdb-8155-45da-8c5c-881bbb8221f3: 27 internal nodes; 1.4 s; peak memory 190 MiB.
2026-09-20T22:22:43Z INFO [354/500] 09eecd46-01c7-4ee6-9244-25aa9ba8664d: 31 internal nodes; 1.8 s; peak memory 190 MiB.
2026-09-20T22:22:44Z INFO [355/500] 09eede6f-cb61-4797-bc85-a4f405fb2fae: 17 internal nodes; 1.1 s; peak memory 190 MiB.
2026-09-20T22:22:45Z INFO [356/500] 09ef0b6e-2ec9-4b31-814f-c88c82e80e5f: 17 internal nodes; 1.0 s; peak memory 190 MiB.
2026-09-20T22:22:56Z INFO [357/500] 09f0a2a4-56b0-4eac-a6fe-7195d2a3c329: 115 internal nodes; 11.4 s; peak memory 190 MiB.
2026-09-20T22:22:58Z INFO [358/500] 09f14c2f-9098-4113-b22a-f57fd2a4a12c: 27 internal nodes; 1.6 s; peak memory 190 MiB.
2026-09-20T22:23:00Z INFO [359/500] 09f1b19d-c5cd-4630-82a0-e111354cea6f: 69 internal nodes; 2.4 s; peak memory 190 MiB.
2026-09-20T22:23:06Z INFO [360/500] 09f236ce-4dc1-4165-984f-e7524ab44eab: 73 internal nodes; 5.4 s; peak memory 190 MiB.
2026-09-20T22:23:08Z INFO [361/500] 09f26db2-d44f-444b-8f58-df80fcc4ddf8: 44 internal nodes; 2.8 s; peak memory 190 MiB.
2026-09-20T22:23:13Z INFO [362/500] 09f33317-5205-41a3-a2f5-eb40d511b037: 53 internal nodes; 4.5 s; peak memory 190 MiB.
2026-09-20T22:23:15Z INFO [363/500] 09f371b5-53cb-4832-84d8-a9d3a33775af: 29 internal nodes; 2.1 s; peak memory 190 MiB.
2026-09-20T22:23:17Z INFO [364/500] 09f5727c-0def-4727-8bd3-e219a326f329: 23 internal nodes; 1.6 s; peak memory 190 MiB.
2026-09-20T22:23:18Z INFO [365/500] 09f65130-514f-4c9f-902d-4c9ccbef8f98: 17 internal nodes; 1.2 s; peak memory 190 MiB.
2026-09-20T22:23:20Z INFO [366/500] 09f67f81-c647-4db7-9e0b-e7db11e8a9a8: 31 internal nodes; 1.7 s; peak memory 190 MiB.
2026-09-20T22:23:21Z INFO [367/500] 09f6e499-af81-4c81-bad6-eb58868f1291: 23 internal nodes; 1.6 s; peak memory 190 MiB.
2026-09-20T22:23:34Z INFO [368/500] 09f6f4cc-0eb7-43ba-b7c9-749153c3d2ca: 1884 internal nodes; 13.1 s; peak memory 190 MiB.
2026-09-20T22:23:36Z INFO [369/500] 09f777f7-d91c-4dd2-86c5-f9815513dad1: 27 internal nodes; 1.5 s; peak memory 190 MiB.
2026-09-20T22:23:39Z INFO [370/500] 09f81058-0945-43db-ab16-b1741c6c6860: 41 internal nodes; 2.8 s; peak memory 190 MiB.
2026-09-20T22:23:40Z INFO [371/500] 09f838ef-763e-4063-a2a0-37ad294598ac: 27 internal nodes; 1.5 s; peak memory 190 MiB.
2026-09-20T22:23:49Z INFO [372/500] 09f887da-3875-4649-922c-eb98d2f03798: 201 internal nodes; 8.9 s; peak memory 190 MiB.
2026-09-20T22:24:02Z INFO [373/500] 09fa9e23-6f3c-4971-86a9-2fb0fdc1bc51: 128 internal nodes; 12.6 s; peak memory 190 MiB.
2026-09-20T22:24:10Z INFO [374/500] 09fb49f0-4f96-465d-96e6-2d8b7889c902: 132 internal nodes; 8.2 s; peak memory 190 MiB.
2026-09-20T22:24:11Z INFO [375/500] 09fb6fe2-dfa0-477b-8be9-a31e731a0004: 17 internal nodes; 1.1 s; peak memory 190 MiB.
2026-09-20T22:24:12Z INFO [376/500] 09fbe36e-2cc9-4a8d-87b6-24d64a8f76f6: 29 internal nodes; 1.1 s; peak memory 190 MiB.
2026-09-20T22:24:14Z INFO [377/500] 09fbfb31-326d-4c92-af2f-fb0fb644ff7d: 37 internal nodes; 1.8 s; peak memory 190 MiB.
2026-09-20T22:24:15Z INFO [378/500] 09fc4152-83aa-4ce9-95b3-1d5acf94fbc0: 25 internal nodes; 1.5 s; peak memory 190 MiB.
2026-09-20T22:24:16Z INFO [379/500] 09fdf6a8-4753-4f7e-8a94-e9851ed4ac09: 26 internal nodes; 1.1 s; peak memory 190 MiB.
2026-09-20T22:24:18Z INFO [380/500] 09ffec85-2705-4732-9bd9-079e1a0eedbb: 54 internal nodes; 1.7 s; peak memory 190 MiB.
2026-09-20T22:24:19Z INFO [381/500] 09fff81e-9259-4659-b56b-5298a402ca78: 86 internal nodes; 1.3 s; peak memory 190 MiB.
2026-09-20T22:24:20Z INFO [382/500] 0a002c53-b7d5-426a-94ef-e0441afd5f1c: 21 internal nodes; 1.1 s; peak memory 190 MiB.
2026-09-20T22:24:22Z INFO [383/500] 0a0052ec-492d-46c8-9a04-edcb4c93bf51: 65 internal nodes; 1.8 s; peak memory 190 MiB.
2026-09-20T22:24:23Z INFO [384/500] 0a00f652-1dca-4908-8992-09e11136708b: 18 internal nodes; 1.1 s; peak memory 190 MiB.
2026-09-20T22:24:24Z INFO [385/500] 0a0152d1-4b32-41d0-861c-04dc75feaebf: 19 internal nodes; 1.1 s; peak memory 190 MiB.
2026-09-20T22:24:30Z INFO [386/500] 0a018fee-f1ac-4c0c-ba20-2e8cf39d1704: 135 internal nodes; 5.8 s; peak memory 190 MiB.
2026-09-20T22:24:32Z INFO [387/500] 0a01a507-08e4-4a91-a20c-f466b016a6a6: 29 internal nodes; 1.6 s; peak memory 190 MiB.
2026-09-20T22:24:33Z INFO [388/500] 0a01c3ee-0903-428a-afc7-9f96ed7e9af1: 17 internal nodes; 1.2 s; peak memory 190 MiB.
2026-09-20T22:24:41Z INFO [389/500] 0a035564-1b8d-4f78-b7de-b872719acb23: 66 internal nodes; 8.4 s; peak memory 190 MiB.
2026-09-20T22:24:43Z INFO [390/500] 0a042a69-eccf-4884-b1ce-a832a0e93a7d: 31 internal nodes; 1.7 s; peak memory 190 MiB.
2026-09-20T22:24:45Z INFO [391/500] 0a043a89-1d2a-43d9-b19a-42cccc48bd7b: 62 internal nodes; 1.6 s; peak memory 190 MiB.
2026-09-20T22:24:48Z INFO [392/500] 0a04ab27-b3dd-40c2-a80f-c38a5fa9c49a: 42 internal nodes; 3.2 s; peak memory 190 MiB.
2026-09-20T22:24:49Z INFO [393/500] 0a0663b8-8952-4a04-9729-95445483c7aa: 17 internal nodes; 1.1 s; peak memory 190 MiB.
2026-09-20T22:24:50Z INFO [394/500] 0a070227-9afd-4fad-80bf-fcff585b563a: 27 internal nodes; 1.3 s; peak memory 190 MiB.
2026-09-20T22:24:51Z INFO [395/500] 0a07ae4c-db0b-46ba-8238-56c55f56ff85: 17 internal nodes; 1.1 s; peak memory 190 MiB.
2026-09-20T22:24:53Z INFO [396/500] 0a083fcc-725e-43dc-adae-69e75007d644: 30 internal nodes; 1.5 s; peak memory 190 MiB.
2026-09-20T22:24:54Z INFO [397/500] 0a08ca98-8588-402c-b08e-f1660c086617: 17 internal nodes; 0.9 s; peak memory 190 MiB.
2026-09-20T22:24:58Z INFO [398/500] 0a0918f3-c445-4a58-833f-68d7df9f6200: 77 internal nodes; 4.2 s; peak memory 190 MiB.
2026-09-20T22:25:00Z INFO [399/500] 0a0a41c2-fbdc-499a-8b14-432afa87241d: 66 internal nodes; 1.9 s; peak memory 190 MiB.
2026-09-20T22:25:02Z INFO [400/500] 0a0ac47f-953b-4cea-857d-fa7eefd022ee: 37 internal nodes; 2.2 s; peak memory 190 MiB.
2026-09-20T22:25:02Z INFO [400/500] 0a0ac47f-953b-4cea-857d-fa7eefd022ee: checkpointed 50901 records.
2026-09-20T22:25:03Z INFO [401/500] 0a0aef74-273e-4507-bc6a-aebd2d9d1177: 17 internal nodes; 1.1 s; peak memory 190 MiB.
2026-09-20T22:25:04Z INFO [402/500] 0a0b00cf-36ec-4acc-b360-1b7e92b10439: 17 internal nodes; 1.1 s; peak memory 190 MiB.
2026-09-20T22:25:17Z INFO [403/500] 0a0bf277-e41b-4829-841e-416c6e9f0ffe: 269 internal nodes; 12.7 s; peak memory 190 MiB.
2026-09-20T22:25:18Z INFO [404/500] 0a0c8274-2343-4801-9326-57442dcddb7c: 17 internal nodes; 1.1 s; peak memory 190 MiB.
2026-09-20T22:25:20Z INFO [405/500] 0a0cefd1-a226-489e-bb7e-a491e935219e: 31 internal nodes; 1.7 s; peak memory 190 MiB.
2026-09-20T22:25:23Z INFO [406/500] 0a0d27ae-4f7f-4429-8837-1576bb9e372b: 31 internal nodes; 3.0 s; peak memory 190 MiB.
2026-09-20T22:25:37Z INFO [407/500] 0a0d3640-3713-426c-8546-dc2a59263836: 370 internal nodes; 13.7 s; peak memory 190 MiB.
2026-09-20T22:25:38Z INFO [408/500] 0a0d4f83-7605-4e5c-963b-531cae4cb4ca: 17 internal nodes; 1.1 s; peak memory 190 MiB.
2026-09-20T22:25:39Z INFO [409/500] 0a0e6099-fe5b-48b9-8122-ebe7bd130eea: 17 internal nodes; 1.1 s; peak memory 190 MiB.
2026-09-20T22:25:40Z INFO [410/500] 0a0ee0b2-a690-46a0-8533-a350dff38caf: 13 internal nodes; 1.1 s; peak memory 190 MiB.
2026-09-20T22:25:54Z INFO [411/500] 0a0f1443-7f6f-4d86-b5b8-801d9d1eca24: 203 internal nodes; 13.8 s; peak memory 190 MiB.
2026-09-20T22:25:55Z INFO [412/500] 0a101534-fc42-4a06-9898-7068a94cb159: 29 internal nodes; 1.7 s; peak memory 190 MiB.
2026-09-20T22:26:05Z INFO [413/500] 0a10a365-d47b-4824-a305-66a0db427312: 118 internal nodes; 9.6 s; peak memory 190 MiB.
2026-09-20T22:26:07Z INFO [414/500] 0a1100f1-2e2c-480d-8099-7371d68155b8: 29 internal nodes; 1.6 s; peak memory 190 MiB.
2026-09-20T22:26:10Z INFO [415/500] 0a110ad9-1a22-4794-8598-e4bcd0731bbb: 42 internal nodes; 3.0 s; peak memory 190 MiB.
2026-09-20T22:26:11Z INFO [416/500] 0a111bf3-44f3-4ff3-8036-0b5652397aef: 31 internal nodes; 1.8 s; peak memory 190 MiB.
2026-09-20T22:26:14Z INFO [417/500] 0a1132c0-776f-400c-b828-8fb0b51728cc: 44 internal nodes; 2.8 s; peak memory 190 MiB.
2026-09-20T22:26:16Z INFO [418/500] 0a11761a-204d-4fc4-acb0-79583bb64597: 27 internal nodes; 1.5 s; peak memory 190 MiB.
2026-09-20T22:26:18Z INFO [419/500] 0a132b71-910f-42b1-9917-e6c7a99fe093: 31 internal nodes; 1.8 s; peak memory 190 MiB.
2026-09-20T22:26:19Z INFO [420/500] 0a14f80d-fe1b-4edf-8594-897c6aa1b2aa: 31 internal nodes; 1.5 s; peak memory 190 MiB.
2026-09-20T22:26:20Z INFO [421/500] 0a1530ad-f62d-40ed-857b-6ecaec14ac5a: 17 internal nodes; 1.1 s; peak memory 190 MiB.
2026-09-20T22:26:22Z INFO [422/500] 0a153cb0-0999-4b9d-814d-a6e2f86babbf: 27 internal nodes; 1.4 s; peak memory 190 MiB.
2026-09-20T22:26:23Z INFO [423/500] 0a161b4d-7138-4123-b5a5-6d12146f6b6b: 25 internal nodes; 1.1 s; peak memory 190 MiB.
2026-09-20T22:26:24Z INFO [424/500] 0a163c77-31a6-404e-8712-3d387f0ec368: 25 internal nodes; 1.6 s; peak memory 190 MiB.
2026-09-20T22:26:26Z INFO [425/500] 0a17029e-1c28-4aff-aa7d-1ce13b28abbd: 31 internal nodes; 1.7 s; peak memory 190 MiB.
2026-09-20T22:26:39Z INFO [426/500] 0a17a1f0-819a-477c-b16a-9664b174c9c3: 277 internal nodes; 13.0 s; peak memory 190 MiB.
2026-09-20T22:26:41Z INFO [427/500] 0a17a73c-5112-48b7-ae23-816892c3ae0b: 56 internal nodes; 1.8 s; peak memory 190 MiB.
2026-09-20T22:26:42Z INFO [428/500] 0a17ed0f-e297-4baf-9f91-607ecf92c6b9: 27 internal nodes; 1.5 s; peak memory 190 MiB.
2026-09-20T22:26:43Z INFO [429/500] 0a187b6c-d722-4fa5-a151-a6919fb0ca5d: 27 internal nodes; 0.9 s; peak memory 190 MiB.
2026-09-20T22:26:47Z INFO [430/500] 0a188d88-2015-4b5a-b0df-95e24711c795: 47 internal nodes; 3.6 s; peak memory 190 MiB.
2026-09-20T22:26:53Z INFO [431/500] 0a18ab25-0d8b-4042-a318-f6b7959a8879: 59 internal nodes; 6.3 s; peak memory 190 MiB.
2026-09-20T22:26:54Z INFO [432/500] 0a18db80-cd5e-4378-b474-959646bc96f8: 22 internal nodes; 1.1 s; peak memory 190 MiB.
2026-09-20T22:26:56Z INFO [433/500] 0a1929db-65f5-4669-9400-c4920e1e864e: 24 internal nodes; 1.8 s; peak memory 190 MiB.
2026-09-20T22:26:57Z INFO [434/500] 0a19527b-3a64-4639-84dc-30981727a354: 17 internal nodes; 1.1 s; peak memory 190 MiB.
2026-09-20T22:26:58Z INFO [435/500] 0a1aaec4-2946-47cf-80ec-08b222d4b688: 11 internal nodes; 1.1 s; peak memory 190 MiB.
2026-09-20T22:27:05Z INFO [436/500] 0a1b5c7a-19ec-4302-ad3f-7361be18c6e2: 67 internal nodes; 6.6 s; peak memory 190 MiB.
2026-09-20T22:27:06Z INFO [437/500] 0a1bc94c-77dd-4130-8c70-eca0b1e46482: 17 internal nodes; 1.1 s; peak memory 190 MiB.
2026-09-20T22:27:07Z INFO [438/500] 0a1c0485-c153-43b0-8d65-8b520454a6b0: 27 internal nodes; 1.3 s; peak memory 190 MiB.
2026-09-20T22:27:09Z INFO [439/500] 0a1c50fb-aeee-40d3-9d4b-6aaca8f8832a: 27 internal nodes; 1.5 s; peak memory 190 MiB.
2026-09-20T22:27:11Z INFO [440/500] 0a1cb9ef-ab47-4292-b502-92d63559155f: 66 internal nodes; 2.1 s; peak memory 190 MiB.
2026-09-20T22:27:13Z INFO [441/500] 0a1d3f67-63bc-4078-8e31-af683b3e9c98: 27 internal nodes; 1.5 s; peak memory 190 MiB.
2026-09-20T22:27:14Z INFO [442/500] 0a1d42e0-2606-466a-bd9c-ec8dcf1bb64a: 18 internal nodes; 1.1 s; peak memory 190 MiB.
2026-09-20T22:27:22Z INFO [443/500] 0a1d81d4-4120-4185-a655-a165b1d50791: 96 internal nodes; 8.6 s; peak memory 190 MiB.
2026-09-20T22:27:23Z INFO [444/500] 0a1f3eaf-da7c-4cd3-9690-2d130e3c40d4: 20 internal nodes; 1.2 s; peak memory 190 MiB.
2026-09-20T22:27:25Z INFO [445/500] 0a1fee76-2b92-4f0e-aed9-4961e5896237: 13 internal nodes; 1.2 s; peak memory 190 MiB.
2026-09-20T22:27:27Z INFO [446/500] 0a1ffd59-f5f7-4a39-b84c-4b36d5cf3801: 58 internal nodes; 2.1 s; peak memory 190 MiB.
2026-09-20T22:27:28Z INFO [447/500] 0a200f37-d090-4d5e-a26b-3602ac0e2ac6: 17 internal nodes; 1.1 s; peak memory 190 MiB.
2026-09-20T22:27:29Z INFO [448/500] 0a202589-766d-4adf-9119-278830c9c2d2: 27 internal nodes; 1.4 s; peak memory 190 MiB.
2026-09-20T22:27:32Z INFO [449/500] 0a212adc-3d55-4e62-a6a5-21656fc58d4b: 44 internal nodes; 2.7 s; peak memory 190 MiB.
2026-09-20T22:27:34Z INFO [450/500] 0a21859e-1847-468d-b695-459384de2ea0: 28 internal nodes; 2.4 s; peak memory 190 MiB.
2026-09-20T22:27:35Z INFO [450/500] 0a21859e-1847-468d-b695-459384de2ea0: checkpointed 50951 records.
2026-09-20T22:27:36Z INFO [451/500] 0a21b87e-0ecb-4435-9136-3ee8648f970d: 17 internal nodes; 1.1 s; peak memory 190 MiB.
2026-09-20T22:27:38Z INFO [452/500] 0a226df8-6369-4e12-9295-375e922f307c: 53 internal nodes; 1.9 s; peak memory 190 MiB.
2026-09-20T22:27:46Z INFO [453/500] 0a22e87b-abd4-4595-958e-daad7ddf85f8: 157 internal nodes; 8.8 s; peak memory 190 MiB.
2026-09-20T22:27:48Z INFO [454/500] 0a22edda-1755-46b7-aa05-ed2961965f10: 18 internal nodes; 1.2 s; peak memory 190 MiB.
2026-09-20T22:27:49Z INFO [455/500] 0a232f25-d29c-4733-9c5d-42afde52f487: 27 internal nodes; 1.4 s; peak memory 190 MiB.
2026-09-20T22:27:53Z INFO [456/500] 0a236b77-23a2-43f1-8b79-004e1e35d806: 46 internal nodes; 3.7 s; peak memory 190 MiB.
2026-09-20T22:27:59Z INFO [457/500] 0a245e9c-7c60-420c-b31b-ea3b23a31c2c: 73 internal nodes; 6.6 s; peak memory 190 MiB.
2026-09-20T22:28:00Z INFO [458/500] 0a255f2d-641f-412c-889b-d6df83118357: 19 internal nodes; 1.3 s; peak memory 190 MiB.
2026-09-20T22:28:09Z INFO [459/500] 0a2610ed-e0a2-4938-9d17-4063b0b88607: 135 internal nodes; 8.1 s; peak memory 190 MiB.
2026-09-20T22:28:10Z INFO [460/500] 0a262c82-399c-400f-8a62-342d680278ee: 27 internal nodes; 1.3 s; peak memory 190 MiB.
2026-09-20T22:28:11Z INFO [461/500] 0a269587-9d72-4ace-886d-163bea24c673: 13 internal nodes; 1.1 s; peak memory 190 MiB.
2026-09-20T22:28:12Z INFO [462/500] 0a26b077-6765-43f9-b0e4-4e35612185ef: 15 internal nodes; 0.9 s; peak memory 190 MiB.
2026-09-20T22:28:13Z INFO [463/500] 0a27010a-116a-4006-9bbf-5525cadfa65f: 17 internal nodes; 1.1 s; peak memory 190 MiB.
2026-09-20T22:28:14Z INFO [464/500] 0a278251-8137-426e-9dfe-f54cab94555a: 19 internal nodes; 1.2 s; peak memory 190 MiB.
2026-09-20T22:28:16Z INFO [465/500] 0a2852ba-428a-42ec-aa7d-84828a0495a2: 53 internal nodes; 1.7 s; peak memory 190 MiB.
2026-09-20T22:28:18Z INFO [466/500] 0a289fa2-92cc-4f48-a2a4-3ac59527bac0: 31 internal nodes; 2.0 s; peak memory 190 MiB.
2026-09-20T22:28:19Z INFO [467/500] 0a2928e3-386d-4085-bbfb-29dfe61bb41c: 13 internal nodes; 1.1 s; peak memory 190 MiB.
2026-09-20T22:28:20Z INFO [468/500] 0a2af385-4be2-435d-877d-5bb9dd48a1f1: 19 internal nodes; 1.3 s; peak memory 190 MiB.
2026-09-20T22:28:22Z INFO [469/500] 0a2b13f4-6bad-457d-b721-12a2658d8ada: 27 internal nodes; 1.5 s; peak memory 190 MiB.
2026-09-20T22:28:25Z INFO [470/500] 0a2c2776-e09c-406e-a22f-e8e12aa90270: 46 internal nodes; 3.6 s; peak memory 190 MiB.
2026-09-20T22:28:34Z INFO [471/500] 0a2cf04e-baef-4123-9de3-4acab8c6b09f: 215 internal nodes; 8.8 s; peak memory 190 MiB.
2026-09-20T22:28:36Z INFO [472/500] 0a2e47f5-4a10-4d89-8b9c-29152c6c6028: 59 internal nodes; 1.7 s; peak memory 190 MiB.
2026-09-20T22:28:38Z INFO [473/500] 0a2f8916-919a-43b5-95fb-b666d34309fe: 29 internal nodes; 1.7 s; peak memory 190 MiB.
2026-09-20T22:28:39Z INFO [474/500] 0a2fac73-8161-43f0-83b4-807154781f08: 13 internal nodes; 1.2 s; peak memory 190 MiB.
2026-09-20T22:28:40Z INFO [475/500] 0a2fcc74-da26-4206-bf69-af88dc383fd6: 31 internal nodes; 1.6 s; peak memory 190 MiB.
2026-09-20T22:28:41Z INFO [476/500] 0a30c056-bd68-481a-80bb-cfbaadd0c18e: 17 internal nodes; 1.0 s; peak memory 190 MiB.
2026-09-20T22:28:55Z INFO [477/500] 0a3106fb-8fea-4460-9728-46ca4232a3cf: 237 internal nodes; 13.9 s; peak memory 190 MiB.
2026-09-20T22:28:57Z INFO [478/500] 0a31bb2f-3158-4043-be80-08b4ba5a888e: 29 internal nodes; 1.9 s; peak memory 190 MiB.
2026-09-20T22:28:58Z INFO [479/500] 0a320752-11e8-49c5-8e24-93821977e926: 17 internal nodes; 1.1 s; peak memory 190 MiB.
2026-09-20T22:29:00Z INFO [480/500] 0a3250ef-f869-4820-9969-83ed79464332: 27 internal nodes; 1.5 s; peak memory 190 MiB.
2026-09-20T22:29:08Z INFO [481/500] 0a3258df-00a9-4615-abcf-801deab46905: 90 internal nodes; 7.9 s; peak memory 190 MiB.
2026-09-20T22:29:09Z INFO [482/500] 0a3283fa-e072-469b-a912-5c94ee68f913: 27 internal nodes; 1.4 s; peak memory 190 MiB.
2026-09-20T22:29:18Z INFO [483/500] 0a328f57-f535-427e-8a5b-d851b8812b71: 136 internal nodes; 8.9 s; peak memory 190 MiB.
2026-09-20T22:29:21Z INFO [484/500] 0a32d08f-f982-4981-9acf-0a39aa5f9948: 40 internal nodes; 2.6 s; peak memory 190 MiB.
2026-09-20T22:29:22Z INFO [485/500] 0a3321ea-4424-4194-abd0-148a8aec79cd: 31 internal nodes; 1.6 s; peak memory 190 MiB.
2026-09-20T22:29:23Z INFO [486/500] 0a33334f-4d2b-4787-b039-66b0ac8ab852: 17 internal nodes; 1.0 s; peak memory 190 MiB.
2026-09-20T22:29:24Z INFO [487/500] 0a33ae36-54af-478c-bba6-67415e89d413: 17 internal nodes; 1.1 s; peak memory 190 MiB.
2026-09-20T22:29:26Z INFO [488/500] 0a340cf1-5d86-40b7-b605-4ed3f577cdf6: 31 internal nodes; 1.6 s; peak memory 190 MiB.
2026-09-20T22:29:29Z INFO [489/500] 0a3498db-b548-47be-9a60-dc4276c10da5: 46 internal nodes; 3.4 s; peak memory 190 MiB.
2026-09-20T22:29:30Z INFO [490/500] 0a36fb59-5c4f-4378-994c-9f17bcdc266e: 17 internal nodes; 1.1 s; peak memory 190 MiB.
2026-09-20T22:29:32Z INFO [491/500] 0a370199-85b5-4e6a-9c4d-93a4ae30a36f: 31 internal nodes; 2.1 s; peak memory 190 MiB.
2026-09-20T22:29:33Z INFO [492/500] 0a38687e-ff55-4b38-96a5-9adaff8654c6: 13 internal nodes; 0.8 s; peak memory 190 MiB.
2026-09-20T22:29:35Z INFO [493/500] 0a38a95a-d806-4cfd-a922-19587753ddef: 31 internal nodes; 2.2 s; peak memory 190 MiB.
2026-09-20T22:29:37Z INFO [494/500] 0a38ed03-2fad-4b64-a278-60e5b00ec340: 13 internal nodes; 1.2 s; peak memory 190 MiB.
2026-09-20T22:29:38Z INFO [495/500] 0a3988c0-bea2-47c9-a888-6fe80d947f63: 30 internal nodes; 1.5 s; peak memory 190 MiB.
2026-09-20T22:29:50Z INFO [496/500] 0a3a2191-f988-41ec-9522-cf152d5b173c: 258 internal nodes; 11.9 s; peak memory 190 MiB.
2026-09-20T22:29:51Z INFO [497/500] 0a3a323c-9dc6-45c6-993d-ec55402533c9: 17 internal nodes; 1.1 s; peak memory 190 MiB.
2026-09-20T22:29:53Z INFO [498/500] 0a3aa486-2543-46de-891b-e87961503693: 31 internal nodes; 1.7 s; peak memory 190 MiB.
2026-09-20T22:29:54Z INFO [499/500] 0a3bcc5c-cdd0-4524-858b-cdc64845f908: 62 internal nodes; 1.7 s; peak memory 190 MiB.
2026-09-20T22:29:56Z INFO [500/500] 0a3e2f13-bbfb-4047-b639-69fdeab75b02: 23 internal nodes; 1.3 s; peak memory 190 MiB.
2026-09-20T22:29:56Z INFO [500/500] 0a3e2f13-bbfb-4047-b639-69fdeab75b02: checkpointed 51001 records.
2026-09-20T22:29:56Z INFO Wrote 51001 records to /tmp/derivatives/valid_nwb_file_to_out_degrees.jsonl (498 new, 2 failed) in 24.6 min (peak memory 190 MiB).
