2026-09-22T12:59:50Z INFO Logging to /tmp/logs/update_2026-09-22T12-59-50Z.log.
2026-09-22T12:59:50Z INFO Update valid-nwb-file-to-out-degrees (base directory /tmp).
2026-09-22T12:59:50Z INFO Processing 500 items (51997 already recorded).
2026-09-22T12:59:52Z WARNING 024ef50f-ac6f-49ea-806b-93ef4b5e8644: failed while reading the NWB file (KeyError: 'Unable to synchronously open object (component not found)')
2026-09-22T12:59:52Z WARNING [1/500] 024ef50f-ac6f-49ea-806b-93ef4b5e8644: leaving unrecorded for a later run to retry.
2026-09-22T12:59:54Z WARNING 09073220-fbea-45d2-9a39-2cc61fcdc2a1: failed while reading the NWB file (KeyError: 'Unable to synchronously open object (component not found)')
2026-09-22T12:59:54Z WARNING [2/500] 09073220-fbea-45d2-9a39-2cc61fcdc2a1: leaving unrecorded for a later run to retry.
2026-09-22T12:59:55Z INFO [3/500] 0c5eb826-6d32-4d63-bee3-67f375c4544d: 61 internal nodes; 1.6 s; peak memory 112 MiB.
2026-09-22T12:59:56Z INFO [4/500] 0c5f8309-f79d-4fb2-8e96-49d1d7e0caf9: 12 internal nodes; 1.0 s; peak memory 112 MiB.
2026-09-22T12:59:58Z INFO [5/500] 0c60812a-6085-4930-ace0-c7548ef5a301: 40 internal nodes; 1.5 s; peak memory 113 MiB.
2026-09-22T12:59:59Z INFO [6/500] 0c612837-51b8-4f11-8123-a707476c6ef6: 27 internal nodes; 1.4 s; peak memory 114 MiB.
2026-09-22T13:00:00Z INFO [7/500] 0c61a69a-4751-4c3b-8e56-fe2aeba29068: 26 internal nodes; 1.1 s; peak memory 114 MiB.
2026-09-22T13:00:01Z INFO [8/500] 0c61cae7-6bda-4dad-8ca5-0f5f08cecf7b: 18 internal nodes; 1.3 s; peak memory 114 MiB.
2026-09-22T13:00:16Z INFO [9/500] 0c61d606-b845-40b3-a391-e1943ebf50ce: 396 internal nodes; 14.9 s; peak memory 150 MiB.
2026-09-22T13:00:18Z INFO [10/500] 0c627432-87fc-4bf1-9923-32c918d97eb3: 27 internal nodes; 1.3 s; peak memory 150 MiB.
2026-09-22T13:00:19Z INFO [11/500] 0c62967c-04b2-4887-a204-d256ae4efe3f: 86 internal nodes; 1.4 s; peak memory 150 MiB.
2026-09-22T13:00:21Z INFO [12/500] 0c62b415-943a-4993-a231-37aa317abac4: 65 internal nodes; 2.0 s; peak memory 150 MiB.
2026-09-22T13:00:22Z INFO [13/500] 0c62ddf1-2d91-4635-895f-8ab34aac59bc: 17 internal nodes; 1.1 s; peak memory 150 MiB.
2026-09-22T13:00:33Z INFO [14/500] 0c638c41-e227-45d5-a861-7ffe1519db5d: 190 internal nodes; 10.5 s; peak memory 150 MiB.
2026-09-22T13:00:34Z INFO [15/500] 0c63bb7a-ef4c-4138-8769-9fc04547a778: 31 internal nodes; 1.6 s; peak memory 150 MiB.
2026-09-22T13:00:35Z INFO [16/500] 0c63e1b0-5fd0-41b8-b82e-c5e51501b3fc: 17 internal nodes; 1.0 s; peak memory 150 MiB.
2026-09-22T13:00:36Z INFO [17/500] 0c6423a8-7849-46c0-929a-5a1630eebe21: 17 internal nodes; 1.0 s; peak memory 150 MiB.
2026-09-22T13:00:37Z INFO [18/500] 0c64467b-6f56-4af1-ac06-c31f84e4fa38: 27 internal nodes; 1.3 s; peak memory 150 MiB.
2026-09-22T13:00:38Z INFO [19/500] 0c64e785-3589-4082-a517-7a5e45a1c4ce: 11 internal nodes; 1.1 s; peak memory 150 MiB.
2026-09-22T13:00:40Z INFO [20/500] 0c6558f0-3685-4b98-952b-491353838feb: 22 internal nodes; 1.5 s; peak memory 150 MiB.
2026-09-22T13:00:41Z INFO [21/500] 0c65c066-d2e1-48c5-8d16-da755d0f3b9a: 119 internal nodes; 1.3 s; peak memory 150 MiB.
2026-09-22T13:00:44Z INFO [22/500] 0c6673c0-58b9-4b97-bc3e-3b1464e81a9d: 65 internal nodes; 2.3 s; peak memory 150 MiB.
2026-09-22T13:00:44Z INFO [23/500] 0c667e71-cfc2-494b-ac37-15220c12f999: 13 internal nodes; 0.9 s; peak memory 150 MiB.
2026-09-22T13:00:47Z INFO [24/500] 0c66bf2d-8db2-4cce-9734-1dc986e94b3a: 18 internal nodes; 2.4 s; peak memory 150 MiB.
2026-09-22T13:00:49Z INFO [25/500] 0c66d1e9-cbdd-4104-bd25-d66e5d417647: 44 internal nodes; 2.5 s; peak memory 150 MiB.
2026-09-22T13:00:51Z INFO [26/500] 0c6755b0-76b2-4dba-b083-e0107d8757fa: 29 internal nodes; 1.5 s; peak memory 150 MiB.
2026-09-22T13:00:52Z INFO [27/500] 0c675791-1538-44a6-ab60-590f38099dc3: 17 internal nodes; 1.0 s; peak memory 150 MiB.
2026-09-22T13:00:54Z INFO [28/500] 0c68091b-1cd2-42c1-82b7-86c80e46ca35: 31 internal nodes; 1.7 s; peak memory 150 MiB.
2026-09-22T13:00:54Z INFO [29/500] 0c696697-571b-442f-a731-57e6b56afb3b: 18 internal nodes; 0.9 s; peak memory 150 MiB.
2026-09-22T13:01:15Z INFO [30/500] 0c69bad3-03d6-4e0e-91d0-b89a356fd06a: 136 internal nodes; 20.6 s; peak memory 150 MiB.
2026-09-22T13:01:16Z INFO [31/500] 0c6b17fe-6af8-4523-956c-86cba5b063e9: 27 internal nodes; 0.8 s; peak memory 150 MiB.
2026-09-22T13:01:23Z INFO [32/500] 0c6b441f-8ca6-4bd6-9b95-c0d633c1cfd9: 164 internal nodes; 6.7 s; peak memory 150 MiB.
2026-09-22T13:01:24Z INFO [33/500] 0c6b9c8a-1ac0-4863-b92f-c8a9d0e51fbd: 31 internal nodes; 1.7 s; peak memory 150 MiB.
2026-09-22T13:01:25Z INFO [34/500] 0c6bcf65-d15b-45ae-8775-335d78dc1bd1: 13 internal nodes; 0.8 s; peak memory 150 MiB.
2026-09-22T13:01:26Z INFO [35/500] 0c6bfa95-e3ff-430f-a5b7-d5fc0b57a8ef: 31 internal nodes; 1.2 s; peak memory 150 MiB.
2026-09-22T13:01:28Z INFO [36/500] 0c6cf122-8c19-496d-af3c-1d07e7fcbf58: 115 internal nodes; 1.3 s; peak memory 150 MiB.
2026-09-22T13:01:29Z INFO [37/500] 0c6d0b9d-40ce-44ec-bad5-3321b4a2ae63: 17 internal nodes; 1.0 s; peak memory 150 MiB.
2026-09-22T13:01:30Z INFO [38/500] 0c6d5b88-9d68-484e-8cdb-4dd598744511: 17 internal nodes; 1.0 s; peak memory 150 MiB.
2026-09-22T13:01:30Z INFO [39/500] 0c6eedce-e3eb-4ebe-84aa-2e80b309432b: 11 internal nodes; 0.8 s; peak memory 150 MiB.
2026-09-22T13:01:31Z INFO [40/500] 0c704488-24be-4d7c-b6b2-6bea095cf3de: 13 internal nodes; 0.9 s; peak memory 150 MiB.
2026-09-22T13:01:32Z INFO [41/500] 0c704c57-b119-493a-b842-f90df44c3d5f: 17 internal nodes; 1.0 s; peak memory 150 MiB.
2026-09-22T13:01:33Z INFO [42/500] 0c732853-4cb9-42b3-a7d2-79574755196d: 13 internal nodes; 1.2 s; peak memory 150 MiB.
2026-09-22T13:01:35Z INFO [43/500] 0c73df42-fffa-4dd4-9467-0779046a9a33: 18 internal nodes; 1.3 s; peak memory 150 MiB.
2026-09-22T13:01:36Z INFO [44/500] 0c73ee85-8fc9-4ddc-ad7d-a88bfe4e620b: 29 internal nodes; 1.5 s; peak memory 150 MiB.
2026-09-22T13:01:38Z INFO [45/500] 0c741342-6d89-4ace-99c0-afc99391cd25: 27 internal nodes; 1.3 s; peak memory 150 MiB.
2026-09-22T13:01:39Z INFO [46/500] 0c745431-bcaf-4912-b015-8f0a9e663a23: 29 internal nodes; 1.3 s; peak memory 150 MiB.
2026-09-22T13:01:40Z INFO [47/500] 0c749ee1-c4d7-483b-b4e9-ba1b7baab02a: 31 internal nodes; 1.4 s; peak memory 150 MiB.
2026-09-22T13:01:41Z INFO [48/500] 0c758475-98bf-4905-aa5d-3a7770d3c91c: 17 internal nodes; 1.0 s; peak memory 150 MiB.
2026-09-22T13:01:42Z INFO [49/500] 0c759dce-0d25-42dd-9bdf-9d7f69ae2164: 17 internal nodes; 1.0 s; peak memory 150 MiB.
2026-09-22T13:01:45Z INFO [50/500] 0c76eab9-8f9f-40c8-9ca2-a586b9074dd2: 63 internal nodes; 2.2 s; peak memory 151 MiB.
2026-09-22T13:01:45Z INFO [50/500] 0c76eab9-8f9f-40c8-9ca2-a586b9074dd2: checkpointed 52045 records.
2026-09-22T13:01:48Z INFO [51/500] 0c771081-e0eb-4bd1-8ea9-611483813b49: 46 internal nodes; 3.5 s; peak memory 151 MiB.
2026-09-22T13:01:55Z INFO [52/500] 0c779355-620f-4f39-9726-2ccc17096fc7: 84 internal nodes; 6.5 s; peak memory 151 MiB.
2026-09-22T13:02:04Z INFO [53/500] 0c7860a1-bee4-4e69-89c9-62eff4112bbb: 225 internal nodes; 9.1 s; peak memory 151 MiB.
2026-09-22T13:02:06Z INFO [54/500] 0c78a2ff-ed0e-413d-a7a4-915b48b362a3: 30 internal nodes; 2.2 s; peak memory 151 MiB.
2026-09-22T13:02:07Z INFO [55/500] 0c7969a6-b665-40c7-9746-745449dc1761: 17 internal nodes; 1.1 s; peak memory 151 MiB.
2026-09-22T13:02:08Z INFO [56/500] 0c7a7468-057a-4722-b475-539b064d7325: 27 internal nodes; 1.3 s; peak memory 151 MiB.
2026-09-22T13:02:11Z INFO [57/500] 0c7b9d85-cfc0-47e9-b528-90e5ea2d9aaf: 44 internal nodes; 3.0 s; peak memory 151 MiB.
2026-09-22T13:02:13Z INFO [58/500] 0c7ba3df-8404-4622-9f20-14b8daaaed7c: 27 internal nodes; 1.3 s; peak memory 151 MiB.
2026-09-22T13:02:14Z INFO [59/500] 0c7e7a39-6a3f-433b-824d-d6c7dcdc11d9: 18 internal nodes; 1.0 s; peak memory 151 MiB.
2026-09-22T13:02:16Z INFO [60/500] 0c8007ad-873a-4544-a8ae-f193e27f2994: 52 internal nodes; 2.2 s; peak memory 151 MiB.
2026-09-22T13:02:17Z INFO [61/500] 0c800d5c-a284-426c-8059-c2543d82ed32: 11 internal nodes; 1.0 s; peak memory 151 MiB.
2026-09-22T13:02:18Z INFO [62/500] 0c80b49d-c8b2-40a7-bb99-e399dce92175: 63 internal nodes; 1.5 s; peak memory 151 MiB.
2026-09-22T13:02:28Z INFO [63/500] 0c80fa5b-19ca-45a3-8cd3-df57a8b21574: 244 internal nodes; 10.0 s; peak memory 151 MiB.
2026-09-22T13:02:30Z INFO [64/500] 0c81697d-4bf4-487b-9830-9b8f647ae17b: 18 internal nodes; 1.1 s; peak memory 151 MiB.
2026-09-22T13:02:31Z INFO [65/500] 0c81b2f1-e767-4c9a-b6fe-f7ecc0720a41: 90 internal nodes; 1.2 s; peak memory 151 MiB.
2026-09-22T13:02:32Z INFO [66/500] 0c81c6e4-2323-4b7c-b62f-8ae74d23898f: 11 internal nodes; 0.8 s; peak memory 151 MiB.
2026-09-22T13:02:33Z INFO [67/500] 0c828fd4-4140-440e-b486-24f3296199e6: 28 internal nodes; 1.0 s; peak memory 151 MiB.
2026-09-22T13:02:34Z INFO [68/500] 0c8299f9-0afd-4ad6-b8e6-736541aaa6e0: 56 internal nodes; 1.7 s; peak memory 151 MiB.
2026-09-22T13:02:36Z INFO [69/500] 0c82aac9-8234-4ccd-9a2f-414c4da4d7d7: 31 internal nodes; 1.7 s; peak memory 151 MiB.
2026-09-22T13:02:38Z INFO [70/500] 0c83f4da-96dc-4e5e-b0b5-9c0789fa727a: 29 internal nodes; 1.7 s; peak memory 151 MiB.
2026-09-22T13:02:39Z INFO [71/500] 0c83f718-2af5-4943-9ed6-4fa50b7ace14: 27 internal nodes; 0.8 s; peak memory 152 MiB.
2026-09-22T13:02:41Z INFO [72/500] 0c8427fa-1b57-4f71-8fb4-aa7cc45ceb01: 44 internal nodes; 2.9 s; peak memory 152 MiB.
2026-09-22T13:02:43Z INFO [73/500] 0c844f18-c189-4991-8439-e55942bd52be: 65 internal nodes; 1.8 s; peak memory 152 MiB.
2026-09-22T13:02:44Z INFO [74/500] 0c8459e6-4109-4d57-b5c3-64fba140fab7: 14 internal nodes; 1.1 s; peak memory 152 MiB.
2026-09-22T13:02:46Z INFO [75/500] 0c84cf1e-9c0f-444f-9bc1-347150dda800: 27 internal nodes; 1.3 s; peak memory 152 MiB.
2026-09-22T13:02:48Z INFO [76/500] 0c854ba5-09a2-4c5a-bc58-413036720859: 44 internal nodes; 2.7 s; peak memory 152 MiB.
2026-09-22T13:02:50Z INFO [77/500] 0c86349f-887a-424a-8ba5-7829815a85aa: 30 internal nodes; 2.1 s; peak memory 152 MiB.
2026-09-22T13:03:01Z INFO [78/500] 0c86755b-87f6-4518-9601-f4e329d59218: 224 internal nodes; 10.4 s; peak memory 152 MiB.
2026-09-22T13:03:03Z INFO [79/500] 0c86e473-9c4b-4fbf-9acd-58fc1348657a: 44 internal nodes; 2.2 s; peak memory 152 MiB.
2026-09-22T13:03:04Z INFO [80/500] 0c875f1f-5618-4f2d-afe0-a269189dc0bc: 54 internal nodes; 1.5 s; peak memory 152 MiB.
2026-09-22T13:03:06Z INFO [81/500] 0c882275-f543-4aea-93e9-9ab41b8200e0: 31 internal nodes; 1.3 s; peak memory 152 MiB.
2026-09-22T13:03:07Z INFO [82/500] 0c88fcf2-7a15-494f-9081-75dfab4547bb: 31 internal nodes; 1.5 s; peak memory 152 MiB.
2026-09-22T13:03:08Z INFO [83/500] 0c894799-e5a1-4add-8ab1-0a5bd3f8dc9a: 17 internal nodes; 1.0 s; peak memory 152 MiB.
2026-09-22T13:03:09Z INFO [84/500] 0c899809-a85b-432b-97b5-651525cc83c5: 17 internal nodes; 1.0 s; peak memory 152 MiB.
2026-09-22T13:03:11Z INFO [85/500] 0c8b097d-0e80-4d09-b1f6-cdd3f7f98684: 46 internal nodes; 1.4 s; peak memory 152 MiB.
2026-09-22T13:03:12Z INFO [86/500] 0c8b3d92-3091-4d3b-af1b-71d784e97e81: 27 internal nodes; 1.5 s; peak memory 152 MiB.
2026-09-22T13:03:14Z INFO [87/500] 0c8b486f-53ad-4ece-8bd1-074dcae05272: 21 internal nodes; 1.8 s; peak memory 152 MiB.
2026-09-22T13:03:16Z INFO [88/500] 0c8c083f-82c1-4b7c-8d4b-02bc2e7e679b: 31 internal nodes; 1.5 s; peak memory 152 MiB.
2026-09-22T13:03:18Z INFO [89/500] 0c8c78fe-9070-4675-bbae-9b08ad8756f4: 32 internal nodes; 2.3 s; peak memory 152 MiB.
2026-09-22T13:03:19Z INFO [90/500] 0c8e2699-c4b3-46c8-a389-c9e561a4eea1: 13 internal nodes; 1.1 s; peak memory 152 MiB.
2026-09-22T13:03:28Z INFO [91/500] 0c8e8251-4bf6-49c5-b51c-26afed14fffe: 183 internal nodes; 9.6 s; peak memory 152 MiB.
2026-09-22T13:03:30Z INFO [92/500] 0c8fb1d1-6217-4860-b7f2-49d94a6b09da: 13 internal nodes; 1.1 s; peak memory 152 MiB.
2026-09-22T13:03:31Z INFO [93/500] 0c90815c-0753-48be-b290-065652c7a860: 29 internal nodes; 1.2 s; peak memory 152 MiB.
2026-09-22T13:03:33Z INFO [94/500] 0c90c21e-d656-46b9-96df-ab2838e55e1c: 66 internal nodes; 1.8 s; peak memory 152 MiB.
2026-09-22T13:03:34Z INFO [95/500] 0c90c912-80b6-4272-ab77-db9197656c73: 27 internal nodes; 1.4 s; peak memory 152 MiB.
2026-09-22T13:03:35Z INFO [96/500] 0c90dc14-a18e-433b-9845-63a910891862: 22 internal nodes; 1.4 s; peak memory 152 MiB.
2026-09-22T13:03:37Z INFO [97/500] 0c915dcd-c880-4b64-b8f6-6c7300948dfa: 30 internal nodes; 1.4 s; peak memory 152 MiB.
2026-09-22T13:03:46Z INFO [98/500] 0c915e9d-d655-4a73-9473-3d297e169ac1: 321 internal nodes; 9.0 s; peak memory 152 MiB.
2026-09-22T13:03:49Z INFO [99/500] 0c918999-95d0-4466-94ba-2cfde8d6bc1b: 44 internal nodes; 2.8 s; peak memory 152 MiB.
2026-09-22T13:03:51Z INFO [100/500] 0c922276-7be6-41b7-9ebb-60681c97732b: 44 internal nodes; 2.7 s; peak memory 152 MiB.
2026-09-22T13:03:52Z INFO [100/500] 0c922276-7be6-41b7-9ebb-60681c97732b: checkpointed 52095 records.
2026-09-22T13:03:58Z INFO [101/500] 0c92a3c7-b974-4012-ad31-9f136539c177: 119 internal nodes; 6.4 s; peak memory 152 MiB.
2026-09-22T13:04:12Z INFO [102/500] 0c934369-5ad3-47e9-b15f-e865eceb9da1: 373 internal nodes; 13.8 s; peak memory 152 MiB.
2026-09-22T13:04:19Z INFO [103/500] 0c93681a-bcac-4fbe-becd-1b61a83b21cc: 151 internal nodes; 6.7 s; peak memory 152 MiB.
2026-09-22T13:04:20Z INFO [104/500] 0c93a211-ec70-42ce-96da-644f683e409f: 115 internal nodes; 1.3 s; peak memory 152 MiB.
2026-09-22T13:04:21Z INFO [105/500] 0c93bfab-18df-43e7-868c-fb942541d398: 17 internal nodes; 1.0 s; peak memory 152 MiB.
2026-09-22T13:04:22Z INFO [106/500] 0c93ddab-09c4-45b9-8921-a3658e1ea5f3: 13 internal nodes; 1.0 s; peak memory 152 MiB.
2026-09-22T13:04:23Z INFO [107/500] 0c94bc20-9d80-43cf-b394-f1925c7deaa7: 27 internal nodes; 1.4 s; peak memory 152 MiB.
2026-09-22T13:04:24Z INFO [108/500] 0c94ee17-4b89-4b7c-90c0-7bd88c2c6af5: 17 internal nodes; 0.8 s; peak memory 152 MiB.
2026-09-22T13:04:25Z INFO [109/500] 0c96447d-5597-4880-ad2f-1d7b31485290: 17 internal nodes; 1.1 s; peak memory 152 MiB.
2026-09-22T13:04:27Z INFO [110/500] 0c9665b6-4d4f-4741-b058-0553b11ddfb1: 31 internal nodes; 1.7 s; peak memory 152 MiB.
2026-09-22T13:04:28Z INFO [111/500] 0c96bf7d-c763-4601-bc5d-01c4b3ef101a: 22 internal nodes; 0.8 s; peak memory 152 MiB.
2026-09-22T13:04:29Z INFO [112/500] 0c96ea05-15c3-4387-b5d9-735c04689f40: 27 internal nodes; 1.5 s; peak memory 152 MiB.
2026-09-22T13:04:30Z INFO [113/500] 0c975e47-fdf6-4ae6-8011-59f1445a8cca: 25 internal nodes; 0.9 s; peak memory 152 MiB.
2026-09-22T13:04:31Z INFO [114/500] 0c97d371-ec3f-4a9c-a433-c2fd88ad6068: 17 internal nodes; 1.1 s; peak memory 152 MiB.
2026-09-22T13:04:32Z INFO [115/500] 0c992412-8d38-413e-981a-bb7daf8ea8e4: 13 internal nodes; 0.8 s; peak memory 152 MiB.
2026-09-22T13:04:47Z INFO [116/500] 0c99a0b4-003a-4b91-ac0a-bda9d63d6e92: 145 internal nodes; 15.6 s; peak memory 152 MiB.
2026-09-22T13:04:48Z INFO [117/500] 0c99acec-19ba-4394-83b8-0b913038d95d: 31 internal nodes; 1.1 s; peak memory 152 MiB.
2026-09-22T13:04:51Z INFO [118/500] 0c9a0559-758d-4705-b2d9-831caf3e22c2: 44 internal nodes; 2.5 s; peak memory 152 MiB.
2026-09-22T13:04:52Z INFO [119/500] 0c9b3800-ac4e-4341-addb-7a92573a2b21: 11 internal nodes; 0.8 s; peak memory 152 MiB.
2026-09-22T13:04:53Z INFO [120/500] 0c9b9e53-44d5-4a91-98ac-91d648b0163c: 54 internal nodes; 1.5 s; peak memory 152 MiB.
2026-09-22T13:04:55Z INFO [121/500] 0c9c8dde-fa17-4a78-8cda-c1b7df8779de: 54 internal nodes; 2.1 s; peak memory 152 MiB.
2026-09-22T13:04:57Z INFO [122/500] 0c9d001e-c43d-45c7-b6fe-d1af429a52a4: 66 internal nodes; 1.8 s; peak memory 152 MiB.
2026-09-22T13:04:59Z INFO [123/500] 0c9d1ef4-f138-43f9-abc7-494438ecc23d: 19 internal nodes; 1.3 s; peak memory 152 MiB.
2026-09-22T13:05:00Z INFO [124/500] 0c9d9838-b9c7-46f0-8575-130e736964a0: 17 internal nodes; 1.1 s; peak memory 152 MiB.
2026-09-22T13:05:01Z INFO [125/500] 0c9e5114-b5e3-4a99-ba2d-5c3aba49be2e: 29 internal nodes; 1.4 s; peak memory 152 MiB.
2026-09-22T13:05:02Z INFO [126/500] 0c9e8607-8d70-46da-aa33-116ed04e5af7: 17 internal nodes; 1.1 s; peak memory 152 MiB.
2026-09-22T13:05:03Z INFO [127/500] 0c9ed46f-7820-4c98-bc18-249a1bc5651b: 13 internal nodes; 0.8 s; peak memory 152 MiB.
2026-09-22T13:05:04Z INFO [128/500] 0c9efdd2-12a5-4500-8a9d-a8365efac770: 29 internal nodes; 1.5 s; peak memory 152 MiB.
2026-09-22T13:05:05Z INFO [129/500] 0c9f1c15-311d-411d-8f2b-bb1bb79941b3: 24 internal nodes; 1.0 s; peak memory 152 MiB.
2026-09-22T13:05:07Z INFO [130/500] 0c9f1e96-ed7b-44a5-b2a3-7a1f2977bd5d: 86 internal nodes; 1.3 s; peak memory 152 MiB.
2026-09-22T13:05:08Z INFO [131/500] 0ca13239-b128-459e-887c-cfb6a615a7f8: 17 internal nodes; 1.1 s; peak memory 152 MiB.
2026-09-22T13:05:09Z INFO [132/500] 0ca1af61-a340-470b-af55-f682ab89c4f9: 26 internal nodes; 1.0 s; peak memory 152 MiB.
2026-09-22T13:05:10Z INFO [133/500] 0ca2789d-d620-4874-afaa-ea7928aafe8c: 13 internal nodes; 1.0 s; peak memory 152 MiB.
2026-09-22T13:05:23Z INFO [134/500] 0ca2aae7-becb-4500-9745-bcfbba902c5e: 225 internal nodes; 12.8 s; peak memory 152 MiB.
2026-09-22T13:05:23Z INFO [135/500] 0ca30142-13c5-4aa0-8588-7212ff6ba0a4: 17 internal nodes; 0.8 s; peak memory 152 MiB.
2026-09-22T13:05:30Z INFO [136/500] 0ca44c75-0ffa-4795-a239-5faf26c3276c: 61 internal nodes; 6.6 s; peak memory 152 MiB.
2026-09-22T13:05:32Z INFO [137/500] 0ca478d2-3906-4172-8c06-d7691e51a7ee: 69 internal nodes; 1.7 s; peak memory 152 MiB.
2026-09-22T13:05:43Z INFO [138/500] 0ca489dc-8c49-4444-a3ca-5298b181c683: 274 internal nodes; 11.7 s; peak memory 152 MiB.
2026-09-22T13:05:44Z INFO [139/500] 0ca583e0-5190-4d42-b56b-79a77480d764: 13 internal nodes; 0.8 s; peak memory 152 MiB.
2026-09-22T13:05:45Z INFO [140/500] 0ca5d8b2-d4cb-4372-81be-b3976818ef64: 11 internal nodes; 0.8 s; peak memory 152 MiB.
2026-09-22T13:05:46Z INFO [141/500] 0ca66fab-77c9-434c-bcbb-088dc4618c90: 17 internal nodes; 1.2 s; peak memory 152 MiB.
2026-09-22T13:05:47Z INFO [142/500] 0ca6803e-c0a6-49f8-b5fc-a1820abce9e5: 17 internal nodes; 1.0 s; peak memory 152 MiB.
2026-09-22T13:05:48Z INFO [143/500] 0ca6a9b7-e2da-4fbb-ac9f-82e7df213443: 17 internal nodes; 1.0 s; peak memory 152 MiB.
2026-09-22T13:05:50Z INFO [144/500] 0ca6af8a-dcaf-4580-9127-0b712b8a88df: 27 internal nodes; 1.4 s; peak memory 152 MiB.
2026-09-22T13:05:55Z INFO [145/500] 0ca7df4c-e21f-4188-b3bc-b2e2e8cb3115: 109 internal nodes; 5.2 s; peak memory 152 MiB.
2026-09-22T13:05:56Z INFO [146/500] 0ca7f883-3a3f-4087-8d0c-029c8e98ee37: 31 internal nodes; 1.5 s; peak memory 152 MiB.
2026-09-22T13:05:58Z INFO [147/500] 0ca913fd-c6ca-4142-9eb9-82537e4f7303: 55 internal nodes; 1.4 s; peak memory 152 MiB.
2026-09-22T13:05:58Z INFO [148/500] 0caaa06c-58fa-47ee-810e-65e09c85ab2c: 11 internal nodes; 0.7 s; peak memory 152 MiB.
2026-09-22T13:06:00Z INFO [149/500] 0caae806-5d7e-4b81-873c-dc23cd2381e9: 17 internal nodes; 1.1 s; peak memory 152 MiB.
2026-09-22T13:06:01Z INFO [150/500] 0caaedce-7696-4563-815d-7ba5b0a35c95: 17 internal nodes; 1.1 s; peak memory 152 MiB.
2026-09-22T13:06:01Z INFO [150/500] 0caaedce-7696-4563-815d-7ba5b0a35c95: checkpointed 52145 records.
2026-09-22T13:06:08Z INFO [151/500] 0cab1578-d520-433a-9dac-acee68dfb0d9: 213 internal nodes; 7.2 s; peak memory 152 MiB.
2026-09-22T13:06:09Z INFO [152/500] 0cab82fe-9bf6-4b97-b7f7-e35fa3ef5b87: 13 internal nodes; 0.8 s; peak memory 152 MiB.
2026-09-22T13:06:10Z INFO [153/500] 0cac9995-0d51-4763-a046-6303bb40dd44: 27 internal nodes; 1.3 s; peak memory 152 MiB.
2026-09-22T13:06:13Z INFO [154/500] 0cad0f68-5304-48c7-a7f6-b0adaf66e41a: 40 internal nodes; 2.7 s; peak memory 152 MiB.
2026-09-22T13:06:14Z INFO [155/500] 0cade163-c2e0-4ca1-88f9-a802b803a264: 27 internal nodes; 1.2 s; peak memory 152 MiB.
2026-09-22T13:06:15Z INFO [156/500] 0cae0a41-48a4-4b84-8d3e-2d6aa23b8e87: 29 internal nodes; 1.4 s; peak memory 152 MiB.
2026-09-22T13:06:18Z INFO [157/500] 0cae139a-b658-4048-9c44-98ea5240dab7: 42 internal nodes; 2.8 s; peak memory 152 MiB.
2026-09-22T13:06:20Z INFO [158/500] 0caf61c8-aee5-4c1d-a648-e5354ca63bac: 27 internal nodes; 1.3 s; peak memory 152 MiB.
2026-09-22T13:06:21Z INFO [159/500] 0caf94e2-05da-496d-b092-5a1d5dd00ab7: 28 internal nodes; 1.2 s; peak memory 152 MiB.
2026-09-22T13:06:22Z INFO [160/500] 0cafd369-2eef-4504-b25c-0471ffc114c9: 26 internal nodes; 1.3 s; peak memory 152 MiB.
2026-09-22T13:06:25Z INFO [161/500] 0cafe0d3-4359-4090-b642-b20aaac01c94: 44 internal nodes; 2.6 s; peak memory 152 MiB.
2026-09-22T13:06:26Z INFO [162/500] 0cb0ce39-d72b-4704-9f88-bc66a5c7c731: 17 internal nodes; 1.1 s; peak memory 152 MiB.
2026-09-22T13:06:28Z INFO [163/500] 0cb1add9-a132-41d2-b51a-994a6d21ff8c: 65 internal nodes; 2.0 s; peak memory 152 MiB.
2026-09-22T13:06:29Z INFO [164/500] 0cb296af-b97f-457b-a243-a267148fd4ea: 17 internal nodes; 1.1 s; peak memory 152 MiB.
2026-09-22T13:06:30Z INFO [165/500] 0cb3f9b5-0c65-4228-b6b3-cfc3fdbb4a4b: 17 internal nodes; 1.0 s; peak memory 152 MiB.
2026-09-22T13:06:31Z INFO [166/500] 0cb48758-35c9-4f76-b675-40c9580f7d64: 53 internal nodes; 1.6 s; peak memory 152 MiB.
2026-09-22T13:06:33Z INFO [167/500] 0cb50ad4-a246-4121-8dac-9cc1160b4023: 17 internal nodes; 1.0 s; peak memory 152 MiB.
2026-09-22T13:06:34Z INFO [168/500] 0cb6018c-007a-40dd-b5de-fd0117ac3299: 17 internal nodes; 1.0 s; peak memory 152 MiB.
2026-09-22T13:06:36Z INFO [169/500] 0cb61ed4-f561-4f93-b14c-432de49e6619: 42 internal nodes; 2.3 s; peak memory 152 MiB.
2026-09-22T13:06:37Z INFO [170/500] 0cb78b9e-5a60-4a42-856a-c1470d38ea91: 114 internal nodes; 1.2 s; peak memory 152 MiB.
2026-09-22T13:06:39Z INFO [171/500] 0cb7ccaf-7c74-414b-ae72-4e1d8f9e04c1: 95 internal nodes; 2.0 s; peak memory 152 MiB.
2026-09-22T13:06:40Z INFO [172/500] 0cb9539b-06dc-4fa1-99b6-5335e8cbf0cf: 27 internal nodes; 1.2 s; peak memory 152 MiB.
2026-09-22T13:06:42Z INFO [173/500] 0cb99df3-ef1d-43a4-87f8-e75ce0b815ae: 61 internal nodes; 1.7 s; peak memory 152 MiB.
2026-09-22T13:06:43Z INFO [174/500] 0cb9c43a-6610-4101-9bcb-a221055dd28e: 13 internal nodes; 0.8 s; peak memory 152 MiB.
2026-09-22T13:06:45Z INFO [175/500] 0cba574d-cd88-46e7-aa14-08adf4e88878: 31 internal nodes; 1.9 s; peak memory 152 MiB.
2026-09-22T13:06:46Z INFO [176/500] 0cba6224-5ca0-4e75-940a-6a3fc72d3f5c: 31 internal nodes; 1.7 s; peak memory 152 MiB.
2026-09-22T13:06:48Z INFO [177/500] 0cbae780-a8b5-4caf-afa0-460218e004ba: 67 internal nodes; 2.0 s; peak memory 152 MiB.
2026-09-22T13:06:50Z INFO [178/500] 0cbb05ef-ac17-47d0-bd80-43e32d51800c: 18 internal nodes; 1.5 s; peak memory 152 MiB.
2026-09-22T13:06:51Z INFO [179/500] 0cbb3125-fc72-4a6a-999f-73818b3d07e7: 13 internal nodes; 1.1 s; peak memory 152 MiB.
2026-09-22T13:06:52Z INFO [180/500] 0cbb777a-a217-4422-8ce6-e97b1743e300: 22 internal nodes; 1.5 s; peak memory 152 MiB.
2026-09-22T13:06:53Z INFO [181/500] 0cbbd328-4a05-41c6-a388-23bee34ae855: 15 internal nodes; 1.0 s; peak memory 152 MiB.
2026-09-22T13:06:55Z INFO [182/500] 0cbcc93b-6413-42a4-9ff2-192db81e59a9: 27 internal nodes; 1.5 s; peak memory 152 MiB.
2026-09-22T13:06:57Z INFO [183/500] 0cbd268d-e2ff-4919-ab28-aafde7e83f56: 67 internal nodes; 1.7 s; peak memory 152 MiB.
2026-09-22T13:06:58Z INFO [184/500] 0cbdeb16-eafa-4fdf-9dda-3bd5892a04ba: 27 internal nodes; 1.4 s; peak memory 152 MiB.
2026-09-22T13:06:59Z INFO [185/500] 0cbe9f74-495d-46a9-b6dd-afe7e8a46450: 13 internal nodes; 1.2 s; peak memory 152 MiB.
2026-09-22T13:07:01Z INFO [186/500] 0cbefd5a-2284-4167-b2cd-bfd7aa5066a7: 31 internal nodes; 1.7 s; peak memory 152 MiB.
2026-09-22T13:07:02Z INFO [187/500] 0cbf0247-8612-47d2-b9e1-ab0d7b03361e: 27 internal nodes; 1.3 s; peak memory 152 MiB.
2026-09-22T13:07:03Z INFO [188/500] 0cbf33c8-0d31-4587-aa4d-6adc96eefc82: 11 internal nodes; 0.9 s; peak memory 152 MiB.
2026-09-22T13:07:05Z INFO [189/500] 0cbfe541-294f-42e4-b142-b41b61d90ed8: 58 internal nodes; 2.1 s; peak memory 152 MiB.
2026-09-22T13:07:09Z INFO [190/500] 0cc0b6b8-856b-4f8b-aa67-71f7f3e3a109: 43 internal nodes; 3.4 s; peak memory 152 MiB.
2026-09-22T13:07:10Z INFO [191/500] 0cc0bc15-41f5-4fcf-aa44-ed1330bed371: 58 internal nodes; 1.0 s; peak memory 152 MiB.
2026-09-22T13:07:11Z INFO [192/500] 0cc1beb6-692b-499a-83c7-906fccfbbfe1: 27 internal nodes; 1.2 s; peak memory 152 MiB.
2026-09-22T13:07:12Z INFO [193/500] 0cc203e6-6a52-4adf-9169-437802d79c52: 27 internal nodes; 1.4 s; peak memory 152 MiB.
2026-09-22T13:07:14Z INFO [194/500] 0cc2fd16-bfe7-4050-8a6c-77ca8a1590e3: 115 internal nodes; 1.3 s; peak memory 152 MiB.
2026-09-22T13:07:15Z INFO [195/500] 0cc395a0-3461-41ee-877e-8450c51b2ba1: 23 internal nodes; 1.2 s; peak memory 152 MiB.
2026-09-22T13:07:16Z INFO [196/500] 0cc3b4c0-2cd8-4a0b-a4fe-61f11e97a7ba: 24 internal nodes; 1.4 s; peak memory 152 MiB.
2026-09-22T13:07:18Z INFO [197/500] 0cc3be3a-bdbb-44e4-b407-50732a634a4f: 27 internal nodes; 1.3 s; peak memory 152 MiB.
2026-09-22T13:07:19Z INFO [198/500] 0cc46824-e998-453f-8cba-02864eab0cf0: 55 internal nodes; 1.6 s; peak memory 152 MiB.
2026-09-22T13:07:24Z INFO [199/500] 0cc5c820-2972-4c4e-89d7-8cd7ce5ad162: 43 internal nodes; 4.8 s; peak memory 152 MiB.
2026-09-22T13:07:34Z INFO [200/500] 0cc63ef1-296d-41d0-8edf-a2e051d4c83c: 219 internal nodes; 10.3 s; peak memory 152 MiB.
2026-09-22T13:07:35Z INFO [200/500] 0cc63ef1-296d-41d0-8edf-a2e051d4c83c: checkpointed 52195 records.
2026-09-22T13:07:36Z INFO [201/500] 0cc6bc1e-15bb-4aad-9b15-54aa58e4ad06: 13 internal nodes; 1.4 s; peak memory 152 MiB.
2026-09-22T13:07:37Z INFO [202/500] 0cc6c406-fd42-4177-ab33-42b5d39a5c7a: 13 internal nodes; 0.8 s; peak memory 152 MiB.
2026-09-22T13:07:38Z INFO [203/500] 0cc8a28c-60cb-41dc-8403-0849bb3b6db7: 29 internal nodes; 1.7 s; peak memory 152 MiB.
2026-09-22T13:07:39Z INFO [204/500] 0cc9db5e-e6fb-4cb9-8b8d-d8c28720f148: 17 internal nodes; 1.0 s; peak memory 152 MiB.
2026-09-22T13:07:40Z INFO [205/500] 0cca56eb-69cc-40e5-ae3c-11b6007516f7: 17 internal nodes; 1.1 s; peak memory 152 MiB.
2026-09-22T13:07:42Z INFO [206/500] 0ccae657-a46d-4148-9d86-de67833e1ef3: 18 internal nodes; 1.4 s; peak memory 152 MiB.
2026-09-22T13:07:43Z INFO [207/500] 0ccb5a58-6abd-4681-b37b-f338b5a99279: 13 internal nodes; 1.0 s; peak memory 152 MiB.
2026-09-22T13:07:44Z INFO [208/500] 0ccd16e3-ef1a-4015-804a-0db8ff95f1ef: 27 internal nodes; 1.1 s; peak memory 152 MiB.
2026-09-22T13:07:45Z INFO [209/500] 0ccd3b5c-5f4a-4a10-970c-d4bd90c6e846: 27 internal nodes; 1.4 s; peak memory 152 MiB.
2026-09-22T13:07:47Z INFO [210/500] 0ccd9b2e-9aa3-46d5-8f99-aa5ce0bda872: 27 internal nodes; 1.2 s; peak memory 152 MiB.
2026-09-22T13:07:48Z INFO [211/500] 0ccdfb58-7a56-4c9b-a45b-e222b9f0777f: 29 internal nodes; 1.8 s; peak memory 152 MiB.
2026-09-22T13:07:50Z INFO [212/500] 0ccdfc04-0040-412f-bd16-f7bb478b4f56: 31 internal nodes; 1.6 s; peak memory 152 MiB.
2026-09-22T13:07:51Z INFO [213/500] 0cce0da8-a454-4ff7-8670-01104465a18f: 14 internal nodes; 1.1 s; peak memory 152 MiB.
2026-09-22T13:07:52Z INFO [214/500] 0cce202c-411a-413d-bd5c-e4b4d4b4839d: 17 internal nodes; 1.1 s; peak memory 152 MiB.
2026-09-22T13:07:53Z INFO [215/500] 0cce4594-6f28-4b71-853b-761bf761b198: 11 internal nodes; 0.8 s; peak memory 152 MiB.
2026-09-22T13:07:59Z INFO [216/500] 0ccfeb40-4d35-4283-9f37-d80020df3176: 73 internal nodes; 5.8 s; peak memory 152 MiB.
2026-09-22T13:08:00Z INFO [217/500] 0cd0935b-eb4a-4056-b772-8e7be884e767: 17 internal nodes; 1.1 s; peak memory 152 MiB.
2026-09-22T13:08:01Z INFO [218/500] 0cd0c344-306e-4238-8896-fcad7a40bd63: 53 internal nodes; 1.7 s; peak memory 152 MiB.
2026-09-22T13:08:03Z INFO [219/500] 0cd137a3-ca08-4267-81aa-96b3236acf3d: 17 internal nodes; 1.1 s; peak memory 152 MiB.
2026-09-22T13:08:04Z INFO [220/500] 0cd14c4d-260f-4399-b6b5-d8101522d075: 17 internal nodes; 1.0 s; peak memory 152 MiB.
2026-09-22T13:08:12Z INFO [221/500] 0cd16cc3-ac83-461b-a110-2655c05fcbae: 66 internal nodes; 8.0 s; peak memory 152 MiB.
2026-09-22T13:08:13Z INFO [222/500] 0cd1f00c-1924-4118-91cc-d956d9da5f16: 27 internal nodes; 1.3 s; peak memory 152 MiB.
2026-09-22T13:08:14Z INFO [223/500] 0cd21d3e-1591-49e2-807c-a79b370307a9: 17 internal nodes; 1.1 s; peak memory 152 MiB.
2026-09-22T13:08:16Z INFO [224/500] 0cd3c0b7-befa-4a16-b24e-86adf64299f2: 29 internal nodes; 1.6 s; peak memory 152 MiB.
2026-09-22T13:08:17Z INFO [225/500] 0cd5c7aa-37e4-4d41-a510-5b1c7cc8fabc: 27 internal nodes; 1.4 s; peak memory 152 MiB.
2026-09-22T13:08:18Z INFO [226/500] 0cd5e642-4064-4829-a62c-afeb4a4be98e: 31 internal nodes; 1.5 s; peak memory 152 MiB.
2026-09-22T13:08:19Z INFO [227/500] 0cd7d428-1b53-483f-b066-3439c2585bd9: 17 internal nodes; 1.0 s; peak memory 152 MiB.
2026-09-22T13:08:21Z INFO [228/500] 0cd8d370-a436-47b5-9e50-4b518c1a234d: 27 internal nodes; 1.5 s; peak memory 152 MiB.
2026-09-22T13:08:35Z INFO [229/500] 0cd9dcc9-0508-4bfe-a217-7e0946f17926: 107 internal nodes; 13.6 s; peak memory 152 MiB.
2026-09-22T13:08:36Z INFO [230/500] 0cda32c1-f8bd-43a5-8343-91acaf903acc: 31 internal nodes; 1.6 s; peak memory 152 MiB.
2026-09-22T13:08:43Z INFO [231/500] 0cdb59f5-5c0f-4cb8-a2b9-85029f87379a: 177 internal nodes; 7.1 s; peak memory 152 MiB.
2026-09-22T13:08:44Z INFO [232/500] 0cdb73c9-3b3b-4654-b34c-1217879b0484: 17 internal nodes; 1.0 s; peak memory 152 MiB.
2026-09-22T13:08:45Z INFO [233/500] 0cdbcd84-424e-4a1b-88a3-8ab4daffdf46: 17 internal nodes; 1.0 s; peak memory 152 MiB.
2026-09-22T13:08:46Z INFO [234/500] 0cdc095b-03bc-4cf4-9a4c-a1cec815b236: 17 internal nodes; 1.0 s; peak memory 152 MiB.
2026-09-22T13:08:47Z INFO [235/500] 0cdc1bd3-fdc9-4e45-ae5e-c89b9d1d5bae: 13 internal nodes; 0.9 s; peak memory 152 MiB.
2026-09-22T13:08:48Z INFO [236/500] 0cdcb4a2-8039-4e15-84b4-ef80b03d3e22: 11 internal nodes; 0.9 s; peak memory 152 MiB.
2026-09-22T13:08:49Z INFO [237/500] 0cdccbd7-7593-413c-a011-abfa7c5ea3f2: 23 internal nodes; 1.0 s; peak memory 152 MiB.
2026-09-22T13:08:50Z INFO [238/500] 0cdcdff2-c8cc-495b-a8f0-00245357af75: 27 internal nodes; 1.4 s; peak memory 152 MiB.
2026-09-22T13:08:51Z INFO [239/500] 0cdd32e2-b4fa-4dc9-842e-cf9a8111d4e0: 18 internal nodes; 0.9 s; peak memory 152 MiB.
2026-09-22T13:08:52Z INFO [240/500] 0cdd4f0c-21a9-45d0-92bd-f07d11f5eff4: 24 internal nodes; 1.1 s; peak memory 152 MiB.
2026-09-22T13:08:54Z INFO [241/500] 0cde1b68-3468-4d1e-b975-ac36a7276dfd: 55 internal nodes; 1.4 s; peak memory 152 MiB.
2026-09-22T13:08:55Z INFO [242/500] 0cde5686-7487-4305-8996-143677f9e7a2: 31 internal nodes; 1.5 s; peak memory 152 MiB.
2026-09-22T13:09:00Z INFO [243/500] 0cde5a57-630b-4183-8b50-cb343297b31e: 71 internal nodes; 5.1 s; peak memory 152 MiB.
2026-09-22T13:09:09Z INFO [244/500] 0cde7fa1-b263-4a7f-ab24-3288ae848530: 176 internal nodes; 8.6 s; peak memory 152 MiB.
2026-09-22T13:09:15Z INFO [245/500] 0cdf512b-701e-4634-95c3-839dc63e016e: 107 internal nodes; 5.6 s; peak memory 152 MiB.
2026-09-22T13:09:16Z INFO [246/500] 0cdfa2d8-95e5-40e2-b968-30778e40f638: 17 internal nodes; 1.0 s; peak memory 152 MiB.
2026-09-22T13:09:16Z INFO [247/500] 0cdfa478-8c0e-4795-bffe-d8cdd063db06: 11 internal nodes; 0.8 s; peak memory 152 MiB.
2026-09-22T13:09:18Z INFO [248/500] 0ce0b532-5749-48d3-b7d5-e4325d5b6c88: 31 internal nodes; 1.7 s; peak memory 152 MiB.
2026-09-22T13:09:19Z INFO [249/500] 0ce1bec7-82e2-4f20-98a2-35ddfeee454f: 26 internal nodes; 0.9 s; peak memory 152 MiB.
2026-09-22T13:09:20Z INFO [250/500] 0ce24ea7-ad86-4605-a35a-1aff5cde1971: 17 internal nodes; 1.0 s; peak memory 152 MiB.
2026-09-22T13:09:20Z INFO [250/500] 0ce24ea7-ad86-4605-a35a-1aff5cde1971: checkpointed 52245 records.
2026-09-22T13:09:21Z INFO [251/500] 0ce29560-7c54-4abb-8e2f-2b441b741328: 27 internal nodes; 1.3 s; peak memory 152 MiB.
2026-09-22T13:09:23Z INFO [252/500] 0ce2a022-d735-4fba-ad75-caa662b48ef0: 41 internal nodes; 1.4 s; peak memory 152 MiB.
2026-09-22T13:09:24Z INFO [253/500] 0ce2f52a-d0de-4253-be7f-af66ffabffd3: 58 internal nodes; 1.1 s; peak memory 152 MiB.
2026-09-22T13:09:25Z INFO [254/500] 0ce34447-0446-481b-b865-008b6869965c: 53 internal nodes; 1.3 s; peak memory 152 MiB.
2026-09-22T13:09:26Z INFO [255/500] 0ce5860a-5329-4afa-8624-97ec476d89ec: 17 internal nodes; 1.0 s; peak memory 152 MiB.
2026-09-22T13:09:27Z INFO [256/500] 0ce597f5-730c-4425-a9d7-1ff34375f570: 19 internal nodes; 1.0 s; peak memory 152 MiB.
2026-09-22T13:09:28Z INFO [257/500] 0ce5bdc7-0df2-4c2d-87f0-fc237b580a10: 17 internal nodes; 1.1 s; peak memory 152 MiB.
2026-09-22T13:09:31Z INFO [258/500] 0ce6487c-4df4-4a41-87a2-dae62e5e4180: 47 internal nodes; 2.8 s; peak memory 152 MiB.
2026-09-22T13:09:33Z INFO [259/500] 0ce6e0a2-1499-4e17-9bf7-5e4882fb6176: 31 internal nodes; 1.9 s; peak memory 152 MiB.
2026-09-22T13:09:34Z INFO [260/500] 0ce748b7-c2b9-42bf-a1b8-0ef682eb1a30: 17 internal nodes; 1.0 s; peak memory 152 MiB.
2026-09-22T13:09:35Z INFO [261/500] 0ce787a6-2a7f-4e65-9fd9-6517a4b195b8: 17 internal nodes; 1.1 s; peak memory 152 MiB.
2026-09-22T13:09:36Z INFO [262/500] 0ce7d61c-a2fb-42d3-be11-4824c956f430: 31 internal nodes; 1.3 s; peak memory 152 MiB.
2026-09-22T13:09:37Z INFO [263/500] 0ce87d2c-6b48-48cc-92e6-2f14b4067d2f: 11 internal nodes; 0.8 s; peak memory 152 MiB.
2026-09-22T13:09:38Z INFO [264/500] 0ce99c72-bb27-48d3-9a3b-f5cb90aefaf7: 17 internal nodes; 1.0 s; peak memory 152 MiB.
2026-09-22T13:09:40Z INFO [265/500] 0ceb7094-1f6f-4bec-b44e-2bb26dc4e454: 28 internal nodes; 1.7 s; peak memory 152 MiB.
2026-09-22T13:09:41Z INFO [266/500] 0cec5586-7a98-452c-9c9e-f659aea5abb4: 61 internal nodes; 1.6 s; peak memory 152 MiB.
2026-09-22T13:09:43Z INFO [267/500] 0cecb3f3-b122-403b-95a4-bfe902dfee00: 19 internal nodes; 1.3 s; peak memory 152 MiB.
2026-09-22T13:09:44Z INFO [268/500] 0ced536b-e0f8-46d9-b471-d3fd5448a6c4: 31 internal nodes; 1.2 s; peak memory 152 MiB.
2026-09-22T13:09:47Z INFO [269/500] 0ced6c04-851d-4f0a-86bb-fabd53b83de9: 44 internal nodes; 3.0 s; peak memory 152 MiB.
2026-09-22T13:10:06Z INFO [270/500] 0cedcf53-1f85-4d3f-a3d6-c2c5f99918cf: 135 internal nodes; 19.5 s; peak memory 152 MiB.
2026-09-22T13:10:14Z INFO [271/500] 0cee0278-c7db-45bf-b52f-0573dbfc01ac: 65 internal nodes; 7.9 s; peak memory 152 MiB.
2026-09-22T13:10:16Z INFO [272/500] 0cf02b80-5fac-48e5-a75d-9f7aad954887: 27 internal nodes; 1.3 s; peak memory 152 MiB.
2026-09-22T13:10:27Z INFO [273/500] 0cf07aef-d7f5-4651-9890-0028797e53a2: 71 internal nodes; 11.2 s; peak memory 152 MiB.
2026-09-22T13:10:28Z INFO [274/500] 0cf0b459-56af-45ee-abe6-6ef97b0abfb3: 11 internal nodes; 0.8 s; peak memory 152 MiB.
2026-09-22T13:10:29Z INFO [275/500] 0cf0d4f5-e3b9-4994-b4db-3686a7679e2b: 31 internal nodes; 1.4 s; peak memory 152 MiB.
2026-09-22T13:10:30Z INFO [276/500] 0cf1c2df-c8bd-40ee-98e2-c24e0094e6ad: 17 internal nodes; 1.0 s; peak memory 152 MiB.
2026-09-22T13:10:31Z INFO [277/500] 0cf1f35d-f1de-4ad7-8b5f-f35b791e3bb5: 17 internal nodes; 1.0 s; peak memory 152 MiB.
2026-09-22T13:10:33Z INFO [278/500] 0cf2906e-6d83-4007-a567-1d9a169d81e1: 31 internal nodes; 1.8 s; peak memory 152 MiB.
2026-09-22T13:10:34Z INFO [279/500] 0cf303d8-41de-4bcd-9206-bfba6540eff7: 63 internal nodes; 1.4 s; peak memory 152 MiB.
2026-09-22T13:10:35Z INFO [280/500] 0cf3145f-3998-4944-87e4-350f0c5031bd: 18 internal nodes; 0.9 s; peak memory 152 MiB.
2026-09-22T13:10:36Z INFO [281/500] 0cf33fb6-a569-4881-a47f-ff7b7741cf0d: 17 internal nodes; 0.9 s; peak memory 152 MiB.
2026-09-22T13:10:37Z INFO [282/500] 0cf3acd2-7ff1-4285-8eb2-19dd16f1b1b9: 17 internal nodes; 1.0 s; peak memory 152 MiB.
2026-09-22T13:10:38Z INFO [283/500] 0cf3fe91-c537-4b98-8375-aca8b2102bd0: 17 internal nodes; 1.1 s; peak memory 152 MiB.
2026-09-22T13:10:39Z INFO [284/500] 0cf4683d-c205-483b-bd47-547e6066d804: 17 internal nodes; 1.3 s; peak memory 152 MiB.
2026-09-22T13:10:40Z INFO [285/500] 0cf517e2-a26e-4d19-a417-0aecec71408a: 27 internal nodes; 1.2 s; peak memory 152 MiB.
2026-09-22T13:10:43Z INFO [286/500] 0cf5a126-d1c2-4bc5-8829-2d45e1653122: 44 internal nodes; 2.9 s; peak memory 152 MiB.
2026-09-22T13:10:44Z INFO [287/500] 0cf689da-b639-4cad-8c1e-158f5435707c: 17 internal nodes; 1.0 s; peak memory 152 MiB.
2026-09-22T13:10:46Z INFO [288/500] 0cf6deaf-cd8f-4a4d-b02b-07bcc86eb871: 27 internal nodes; 1.3 s; peak memory 152 MiB.
2026-09-22T13:10:58Z INFO [289/500] 0cf6e8a1-2543-4837-b6aa-168eadef7404: 517 internal nodes; 12.5 s; peak memory 155 MiB.
2026-09-22T13:11:00Z INFO [290/500] 0cf73974-1cb4-446f-aa2a-764360491591: 72 internal nodes; 2.2 s; peak memory 155 MiB.
2026-09-22T13:11:01Z INFO [291/500] 0cf745dd-f107-4307-9420-d6fb10736b5d: 17 internal nodes; 0.8 s; peak memory 155 MiB.
2026-09-22T13:11:02Z INFO [292/500] 0cf776fd-5606-4143-a9e9-53034e3eaf37: 22 internal nodes; 0.8 s; peak memory 155 MiB.
2026-09-22T13:11:03Z INFO [293/500] 0cf7b45c-d193-4f96-b8f4-0c782cea0d98: 53 internal nodes; 1.3 s; peak memory 155 MiB.
2026-09-22T13:11:07Z INFO [294/500] 0cf7e9d5-86e5-4d99-91f4-acc9fecc90ab: 36 internal nodes; 3.6 s; peak memory 155 MiB.
2026-09-22T13:11:09Z INFO [295/500] 0cf86ddb-1779-4419-989f-250da7289c26: 22 internal nodes; 1.7 s; peak memory 155 MiB.
2026-09-22T13:11:09Z INFO [296/500] 0cf8a32e-6f05-4f2f-bdb1-b50fc40ab4b7: 17 internal nodes; 0.9 s; peak memory 155 MiB.
2026-09-22T13:11:11Z INFO [297/500] 0cf9e2c7-1878-4bf6-9684-7b3305c71fb8: 26 internal nodes; 1.7 s; peak memory 155 MiB.
2026-09-22T13:11:13Z INFO [298/500] 0cfa4b4f-143a-4289-b0cc-b4c5260f058f: 31 internal nodes; 1.7 s; peak memory 155 MiB.
2026-09-22T13:11:14Z INFO [299/500] 0cfabe92-1721-4a30-bd92-33f4c885e4e1: 17 internal nodes; 0.9 s; peak memory 155 MiB.
2026-09-22T13:11:15Z INFO [300/500] 0cfad441-a47b-4e55-9f01-7531e885134e: 11 internal nodes; 1.2 s; peak memory 155 MiB.
2026-09-22T13:11:15Z INFO [300/500] 0cfad441-a47b-4e55-9f01-7531e885134e: checkpointed 52295 records.
2026-09-22T13:11:17Z INFO [301/500] 0cfb75d1-aa3e-4a6c-a25e-61fc2d245301: 39 internal nodes; 1.8 s; peak memory 155 MiB.
2026-09-22T13:11:19Z INFO [302/500] 0cfb8332-dfa1-4cbf-9a26-36d63fe551b0: 31 internal nodes; 1.8 s; peak memory 155 MiB.
2026-09-22T13:11:21Z INFO [303/500] 0cfbbfb7-c5fb-4d1b-92a0-1e6e1eb8ce6d: 90 internal nodes; 1.7 s; peak memory 155 MiB.
2026-09-22T13:11:22Z INFO [304/500] 0cfbf172-f237-4a57-b399-9bfb9b4892d3: 116 internal nodes; 1.6 s; peak memory 155 MiB.
2026-09-22T13:11:23Z INFO [305/500] 0cfbf286-5600-4ada-88cc-6099be1f7e69: 27 internal nodes; 1.3 s; peak memory 155 MiB.
2026-09-22T13:11:30Z INFO [306/500] 0cfc3768-9d7b-4a4b-a2c5-411df7771b05: 169 internal nodes; 7.0 s; peak memory 155 MiB.
2026-09-22T13:11:31Z INFO [307/500] 0cfcb936-616c-4841-96c5-e5813523e6ff: 17 internal nodes; 1.0 s; peak memory 155 MiB.
2026-09-22T13:11:46Z INFO [308/500] 0cfcc94d-bbe5-4153-ae40-10ef19db34cc: 269 internal nodes; 14.4 s; peak memory 156 MiB.
2026-09-22T13:11:47Z INFO [309/500] 0cff42e0-1f5e-4a78-8c86-cc0fe25ccb09: 17 internal nodes; 1.0 s; peak memory 156 MiB.
2026-09-22T13:11:48Z INFO [310/500] 0cff8b55-469a-42b9-88da-16719b73ca9b: 18 internal nodes; 0.9 s; peak memory 156 MiB.
2026-09-22T13:11:49Z INFO [311/500] 0cffe9b9-a295-499f-a535-033b10c6df3b: 24 internal nodes; 1.4 s; peak memory 156 MiB.
2026-09-22T13:11:57Z INFO [312/500] 0d005d7d-3871-43cb-82e2-3bd7e6aceb21: 208 internal nodes; 8.1 s; peak memory 156 MiB.
2026-09-22T13:12:00Z INFO [313/500] 0d0217d2-0359-48ce-a847-c66837a81c45: 44 internal nodes; 2.9 s; peak memory 156 MiB.
2026-09-22T13:12:01Z INFO [314/500] 0d026385-6d1e-4aa3-a10c-25d1da30fa2d: 17 internal nodes; 1.0 s; peak memory 156 MiB.
2026-09-22T13:12:02Z INFO [315/500] 0d02961f-0d9f-42ff-8c34-4e2c09a95b49: 22 internal nodes; 1.1 s; peak memory 156 MiB.
2026-09-22T13:12:03Z INFO [316/500] 0d02e76d-d503-4040-a6ff-94734a22f636: 17 internal nodes; 1.0 s; peak memory 156 MiB.
2026-09-22T13:12:04Z INFO [317/500] 0d03443f-f932-4fed-8873-a67f095f633a: 17 internal nodes; 1.1 s; peak memory 156 MiB.
2026-09-22T13:12:06Z INFO [318/500] 0d038171-5d24-4676-a5ea-d33be5c30f06: 18 internal nodes; 1.4 s; peak memory 156 MiB.
2026-09-22T13:12:07Z INFO [319/500] 0d041123-2745-4e76-a392-861dacb07e52: 27 internal nodes; 1.3 s; peak memory 156 MiB.
2026-09-22T13:12:08Z INFO [320/500] 0d041726-49f1-4981-a743-559d7775bf1e: 28 internal nodes; 1.0 s; peak memory 156 MiB.
2026-09-22T13:12:09Z INFO [321/500] 0d041ae2-dde3-4178-a012-07ed7e45345d: 23 internal nodes; 0.8 s; peak memory 156 MiB.
2026-09-22T13:12:12Z INFO [322/500] 0d043532-4dd4-44a0-a2f4-7ab735f9b757: 67 internal nodes; 3.0 s; peak memory 156 MiB.
2026-09-22T13:12:13Z INFO [323/500] 0d04693d-287f-4458-8572-703613c748a0: 26 internal nodes; 0.9 s; peak memory 156 MiB.
2026-09-22T13:12:14Z INFO [324/500] 0d06f620-9783-41c4-9b16-eeb198b73d48: 17 internal nodes; 1.0 s; peak memory 156 MiB.
2026-09-22T13:12:16Z INFO [325/500] 0d0928dd-60a8-4095-8d2f-c1eeb52c0db0: 44 internal nodes; 2.7 s; peak memory 156 MiB.
2026-09-22T13:12:18Z INFO [326/500] 0d0963c9-45b0-4499-a264-b95ca526d56c: 31 internal nodes; 1.4 s; peak memory 156 MiB.
2026-09-22T13:12:19Z INFO [327/500] 0d0a20f0-e9c5-481a-b4fa-1998cb1e058e: 27 internal nodes; 1.2 s; peak memory 156 MiB.
2026-09-22T13:12:29Z INFO [328/500] 0d0a53c3-a194-47e3-afdb-63e5052909d0: 162 internal nodes; 9.7 s; peak memory 156 MiB.
2026-09-22T13:12:36Z INFO [329/500] 0d0acda9-169f-4edf-8c8c-6dda82be5600: 140 internal nodes; 6.8 s; peak memory 156 MiB.
2026-09-22T13:12:36Z INFO [330/500] 0d0b6144-0432-49d5-b8eb-04280a943cd9: 25 internal nodes; 0.8 s; peak memory 156 MiB.
2026-09-22T13:12:40Z INFO [331/500] 0d0b7dfd-978f-42eb-b24e-70c8ded2e31f: 46 internal nodes; 3.4 s; peak memory 156 MiB.
2026-09-22T13:12:41Z INFO [332/500] 0d0b8e45-bf06-466e-b802-f26a83c93795: 31 internal nodes; 1.8 s; peak memory 156 MiB.
2026-09-22T13:12:43Z INFO [333/500] 0d0b9dce-103b-468e-86f8-2fa696b1a29b: 27 internal nodes; 1.5 s; peak memory 156 MiB.
2026-09-22T13:12:45Z INFO [334/500] 0d0c592b-9d6a-4cdf-856b-ff94164d6cfd: 52 internal nodes; 2.3 s; peak memory 156 MiB.
2026-09-22T13:12:46Z INFO [335/500] 0d0d2768-4da5-4e5d-bab6-5e3432b6f63f: 27 internal nodes; 1.3 s; peak memory 156 MiB.
2026-09-22T13:12:48Z INFO [336/500] 0d0d398a-01f5-42a8-aa58-47831b6910c6: 13 internal nodes; 1.2 s; peak memory 156 MiB.
2026-09-22T13:12:50Z INFO [337/500] 0d0dc05b-2c88-48bd-9ae3-e90f5f8e3466: 67 internal nodes; 1.8 s; peak memory 156 MiB.
2026-09-22T13:12:51Z INFO [338/500] 0d0ee5ac-fdea-495e-a32c-9fcfc91d5dca: 23 internal nodes; 1.5 s; peak memory 156 MiB.
2026-09-22T13:12:52Z INFO [339/500] 0d0f90e2-7407-4228-ad50-b27487d6c88b: 58 internal nodes; 1.0 s; peak memory 156 MiB.
2026-09-22T13:13:00Z INFO [340/500] 0d103739-4693-491a-8d2b-887c64bb31ca: 148 internal nodes; 8.3 s; peak memory 156 MiB.
2026-09-22T13:13:01Z INFO [341/500] 0d117a09-4639-461c-8573-df9d7353e14d: 17 internal nodes; 1.0 s; peak memory 156 MiB.
2026-09-22T13:13:03Z INFO [342/500] 0d121299-c4e8-4803-ac29-7178667fc42a: 115 internal nodes; 1.3 s; peak memory 156 MiB.
2026-09-22T13:13:04Z INFO [343/500] 0d125ddd-15f4-48f6-b32a-097b48725625: 17 internal nodes; 1.1 s; peak memory 156 MiB.
2026-09-22T13:13:05Z INFO [344/500] 0d132155-189f-4db4-94a5-8999aafb0ded: 12 internal nodes; 0.9 s; peak memory 156 MiB.
2026-09-22T13:13:06Z INFO [345/500] 0d141da9-a4c4-4131-b08f-483b60c72ce0: 25 internal nodes; 1.2 s; peak memory 156 MiB.
2026-09-22T13:13:08Z INFO [346/500] 0d1478f7-388c-4886-8057-bc6911bff7a0: 63 internal nodes; 1.6 s; peak memory 156 MiB.
2026-09-22T13:13:17Z INFO [347/500] 0d150b45-ec36-48aa-aea9-1c8dfb6b99ea: 50 internal nodes; 9.8 s; peak memory 228 MiB.
2026-09-22T13:13:23Z INFO [348/500] 0d15802a-c9a3-472b-8283-e903c2881857: 116 internal nodes; 6.1 s; peak memory 228 MiB.
2026-09-22T13:13:25Z INFO [349/500] 0d1582b5-d510-4f7e-8667-0a715b8ecd7e: 25 internal nodes; 1.3 s; peak memory 228 MiB.
2026-09-22T13:13:26Z INFO [350/500] 0d16c55d-fe46-4257-9584-776147d6cbdd: 27 internal nodes; 0.8 s; peak memory 228 MiB.
2026-09-22T13:13:26Z INFO [350/500] 0d16c55d-fe46-4257-9584-776147d6cbdd: checkpointed 52345 records.
2026-09-22T13:13:27Z INFO [351/500] 0d16f53b-be81-41eb-86b5-0565311a8b8d: 29 internal nodes; 1.5 s; peak memory 228 MiB.
2026-09-22T13:13:28Z INFO [352/500] 0d17e709-b51e-4b3d-9a5a-127b5e5f5cdf: 17 internal nodes; 1.1 s; peak memory 228 MiB.
2026-09-22T13:13:31Z INFO [353/500] 0d188f10-221b-47e0-a305-52966a38b739: 31 internal nodes; 2.2 s; peak memory 228 MiB.
2026-09-22T13:13:32Z INFO [354/500] 0d192d73-b4ba-469e-9afc-55c39e328e0d: 83 internal nodes; 1.5 s; peak memory 228 MiB.
2026-09-22T13:13:47Z INFO [355/500] 0d195b1a-63fb-4ef1-aaa7-a908e94f03c9: 326 internal nodes; 15.0 s; peak memory 246 MiB.
2026-09-22T13:13:48Z INFO [356/500] 0d1adf29-deb8-424b-b0a4-e691e8607614: 27 internal nodes; 1.3 s; peak memory 246 MiB.
2026-09-22T13:13:50Z INFO [357/500] 0d1aea94-b973-4ac3-8990-c2fdb29ae7bc: 17 internal nodes; 1.0 s; peak memory 246 MiB.
2026-09-22T13:13:58Z INFO [358/500] 0d1b9268-d0a3-4d5b-a8a3-dfa0f2a0cb9f: 207 internal nodes; 8.6 s; peak memory 246 MiB.
2026-09-22T13:14:07Z INFO [359/500] 0d1ba8f6-8f02-419d-8c11-dbfb0e5562a6: 106 internal nodes; 8.8 s; peak memory 246 MiB.
2026-09-22T13:14:09Z INFO [360/500] 0d1bb231-f058-40f2-a4a5-2192d9b42fb0: 61 internal nodes; 1.6 s; peak memory 246 MiB.
2026-09-22T13:14:10Z INFO [361/500] 0d1bd2b8-f051-4026-9262-facc0e99a258: 53 internal nodes; 1.5 s; peak memory 246 MiB.
2026-09-22T13:14:11Z INFO [362/500] 0d1bd551-6edc-422f-b708-d0ce893f49be: 27 internal nodes; 1.4 s; peak memory 246 MiB.
2026-09-22T13:14:12Z INFO [363/500] 0d1bdae3-9456-4e32-8158-14c262a3c547: 17 internal nodes; 1.0 s; peak memory 246 MiB.
2026-09-22T13:14:26Z INFO [364/500] 0d1c766f-0c8f-45df-9dfc-5dc6e46b46cc: 209 internal nodes; 13.2 s; peak memory 246 MiB.
2026-09-22T13:14:27Z INFO [365/500] 0d1eda69-6d78-43f7-a6dd-5e68f9c1cfd4: 27 internal nodes; 1.2 s; peak memory 246 MiB.
2026-09-22T13:14:28Z INFO [366/500] 0d1f635a-d39d-445c-8bff-3e927e649ebc: 27 internal nodes; 1.3 s; peak memory 246 MiB.
2026-09-22T13:14:29Z INFO [367/500] 0d205362-6596-4a44-a9fb-cd048eb5dbfb: 17 internal nodes; 0.9 s; peak memory 246 MiB.
2026-09-22T13:14:32Z INFO [368/500] 0d208156-f640-448f-b1ab-68a58f117181: 60 internal nodes; 2.7 s; peak memory 246 MiB.
2026-09-22T13:14:33Z INFO [369/500] 0d2095a0-14ce-426b-b848-9d81b930f2f8: 29 internal nodes; 1.2 s; peak memory 246 MiB.
2026-09-22T13:14:38Z INFO [370/500] 0d2110d1-9b8b-4489-847a-ce562f0dabb9: 119 internal nodes; 4.6 s; peak memory 246 MiB.
2026-09-22T13:14:43Z INFO [371/500] 0d2202e8-98a6-4d04-86fc-aa4f1d5e9757: 102 internal nodes; 4.9 s; peak memory 246 MiB.
2026-09-22T13:14:44Z INFO [372/500] 0d2238c2-488d-49cd-ad8c-ebc4cefc5209: 14 internal nodes; 1.0 s; peak memory 246 MiB.
2026-09-22T13:14:45Z INFO [373/500] 0d232397-3722-40e6-933d-cb0b71d23339: 31 internal nodes; 1.6 s; peak memory 246 MiB.
2026-09-22T13:14:47Z INFO [374/500] 0d23780a-c684-44fe-8afc-c23c437a47d0: 30 internal nodes; 1.4 s; peak memory 246 MiB.
2026-09-22T13:14:47Z INFO [375/500] 0d23ea15-d1fb-4894-b1fa-f06cafd0a93a: 11 internal nodes; 0.7 s; peak memory 246 MiB.
2026-09-22T13:14:49Z INFO [376/500] 0d240bde-1c86-4df7-9dd8-d7b9f92e6758: 29 internal nodes; 1.3 s; peak memory 246 MiB.
2026-09-22T13:14:50Z INFO [377/500] 0d244a0b-de95-4c85-b1c7-f5cb655a3960: 27 internal nodes; 1.3 s; peak memory 246 MiB.
2026-09-22T13:14:53Z INFO [378/500] 0d246a45-6b75-4905-b1cb-a4cb963251bd: 67 internal nodes; 2.9 s; peak memory 246 MiB.
2026-09-22T13:14:54Z INFO [379/500] 0d248cbd-77e0-4611-a505-c59141161bca: 11 internal nodes; 0.9 s; peak memory 246 MiB.
2026-09-22T13:14:55Z INFO [380/500] 0d24af5b-13f0-4c8e-b517-06b0004ce3c6: 27 internal nodes; 1.2 s; peak memory 246 MiB.
2026-09-22T13:15:01Z INFO [381/500] 0d24d321-62ac-42cd-b2e1-29748aaff76d: 61 internal nodes; 6.1 s; peak memory 246 MiB.
2026-09-22T13:15:10Z INFO [382/500] 0d2511e1-733c-45d9-8ff2-2f58b8b69a5f: 195 internal nodes; 9.2 s; peak memory 246 MiB.
2026-09-22T13:15:11Z INFO [383/500] 0d25714c-8150-42d9-8112-403c672bee2c: 17 internal nodes; 1.1 s; peak memory 246 MiB.
2026-09-22T13:15:13Z INFO [384/500] 0d269041-670c-45dd-9c4a-4761a753884d: 31 internal nodes; 1.6 s; peak memory 246 MiB.
2026-09-22T13:15:14Z INFO [385/500] 0d272ac2-5108-411c-9563-b0603ba9f226: 27 internal nodes; 1.3 s; peak memory 246 MiB.
2026-09-22T13:15:21Z INFO [386/500] 0d27b218-ffee-44a5-a1e8-16649a640ced: 73 internal nodes; 7.0 s; peak memory 246 MiB.
2026-09-22T13:15:23Z INFO [387/500] 0d27bf86-3ac3-4244-bf39-1fc1ff03b5bf: 116 internal nodes; 1.4 s; peak memory 246 MiB.
2026-09-22T13:15:23Z INFO [388/500] 0d28a1fd-fe22-4c31-badb-85a3de39cab1: 17 internal nodes; 0.8 s; peak memory 246 MiB.
2026-09-22T13:15:24Z INFO [389/500] 0d29ebe4-9686-4db8-be5f-cde6c3c0a9e8: 17 internal nodes; 1.1 s; peak memory 246 MiB.
2026-09-22T13:15:25Z INFO [390/500] 0d29f589-7b61-49c2-ac6a-1286fb0ccfa2: 17 internal nodes; 1.0 s; peak memory 246 MiB.
2026-09-22T13:15:27Z INFO [391/500] 0d2a8774-12e1-43fd-ac0c-243f4f6d7183: 17 internal nodes; 1.0 s; peak memory 246 MiB.
2026-09-22T13:15:28Z INFO [392/500] 0d2b43d1-09e0-424a-bb4b-9c5fa1747746: 17 internal nodes; 1.1 s; peak memory 246 MiB.
2026-09-22T13:15:40Z INFO [393/500] 0d2c5967-b716-4b34-94b9-7b3c8dfb513f: 307 internal nodes; 12.1 s; peak memory 246 MiB.
2026-09-22T13:15:41Z INFO [394/500] 0d2c92e6-be6c-45c8-ad11-c0c38692c8bd: 18 internal nodes; 1.1 s; peak memory 246 MiB.
2026-09-22T13:15:48Z INFO [395/500] 0d2ca719-4391-4a46-81b5-13cd5dd8ebb8: 177 internal nodes; 7.5 s; peak memory 246 MiB.
2026-09-22T13:15:50Z INFO [396/500] 0d2e2956-118d-448c-ba60-e33278d1d236: 27 internal nodes; 1.3 s; peak memory 246 MiB.
2026-09-22T13:15:51Z INFO [397/500] 0d2e83ea-afb1-4928-adba-eee9e8786e1e: 23 internal nodes; 1.1 s; peak memory 246 MiB.
2026-09-22T13:15:52Z INFO [398/500] 0d2ee0b0-5a68-44ab-aea7-d52c473f3214: 17 internal nodes; 1.1 s; peak memory 246 MiB.
2026-09-22T13:15:53Z INFO [399/500] 0d3021b2-00a7-4883-95a1-d2502f9d1cfa: 27 internal nodes; 1.3 s; peak memory 246 MiB.
2026-09-22T13:16:05Z INFO [400/500] 0d30f75d-847c-4a60-9f0f-9028131abefd: 109 internal nodes; 12.2 s; peak memory 246 MiB.
2026-09-22T13:16:05Z INFO [400/500] 0d30f75d-847c-4a60-9f0f-9028131abefd: checkpointed 52395 records.
2026-09-22T13:16:07Z INFO [401/500] 0d31ce77-c917-4951-bfb3-e2459d0d263a: 27 internal nodes; 1.4 s; peak memory 246 MiB.
2026-09-22T13:16:08Z INFO [402/500] 0d31cf03-5cc2-4f8c-a40f-33cf6fb07721: 27 internal nodes; 1.3 s; peak memory 246 MiB.
2026-09-22T13:16:09Z INFO [403/500] 0d32045c-b864-464a-9285-fef0f3ed6879: 23 internal nodes; 1.1 s; peak memory 246 MiB.
2026-09-22T13:16:16Z INFO [404/500] 0d32bacd-edca-45f8-9d38-4a8c7dad9fca: 117 internal nodes; 6.3 s; peak memory 246 MiB.
2026-09-22T13:16:17Z INFO [405/500] 0d32fb8e-3d36-46cc-9a4c-8523d6772efa: 17 internal nodes; 1.2 s; peak memory 246 MiB.
2026-09-22T13:16:18Z INFO [406/500] 0d33bb16-2bc6-4f7f-9cd5-c8434a686581: 17 internal nodes; 1.1 s; peak memory 246 MiB.
2026-09-22T13:16:19Z INFO [407/500] 0d340eab-39ba-4d94-9c57-691690d7dc06: 17 internal nodes; 1.0 s; peak memory 246 MiB.
2026-09-22T13:16:20Z INFO [408/500] 0d350034-6fb0-4a96-8777-a0268c24045d: 17 internal nodes; 1.0 s; peak memory 246 MiB.
2026-09-22T13:16:26Z INFO [409/500] 0d35aef4-d9d4-44a2-9c7c-070e7060e388: 149 internal nodes; 6.4 s; peak memory 246 MiB.
2026-09-22T13:16:35Z INFO [410/500] 0d35efcb-30c0-4206-af8b-79abc0035f95: 1178 internal nodes; 8.7 s; peak memory 255 MiB.
2026-09-22T13:16:36Z INFO [411/500] 0d3634aa-aa70-447c-9310-c65198aba0bf: 17 internal nodes; 1.1 s; peak memory 255 MiB.
2026-09-22T13:16:44Z INFO [412/500] 0d3694ff-9e18-4edb-88ae-cf219b46502e: 177 internal nodes; 7.5 s; peak memory 255 MiB.
2026-09-22T13:16:54Z INFO [413/500] 0d36fb14-a991-43fb-9aa7-a91ad2959c60: 214 internal nodes; 10.7 s; peak memory 255 MiB.
2026-09-22T13:17:04Z INFO [414/500] 0d3858dc-3aa7-449e-9b64-091f8cf4bdaa: 314 internal nodes; 10.2 s; peak memory 255 MiB.
2026-09-22T13:17:05Z INFO [415/500] 0d3a1537-146a-40f8-a00e-791a3c98b388: 13 internal nodes; 0.8 s; peak memory 255 MiB.
2026-09-22T13:17:07Z INFO [416/500] 0d3a46b6-2b1a-4585-b786-e8658dd304f4: 90 internal nodes; 1.4 s; peak memory 255 MiB.
2026-09-22T13:17:09Z INFO [417/500] 0d3a538f-8026-4efb-8d49-9963c45e78e4: 41 internal nodes; 2.5 s; peak memory 255 MiB.
2026-09-22T13:17:10Z INFO [418/500] 0d3a7117-a47d-4837-86f4-18cde7636cd6: 27 internal nodes; 1.2 s; peak memory 255 MiB.
2026-09-22T13:17:11Z INFO [419/500] 0d3abf51-c7df-427d-b8b3-3e8e1a465e7a: 17 internal nodes; 1.0 s; peak memory 255 MiB.
2026-09-22T13:17:14Z INFO [420/500] 0d3b588a-37a6-4b82-8a9a-d227e8fc8264: 46 internal nodes; 3.2 s; peak memory 255 MiB.
2026-09-22T13:17:16Z INFO [421/500] 0d3b6884-8d93-42a3-8bf8-e953740ab40a: 30 internal nodes; 1.5 s; peak memory 255 MiB.
2026-09-22T13:17:17Z INFO [422/500] 0d3b694d-51a1-45de-b443-5468b325bfd6: 25 internal nodes; 0.8 s; peak memory 255 MiB.
2026-09-22T13:17:18Z INFO [423/500] 0d3bd2e0-0c99-43ea-9c92-8076cf651106: 17 internal nodes; 1.0 s; peak memory 255 MiB.
2026-09-22T13:17:19Z INFO [424/500] 0d3bf31f-1ffc-478e-9f85-414fb82b3099: 17 internal nodes; 1.0 s; peak memory 255 MiB.
2026-09-22T13:17:20Z INFO [425/500] 0d3bfd09-5025-40bd-9a68-4c19d5e2238d: 27 internal nodes; 1.5 s; peak memory 255 MiB.
2026-09-22T13:17:28Z INFO [426/500] 0d3cb2b9-5acc-4022-84e1-76de44e89bab: 201 internal nodes; 7.4 s; peak memory 255 MiB.
2026-09-22T13:17:35Z INFO [427/500] 0d3cd2fa-bc9d-4683-a422-484e6925a00a: 178 internal nodes; 7.2 s; peak memory 255 MiB.
2026-09-22T13:17:36Z INFO [428/500] 0d3cf2bf-4a7a-4aba-bfec-b56a3abccb08: 31 internal nodes; 1.5 s; peak memory 255 MiB.
2026-09-22T13:17:37Z INFO [429/500] 0d3d0b21-cf46-4ce6-8482-4125da5a32be: 17 internal nodes; 1.1 s; peak memory 255 MiB.
2026-09-22T13:17:41Z INFO [430/500] 0d3d6ea2-5d67-43cc-98c0-c7a8b8ba8fab: 34 internal nodes; 3.1 s; peak memory 255 MiB.
2026-09-22T13:17:42Z INFO [431/500] 0d3e5b27-26e2-46c3-bed6-947dc3cc5d58: 27 internal nodes; 1.3 s; peak memory 255 MiB.
2026-09-22T13:17:44Z INFO [432/500] 0d3e7993-ae4d-49f4-9f05-d72dd2fcc6aa: 28 internal nodes; 1.8 s; peak memory 255 MiB.
2026-09-22T13:17:45Z INFO [433/500] 0d3ec053-bfe8-4fb7-a848-86bd79c00e07: 27 internal nodes; 1.3 s; peak memory 255 MiB.
2026-09-22T13:17:47Z INFO [434/500] 0d3f3dd9-49c7-472b-b9e8-851e50465d7a: 31 internal nodes; 1.8 s; peak memory 255 MiB.
2026-09-22T13:17:48Z INFO [435/500] 0d3feade-020d-406f-933e-58331014baaf: 27 internal nodes; 0.8 s; peak memory 255 MiB.
2026-09-22T13:17:49Z INFO [436/500] 0d3ff12c-3460-42b1-83c8-f8379f012899: 13 internal nodes; 1.1 s; peak memory 255 MiB.
2026-09-22T13:18:03Z INFO [437/500] 0d40a8c1-2f8f-495c-83f6-fb752dce11ba: 2033 internal nodes; 14.0 s; peak memory 282 MiB.
2026-09-22T13:18:04Z INFO [438/500] 0d412b08-e2f4-40bc-8895-47a28f651f0d: 13 internal nodes; 1.1 s; peak memory 282 MiB.
2026-09-22T13:18:05Z INFO [439/500] 0d413e18-1851-42f4-bfdb-f5df0c361788: 11 internal nodes; 0.8 s; peak memory 282 MiB.
2026-09-22T13:18:06Z INFO [440/500] 0d41c93d-597e-4e8a-afea-2d7fb920a21b: 27 internal nodes; 1.2 s; peak memory 282 MiB.
2026-09-22T13:18:07Z INFO [441/500] 0d41d21b-8dff-40aa-9164-3ac31364ddba: 17 internal nodes; 0.9 s; peak memory 282 MiB.
2026-09-22T13:18:09Z INFO [442/500] 0d42ae14-3260-4575-ba81-a2a14ce9bd72: 65 internal nodes; 2.1 s; peak memory 282 MiB.
2026-09-22T13:18:11Z INFO [443/500] 0d42dd2b-ae4e-45d9-81ca-ba87087b6eb0: 31 internal nodes; 2.1 s; peak memory 282 MiB.
2026-09-22T13:18:12Z INFO [444/500] 0d43981b-5585-47fe-b5b4-d89130ae7885: 27 internal nodes; 1.3 s; peak memory 282 MiB.
2026-09-22T13:18:13Z INFO [445/500] 0d43c1aa-11fc-4a3c-8529-fc4f38088346: 13 internal nodes; 1.0 s; peak memory 282 MiB.
2026-09-22T13:18:14Z INFO [446/500] 0d43ca14-f581-45ae-a72b-be08cc3f5430: 17 internal nodes; 1.0 s; peak memory 282 MiB.
2026-09-22T13:18:16Z INFO [447/500] 0d43d854-e826-4ef5-855e-b9f8219a5b99: 59 internal nodes; 1.8 s; peak memory 282 MiB.
2026-09-22T13:18:18Z INFO [448/500] 0d43e0fe-a725-426e-8913-d87458a09d9e: 31 internal nodes; 1.8 s; peak memory 282 MiB.
2026-09-22T13:18:19Z INFO [449/500] 0d4409a7-19f5-46f2-bcb8-909ef27ef8b9: 17 internal nodes; 1.0 s; peak memory 282 MiB.
2026-09-22T13:18:21Z INFO [450/500] 0d4419b9-1003-4033-89c3-031388e19bc7: 31 internal nodes; 1.9 s; peak memory 282 MiB.
2026-09-22T13:18:21Z INFO [450/500] 0d4419b9-1003-4033-89c3-031388e19bc7: checkpointed 52445 records.
2026-09-22T13:18:22Z INFO [451/500] 0d44b44a-5fe5-456d-ae1a-567e7511512d: 27 internal nodes; 1.3 s; peak memory 282 MiB.
2026-09-22T13:18:23Z INFO [452/500] 0d44e726-1757-44d1-a7e9-2eb8a01ee7de: 17 internal nodes; 1.0 s; peak memory 282 MiB.
2026-09-22T13:18:24Z INFO [453/500] 0d454685-1a90-4064-9689-e2e09a9b2f2a: 17 internal nodes; 1.1 s; peak memory 282 MiB.
2026-09-22T13:18:26Z INFO [454/500] 0d45a360-35e3-4209-afc4-490af62c5bab: 30 internal nodes; 1.4 s; peak memory 282 MiB.
2026-09-22T13:18:27Z INFO [455/500] 0d464b01-a147-4714-a312-3ed6e7d102a5: 27 internal nodes; 1.4 s; peak memory 282 MiB.
2026-09-22T13:18:28Z INFO [456/500] 0d466f54-092b-455a-bf41-ea9c74f649ab: 13 internal nodes; 0.9 s; peak memory 282 MiB.
2026-09-22T13:18:29Z INFO [457/500] 0d46ba64-2b35-4ac6-975e-9500b5bfd28f: 19 internal nodes; 1.1 s; peak memory 282 MiB.
2026-09-22T13:18:33Z INFO [458/500] 0d46d308-59ad-4a9d-986e-75e06d7fd0dc: 53 internal nodes; 4.2 s; peak memory 282 MiB.
2026-09-22T13:18:34Z INFO [459/500] 0d471d06-8131-40cc-a66b-a46ca0ca8adc: 17 internal nodes; 1.0 s; peak memory 282 MiB.
2026-09-22T13:18:56Z INFO [460/500] 0d47b0cc-c48c-4003-b56b-78024806cad3: 112 internal nodes; 21.4 s; peak memory 282 MiB.
2026-09-22T13:18:57Z INFO [461/500] 0d4a7416-6707-46bb-aa87-4743140373ca: 17 internal nodes; 1.1 s; peak memory 282 MiB.
2026-09-22T13:18:58Z INFO [462/500] 0d4c22fb-a872-446f-83e6-bbb11fc5d775: 34 internal nodes; 1.1 s; peak memory 282 MiB.
2026-09-22T13:19:01Z INFO [463/500] 0d4c4857-782d-4a50-8e6a-a3e32343116f: 46 internal nodes; 3.3 s; peak memory 282 MiB.
2026-09-22T13:19:02Z INFO [464/500] 0d4d7f10-9b8e-4d76-9b5f-aeeeead2b515: 13 internal nodes; 0.7 s; peak memory 282 MiB.
2026-09-22T13:19:08Z INFO [465/500] 0d4dbf5d-1a7f-4c44-bf02-bd87080a9769: 122 internal nodes; 5.6 s; peak memory 282 MiB.
2026-09-22T13:19:10Z INFO [466/500] 0d4de07d-4204-4c02-b807-6efd612dc0c4: 72 internal nodes; 2.3 s; peak memory 282 MiB.
2026-09-22T13:19:11Z INFO [467/500] 0d4e36a7-7de0-4b3d-9b86-ad5f425db3bd: 26 internal nodes; 0.8 s; peak memory 282 MiB.
2026-09-22T13:19:12Z INFO [468/500] 0d4eedd7-9c1d-4f9a-9473-6e141a048107: 11 internal nodes; 0.7 s; peak memory 282 MiB.
2026-09-22T13:19:13Z INFO [469/500] 0d4efb74-4913-41fa-b888-ad771ca92886: 22 internal nodes; 1.3 s; peak memory 282 MiB.
2026-09-22T13:19:17Z INFO [470/500] 0d4f79fe-23e9-4e4a-96f8-0a26b96d6663: 55 internal nodes; 4.4 s; peak memory 282 MiB.
2026-09-22T13:19:19Z INFO [471/500] 0d4ffccb-2ff3-44c4-8d4b-13ce78b3a30f: 29 internal nodes; 1.3 s; peak memory 282 MiB.
2026-09-22T13:19:20Z INFO [472/500] 0d5047bb-e400-4731-9f48-ea7d884fa1dc: 27 internal nodes; 1.3 s; peak memory 282 MiB.
2026-09-22T13:19:22Z INFO [473/500] 0d507847-fc43-4ad3-a749-e7d25798caf2: 29 internal nodes; 2.2 s; peak memory 282 MiB.
2026-09-22T13:19:23Z INFO [474/500] 0d52835e-ac9e-401f-acd9-9bd480ab8bf5: 18 internal nodes; 1.1 s; peak memory 282 MiB.
2026-09-22T13:19:24Z INFO [475/500] 0d52a312-73a4-44e1-b026-d401b2e71d67: 23 internal nodes; 1.1 s; peak memory 282 MiB.
2026-09-22T13:19:26Z INFO [476/500] 0d52b65a-b992-4e25-add8-917196367945: 17 internal nodes; 1.2 s; peak memory 282 MiB.
2026-09-22T13:19:34Z INFO [477/500] 0d53bd68-c5a3-4c38-8125-59d2e1c5d94e: 184 internal nodes; 8.2 s; peak memory 282 MiB.
2026-09-22T13:19:35Z INFO [478/500] 0d53e95c-bc20-4c54-894d-5695f80ce484: 21 internal nodes; 1.3 s; peak memory 282 MiB.
2026-09-22T13:19:36Z INFO [479/500] 0d5422e8-c673-46fd-ad26-3c6d55c3f5e9: 11 internal nodes; 0.8 s; peak memory 282 MiB.
2026-09-22T13:19:37Z INFO [480/500] 0d5430f7-94e6-43eb-a837-3386dbc04a07: 17 internal nodes; 1.0 s; peak memory 282 MiB.
2026-09-22T13:19:38Z INFO [481/500] 0d548c7e-c0fe-4ba4-98eb-6fa8e1a3d065: 13 internal nodes; 1.1 s; peak memory 282 MiB.
2026-09-22T13:19:39Z INFO [482/500] 0d55c60e-2435-4312-9352-c7cc8f5e8fed: 27 internal nodes; 1.3 s; peak memory 282 MiB.
2026-09-22T13:19:41Z INFO [483/500] 0d55eea9-0994-425a-87db-139f58cd2dfd: 31 internal nodes; 1.4 s; peak memory 282 MiB.
2026-09-22T13:19:42Z INFO [484/500] 0d560d51-3058-4f65-874b-d12ee1f10678: 30 internal nodes; 1.3 s; peak memory 282 MiB.
2026-09-22T13:19:44Z INFO [485/500] 0d564c13-a784-4aec-b70c-fb41d6d52283: 31 internal nodes; 1.6 s; peak memory 282 MiB.
2026-09-22T13:19:45Z INFO [486/500] 0d572355-f7a7-473f-8fbe-fec648d8fcd7: 19 internal nodes; 1.2 s; peak memory 282 MiB.
2026-09-22T13:19:46Z INFO [487/500] 0d57d173-410c-495e-8084-9cbe6597cf88: 27 internal nodes; 1.5 s; peak memory 282 MiB.
2026-09-22T13:19:48Z INFO [488/500] 0d57d932-6227-4fce-bb64-cea9456c46c0: 29 internal nodes; 1.5 s; peak memory 282 MiB.
2026-09-22T13:19:49Z INFO [489/500] 0d585caf-115d-4040-b7b6-13c17298a500: 27 internal nodes; 1.4 s; peak memory 282 MiB.
2026-09-22T13:19:55Z INFO [490/500] 0d589e8f-e892-4518-a047-5ca3bded97f1: 73 internal nodes; 5.5 s; peak memory 282 MiB.
2026-09-22T13:19:56Z INFO [491/500] 0d58acdf-1311-49a5-8239-01ec810b1151: 54 internal nodes; 1.5 s; peak memory 282 MiB.
2026-09-22T13:19:58Z INFO [492/500] 0d58bbec-a0fc-4194-aa60-7671065149ef: 27 internal nodes; 1.5 s; peak memory 282 MiB.
2026-09-22T13:19:59Z INFO [493/500] 0d58df65-174d-45ce-a45a-6da9ce1090f4: 27 internal nodes; 1.0 s; peak memory 282 MiB.
2026-09-22T13:20:04Z INFO [494/500] 0d591c25-6e26-4c51-a4cb-8ff9016c4fdd: 73 internal nodes; 5.2 s; peak memory 282 MiB.
2026-09-22T13:20:05Z INFO [495/500] 0d5a46de-4a6c-4062-9e68-7459cc17dec8: 26 internal nodes; 0.8 s; peak memory 282 MiB.
2026-09-22T13:20:06Z INFO [496/500] 0d5a6fd5-41da-4d56-818b-500405a6286f: 27 internal nodes; 1.4 s; peak memory 282 MiB.
2026-09-22T13:20:08Z INFO [497/500] 0d5b5f94-4798-47d4-9a9a-a1673cc52534: 27 internal nodes; 1.5 s; peak memory 282 MiB.
2026-09-22T13:20:09Z INFO [498/500] 0d5b8b02-a222-4563-93b5-16fc419e1349: 17 internal nodes; 1.0 s; peak memory 282 MiB.
2026-09-22T13:20:10Z INFO [499/500] 0d5c250b-6815-45e3-a595-0b07299d2eb7: 12 internal nodes; 1.0 s; peak memory 282 MiB.
2026-09-22T13:20:11Z INFO [500/500] 0d5d1cb1-2224-4607-b466-2d0c1fb21c21: 11 internal nodes; 0.9 s; peak memory 282 MiB.
2026-09-22T13:20:11Z INFO [500/500] 0d5d1cb1-2224-4607-b466-2d0c1fb21c21: checkpointed 52495 records.
2026-09-22T13:20:11Z INFO Wrote 52495 records to /tmp/derivatives/valid_nwb_file_to_out_degrees.jsonl (498 new, 2 failed) in 20.3 min (peak memory 282 MiB).
