2026-09-25T22:59:58Z INFO Logging to /tmp/logs/update_2026-09-25T22-59-58Z.log.
2026-09-25T22:59:58Z INFO Update valid-nwb-file-to-out-degrees (base directory /tmp).
2026-09-25T22:59:58Z INFO Processing 500 items (55469 already recorded).
2026-09-25T22:59:59Z WARNING 024ef50f-ac6f-49ea-806b-93ef4b5e8644: failed while reading the NWB file (KeyError: 'Unable to synchronously open object (component not found)')
2026-09-25T22:59:59Z WARNING [1/500] 024ef50f-ac6f-49ea-806b-93ef4b5e8644: leaving unrecorded for a later run to retry.
2026-09-25T23:00:00Z WARNING 09073220-fbea-45d2-9a39-2cc61fcdc2a1: failed while reading the NWB file (KeyError: 'Unable to synchronously open object (component not found)')
2026-09-25T23:00:00Z WARNING [2/500] 09073220-fbea-45d2-9a39-2cc61fcdc2a1: leaving unrecorded for a later run to retry.
2026-09-25T23:00:02Z WARNING 0dec427d-4db4-44c3-988a-c37959ceaff3: failed while reading the NWB file (KeyError: 'Unable to synchronously open object (component not found)')
2026-09-25T23:00:02Z WARNING [3/500] 0dec427d-4db4-44c3-988a-c37959ceaff3: leaving unrecorded for a later run to retry.
2026-09-25T23:00:03Z WARNING 0f7396ad-67ec-468a-b6a6-5599cb507f54: failed while reading the NWB file (KeyError: 'Unable to synchronously open object (component not found)')
2026-09-25T23:00:03Z WARNING [4/500] 0f7396ad-67ec-468a-b6a6-5599cb507f54: leaving unrecorded for a later run to retry.
2026-09-25T23:00:04Z WARNING 1066b3ba-83d9-4cb3-bfe3-ecf8539e2334: failed while reading the NWB file (KeyError: 'Unable to synchronously open object (component not found)')
2026-09-25T23:00:04Z WARNING [5/500] 1066b3ba-83d9-4cb3-bfe3-ecf8539e2334: leaving unrecorded for a later run to retry.
2026-09-25T23:00:05Z INFO [6/500] 13764f63-7a51-4b35-aa4a-1f2cc99c68d0: 26 internal nodes; 0.7 s; peak memory 118 MiB.
2026-09-25T23:00:06Z INFO [7/500] 13768881-e3d7-4fa8-9b61-e2e1e34d4892: 26 internal nodes; 1.0 s; peak memory 118 MiB.
2026-09-25T23:00:09Z INFO [8/500] 1376a8ea-10f9-4283-8b19-63b7af725eca: 56 internal nodes; 3.1 s; peak memory 118 MiB.
2026-09-25T23:00:10Z INFO [9/500] 1376bfa4-f374-47dc-b758-7d759e6c97c0: 18 internal nodes; 1.3 s; peak memory 118 MiB.
2026-09-25T23:00:12Z INFO [10/500] 137710a2-1791-42a4-b537-e22f1c353da2: 31 internal nodes; 1.1 s; peak memory 119 MiB.
2026-09-25T23:00:12Z INFO [11/500] 1378681e-8d08-41a7-a1b4-003625740360: 17 internal nodes; 0.9 s; peak memory 119 MiB.
2026-09-25T23:00:13Z INFO [12/500] 13786c50-43d2-4cd6-9543-d8d02d08ff5a: 13 internal nodes; 0.8 s; peak memory 119 MiB.
2026-09-25T23:00:14Z INFO [13/500] 13787bab-b860-4634-96c3-1d0f534cd174: 17 internal nodes; 0.9 s; peak memory 119 MiB.
2026-09-25T23:00:15Z INFO [14/500] 1379a9ae-e904-4ca2-9cca-82de578e1052: 17 internal nodes; 0.9 s; peak memory 119 MiB.
2026-09-25T23:00:17Z INFO [15/500] 137bec33-8869-4065-89ec-36a0c3fd7ff7: 47 internal nodes; 2.2 s; peak memory 120 MiB.
2026-09-25T23:00:18Z INFO [16/500] 137d29ab-0bb8-40ce-a903-c291d8c74d9e: 17 internal nodes; 0.9 s; peak memory 120 MiB.
2026-09-25T23:00:19Z INFO [17/500] 137dd132-f0c2-4655-93d0-b3ba16d9fa50: 31 internal nodes; 1.0 s; peak memory 120 MiB.
2026-09-25T23:00:20Z INFO [18/500] 137f3798-9a85-48bf-a762-cc74d5c3e187: 27 internal nodes; 1.2 s; peak memory 120 MiB.
2026-09-25T23:00:21Z INFO [19/500] 137f8bd2-2bdb-40a7-bf8d-c3b3d3af20fc: 13 internal nodes; 0.9 s; peak memory 120 MiB.
2026-09-25T23:00:22Z INFO [20/500] 137fba70-ab14-41c1-9046-3c596e1f420d: 19 internal nodes; 1.0 s; peak memory 120 MiB.
2026-09-25T23:00:23Z INFO [21/500] 1380935a-e673-428b-ad9e-110739a770e1: 17 internal nodes; 0.9 s; peak memory 120 MiB.
2026-09-25T23:00:24Z INFO [22/500] 1381a65f-762f-4099-be27-22fc02cbac5a: 41 internal nodes; 1.4 s; peak memory 120 MiB.
2026-09-25T23:00:25Z INFO [23/500] 1381ef92-aaaa-456c-be2c-1fbef5c17149: 17 internal nodes; 0.9 s; peak memory 120 MiB.
2026-09-25T23:00:26Z INFO [24/500] 13826ac5-3a57-4a23-b9ce-dc6f96b73b5b: 25 internal nodes; 1.2 s; peak memory 120 MiB.
2026-09-25T23:00:27Z INFO [25/500] 13836f84-de42-4d34-9390-1f8b709e9155: 17 internal nodes; 0.9 s; peak memory 120 MiB.
2026-09-25T23:00:37Z INFO [26/500] 1383d018-fd2e-46df-a1fb-05f0f10b5987: 215 internal nodes; 9.9 s; peak memory 139 MiB.
2026-09-25T23:00:40Z INFO [27/500] 1384916f-6c6f-4c91-9ffc-87d123eb27fd: 46 internal nodes; 2.8 s; peak memory 139 MiB.
2026-09-25T23:00:41Z INFO [28/500] 13849402-ca91-42b9-a4e7-fac3d3744b49: 11 internal nodes; 0.8 s; peak memory 139 MiB.
2026-09-25T23:00:42Z INFO [29/500] 1386767e-7b08-46a6-9f2f-3c1fdab7c724: 17 internal nodes; 0.9 s; peak memory 139 MiB.
2026-09-25T23:00:43Z INFO [30/500] 1387adc3-29fe-45f3-a5f6-e479bb51cc31: 115 internal nodes; 1.0 s; peak memory 139 MiB.
2026-09-25T23:00:48Z INFO [31/500] 138835ec-06d9-42b1-90ff-b6fb9d871dcf: 54 internal nodes; 5.3 s; peak memory 139 MiB.
2026-09-25T23:00:49Z INFO [32/500] 13897e72-1cad-4111-ad70-cd24266149cf: 17 internal nodes; 0.9 s; peak memory 139 MiB.
2026-09-25T23:00:50Z INFO [33/500] 138a0511-ca60-4883-9f81-128f0f66e6b9: 27 internal nodes; 1.1 s; peak memory 139 MiB.
2026-09-25T23:00:51Z INFO [34/500] 138bb282-550e-49db-8287-988ed7f12063: 17 internal nodes; 0.9 s; peak memory 139 MiB.
2026-09-25T23:00:52Z INFO [35/500] 138c1012-a87c-43ca-9cb7-682abe03cbd3: 17 internal nodes; 0.9 s; peak memory 139 MiB.
2026-09-25T23:00:53Z INFO [36/500] 138c4cd1-fa13-450d-ad10-1f11cb0d032f: 31 internal nodes; 1.2 s; peak memory 139 MiB.
2026-09-25T23:00:54Z INFO [37/500] 138c992d-aa90-4902-8a3b-d0d3d804addb: 13 internal nodes; 0.8 s; peak memory 139 MiB.
2026-09-25T23:01:04Z INFO [38/500] 138ccd44-45ad-4a65-a5fb-5d22374d28d8: 1513 internal nodes; 10.3 s; peak memory 190 MiB.
2026-09-25T23:01:05Z INFO [39/500] 138d9746-4108-490a-87d7-427f0a4f6482: 11 internal nodes; 0.7 s; peak memory 190 MiB.
2026-09-25T23:01:07Z INFO [40/500] 138e8d31-0c71-4193-8d4f-5b434595550d: 31 internal nodes; 2.0 s; peak memory 190 MiB.
2026-09-25T23:01:08Z INFO [41/500] 138eead7-ee04-46a8-a2b6-ef609525e082: 27 internal nodes; 0.9 s; peak memory 190 MiB.
2026-09-25T23:01:09Z INFO [42/500] 138eee0c-7dce-4d73-a767-dbeeed833b45: 31 internal nodes; 1.3 s; peak memory 190 MiB.
2026-09-25T23:01:10Z INFO [43/500] 138f92c5-1295-4206-ab63-57818290a7c5: 17 internal nodes; 0.9 s; peak memory 190 MiB.
2026-09-25T23:01:11Z INFO [44/500] 138fbe5e-ca96-4dc8-9a69-f6703970c626: 17 internal nodes; 0.9 s; peak memory 190 MiB.
2026-09-25T23:01:12Z INFO [45/500] 13913522-0247-4984-b600-a4f44b1db01a: 27 internal nodes; 1.2 s; peak memory 190 MiB.
2026-09-25T23:01:17Z INFO [46/500] 139160a5-0c9c-450f-9291-6befc980445d: 68 internal nodes; 4.6 s; peak memory 190 MiB.
2026-09-25T23:01:23Z INFO [47/500] 1391bc01-1026-4af2-9f75-56eaceb42cd4: 177 internal nodes; 6.4 s; peak memory 190 MiB.
2026-09-25T23:01:25Z INFO [48/500] 13921a4c-f322-4346-a09f-1a197740e8fd: 31 internal nodes; 1.6 s; peak memory 190 MiB.
2026-09-25T23:01:31Z INFO [49/500] 13924934-96d0-45c8-8506-93462fddd916: 1406 internal nodes; 6.8 s; peak memory 190 MiB.
2026-09-25T23:01:32Z INFO [50/500] 1392585c-6a55-4ff7-a916-3cd89679a142: 21 internal nodes; 1.0 s; peak memory 190 MiB.
2026-09-25T23:01:33Z INFO [50/500] 1392585c-6a55-4ff7-a916-3cd89679a142: checkpointed 55514 records.
2026-09-25T23:01:33Z INFO [51/500] 1392afff-68e4-4ebe-bb83-56d2914a34b4: 11 internal nodes; 0.7 s; peak memory 190 MiB.
2026-09-25T23:01:34Z INFO [52/500] 1392cdbd-a4f7-4add-a7b0-fb150cc0b713: 19 internal nodes; 0.8 s; peak memory 190 MiB.
2026-09-25T23:01:36Z INFO [53/500] 1393cec1-7e9c-4053-9896-326bfc8c3c98: 29 internal nodes; 1.3 s; peak memory 190 MiB.
2026-09-25T23:01:39Z INFO [54/500] 1393ee7f-6004-485a-b7e4-0338354c492a: 101 internal nodes; 3.3 s; peak memory 190 MiB.
2026-09-25T23:01:40Z INFO [55/500] 1393f3b7-2f6b-4191-926f-58d8a5511a30: 36 internal nodes; 1.4 s; peak memory 190 MiB.
2026-09-25T23:01:43Z INFO [56/500] 13941732-6226-4349-82a1-1c5006894eb8: 46 internal nodes; 3.1 s; peak memory 190 MiB.
2026-09-25T23:01:44Z INFO [57/500] 13944c30-13f8-4a34-88ba-2bb1bde6690b: 115 internal nodes; 1.1 s; peak memory 190 MiB.
2026-09-25T23:01:46Z INFO [58/500] 139588ac-063e-458b-843d-838d7cbd909c: 29 internal nodes; 1.3 s; peak memory 190 MiB.
2026-09-25T23:01:47Z INFO [59/500] 1395d302-3e94-4a35-960e-b1793586b9e3: 19 internal nodes; 1.0 s; peak memory 190 MiB.
2026-09-25T23:01:59Z INFO [60/500] 139607a1-a253-41c0-ba6f-1874a187baf5: 276 internal nodes; 12.4 s; peak memory 190 MiB.
2026-09-25T23:02:01Z INFO [61/500] 13963262-82ea-4510-ae5c-70c6e41932a9: 23 internal nodes; 1.6 s; peak memory 190 MiB.
2026-09-25T23:02:02Z INFO [62/500] 1396c4a7-fdf3-4a6d-a354-20a8a33385d4: 95 internal nodes; 1.2 s; peak memory 190 MiB.
2026-09-25T23:02:03Z INFO [63/500] 1397711f-0fd0-4059-ae02-92c31fed6ec3: 27 internal nodes; 1.1 s; peak memory 190 MiB.
2026-09-25T23:02:05Z INFO [64/500] 1397990f-bdb7-4264-82cd-4c22bb7b6d83: 44 internal nodes; 2.4 s; peak memory 190 MiB.
2026-09-25T23:02:06Z INFO [65/500] 1397fbb9-5a68-4b5f-8765-844d74869100: 11 internal nodes; 0.6 s; peak memory 190 MiB.
2026-09-25T23:02:07Z INFO [66/500] 139829e7-c4f2-4f77-95a2-660c252f881a: 17 internal nodes; 0.9 s; peak memory 190 MiB.
2026-09-25T23:02:15Z INFO [67/500] 1398c3bc-d106-4a02-a76e-6f67aaf5e7cc: 255 internal nodes; 8.5 s; peak memory 190 MiB.
2026-09-25T23:02:17Z INFO [68/500] 13997214-00f0-4d19-b13d-b81699d6e0ef: 30 internal nodes; 1.4 s; peak memory 190 MiB.
2026-09-25T23:02:18Z INFO [69/500] 139a0762-4629-482a-b92c-c33e639285a5: 27 internal nodes; 1.0 s; peak memory 190 MiB.
2026-09-25T23:02:18Z INFO [70/500] 139a7d40-f3fc-4f2f-968f-bc7e678fe29c: 11 internal nodes; 0.6 s; peak memory 190 MiB.
2026-09-25T23:02:19Z INFO [71/500] 139ab1e7-1837-4f0e-b382-0fdfd3ae1548: 17 internal nodes; 0.8 s; peak memory 190 MiB.
2026-09-25T23:02:21Z INFO [72/500] 139bb4eb-cba7-49f9-a770-d944d6bca0b3: 72 internal nodes; 1.9 s; peak memory 190 MiB.
2026-09-25T23:02:23Z INFO [73/500] 139bc754-b6b2-420d-acb5-dfb276df93c4: 95 internal nodes; 1.7 s; peak memory 190 MiB.
2026-09-25T23:02:23Z INFO [74/500] 139c51f4-9e7f-4a44-886b-391dd797e49e: 13 internal nodes; 0.7 s; peak memory 190 MiB.
2026-09-25T23:02:24Z INFO [75/500] 139d9d5f-c6e9-4564-b261-037fbe48e0b7: 34 internal nodes; 0.9 s; peak memory 190 MiB.
2026-09-25T23:02:28Z INFO [76/500] 139dfba3-3d01-489a-b1e6-e4f4eb541e66: 47 internal nodes; 3.4 s; peak memory 190 MiB.
2026-09-25T23:02:29Z INFO [77/500] 139e1840-34ec-4e50-bc28-cb0ffd84c1bb: 27 internal nodes; 1.1 s; peak memory 190 MiB.
2026-09-25T23:02:37Z INFO [78/500] 139f29a8-6673-4928-ba0a-b54f8d3a8030: 163 internal nodes; 7.8 s; peak memory 190 MiB.
2026-09-25T23:02:38Z INFO [79/500] 139f29be-c769-4181-ac73-39fcfe4988ab: 31 internal nodes; 1.8 s; peak memory 190 MiB.
2026-09-25T23:02:40Z INFO [80/500] 139f7679-1f33-4d7f-96d0-ea928d7ff118: 31 internal nodes; 1.2 s; peak memory 190 MiB.
2026-09-25T23:02:41Z INFO [81/500] 139f7f40-7a34-4941-aea6-8cf601bb662f: 17 internal nodes; 1.0 s; peak memory 190 MiB.
2026-09-25T23:02:52Z INFO [82/500] 139fcaae-44b0-4960-9f9b-21beb3058d24: 318 internal nodes; 11.6 s; peak memory 190 MiB.
2026-09-25T23:02:53Z INFO [83/500] 13a07149-86aa-42e1-8632-2eabd7e36d56: 18 internal nodes; 0.8 s; peak memory 190 MiB.
2026-09-25T23:02:55Z INFO [84/500] 13a093cf-3bca-4603-a632-417c95a9371e: 44 internal nodes; 2.0 s; peak memory 190 MiB.
2026-09-25T23:02:56Z INFO [85/500] 13a095bf-5a30-4332-8677-d8d6d3eb6a30: 63 internal nodes; 1.2 s; peak memory 190 MiB.
2026-09-25T23:02:58Z INFO [86/500] 13a10b7b-dc60-4c79-a9e1-ffb8678a55a4: 31 internal nodes; 1.4 s; peak memory 190 MiB.
2026-09-25T23:03:01Z INFO [87/500] 13a11468-0c23-41d3-9120-c9ab994a65c7: 257 internal nodes; 3.7 s; peak memory 190 MiB.
2026-09-25T23:03:02Z INFO [88/500] 13a2dbfc-0db7-4d7e-90f1-2225be15ca18: 18 internal nodes; 0.8 s; peak memory 190 MiB.
2026-09-25T23:03:04Z INFO [89/500] 13a347b1-e988-4d16-aec1-006ce9c250b7: 25 internal nodes; 1.4 s; peak memory 190 MiB.
2026-09-25T23:03:12Z INFO [90/500] 13a609f5-9daf-48a9-8d6a-88429126e705: 210 internal nodes; 8.5 s; peak memory 190 MiB.
2026-09-25T23:03:13Z INFO [91/500] 13a6142f-db7a-42b4-a8d0-59534c585b4a: 22 internal nodes; 0.7 s; peak memory 190 MiB.
2026-09-25T23:03:17Z INFO [92/500] 13a6b021-9593-405f-9d3e-8e19adfd8950: 41 internal nodes; 3.8 s; peak memory 190 MiB.
2026-09-25T23:03:22Z INFO [93/500] 13a6b391-851a-4974-a64b-0c2bbd65e56f: 301 internal nodes; 5.9 s; peak memory 192 MiB.
2026-09-25T23:03:26Z INFO [94/500] 13a6f1b7-dd57-4255-9a64-5f9b3a0e80c7: 53 internal nodes; 3.5 s; peak memory 192 MiB.
2026-09-25T23:03:27Z INFO [95/500] 13a75225-e6ab-4af7-a8b8-32e5178f486c: 27 internal nodes; 1.1 s; peak memory 192 MiB.
2026-09-25T23:03:28Z INFO [96/500] 13a81fd0-433a-4154-8aaf-fecb82010df2: 27 internal nodes; 0.7 s; peak memory 192 MiB.
2026-09-25T23:03:29Z INFO [97/500] 13aa2e36-fe5a-44c7-9cd8-18fdc1d3bbfe: 17 internal nodes; 0.8 s; peak memory 192 MiB.
2026-09-25T23:03:30Z INFO [98/500] 13aa564f-6ac5-4bbb-9e55-4f2b796dfce6: 13 internal nodes; 1.0 s; peak memory 192 MiB.
2026-09-25T23:03:31Z INFO [99/500] 13aa97cf-8ca7-4618-8fa9-87cd85bd3a9f: 27 internal nodes; 1.2 s; peak memory 192 MiB.
2026-09-25T23:03:32Z INFO [100/500] 13aafae7-bd02-4510-b8db-b7a8cca2e04a: 29 internal nodes; 1.0 s; peak memory 192 MiB.
2026-09-25T23:03:32Z INFO [100/500] 13aafae7-bd02-4510-b8db-b7a8cca2e04a: checkpointed 55564 records.
2026-09-25T23:03:38Z INFO [101/500] 13ac9343-a4b4-43b4-be2b-463691bc3e72: 41 internal nodes; 5.9 s; peak memory 192 MiB.
2026-09-25T23:03:39Z INFO [102/500] 13ad97c3-dc95-4359-a14c-f37ac581d44b: 119 internal nodes; 1.2 s; peak memory 192 MiB.
2026-09-25T23:03:40Z INFO [103/500] 13af78ed-5aec-49ba-8198-18fc74b8795f: 23 internal nodes; 1.1 s; peak memory 192 MiB.
2026-09-25T23:03:41Z INFO [104/500] 13b290c7-737d-47d2-81ee-4300b1aaddd4: 17 internal nodes; 1.0 s; peak memory 192 MiB.
2026-09-25T23:03:43Z INFO [105/500] 13b36e32-9208-4f3b-8018-678d0ce3c3cc: 34 internal nodes; 2.1 s; peak memory 192 MiB.
2026-09-25T23:03:44Z INFO [106/500] 13b44843-8007-469a-bb4f-dbce0f832667: 17 internal nodes; 0.9 s; peak memory 192 MiB.
2026-09-25T23:03:45Z INFO [107/500] 13b4672c-cec1-43df-a11c-039cdfcc42f5: 29 internal nodes; 1.3 s; peak memory 192 MiB.
2026-09-25T23:03:55Z INFO [108/500] 13b53b9e-3d8b-42b9-bf08-9ef2d66ce73c: 191 internal nodes; 9.2 s; peak memory 192 MiB.
2026-09-25T23:03:55Z INFO [109/500] 13b55513-26ee-4d69-9189-cf3707cd5be9: 11 internal nodes; 0.6 s; peak memory 192 MiB.
2026-09-25T23:04:02Z INFO [110/500] 13b5ace3-0725-4561-be35-4245c3ab08da: 225 internal nodes; 6.7 s; peak memory 192 MiB.
2026-09-25T23:04:03Z INFO [111/500] 13b5d3ef-deb1-4a03-b5ed-f30787183efe: 31 internal nodes; 1.4 s; peak memory 192 MiB.
2026-09-25T23:04:04Z INFO [112/500] 13b5f550-1516-41c1-8d6a-58f951d22afd: 17 internal nodes; 0.9 s; peak memory 192 MiB.
2026-09-25T23:04:05Z INFO [113/500] 13b6563e-2153-4f1b-a2e7-77691fcb0cc3: 17 internal nodes; 1.0 s; peak memory 192 MiB.
2026-09-25T23:04:06Z INFO [114/500] 13b71494-59fe-407c-bf84-08507401c470: 17 internal nodes; 0.9 s; peak memory 192 MiB.
2026-09-25T23:04:08Z INFO [115/500] 13b88269-6e1c-48ba-836b-2cac33c9f527: 27 internal nodes; 2.2 s; peak memory 192 MiB.
2026-09-25T23:04:09Z INFO [116/500] 13b88427-0091-43e5-ad36-58bedb5daed3: 17 internal nodes; 0.8 s; peak memory 192 MiB.
2026-09-25T23:04:11Z INFO [117/500] 13b91ec4-4b59-41b3-ae87-18890d885fd7: 65 internal nodes; 1.7 s; peak memory 192 MiB.
2026-09-25T23:04:12Z INFO [118/500] 13b92f5e-55e1-488a-ad23-860d9517273c: 18 internal nodes; 0.8 s; peak memory 192 MiB.
2026-09-25T23:04:18Z INFO [119/500] 13ba5c49-265d-4d38-80da-8464450528b4: 138 internal nodes; 6.1 s; peak memory 192 MiB.
2026-09-25T23:04:24Z INFO [120/500] 13bb01d6-7128-438e-86e3-9bb1b1a1234e: 177 internal nodes; 6.5 s; peak memory 192 MiB.
2026-09-25T23:04:29Z INFO [121/500] 13bb0b6b-31b7-4750-ba8e-ec960d7a28ca: 134 internal nodes; 5.2 s; peak memory 192 MiB.
2026-09-25T23:04:30Z INFO [122/500] 13bb1dfe-910a-4f1e-a3c6-ba4b0eea7213: 17 internal nodes; 1.0 s; peak memory 192 MiB.
2026-09-25T23:04:32Z INFO [123/500] 13bb471f-30bd-405c-b5c2-d9013c47fcf5: 27 internal nodes; 1.2 s; peak memory 192 MiB.
2026-09-25T23:04:33Z INFO [124/500] 13bbe32b-3fda-4dc3-b065-a9eba6f5924d: 17 internal nodes; 1.0 s; peak memory 192 MiB.
2026-09-25T23:04:35Z INFO [125/500] 13bbfe74-9c38-45f8-bec0-6c81e19a4f25: 34 internal nodes; 2.0 s; peak memory 192 MiB.
2026-09-25T23:04:35Z INFO [126/500] 13be2e8f-9655-40ce-9b6c-76850f3a7e46: 11 internal nodes; 0.5 s; peak memory 192 MiB.
2026-09-25T23:04:36Z INFO [127/500] 13be873e-1674-4cb8-8e75-80791eb7bdaf: 11 internal nodes; 0.6 s; peak memory 192 MiB.
2026-09-25T23:04:41Z INFO [128/500] 13be9de5-1ddd-41ae-a24e-4b09a6bcbfa9: 54 internal nodes; 5.1 s; peak memory 192 MiB.
2026-09-25T23:04:42Z INFO [129/500] 13bef94d-8281-45e9-9dc6-b5fcfeb45f7a: 17 internal nodes; 0.9 s; peak memory 192 MiB.
2026-09-25T23:04:43Z INFO [130/500] 13bf5f26-f1b1-4eff-9326-b2057bb0e1ac: 69 internal nodes; 1.6 s; peak memory 192 MiB.
2026-09-25T23:04:52Z INFO [131/500] 13bf77c2-a16d-4dd1-8e8c-0809510a2db5: 284 internal nodes; 8.7 s; peak memory 192 MiB.
2026-09-25T23:04:53Z INFO [132/500] 13bff222-74f5-4c59-a7a0-1a5a8f724c1e: 29 internal nodes; 1.1 s; peak memory 192 MiB.
2026-09-25T23:04:54Z INFO [133/500] 13c01040-c516-43cd-afb5-af3e9b7dcdaa: 11 internal nodes; 0.7 s; peak memory 192 MiB.
2026-09-25T23:05:00Z INFO [134/500] 13c11ae4-f93e-41d9-ae1b-71d1c7bb669d: 70 internal nodes; 5.7 s; peak memory 192 MiB.
2026-09-25T23:05:01Z INFO [135/500] 13c1ba4e-076d-4697-bce9-6bc178aed2cb: 27 internal nodes; 1.2 s; peak memory 192 MiB.
2026-09-25T23:05:02Z INFO [136/500] 13c1c13f-b539-46e5-bb13-0243cde2f996: 17 internal nodes; 0.9 s; peak memory 192 MiB.
2026-09-25T23:05:03Z INFO [137/500] 13c22e0b-cfe8-4e4d-b349-0ae98495df43: 27 internal nodes; 1.0 s; peak memory 192 MiB.
2026-09-25T23:05:04Z INFO [138/500] 13c29f0d-f4e2-40f8-9190-64722ab54132: 27 internal nodes; 1.3 s; peak memory 192 MiB.
2026-09-25T23:05:05Z INFO [139/500] 13c2a9a5-7e93-4d52-87e4-f54fbcba2944: 21 internal nodes; 0.9 s; peak memory 192 MiB.
2026-09-25T23:05:06Z INFO [140/500] 13c37fa1-401d-4e72-9f6a-907638c3a733: 17 internal nodes; 0.9 s; peak memory 192 MiB.
2026-09-25T23:05:07Z INFO [141/500] 13c45a56-5b7d-4e40-9b3c-785ecf43281c: 27 internal nodes; 1.0 s; peak memory 192 MiB.
2026-09-25T23:05:08Z INFO [142/500] 13c5dfa4-7df1-48c8-b140-6173b7703c09: 17 internal nodes; 0.9 s; peak memory 192 MiB.
2026-09-25T23:05:11Z INFO [143/500] 13c654d3-d857-4625-9364-cc5941f5d33c: 41 internal nodes; 3.4 s; peak memory 192 MiB.
2026-09-25T23:05:14Z INFO [144/500] 13c6df9e-7b29-40e2-a777-4dedfc3012b4: 46 internal nodes; 2.9 s; peak memory 192 MiB.
2026-09-25T23:05:15Z INFO [145/500] 13c753a6-8d85-4ac8-a0b7-cd677902f25f: 29 internal nodes; 1.1 s; peak memory 192 MiB.
2026-09-25T23:05:17Z INFO [146/500] 13c85544-3cfc-4cbd-bed7-9ca512ba58ef: 44 internal nodes; 2.0 s; peak memory 192 MiB.
2026-09-25T23:05:18Z INFO [147/500] 13c92ee5-7f3b-4ca2-bc1e-0817ca6259a8: 11 internal nodes; 0.7 s; peak memory 192 MiB.
2026-09-25T23:05:19Z INFO [148/500] 13c9d902-5648-4fd0-8d70-4b7cdd2eb669: 116 internal nodes; 1.1 s; peak memory 192 MiB.
2026-09-25T23:05:20Z INFO [149/500] 13ca0c83-1675-4e2e-9b48-7e40ac886f87: 17 internal nodes; 0.8 s; peak memory 192 MiB.
2026-09-25T23:05:21Z INFO [150/500] 13ca2bac-04be-4a6b-8987-eafe35dabf9c: 28 internal nodes; 1.2 s; peak memory 192 MiB.
2026-09-25T23:05:21Z INFO [150/500] 13ca2bac-04be-4a6b-8987-eafe35dabf9c: checkpointed 55614 records.
2026-09-25T23:05:22Z INFO [151/500] 13cb020d-cd1c-4743-aec8-12b8cd4cf642: 29 internal nodes; 1.3 s; peak memory 192 MiB.
2026-09-25T23:05:23Z INFO [152/500] 13cb119e-89f1-462a-afe1-9125561ba1eb: 19 internal nodes; 1.0 s; peak memory 192 MiB.
2026-09-25T23:05:24Z INFO [153/500] 13cb21d2-aef7-479b-8153-3dfee33b5323: 19 internal nodes; 1.0 s; peak memory 192 MiB.
2026-09-25T23:05:25Z INFO [154/500] 13cb3d6f-a7be-4e0f-8e7d-b8d264ec19e6: 17 internal nodes; 1.0 s; peak memory 192 MiB.
2026-09-25T23:05:30Z INFO [155/500] 13cbdfac-4fca-44ad-827e-78e24ec5dfd5: 153 internal nodes; 4.5 s; peak memory 192 MiB.
2026-09-25T23:05:31Z INFO [156/500] 13cc0454-defd-4163-bf77-690148f55baf: 115 internal nodes; 1.1 s; peak memory 192 MiB.
2026-09-25T23:05:41Z INFO [157/500] 13cc6b6d-b969-452a-8cd8-3e2d999122c5: 65 internal nodes; 9.5 s; peak memory 192 MiB.
2026-09-25T23:05:41Z INFO [158/500] 13cd5c0f-c3d6-40db-9bdd-ff75d53837dc: 13 internal nodes; 0.6 s; peak memory 192 MiB.
2026-09-25T23:05:43Z INFO [159/500] 13ce48ec-6449-4100-a61c-177b4ffc0da4: 30 internal nodes; 1.4 s; peak memory 192 MiB.
2026-09-25T23:05:44Z INFO [160/500] 13ce5af0-d2a6-4b13-94df-038cc950e743: 17 internal nodes; 0.9 s; peak memory 192 MiB.
2026-09-25T23:05:44Z INFO [161/500] 13cf410e-46cc-4b21-8037-d831e3638448: 11 internal nodes; 0.6 s; peak memory 192 MiB.
2026-09-25T23:05:45Z INFO [162/500] 13d23c61-e1ef-444c-9f7f-5020ff09d1a2: 29 internal nodes; 1.1 s; peak memory 192 MiB.
2026-09-25T23:05:47Z INFO [163/500] 13d24842-d4bd-4cce-845e-233d1af0d0a7: 60 internal nodes; 2.1 s; peak memory 192 MiB.
2026-09-25T23:05:49Z INFO [164/500] 13d338d3-cde2-4e59-b8c3-46cadff7c843: 31 internal nodes; 1.3 s; peak memory 192 MiB.
2026-09-25T23:05:50Z INFO [165/500] 13d40c81-7c17-4bf8-9537-a1042e4421ae: 27 internal nodes; 1.0 s; peak memory 192 MiB.
2026-09-25T23:05:51Z INFO [166/500] 13d4a25a-ad1e-4f4c-a7ea-55e2f7641ca1: 62 internal nodes; 1.4 s; peak memory 192 MiB.
2026-09-25T23:05:52Z INFO [167/500] 13d4f386-6300-4101-a7dd-68e51b575a67: 30 internal nodes; 1.2 s; peak memory 192 MiB.
2026-09-25T23:05:53Z INFO [168/500] 13d55cd9-3752-43f3-a42b-e8d3cd2417e7: 17 internal nodes; 1.0 s; peak memory 192 MiB.
2026-09-25T23:05:55Z INFO [169/500] 13d6cca9-4f07-485e-bb48-379e9ddcf8fa: 63 internal nodes; 1.3 s; peak memory 192 MiB.
2026-09-25T23:05:55Z INFO [170/500] 13d7013a-b11e-4c72-96a8-870e819ca932: 17 internal nodes; 0.9 s; peak memory 192 MiB.
2026-09-25T23:05:56Z INFO [171/500] 13d7cca4-8722-4db9-b8b6-91c9703c3b0b: 17 internal nodes; 0.9 s; peak memory 192 MiB.
2026-09-25T23:05:57Z INFO [172/500] 13d7df15-c395-42ba-a140-44f8efa1b56d: 24 internal nodes; 0.9 s; peak memory 192 MiB.
2026-09-25T23:05:59Z INFO [173/500] 13d812c7-6c56-4ee0-8db5-c386f81b3978: 38 internal nodes; 1.4 s; peak memory 192 MiB.
2026-09-25T23:06:00Z INFO [174/500] 13d844d0-fedb-46cb-a336-02b5420d81fe: 17 internal nodes; 1.0 s; peak memory 192 MiB.
2026-09-25T23:06:01Z INFO [175/500] 13d8b22a-1285-41ab-bfae-efa5fd19d3ce: 27 internal nodes; 1.0 s; peak memory 192 MiB.
2026-09-25T23:06:01Z INFO [176/500] 13d959ff-bf4c-499f-9717-e1e737717cbb: 13 internal nodes; 0.8 s; peak memory 192 MiB.
2026-09-25T23:06:03Z INFO [177/500] 13dad738-eb8c-4ff4-a66a-dfe0e47618d4: 22 internal nodes; 1.3 s; peak memory 192 MiB.
2026-09-25T23:06:04Z INFO [178/500] 13db4b73-882e-4fe4-a5d3-4724e0f00eb7: 27 internal nodes; 1.1 s; peak memory 192 MiB.
2026-09-25T23:06:05Z INFO [179/500] 13dc6815-1f9c-4d05-b79f-ed5f38bc0125: 59 internal nodes; 1.5 s; peak memory 192 MiB.
2026-09-25T23:06:06Z INFO [180/500] 13dc741e-3014-4fd3-82cc-fc0b713a5437: 19 internal nodes; 0.9 s; peak memory 192 MiB.
2026-09-25T23:06:08Z INFO [181/500] 13dcf0eb-cfa0-4aca-9b85-58b2e1630a81: 31 internal nodes; 1.4 s; peak memory 192 MiB.
2026-09-25T23:06:09Z INFO [182/500] 13dcfe10-d1d5-4542-840d-08d6f053d6be: 59 internal nodes; 1.7 s; peak memory 192 MiB.
2026-09-25T23:06:10Z INFO [183/500] 13dd525f-8c3b-457d-9217-23c18208bef5: 17 internal nodes; 1.0 s; peak memory 192 MiB.
2026-09-25T23:06:13Z INFO [184/500] 13dfc4b5-6501-4dac-9c25-d6133f14a1a6: 44 internal nodes; 2.3 s; peak memory 192 MiB.
2026-09-25T23:06:13Z INFO [185/500] 13dff7bc-ca31-460a-aa08-7af30d22a13e: 27 internal nodes; 0.9 s; peak memory 192 MiB.
2026-09-25T23:06:16Z INFO [186/500] 13e02560-d956-490b-9e64-61e2b51d1efe: 50 internal nodes; 2.1 s; peak memory 192 MiB.
2026-09-25T23:06:17Z INFO [187/500] 13e05d28-5180-42b5-ab23-977cb8507acb: 59 internal nodes; 1.7 s; peak memory 192 MiB.
2026-09-25T23:06:18Z INFO [188/500] 13e117aa-c15b-4c29-84df-3fdde121d034: 20 internal nodes; 0.9 s; peak memory 192 MiB.
2026-09-25T23:06:25Z INFO [189/500] 13e1a011-6b81-4960-a3fc-db7f036768fd: 247 internal nodes; 6.5 s; peak memory 192 MiB.
2026-09-25T23:06:25Z INFO [190/500] 13e1e976-e809-4f23-9730-d9ddd228aab6: 11 internal nodes; 0.7 s; peak memory 192 MiB.
2026-09-25T23:06:26Z INFO [191/500] 13e239c9-2f49-4650-849b-a2399ca18b40: 60 internal nodes; 1.2 s; peak memory 192 MiB.
2026-09-25T23:06:28Z INFO [192/500] 13e28978-c47b-4905-a886-46636044c887: 31 internal nodes; 1.1 s; peak memory 192 MiB.
2026-09-25T23:06:30Z INFO [193/500] 13e3cd55-8ed0-4b2b-83a6-18c90e8d819f: 44 internal nodes; 2.5 s; peak memory 192 MiB.
2026-09-25T23:06:33Z INFO [194/500] 13e3de8b-445c-413c-92f6-1b83a8553195: 44 internal nodes; 2.6 s; peak memory 192 MiB.
2026-09-25T23:06:39Z INFO [195/500] 13e5f0f0-5ddb-4077-af8a-b5f8cc9805e2: 177 internal nodes; 6.6 s; peak memory 192 MiB.
2026-09-25T23:06:40Z INFO [196/500] 13e612fd-eaf9-488c-9162-486e4c7804cf: 17 internal nodes; 0.9 s; peak memory 192 MiB.
2026-09-25T23:06:42Z INFO [197/500] 13e6610d-08d8-4790-9f9e-de2677f943de: 31 internal nodes; 1.5 s; peak memory 192 MiB.
2026-09-25T23:06:52Z INFO [198/500] 13e6c76a-51e9-470f-ae45-51d8cd975045: 239 internal nodes; 10.5 s; peak memory 192 MiB.
2026-09-25T23:06:53Z INFO [199/500] 13e6ef3f-c7a1-4b58-8c22-5fe106a474f6: 21 internal nodes; 1.2 s; peak memory 192 MiB.
2026-09-25T23:06:54Z INFO [200/500] 13e76514-ad22-41ee-a1cd-5d8e4fc438f6: 13 internal nodes; 0.7 s; peak memory 192 MiB.
2026-09-25T23:06:54Z INFO [200/500] 13e76514-ad22-41ee-a1cd-5d8e4fc438f6: checkpointed 55664 records.
2026-09-25T23:06:56Z INFO [201/500] 13e83fa2-d3a3-4961-b410-167b3c986092: 61 internal nodes; 1.3 s; peak memory 192 MiB.
2026-09-25T23:07:06Z INFO [202/500] 13e8d822-0238-4074-894d-d0e49da739be: 236 internal nodes; 10.1 s; peak memory 192 MiB.
2026-09-25T23:07:08Z INFO [203/500] 13e8e1ab-3a6d-4fb0-ac6b-9c1c6cf9028d: 61 internal nodes; 2.1 s; peak memory 192 MiB.
2026-09-25T23:07:09Z INFO [204/500] 13e9b56e-5f0a-458f-a812-aec3d8ed2a67: 17 internal nodes; 0.9 s; peak memory 192 MiB.
2026-09-25T23:07:10Z INFO [205/500] 13eac146-c500-4f40-ac54-837c7a20edee: 17 internal nodes; 1.0 s; peak memory 192 MiB.
2026-09-25T23:07:19Z INFO [206/500] 13eadf5f-af3b-4528-8171-d7b828557fdd: 114 internal nodes; 9.4 s; peak memory 192 MiB.
2026-09-25T23:07:20Z INFO [207/500] 13eb32e2-115e-4766-857a-2f9f59b62347: 115 internal nodes; 1.0 s; peak memory 192 MiB.
2026-09-25T23:07:21Z INFO [208/500] 13ec3657-ceb9-4a37-8a88-e05029cd708a: 11 internal nodes; 0.5 s; peak memory 192 MiB.
2026-09-25T23:07:22Z INFO [209/500] 13ed7c5f-1013-4ea1-904b-0e1d1f7e5976: 29 internal nodes; 1.4 s; peak memory 192 MiB.
2026-09-25T23:07:24Z INFO [210/500] 13edfb62-421f-42e7-8a10-b1f93e852c20: 44 internal nodes; 2.4 s; peak memory 192 MiB.
2026-09-25T23:07:25Z INFO [211/500] 13ee0001-8ac6-49e0-b116-43ef7a83b4ac: 25 internal nodes; 0.7 s; peak memory 192 MiB.
2026-09-25T23:07:26Z INFO [212/500] 13ee3077-a6a7-4206-945d-7857947ced22: 21 internal nodes; 1.2 s; peak memory 192 MiB.
2026-09-25T23:07:27Z INFO [213/500] 13eec5be-00ab-4c83-91aa-aa6c4cccaef6: 26 internal nodes; 1.0 s; peak memory 192 MiB.
2026-09-25T23:07:28Z INFO [214/500] 13ef2665-de9e-47d5-a828-d27ecc85d75e: 27 internal nodes; 1.2 s; peak memory 192 MiB.
2026-09-25T23:07:30Z INFO [215/500] 13ef6ad9-ab44-4520-bdc0-d6f90ea8323c: 27 internal nodes; 1.2 s; peak memory 192 MiB.
2026-09-25T23:07:30Z INFO [216/500] 13ef9d84-3b31-49a1-a9b9-1357ed2593b9: 17 internal nodes; 0.8 s; peak memory 192 MiB.
2026-09-25T23:07:31Z INFO [217/500] 13efc7f9-fe6a-448e-b3ba-736c6320b560: 17 internal nodes; 0.9 s; peak memory 192 MiB.
2026-09-25T23:08:03Z INFO [218/500] 13f0b024-7b8a-41c8-b3a8-74ae111f656f: 1467 internal nodes; 31.6 s; peak memory 225 MiB.
2026-09-25T23:08:09Z INFO [219/500] 13f0b3dc-cdca-45e7-883f-a25d0b4b6f31: 60 internal nodes; 6.1 s; peak memory 225 MiB.
2026-09-25T23:08:11Z INFO [220/500] 13f0b57f-ec2f-433b-b6de-ab522d72ef93: 31 internal nodes; 1.4 s; peak memory 225 MiB.
2026-09-25T23:08:11Z INFO [221/500] 13f11b37-b48c-4963-9c28-458b55b2d79a: 17 internal nodes; 1.0 s; peak memory 225 MiB.
2026-09-25T23:08:20Z INFO [222/500] 13f1b9f3-cfa4-404b-8313-961f1ff7372e: 311 internal nodes; 8.8 s; peak memory 225 MiB.
2026-09-25T23:08:21Z INFO [223/500] 13f2f97e-db10-49e2-ad4f-58618fd0df02: 18 internal nodes; 1.2 s; peak memory 225 MiB.
2026-09-25T23:08:22Z INFO [224/500] 13f4aeec-b9fb-43c1-a623-393cfdfc9cbe: 19 internal nodes; 0.9 s; peak memory 225 MiB.
2026-09-25T23:08:34Z INFO [225/500] 13f4ca31-e179-4f34-9505-f04cef5fa5ad: 287 internal nodes; 11.5 s; peak memory 225 MiB.
2026-09-25T23:08:41Z INFO [226/500] 13f5ceac-c62c-4e92-a7c3-25c6eb3e34e9: 62 internal nodes; 6.6 s; peak memory 225 MiB.
2026-09-25T23:08:42Z INFO [227/500] 13f6453f-4ab5-4cd2-a2ad-a5f4fec4dcd2: 33 internal nodes; 1.7 s; peak memory 225 MiB.
2026-09-25T23:08:44Z INFO [228/500] 13f67639-5e01-4a17-9eab-5e3d2d958c2f: 27 internal nodes; 1.3 s; peak memory 225 MiB.
2026-09-25T23:08:44Z INFO [229/500] 13f68ba9-b508-4042-ac72-6cf91c580c33: 17 internal nodes; 0.9 s; peak memory 225 MiB.
2026-09-25T23:08:53Z INFO [230/500] 13f6dda1-8cde-42d9-8aab-afb397aa9f57: 85 internal nodes; 8.6 s; peak memory 225 MiB.
2026-09-25T23:08:54Z INFO [231/500] 13f701d1-96fd-4f9b-82ea-070da8eb8b7a: 20 internal nodes; 1.2 s; peak memory 225 MiB.
2026-09-25T23:08:56Z INFO [232/500] 13f86365-03bb-4d23-9d1b-c707aeac268f: 29 internal nodes; 1.5 s; peak memory 225 MiB.
2026-09-25T23:08:57Z INFO [233/500] 13f9c01c-6677-4107-9092-d867326162ac: 27 internal nodes; 1.2 s; peak memory 225 MiB.
2026-09-25T23:08:58Z INFO [234/500] 13f9ee39-795a-4781-8516-769b13a70afc: 13 internal nodes; 0.8 s; peak memory 225 MiB.
2026-09-25T23:09:02Z INFO [235/500] 13fae07f-61bc-4a52-a299-3f7156b42553: 73 internal nodes; 4.6 s; peak memory 225 MiB.
2026-09-25T23:09:11Z INFO [236/500] 13fb83e3-79a2-4c84-ba1c-9569f73ac721: 115 internal nodes; 9.1 s; peak memory 225 MiB.
2026-09-25T23:09:12Z INFO [237/500] 13fbac7b-39aa-4428-b615-647c85a49bd1: 27 internal nodes; 0.9 s; peak memory 225 MiB.
2026-09-25T23:09:17Z INFO [238/500] 13fc1ade-56ea-4d43-b17a-19507e4a177b: 73 internal nodes; 4.3 s; peak memory 225 MiB.
2026-09-25T23:09:19Z INFO [239/500] 13fc5474-ceef-417c-9d28-6013c3d362e1: 44 internal nodes; 2.5 s; peak memory 225 MiB.
2026-09-25T23:09:20Z INFO [240/500] 13fcd1c1-c862-47bb-a337-d257d7a852a5: 114 internal nodes; 1.1 s; peak memory 225 MiB.
2026-09-25T23:09:21Z INFO [241/500] 13fd498d-ff67-4acc-b7c9-03a4ecfc4e90: 17 internal nodes; 0.9 s; peak memory 225 MiB.
2026-09-25T23:09:22Z INFO [242/500] 13fe5e8b-b6f7-4218-9f2e-07fef7e33d3b: 27 internal nodes; 1.0 s; peak memory 225 MiB.
2026-09-25T23:09:23Z INFO [243/500] 13fee413-c323-4c2d-bdbe-e1c054c1a727: 25 internal nodes; 1.1 s; peak memory 225 MiB.
2026-09-25T23:09:24Z INFO [244/500] 13ffa4d5-3956-4475-884f-d8f8f21affb4: 22 internal nodes; 0.7 s; peak memory 225 MiB.
2026-09-25T23:09:26Z INFO [245/500] 13fff133-6138-4d01-94fb-33567b968430: 37 internal nodes; 1.7 s; peak memory 225 MiB.
2026-09-25T23:09:27Z INFO [246/500] 140006d8-b9b4-465f-b38e-68b4a06ca548: 17 internal nodes; 1.1 s; peak memory 225 MiB.
2026-09-25T23:09:28Z INFO [247/500] 1400aee0-29e1-4eb2-85e7-8138cbe27d8d: 31 internal nodes; 1.4 s; peak memory 225 MiB.
2026-09-25T23:09:35Z INFO [248/500] 1400d233-c9fa-4b31-9abb-8e5058065792: 212 internal nodes; 7.1 s; peak memory 225 MiB.
2026-09-25T23:09:39Z INFO [249/500] 1400e153-b97f-4770-b221-3eb602c7084a: 46 internal nodes; 3.2 s; peak memory 225 MiB.
2026-09-25T23:09:40Z INFO [250/500] 14021e9b-e5d3-41b5-a9fc-572542d2a6e1: 69 internal nodes; 1.6 s; peak memory 225 MiB.
2026-09-25T23:09:40Z INFO [250/500] 14021e9b-e5d3-41b5-a9fc-572542d2a6e1: checkpointed 55714 records.
2026-09-25T23:09:43Z INFO [251/500] 140575bd-b05d-4f52-a3f6-dc0df7b17927: 44 internal nodes; 2.6 s; peak memory 225 MiB.
2026-09-25T23:09:46Z INFO [252/500] 1405f194-3821-4d78-8c2c-bf421ae9930b: 45 internal nodes; 2.7 s; peak memory 225 MiB.
2026-09-25T23:09:52Z INFO [253/500] 14061f01-f54e-472d-b33f-f95a8c9a7e98: 254 internal nodes; 6.8 s; peak memory 225 MiB.
2026-09-25T23:09:53Z INFO [254/500] 1406c2a1-95b5-4361-8bc8-92e5715153af: 13 internal nodes; 0.8 s; peak memory 225 MiB.
2026-09-25T23:09:54Z INFO [255/500] 1406f1fb-8988-43d4-8b6d-e20efdd4e7fe: 17 internal nodes; 1.0 s; peak memory 225 MiB.
2026-09-25T23:09:56Z INFO [256/500] 140708bd-118f-40c0-910b-430bfe4f7b50: 26 internal nodes; 1.5 s; peak memory 225 MiB.
2026-09-25T23:09:57Z INFO [257/500] 14077ff7-14f4-4abb-945b-c0e00e72e94d: 16 internal nodes; 0.9 s; peak memory 225 MiB.
2026-09-25T23:09:57Z INFO [258/500] 1407ad2e-2c21-4ee7-8a38-38d2e64919ca: 22 internal nodes; 0.7 s; peak memory 225 MiB.
2026-09-25T23:09:59Z INFO [259/500] 140a5952-c72f-441c-ae4f-f17dbc9dab4e: 59 internal nodes; 1.3 s; peak memory 225 MiB.
2026-09-25T23:09:59Z INFO [260/500] 140aa29f-1773-4090-a74a-f842106484db: 26 internal nodes; 0.9 s; peak memory 225 MiB.
2026-09-25T23:10:00Z INFO [261/500] 140b4284-4206-41e6-a0af-f66f204a381c: 27 internal nodes; 0.9 s; peak memory 225 MiB.
2026-09-25T23:10:01Z INFO [262/500] 140c3bc3-187c-464a-b6d6-54e1a61d9188: 20 internal nodes; 0.8 s; peak memory 225 MiB.
2026-09-25T23:10:02Z INFO [263/500] 140d6a19-4df5-4270-9d32-39f611e7cebd: 13 internal nodes; 0.9 s; peak memory 225 MiB.
2026-09-25T23:10:04Z INFO [264/500] 140daf18-4ba4-41e8-875b-b8754eb60902: 44 internal nodes; 2.4 s; peak memory 225 MiB.
2026-09-25T23:10:05Z INFO [265/500] 140df9e8-33d8-4d89-a32f-0e32db74ea50: 17 internal nodes; 0.8 s; peak memory 225 MiB.
2026-09-25T23:10:06Z INFO [266/500] 140f0506-6d4a-4a14-8a0a-6a20fa1b878f: 17 internal nodes; 1.0 s; peak memory 225 MiB.
2026-09-25T23:10:11Z INFO [267/500] 140fa8ec-d3b1-4ef4-8a99-0385d590e2c4: 104 internal nodes; 4.4 s; peak memory 225 MiB.
2026-09-25T23:10:15Z INFO [268/500] 14106e74-30a8-4441-93f8-675f77c48049: 73 internal nodes; 4.1 s; peak memory 225 MiB.
2026-09-25T23:10:20Z INFO [269/500] 1411b7b2-a684-4685-8283-b5538a43937f: 137 internal nodes; 5.5 s; peak memory 225 MiB.
2026-09-25T23:10:21Z INFO [270/500] 141350d6-de61-4640-a9ae-e4d9f3b8e5c7: 20 internal nodes; 0.7 s; peak memory 225 MiB.
2026-09-25T23:10:22Z INFO [271/500] 14135730-3943-48b0-9d5b-bfb27dc57cd6: 31 internal nodes; 1.5 s; peak memory 225 MiB.
2026-09-25T23:10:32Z INFO [272/500] 14136c6f-1509-4fa8-a79c-a5d7bd056274: 384 internal nodes; 9.3 s; peak memory 225 MiB.
2026-09-25T23:10:34Z INFO [273/500] 1413d511-3397-444c-b6c8-6b80396ed000: 65 internal nodes; 1.8 s; peak memory 225 MiB.
2026-09-25T23:10:34Z INFO [274/500] 1414c708-f6d7-42cf-840a-d0ec24be54d0: 17 internal nodes; 0.9 s; peak memory 225 MiB.
2026-09-25T23:10:35Z INFO [275/500] 14158c79-4d4d-4ff9-b19f-ac7c4c57ba7c: 13 internal nodes; 0.9 s; peak memory 225 MiB.
2026-09-25T23:10:37Z INFO [276/500] 1415c6bf-4d6a-4749-a783-b34e0db7da5f: 29 internal nodes; 1.4 s; peak memory 225 MiB.
2026-09-25T23:10:37Z INFO [277/500] 14160f10-0bea-4ad6-af7f-560ee25a974b: 15 internal nodes; 0.6 s; peak memory 225 MiB.
2026-09-25T23:10:38Z INFO [278/500] 1416a241-85cf-46f3-92e3-e6e3f4644ea8: 17 internal nodes; 0.7 s; peak memory 225 MiB.
2026-09-25T23:10:39Z INFO [279/500] 1416bb56-22ee-48b1-a2b1-7e364608b579: 17 internal nodes; 0.9 s; peak memory 225 MiB.
2026-09-25T23:10:42Z INFO [280/500] 141752eb-3e85-453e-8c17-77a562bbbaa2: 44 internal nodes; 2.6 s; peak memory 225 MiB.
2026-09-25T23:10:42Z INFO [281/500] 1417ab7e-e29d-4772-9c21-132de4e57719: 26 internal nodes; 0.8 s; peak memory 225 MiB.
2026-09-25T23:10:44Z INFO [282/500] 14180e00-d42a-46cb-a756-321d0bbaced6: 27 internal nodes; 1.2 s; peak memory 225 MiB.
2026-09-25T23:10:45Z INFO [283/500] 14192d0c-b34c-4772-b377-abe77a24baff: 27 internal nodes; 1.0 s; peak memory 225 MiB.
2026-09-25T23:10:45Z INFO [284/500] 14195087-9eec-4ffd-a0af-1574e7814860: 11 internal nodes; 0.6 s; peak memory 225 MiB.
2026-09-25T23:10:46Z INFO [285/500] 14195c89-ce4a-4cb4-859d-6148d032e3da: 17 internal nodes; 0.7 s; peak memory 225 MiB.
2026-09-25T23:10:47Z INFO [286/500] 141c0b61-ceee-4005-b8b1-a92869bad548: 31 internal nodes; 1.1 s; peak memory 225 MiB.
2026-09-25T23:10:49Z INFO [287/500] 141cedab-9346-4da4-9ea7-48b588394798: 65 internal nodes; 1.6 s; peak memory 225 MiB.
2026-09-25T23:10:50Z INFO [288/500] 141daa27-99a5-46c7-9380-a8c23260535a: 29 internal nodes; 1.2 s; peak memory 225 MiB.
2026-09-25T23:10:52Z INFO [289/500] 141e5013-a599-4029-9076-c41ce25053cc: 53 internal nodes; 2.2 s; peak memory 225 MiB.
2026-09-25T23:10:53Z INFO [290/500] 141f23d9-9a0a-411c-8a98-c1f2392aec52: 13 internal nodes; 0.6 s; peak memory 225 MiB.
2026-09-25T23:10:55Z INFO [291/500] 141f5092-e684-4baa-9719-961a600b3d27: 41 internal nodes; 2.7 s; peak memory 225 MiB.
2026-09-25T23:10:56Z INFO [292/500] 141f7cf6-e92e-4d18-929b-4aa2ba8e3050: 13 internal nodes; 0.6 s; peak memory 225 MiB.
2026-09-25T23:10:57Z INFO [293/500] 141f8028-553e-4fdc-aa9b-693dcf2d7ab8: 17 internal nodes; 0.9 s; peak memory 225 MiB.
2026-09-25T23:10:58Z INFO [294/500] 142022cf-2aba-44bb-b2ea-ae1872222bcc: 23 internal nodes; 1.0 s; peak memory 225 MiB.
2026-09-25T23:11:00Z INFO [295/500] 1420b59b-f723-4d2e-8012-1e9e8e8eff34: 66 internal nodes; 1.8 s; peak memory 225 MiB.
2026-09-25T23:11:00Z INFO [296/500] 14210b38-a30b-47b1-8b1b-f7905a39eeea: 27 internal nodes; 0.7 s; peak memory 225 MiB.
2026-09-25T23:11:01Z INFO [297/500] 14210ce1-83ce-4e32-be97-64d4bfdb705d: 26 internal nodes; 1.1 s; peak memory 225 MiB.
2026-09-25T23:11:11Z INFO [298/500] 14211320-b91f-4dac-af94-b62a1814478e: 75 internal nodes; 10.2 s; peak memory 225 MiB.
2026-09-25T23:11:12Z INFO [299/500] 142154bf-072a-4c6e-92bc-33b6b31367d5: 17 internal nodes; 0.8 s; peak memory 225 MiB.
2026-09-25T23:11:13Z INFO [300/500] 1421b1f7-ecef-4930-8a85-e1f4c4e9a6da: 17 internal nodes; 0.9 s; peak memory 225 MiB.
2026-09-25T23:11:13Z INFO [300/500] 1421b1f7-ecef-4930-8a85-e1f4c4e9a6da: checkpointed 55764 records.
2026-09-25T23:11:15Z INFO [301/500] 1421e59e-b276-45fb-9c35-96eb9aeb0a32: 90 internal nodes; 1.4 s; peak memory 225 MiB.
2026-09-25T23:11:16Z INFO [302/500] 142236c6-913f-4016-878d-e2a317e7e607: 17 internal nodes; 0.9 s; peak memory 225 MiB.
2026-09-25T23:11:19Z INFO [303/500] 1422d6ff-410f-4470-aa64-4c2ee12e6b1f: 133 internal nodes; 3.8 s; peak memory 225 MiB.
2026-09-25T23:11:22Z INFO [304/500] 1422eb3e-4bf2-42aa-ae0f-043615a6c4c8: 44 internal nodes; 2.4 s; peak memory 225 MiB.
2026-09-25T23:11:23Z INFO [305/500] 14238621-745a-4d5c-8f1a-4e341b1d8f5c: 31 internal nodes; 1.3 s; peak memory 225 MiB.
2026-09-25T23:11:24Z INFO [306/500] 1424bff1-1ac1-4e48-9e81-4428d68a80b2: 23 internal nodes; 0.9 s; peak memory 225 MiB.
2026-09-25T23:11:25Z INFO [307/500] 1425ac25-b42d-4fa0-b713-2a67011449f5: 26 internal nodes; 0.7 s; peak memory 225 MiB.
2026-09-25T23:11:28Z INFO [308/500] 1425d8d9-fd35-4488-933a-e76e0a7d3784: 46 internal nodes; 2.9 s; peak memory 225 MiB.
2026-09-25T23:11:29Z INFO [309/500] 14265deb-889d-489b-8738-397d842804a1: 66 internal nodes; 1.3 s; peak memory 225 MiB.
2026-09-25T23:11:30Z INFO [310/500] 1429063a-d901-4e59-b906-87c44e6f1216: 17 internal nodes; 1.1 s; peak memory 225 MiB.
2026-09-25T23:11:32Z INFO [311/500] 14293146-1521-481f-aaa0-0d4941ce6ee4: 59 internal nodes; 1.6 s; peak memory 225 MiB.
2026-09-25T23:11:33Z INFO [312/500] 14293adc-218b-4330-8098-27ddeff26dda: 31 internal nodes; 1.2 s; peak memory 225 MiB.
2026-09-25T23:11:34Z INFO [313/500] 1429b483-42eb-46f2-9c72-ba51074d14d7: 27 internal nodes; 1.1 s; peak memory 225 MiB.
2026-09-25T23:11:35Z INFO [314/500] 1429cec2-903f-4af0-856f-5c8726e1c8e6: 27 internal nodes; 1.1 s; peak memory 225 MiB.
2026-09-25T23:11:36Z INFO [315/500] 142a2883-0f91-4a69-914a-0487eba12ecf: 18 internal nodes; 1.0 s; peak memory 225 MiB.
2026-09-25T23:11:37Z INFO [316/500] 142ad108-c964-4a69-a569-7ff5ac2fa97d: 27 internal nodes; 1.0 s; peak memory 225 MiB.
2026-09-25T23:11:43Z INFO [317/500] 142bb2b1-a2da-461f-b88f-476870fecd76: 61 internal nodes; 5.7 s; peak memory 225 MiB.
2026-09-25T23:11:49Z INFO [318/500] 142c56bf-4334-4a73-94f5-87b4f6804371: 177 internal nodes; 5.8 s; peak memory 225 MiB.
2026-09-25T23:11:50Z INFO [319/500] 142c7041-d201-4884-b01c-8fce9dc6d127: 53 internal nodes; 1.5 s; peak memory 225 MiB.
2026-09-25T23:11:51Z INFO [320/500] 142c7634-d740-48fc-88d8-7975826416ff: 18 internal nodes; 0.9 s; peak memory 225 MiB.
2026-09-25T23:11:52Z INFO [321/500] 142cee98-7f20-4379-a972-825c49814703: 31 internal nodes; 1.1 s; peak memory 225 MiB.
2026-09-25T23:11:53Z INFO [322/500] 142f38bc-b586-438b-8746-c85624b4b295: 17 internal nodes; 0.8 s; peak memory 225 MiB.
2026-09-25T23:11:54Z INFO [323/500] 142f8415-8253-453e-bc8b-314f163d2a98: 63 internal nodes; 1.1 s; peak memory 225 MiB.
2026-09-25T23:11:55Z INFO [324/500] 142f9421-4632-4231-bf5c-2d2e3624c8ca: 11 internal nodes; 0.6 s; peak memory 225 MiB.
2026-09-25T23:11:56Z INFO [325/500] 14301114-4cbc-4056-97d4-784a1f226216: 72 internal nodes; 1.9 s; peak memory 225 MiB.
2026-09-25T23:11:57Z INFO [326/500] 143035b0-c1a8-42b3-8830-3cbffc4b6c0b: 17 internal nodes; 0.9 s; peak memory 225 MiB.
2026-09-25T23:12:03Z INFO [327/500] 1430a55c-3209-481a-a07b-79139bcc20c2: 180 internal nodes; 5.3 s; peak memory 225 MiB.
2026-09-25T23:12:11Z INFO [328/500] 1430ea8f-aad9-4131-bd3e-ecec7084602f: 114 internal nodes; 7.9 s; peak memory 225 MiB.
2026-09-25T23:12:13Z INFO [329/500] 1430eece-7eac-407e-aa44-2db9ef940965: 44 internal nodes; 2.7 s; peak memory 225 MiB.
2026-09-25T23:12:16Z INFO [330/500] 14311d38-c22a-4db4-999f-fee68eb9c116: 44 internal nodes; 2.4 s; peak memory 225 MiB.
2026-09-25T23:12:16Z INFO [331/500] 1431357e-e364-49f3-95cb-b2491c2c5824: 17 internal nodes; 0.8 s; peak memory 225 MiB.
2026-09-25T23:12:17Z INFO [332/500] 14314181-47b3-4458-9bcf-7f22efdb33e9: 13 internal nodes; 1.0 s; peak memory 225 MiB.
2026-09-25T23:12:22Z INFO [333/500] 14318d45-0d44-4cc1-889b-b115e1ca5867: 54 internal nodes; 4.7 s; peak memory 225 MiB.
2026-09-25T23:12:23Z INFO [334/500] 143214c4-99e7-4d28-81b2-7f295f3fe1d5: 28 internal nodes; 0.8 s; peak memory 225 MiB.
2026-09-25T23:12:24Z INFO [335/500] 14328230-c709-4e8d-86d8-d95a967a5f00: 31 internal nodes; 1.5 s; peak memory 225 MiB.
2026-09-25T23:12:25Z INFO [336/500] 1432c1af-2bf9-4d73-ba58-73fd88259918: 18 internal nodes; 1.0 s; peak memory 225 MiB.
2026-09-25T23:12:26Z INFO [337/500] 1432ebb3-a9fa-409b-9279-aedb28aa4582: 27 internal nodes; 1.1 s; peak memory 225 MiB.
2026-09-25T23:12:28Z INFO [338/500] 1433a64a-3153-4458-80fc-6200754c7bd0: 53 internal nodes; 1.8 s; peak memory 225 MiB.
2026-09-25T23:12:29Z INFO [339/500] 1433dfaa-5064-4ec3-8b9b-ba88eb91300c: 17 internal nodes; 0.8 s; peak memory 225 MiB.
2026-09-25T23:12:31Z INFO [340/500] 1434e6e1-372a-419a-9ceb-7fa6ee326754: 67 internal nodes; 1.6 s; peak memory 225 MiB.
2026-09-25T23:12:32Z INFO [341/500] 14369bfc-b1ba-4545-9a0f-b8e236574813: 13 internal nodes; 0.9 s; peak memory 225 MiB.
2026-09-25T23:12:32Z INFO [342/500] 1436d8ff-7b07-4e64-b662-e6be93454f21: 18 internal nodes; 0.8 s; peak memory 225 MiB.
2026-09-25T23:12:33Z INFO [343/500] 14385566-1600-4689-bf01-a20bb49e7406: 17 internal nodes; 0.8 s; peak memory 225 MiB.
2026-09-25T23:12:38Z INFO [344/500] 14386d28-e976-4726-b6bc-7dff74cfa833: 73 internal nodes; 5.2 s; peak memory 225 MiB.
2026-09-25T23:12:43Z INFO [345/500] 14394755-ea75-4ab7-8718-d9e5b69ed465: 330 internal nodes; 4.8 s; peak memory 225 MiB.
2026-09-25T23:12:44Z INFO [346/500] 14397d6a-f740-4e8b-b9f0-60aa35e40397: 13 internal nodes; 0.7 s; peak memory 225 MiB.
2026-09-25T23:12:50Z INFO [347/500] 1439c189-a12c-4bfe-bff3-aa9e5d001a42: 173 internal nodes; 6.1 s; peak memory 225 MiB.
2026-09-25T23:12:51Z INFO [348/500] 143a05a3-6026-4cc1-8f74-b8d3195b99b1: 27 internal nodes; 1.1 s; peak memory 225 MiB.
2026-09-25T23:12:52Z INFO [349/500] 143ad812-5db9-48e7-b62b-bf38ee90d00e: 31 internal nodes; 1.4 s; peak memory 225 MiB.
2026-09-25T23:12:53Z INFO [350/500] 143af1df-857e-4a99-8561-b6ef18b02dfa: 17 internal nodes; 0.9 s; peak memory 225 MiB.
2026-09-25T23:12:54Z INFO [350/500] 143af1df-857e-4a99-8561-b6ef18b02dfa: checkpointed 55814 records.
2026-09-25T23:12:55Z INFO [351/500] 143cab6a-d46e-4344-b9f5-39120fb67a45: 17 internal nodes; 1.0 s; peak memory 225 MiB.
2026-09-25T23:12:56Z INFO [352/500] 143db696-6fe8-43dd-acfa-0d4f6b3e5ac6: 69 internal nodes; 1.2 s; peak memory 225 MiB.
2026-09-25T23:12:59Z INFO [353/500] 143f9d5c-7813-4aca-b989-5fb9bdf5d7b3: 46 internal nodes; 3.2 s; peak memory 225 MiB.
2026-09-25T23:13:00Z INFO [354/500] 1440003d-74e8-4bf2-9af7-1af003abb106: 18 internal nodes; 0.7 s; peak memory 225 MiB.
2026-09-25T23:13:00Z INFO [355/500] 1440c99a-0c4d-4c22-b7bf-1a13e76598e4: 27 internal nodes; 0.6 s; peak memory 225 MiB.
2026-09-25T23:13:02Z INFO [356/500] 14410230-3897-49f4-8a10-b15b30f11791: 53 internal nodes; 1.3 s; peak memory 225 MiB.
2026-09-25T23:13:02Z INFO [357/500] 144121f7-775c-4675-917c-33666b4f5948: 19 internal nodes; 0.7 s; peak memory 225 MiB.
2026-09-25T23:13:03Z INFO [358/500] 144174a1-50f5-48d4-bff9-1ac24ccbf043: 17 internal nodes; 1.0 s; peak memory 225 MiB.
2026-09-25T23:13:05Z INFO [359/500] 1441832b-bc66-4b3f-9ad7-4311d6d83e80: 31 internal nodes; 1.5 s; peak memory 225 MiB.
2026-09-25T23:13:06Z INFO [360/500] 1441f2b4-3881-4b34-be22-8f32e11a7fe2: 17 internal nodes; 0.8 s; peak memory 225 MiB.
2026-09-25T23:13:13Z INFO [361/500] 14439162-c73a-4622-bc43-db62af7c9709: 180 internal nodes; 7.1 s; peak memory 225 MiB.
2026-09-25T23:13:14Z INFO [362/500] 14456a3e-4527-41cd-a140-744445da59af: 60 internal nodes; 1.5 s; peak memory 225 MiB.
2026-09-25T23:13:15Z INFO [363/500] 1445db39-2200-47d5-b59b-566465b8667b: 19 internal nodes; 1.0 s; peak memory 225 MiB.
2026-09-25T23:13:16Z INFO [364/500] 1445ddfd-6848-4785-8e5d-6721540fe096: 27 internal nodes; 0.9 s; peak memory 225 MiB.
2026-09-25T23:13:17Z INFO [365/500] 1445f449-327c-4908-a2fa-58212fdd72a4: 27 internal nodes; 1.1 s; peak memory 225 MiB.
2026-09-25T23:13:18Z INFO [366/500] 14463653-6487-496d-80f7-d9ecf89a878d: 27 internal nodes; 0.7 s; peak memory 225 MiB.
2026-09-25T23:13:19Z INFO [367/500] 14482f38-c2ce-4c2c-9ce3-fbfc72f76357: 23 internal nodes; 1.3 s; peak memory 225 MiB.
2026-09-25T23:13:20Z INFO [368/500] 14490e25-b027-497b-bc57-4450ccd39af0: 27 internal nodes; 1.2 s; peak memory 225 MiB.
2026-09-25T23:13:33Z INFO [369/500] 14496d41-7ac6-4777-840b-c3fed0e4599c: 360 internal nodes; 12.6 s; peak memory 225 MiB.
2026-09-25T23:13:40Z INFO [370/500] 14499a2a-ab2d-4032-8e5a-34fc268824cb: 211 internal nodes; 7.4 s; peak memory 225 MiB.
2026-09-25T23:13:47Z INFO [371/500] 1449d058-1611-40ef-9abb-e2f3515298c1: 200 internal nodes; 6.4 s; peak memory 225 MiB.
2026-09-25T23:13:48Z INFO [372/500] 144a4947-562e-4f23-b532-74c5295b1c78: 115 internal nodes; 1.1 s; peak memory 225 MiB.
2026-09-25T23:13:49Z INFO [373/500] 144a76b0-e9b2-4bfe-882e-bde75f0a0030: 27 internal nodes; 1.2 s; peak memory 225 MiB.
2026-09-25T23:13:58Z INFO [374/500] 144aaef4-e30b-4f04-89c0-be830ed76be7: 114 internal nodes; 9.1 s; peak memory 225 MiB.
2026-09-25T23:13:59Z INFO [375/500] 144be729-2307-444d-b645-9ea7ad89e140: 27 internal nodes; 1.1 s; peak memory 225 MiB.
2026-09-25T23:14:00Z INFO [376/500] 144c90d2-d374-4ca6-9114-5e4322b5a25f: 17 internal nodes; 0.9 s; peak memory 225 MiB.
2026-09-25T23:14:01Z INFO [377/500] 144dd7a8-396d-4181-885f-936e935da850: 17 internal nodes; 0.9 s; peak memory 225 MiB.
2026-09-25T23:14:08Z INFO [378/500] 144ddfa9-4a16-459d-8ebc-18789679252d: 217 internal nodes; 6.7 s; peak memory 225 MiB.
2026-09-25T23:14:09Z INFO [379/500] 144df344-bed2-4d6c-9218-0e2f946f1447: 26 internal nodes; 0.8 s; peak memory 225 MiB.
2026-09-25T23:14:19Z INFO [380/500] 144e6346-d362-4e31-b264-96cecbe63caa: 70 internal nodes; 10.3 s; peak memory 225 MiB.
2026-09-25T23:14:20Z INFO [381/500] 144f1e86-c770-4f06-9c24-632e1ff04d25: 27 internal nodes; 1.2 s; peak memory 225 MiB.
2026-09-25T23:14:21Z INFO [382/500] 145140e7-4623-496d-aba5-5bd094656065: 17 internal nodes; 0.9 s; peak memory 225 MiB.
2026-09-25T23:14:25Z INFO [383/500] 14518303-2c00-4221-b164-02cc460ca670: 57 internal nodes; 4.1 s; peak memory 225 MiB.
2026-09-25T23:14:32Z INFO [384/500] 14519175-409f-431c-bab2-fc42d31f0066: 42 internal nodes; 6.8 s; peak memory 293 MiB.
2026-09-25T23:14:41Z INFO [385/500] 1451a30f-34a2-4d6e-afc6-3977cbd845bb: 115 internal nodes; 8.8 s; peak memory 293 MiB.
2026-09-25T23:14:42Z INFO [386/500] 14521ee1-b214-4c30-bfd6-c36cfb83d3a2: 115 internal nodes; 1.2 s; peak memory 293 MiB.
2026-09-25T23:14:43Z INFO [387/500] 14523624-247e-4a4a-8a74-9337787371b5: 27 internal nodes; 1.2 s; peak memory 293 MiB.
2026-09-25T23:14:52Z INFO [388/500] 14523d5a-ea53-49e6-9af1-fe2e03374193: 291 internal nodes; 8.9 s; peak memory 298 MiB.
2026-09-25T23:14:53Z INFO [389/500] 14524907-1905-4b28-bf93-8f36f2c2b427: 13 internal nodes; 0.7 s; peak memory 298 MiB.
2026-09-25T23:15:04Z INFO [390/500] 14527ec0-fc77-4c07-9ecc-a075a9edf6c0: 282 internal nodes; 11.8 s; peak memory 298 MiB.
2026-09-25T23:15:05Z INFO [391/500] 14536600-423b-4e17-b589-a7d45fdbcc0b: 17 internal nodes; 0.9 s; peak memory 298 MiB.
2026-09-25T23:15:06Z INFO [392/500] 14544f81-40f9-4c04-8d9f-fbd15927c3bc: 17 internal nodes; 1.0 s; peak memory 298 MiB.
2026-09-25T23:15:09Z INFO [393/500] 14546d24-8fdb-41db-92a7-e60710feda6c: 42 internal nodes; 2.3 s; peak memory 298 MiB.
2026-09-25T23:15:11Z INFO [394/500] 1454aa68-ac74-4417-a9ef-ed8708a8ef88: 42 internal nodes; 2.5 s; peak memory 298 MiB.
2026-09-25T23:15:13Z INFO [395/500] 1454bbcd-e285-411a-97c6-fe2452702942: 63 internal nodes; 1.4 s; peak memory 298 MiB.
2026-09-25T23:15:13Z INFO [396/500] 14552746-81f4-4930-8523-bc1154004546: 17 internal nodes; 0.9 s; peak memory 298 MiB.
2026-09-25T23:15:14Z INFO [397/500] 14555564-a291-42e3-9661-92dc951cbf37: 13 internal nodes; 0.9 s; peak memory 298 MiB.
2026-09-25T23:15:15Z INFO [398/500] 14555a6c-6e25-4e1e-897e-916c800da047: 17 internal nodes; 1.0 s; peak memory 298 MiB.
2026-09-25T23:15:19Z INFO [399/500] 1456d77f-913f-4727-aad7-1f7139ce0535: 119 internal nodes; 4.0 s; peak memory 298 MiB.
2026-09-25T23:15:20Z INFO [400/500] 14573b4a-f153-42fb-b027-bdcedda82133: 17 internal nodes; 0.9 s; peak memory 298 MiB.
2026-09-25T23:15:20Z INFO [400/500] 14573b4a-f153-42fb-b027-bdcedda82133: checkpointed 55864 records.
2026-09-25T23:15:22Z INFO [401/500] 1457b9f4-fbbf-4c1f-aff4-802169feca1a: 25 internal nodes; 1.1 s; peak memory 298 MiB.
2026-09-25T23:15:24Z INFO [402/500] 14582df9-ecc8-49a3-9c48-44f485aabd33: 18 internal nodes; 2.0 s; peak memory 298 MiB.
2026-09-25T23:15:24Z INFO [403/500] 145852a6-cd00-4df3-b9d7-5b69ad33fb77: 116 internal nodes; 0.8 s; peak memory 298 MiB.
2026-09-25T23:15:26Z INFO [404/500] 1458ae57-a10c-475c-baae-c775360f1ebe: 72 internal nodes; 1.7 s; peak memory 298 MiB.
2026-09-25T23:15:27Z INFO [405/500] 1458b979-ad3c-45bb-8838-90ed9c0b8cef: 29 internal nodes; 1.2 s; peak memory 298 MiB.
2026-09-25T23:15:29Z INFO [406/500] 1458c902-a5aa-43e8-82dd-65a918b3c6aa: 19 internal nodes; 1.2 s; peak memory 298 MiB.
2026-09-25T23:15:34Z INFO [407/500] 1458f713-a75c-4039-8a76-396150f2851b: 150 internal nodes; 5.9 s; peak memory 298 MiB.
2026-09-25T23:15:36Z INFO [408/500] 1459573b-7a30-4078-84ce-8a3b6a7b3e1e: 60 internal nodes; 1.4 s; peak memory 298 MiB.
2026-09-25T23:15:37Z INFO [409/500] 1459a14a-2621-42f9-a3ac-d25458316a76: 17 internal nodes; 0.8 s; peak memory 298 MiB.
2026-09-25T23:15:38Z INFO [410/500] 145a3eca-ea9a-4c39-84f5-f8a5dd6e8bbd: 27 internal nodes; 1.2 s; peak memory 298 MiB.
2026-09-25T23:15:39Z INFO [411/500] 145a44f2-aa1b-441a-81fa-5c2609608fb9: 31 internal nodes; 1.1 s; peak memory 298 MiB.
2026-09-25T23:15:40Z INFO [412/500] 145ad727-f7d1-4c2f-ac49-1701ffbe89ce: 17 internal nodes; 0.8 s; peak memory 298 MiB.
2026-09-25T23:15:41Z INFO [413/500] 145ae025-577f-4f28-b14a-7ed32fc9137b: 17 internal nodes; 0.9 s; peak memory 298 MiB.
2026-09-25T23:15:41Z INFO [414/500] 145c0162-ea69-44f3-b0ba-1fe063c2b2f5: 23 internal nodes; 0.8 s; peak memory 298 MiB.
2026-09-25T23:15:43Z INFO [415/500] 145d38be-14c6-4c4a-8816-caa1acba5a5c: 31 internal nodes; 1.3 s; peak memory 298 MiB.
2026-09-25T23:15:44Z INFO [416/500] 145d8362-aa53-4ae2-81d1-a0ffc27787f4: 17 internal nodes; 1.1 s; peak memory 298 MiB.
2026-09-25T23:15:45Z INFO [417/500] 145e9ae8-0fe6-43ce-9aa5-147dcf336c90: 61 internal nodes; 1.3 s; peak memory 298 MiB.
2026-09-25T23:15:47Z INFO [418/500] 145f0481-5751-4e7c-b505-03a2185385fd: 44 internal nodes; 1.9 s; peak memory 298 MiB.
2026-09-25T23:15:52Z INFO [419/500] 145f68bc-b3f9-46b0-8633-f5769e1ffb2f: 73 internal nodes; 5.3 s; peak memory 298 MiB.
2026-09-25T23:15:53Z INFO [420/500] 145fb65c-e38e-4de8-b88d-266352bedf2f: 27 internal nodes; 1.2 s; peak memory 298 MiB.
2026-09-25T23:15:55Z INFO [421/500] 145fb86e-e292-440a-b932-0c6915af075c: 53 internal nodes; 1.3 s; peak memory 298 MiB.
2026-09-25T23:15:56Z INFO [422/500] 14602657-faa7-4aac-9452-fd1f9a0a12ce: 17 internal nodes; 1.0 s; peak memory 298 MiB.
2026-09-25T23:15:57Z INFO [423/500] 14605711-d77b-49e0-89e0-957b3016147d: 31 internal nodes; 1.3 s; peak memory 298 MiB.
2026-09-25T23:15:59Z INFO [424/500] 14606fb3-7f59-405f-b818-e3729315aaa8: 42 internal nodes; 2.1 s; peak memory 298 MiB.
2026-09-25T23:16:00Z INFO [425/500] 1460c830-470a-4212-ba58-d06fed756d34: 11 internal nodes; 0.6 s; peak memory 298 MiB.
2026-09-25T23:16:08Z INFO [426/500] 1461d062-1ea5-4d07-9b47-aa459c31e62f: 182 internal nodes; 8.6 s; peak memory 298 MiB.
2026-09-25T23:16:12Z INFO [427/500] 1462469a-2343-49ea-99b4-c1281b830e39: 47 internal nodes; 3.9 s; peak memory 298 MiB.
2026-09-25T23:16:13Z INFO [428/500] 14625349-7a4d-41bc-b565-539508d51549: 17 internal nodes; 0.8 s; peak memory 298 MiB.
2026-09-25T23:16:14Z INFO [429/500] 14634793-2328-4257-a49c-3283372d6715: 23 internal nodes; 0.9 s; peak memory 298 MiB.
2026-09-25T23:16:15Z INFO [430/500] 1463f4c5-c583-4771-bc1c-fee889be016a: 31 internal nodes; 1.3 s; peak memory 298 MiB.
2026-09-25T23:16:16Z INFO [431/500] 1464a5cd-dde6-4491-8fbc-a69d890511c7: 17 internal nodes; 0.8 s; peak memory 298 MiB.
2026-09-25T23:16:17Z INFO [432/500] 146533b2-867d-4177-9cce-ab53992d7c98: 90 internal nodes; 1.0 s; peak memory 298 MiB.
2026-09-25T23:16:18Z INFO [433/500] 14656b13-8de6-4297-a4c7-b5d1b8084616: 31 internal nodes; 1.2 s; peak memory 298 MiB.
2026-09-25T23:16:19Z INFO [434/500] 14657e96-fcd3-4e4e-a86c-0ba363193d77: 58 internal nodes; 0.9 s; peak memory 298 MiB.
2026-09-25T23:16:20Z INFO [435/500] 146589d7-d135-4ced-8825-19e43e3ce9ef: 95 internal nodes; 1.2 s; peak memory 298 MiB.
2026-09-25T23:16:21Z INFO [436/500] 1465f4e6-b442-49f3-8583-73f2ee5619b7: 17 internal nodes; 0.8 s; peak memory 298 MiB.
2026-09-25T23:16:22Z INFO [437/500] 14664b64-bc27-4049-95c0-e27766f6d7ec: 27 internal nodes; 1.2 s; peak memory 298 MiB.
2026-09-25T23:16:29Z INFO [438/500] 14668f53-94a5-4678-a1ed-6008068e4739: 179 internal nodes; 6.9 s; peak memory 298 MiB.
2026-09-25T23:16:31Z INFO [439/500] 1466a069-0117-4f4b-99d3-9ac1a3f84c0f: 37 internal nodes; 1.3 s; peak memory 298 MiB.
2026-09-25T23:16:32Z INFO [440/500] 1467e9ca-26c6-4bd3-bf6b-5579fd9b4a4e: 21 internal nodes; 1.6 s; peak memory 298 MiB.
2026-09-25T23:16:33Z INFO [441/500] 1467f7e8-a6a2-4e4c-962a-4f92de80e71c: 23 internal nodes; 1.2 s; peak memory 298 MiB.
2026-09-25T23:16:35Z INFO [442/500] 1469a1e6-1c59-4382-a7b3-8fe10c9dd63b: 58 internal nodes; 1.6 s; peak memory 298 MiB.
2026-09-25T23:16:37Z INFO [443/500] 1469a281-8b1b-40ea-a307-86d99f513640: 31 internal nodes; 1.6 s; peak memory 298 MiB.
2026-09-25T23:16:38Z INFO [444/500] 146a1d9b-0508-4479-8d5c-331a8504fcd3: 31 internal nodes; 1.5 s; peak memory 298 MiB.
2026-09-25T23:16:39Z INFO [445/500] 146ab697-689c-4646-b876-0fca62f184a1: 22 internal nodes; 0.6 s; peak memory 298 MiB.
2026-09-25T23:16:40Z INFO [446/500] 146bb835-e788-4b18-b0c1-bd5e0a6787fd: 27 internal nodes; 1.2 s; peak memory 298 MiB.
2026-09-25T23:16:40Z INFO [447/500] 146bba1d-be95-4aee-8e67-3a8817d675b7: 17 internal nodes; 0.7 s; peak memory 298 MiB.
2026-09-25T23:16:42Z INFO [448/500] 146c2140-1e24-4179-93ec-e28049762dc1: 37 internal nodes; 1.6 s; peak memory 298 MiB.
2026-09-25T23:16:44Z INFO [449/500] 146c87e3-a2db-4ddf-90f3-e4d42e2eb350: 69 internal nodes; 1.5 s; peak memory 298 MiB.
2026-09-25T23:16:48Z INFO [450/500] 146d79a6-2cf1-4184-8044-39b8c7b49ce1: 73 internal nodes; 4.6 s; peak memory 298 MiB.
2026-09-25T23:16:48Z INFO [450/500] 146d79a6-2cf1-4184-8044-39b8c7b49ce1: checkpointed 55914 records.
2026-09-25T23:16:49Z INFO [451/500] 146dc9a3-c376-46cd-863b-58b920d6a50c: 17 internal nodes; 0.8 s; peak memory 298 MiB.
2026-09-25T23:16:50Z INFO [452/500] 146dcc47-577d-4c17-a263-446d4182548d: 15 internal nodes; 0.7 s; peak memory 298 MiB.
2026-09-25T23:16:51Z INFO [453/500] 146dea65-9927-435f-8dd9-53e074e3807c: 66 internal nodes; 1.5 s; peak memory 298 MiB.
2026-09-25T23:16:53Z INFO [454/500] 146e2afb-6264-4f2d-9719-87856e617435: 115 internal nodes; 1.1 s; peak memory 298 MiB.
2026-09-25T23:16:54Z INFO [455/500] 146edbac-f360-4ff2-a24e-e9313e87b79f: 29 internal nodes; 1.3 s; peak memory 298 MiB.
2026-09-25T23:16:55Z INFO [456/500] 146f179a-37f6-42bd-8a99-92f8c39924b2: 17 internal nodes; 1.0 s; peak memory 298 MiB.
2026-09-25T23:16:56Z INFO [457/500] 14705ee8-a818-4db4-8abc-ffc4597a2696: 17 internal nodes; 0.9 s; peak memory 298 MiB.
2026-09-25T23:16:57Z INFO [458/500] 14706e90-8e5a-4455-a5ec-81d2b51bb9f9: 17 internal nodes; 0.9 s; peak memory 298 MiB.
2026-09-25T23:16:59Z INFO [459/500] 147096e0-2d94-498f-bb30-20beb2cb9df5: 72 internal nodes; 1.8 s; peak memory 298 MiB.
2026-09-25T23:17:00Z INFO [460/500] 14726233-aa4c-457d-9e12-0de8b7375c6e: 25 internal nodes; 1.1 s; peak memory 298 MiB.
2026-09-25T23:17:01Z INFO [461/500] 1472f8c4-8188-419e-931f-39619d999fcf: 27 internal nodes; 1.0 s; peak memory 298 MiB.
2026-09-25T23:17:03Z INFO [462/500] 14744765-ebe7-44a9-9a17-2cab9644c968: 43 internal nodes; 2.6 s; peak memory 298 MiB.
2026-09-25T23:17:04Z INFO [463/500] 147495ae-dae6-417d-8f0d-0803806376d9: 20 internal nodes; 0.7 s; peak memory 298 MiB.
2026-09-25T23:17:05Z INFO [464/500] 1474b135-1327-4bf4-bc9e-114fbb414848: 27 internal nodes; 1.1 s; peak memory 298 MiB.
2026-09-25T23:17:10Z INFO [465/500] 14751cba-5d30-46ea-94c3-e59695fbbbbc: 73 internal nodes; 5.5 s; peak memory 298 MiB.
2026-09-25T23:17:12Z INFO [466/500] 147524be-c4d4-4480-8a70-1ec7b345fa14: 31 internal nodes; 1.3 s; peak memory 298 MiB.
2026-09-25T23:17:13Z INFO [467/500] 147543ff-4da5-472d-baa7-e45eddeb21f9: 17 internal nodes; 0.9 s; peak memory 298 MiB.
2026-09-25T23:17:19Z INFO [468/500] 1475c587-309b-4f22-a3ed-08e28462b923: 87 internal nodes; 6.5 s; peak memory 298 MiB.
2026-09-25T23:17:20Z INFO [469/500] 1476dbfe-c87d-4959-8f19-7594061b4d58: 27 internal nodes; 1.1 s; peak memory 298 MiB.
2026-09-25T23:17:26Z INFO [470/500] 1477c7cb-9b2a-4f43-969b-ba9b13f1c736: 188 internal nodes; 6.2 s; peak memory 298 MiB.
2026-09-25T23:17:29Z INFO [471/500] 1477efa2-4b90-499f-814a-2abece2dbc2f: 46 internal nodes; 2.7 s; peak memory 298 MiB.
2026-09-25T23:17:30Z INFO [472/500] 147804c6-29a4-4a76-9300-84e102a83b29: 26 internal nodes; 0.9 s; peak memory 298 MiB.
2026-09-25T23:17:31Z INFO [473/500] 14786717-8302-457b-8a9e-3a6bbb88e794: 32 internal nodes; 1.4 s; peak memory 298 MiB.
2026-09-25T23:17:32Z INFO [474/500] 14786d59-c3f8-4349-8b90-2552432ffa67: 18 internal nodes; 1.0 s; peak memory 298 MiB.
2026-09-25T23:17:34Z INFO [475/500] 147a8e99-bc43-4c21-8c68-d0c53d700740: 31 internal nodes; 1.3 s; peak memory 298 MiB.
2026-09-25T23:17:41Z INFO [476/500] 147adc4b-a56c-456a-b923-e70a656422d7: 194 internal nodes; 7.1 s; peak memory 298 MiB.
2026-09-25T23:17:42Z INFO [477/500] 147afd9c-809d-4959-ba8f-145504665fe4: 21 internal nodes; 1.0 s; peak memory 298 MiB.
2026-09-25T23:17:43Z INFO [478/500] 147b30b3-961f-4a09-aa02-9ac4961c974e: 27 internal nodes; 1.1 s; peak memory 298 MiB.
2026-09-25T23:17:44Z INFO [479/500] 147bc25e-3769-4c61-bdc2-2ed633bb06d5: 17 internal nodes; 0.8 s; peak memory 298 MiB.
2026-09-25T23:17:44Z INFO [480/500] 147bdba2-de89-4f2f-bdad-1395936e781a: 27 internal nodes; 0.8 s; peak memory 298 MiB.
2026-09-25T23:17:46Z INFO [481/500] 147c15d0-d61b-409b-bb70-0ee156b17c17: 31 internal nodes; 1.4 s; peak memory 298 MiB.
2026-09-25T23:17:47Z INFO [482/500] 147c1758-ac27-4463-8cba-fd0b53175f5e: 27 internal nodes; 1.1 s; peak memory 298 MiB.
2026-09-25T23:17:48Z INFO [483/500] 147c8016-12cf-4e0a-8368-b3658827c634: 17 internal nodes; 1.0 s; peak memory 298 MiB.
2026-09-25T23:17:49Z INFO [484/500] 147cc99e-3e2b-435e-9bda-722d2bf73926: 27 internal nodes; 1.0 s; peak memory 298 MiB.
2026-09-25T23:17:50Z INFO [485/500] 147e31a2-1143-4c9a-a584-536ce9bd4d3e: 31 internal nodes; 1.3 s; peak memory 298 MiB.
2026-09-25T23:17:53Z INFO [486/500] 147e786d-5d82-4162-883c-61705ede9f50: 44 internal nodes; 2.5 s; peak memory 298 MiB.
2026-09-25T23:17:54Z INFO [487/500] 147f072a-ad99-480d-86de-254787161eb9: 30 internal nodes; 1.4 s; peak memory 298 MiB.
2026-09-25T23:17:55Z INFO [488/500] 147f0b9c-9f2c-46dd-839b-fc25bf036563: 17 internal nodes; 0.8 s; peak memory 298 MiB.
2026-09-25T23:17:57Z INFO [489/500] 147f925f-36a2-4211-93ff-1aeea718d6d2: 44 internal nodes; 2.4 s; peak memory 298 MiB.
2026-09-25T23:17:59Z INFO [490/500] 14800bdc-33b4-48e0-9da8-f0d2ae669055: 27 internal nodes; 1.8 s; peak memory 298 MiB.
2026-09-25T23:18:00Z INFO [491/500] 14801ca5-55c2-4953-8053-354899c74b5c: 31 internal nodes; 1.2 s; peak memory 298 MiB.
2026-09-25T23:18:04Z INFO [492/500] 148062cf-8bcb-4ebb-85a8-c2e7d65cfe78: 73 internal nodes; 4.0 s; peak memory 298 MiB.
2026-09-25T23:18:06Z INFO [493/500] 1480c23a-e880-4fef-895a-d269fb1d51fd: 27 internal nodes; 1.1 s; peak memory 298 MiB.
2026-09-25T23:18:07Z INFO [494/500] 1480c6d9-5b4c-40d7-8f98-6ebae60da1bd: 66 internal nodes; 1.9 s; peak memory 298 MiB.
2026-09-25T23:18:08Z INFO [495/500] 1480cbd7-e90d-49cf-a981-bae516d85790: 17 internal nodes; 0.9 s; peak memory 298 MiB.
2026-09-25T23:18:15Z INFO [496/500] 14812d34-f895-4abb-bf7c-d7fc7e072086: 66 internal nodes; 6.5 s; peak memory 298 MiB.
2026-09-25T23:18:16Z INFO [497/500] 1481c8c7-cd04-4411-9edd-4a16d1d1516c: 31 internal nodes; 1.6 s; peak memory 298 MiB.
2026-09-25T23:18:17Z INFO [498/500] 14820909-0fcb-49b7-b847-b4b399f50656: 27 internal nodes; 1.1 s; peak memory 298 MiB.
2026-09-25T23:18:18Z INFO [499/500] 14829ca7-fbba-43a2-a200-cfbbb9a15db6: 27 internal nodes; 1.0 s; peak memory 298 MiB.
2026-09-25T23:18:20Z INFO [500/500] 1482a5aa-4c3a-46bf-a9c0-e74d9bf533df: 115 internal nodes; 1.1 s; peak memory 298 MiB.
2026-09-25T23:18:20Z INFO [500/500] 1482a5aa-4c3a-46bf-a9c0-e74d9bf533df: checkpointed 55964 records.
2026-09-25T23:18:20Z INFO Wrote 55964 records to /tmp/derivatives/valid_nwb_file_to_out_degrees.jsonl (495 new, 5 failed) in 18.4 min (peak memory 298 MiB).
