2026-10-01T14:58:58Z INFO Logging to /tmp/logs/update_2026-10-01T14-58-58Z.log.
2026-10-01T14:58:58Z INFO Update valid-nwb-file-to-out-degrees (base directory /tmp).
2026-10-01T14:58:58Z INFO Processing 500 items (60893 already recorded).
2026-10-01T14:59:00Z WARNING 024ef50f-ac6f-49ea-806b-93ef4b5e8644: failed while reading the NWB file (KeyError: 'Unable to synchronously open object (component not found)')
2026-10-01T14:59:00Z WARNING [1/500] 024ef50f-ac6f-49ea-806b-93ef4b5e8644: leaving unrecorded for a later run to retry.
2026-10-01T14:59:02Z WARNING 09073220-fbea-45d2-9a39-2cc61fcdc2a1: failed while reading the NWB file (KeyError: 'Unable to synchronously open object (component not found)')
2026-10-01T14:59:02Z WARNING [2/500] 09073220-fbea-45d2-9a39-2cc61fcdc2a1: leaving unrecorded for a later run to retry.
2026-10-01T14:59:03Z WARNING 0dec427d-4db4-44c3-988a-c37959ceaff3: failed while reading the NWB file (KeyError: 'Unable to synchronously open object (component not found)')
2026-10-01T14:59:03Z WARNING [3/500] 0dec427d-4db4-44c3-988a-c37959ceaff3: leaving unrecorded for a later run to retry.
2026-10-01T14:59:05Z WARNING 0f7396ad-67ec-468a-b6a6-5599cb507f54: failed while reading the NWB file (KeyError: 'Unable to synchronously open object (component not found)')
2026-10-01T14:59:05Z WARNING [4/500] 0f7396ad-67ec-468a-b6a6-5599cb507f54: leaving unrecorded for a later run to retry.
2026-10-01T14:59:06Z WARNING 1066b3ba-83d9-4cb3-bfe3-ecf8539e2334: failed while reading the NWB file (KeyError: 'Unable to synchronously open object (component not found)')
2026-10-01T14:59:06Z WARNING [5/500] 1066b3ba-83d9-4cb3-bfe3-ecf8539e2334: leaving unrecorded for a later run to retry.
2026-10-01T14:59:08Z WARNING 17a546c4-6425-4c56-a43e-9f9f272d299c: failed while reading the NWB file (KeyError: 'Unable to synchronously open object (component not found)')
2026-10-01T14:59:08Z WARNING [6/500] 17a546c4-6425-4c56-a43e-9f9f272d299c: leaving unrecorded for a later run to retry.
2026-10-01T14:59:09Z WARNING 19998990-d06f-40db-8d07-c5121b317b6a: failed while reading the NWB file (KeyError: 'Unable to synchronously open object (component not found)')
2026-10-01T14:59:09Z WARNING [7/500] 19998990-d06f-40db-8d07-c5121b317b6a: leaving unrecorded for a later run to retry.
2026-10-01T14:59:11Z WARNING 1a18ed31-9155-4512-919f-b6875d14b9f3: failed while reading the NWB file (KeyError: 'Unable to synchronously open object (component not found)')
2026-10-01T14:59:11Z WARNING [8/500] 1a18ed31-9155-4512-919f-b6875d14b9f3: leaving unrecorded for a later run to retry.
2026-10-01T14:59:13Z WARNING 1c2fff6f-f3a7-43fb-b7e2-a33218d41614: failed while reading the NWB file (KeyError: 'Unable to synchronously open object (component not found)')
2026-10-01T14:59:13Z WARNING [9/500] 1c2fff6f-f3a7-43fb-b7e2-a33218d41614: leaving unrecorded for a later run to retry.
2026-10-01T14:59:14Z INFO [10/500] 1e9a3944-cb9a-4d13-9fcf-c4139f827b80: 27 internal nodes; 1.3 s; peak memory 133 MiB.
2026-10-01T14:59:15Z INFO [11/500] 1e9a6c96-46ba-4365-9622-8ba4b582f559: 16 internal nodes; 0.9 s; peak memory 133 MiB.
2026-10-01T14:59:16Z INFO [12/500] 1e9ba0c7-a37e-4d28-9f5c-7c331421bdc0: 17 internal nodes; 1.2 s; peak memory 133 MiB.
2026-10-01T14:59:23Z INFO [13/500] 1e9c6382-b4ad-4d1f-9fdc-3a5fcf453572: 73 internal nodes; 6.4 s; peak memory 134 MiB.
2026-10-01T14:59:24Z INFO [14/500] 1e9c861a-a86f-4fb0-bb9a-5aca70e5b36f: 22 internal nodes; 1.6 s; peak memory 134 MiB.
2026-10-01T14:59:25Z INFO [15/500] 1e9cfcf3-f0ca-4053-92e5-9c0957d8c4e0: 119 internal nodes; 1.3 s; peak memory 134 MiB.
2026-10-01T14:59:31Z INFO [16/500] 1e9d4735-8114-45bb-b9ba-3626ee46ce96: 97 internal nodes; 5.7 s; peak memory 138 MiB.
2026-10-01T14:59:33Z INFO [17/500] 1e9d4c60-5086-45d3-8921-24011c2c93da: 27 internal nodes; 1.5 s; peak memory 138 MiB.
2026-10-01T14:59:34Z INFO [18/500] 1e9d5f6a-43f2-4799-b829-2b494b92a063: 61 internal nodes; 1.8 s; peak memory 138 MiB.
2026-10-01T14:59:35Z INFO [19/500] 1e9eacdf-b8cf-4124-a50c-abc5c8e4b81e: 18 internal nodes; 1.1 s; peak memory 138 MiB.
2026-10-01T14:59:41Z INFO [20/500] 1e9f1e19-165c-4f7c-8b4c-11037a5ef5d8: 143 internal nodes; 5.5 s; peak memory 139 MiB.
2026-10-01T14:59:42Z INFO [21/500] 1e9f252e-5a0b-45ca-88b0-d23d2cf186d5: 17 internal nodes; 1.1 s; peak memory 139 MiB.
2026-10-01T14:59:43Z INFO [22/500] 1e9f46c3-ea17-4e41-b6e8-b8ebc964c4ce: 27 internal nodes; 1.3 s; peak memory 139 MiB.
2026-10-01T14:59:50Z INFO [23/500] 1e9f7bb5-7263-4a2e-9140-a6e6875a98e0: 134 internal nodes; 6.3 s; peak memory 141 MiB.
2026-10-01T14:59:51Z INFO [24/500] 1e9fdf6e-a144-4dac-987b-0d110aee8986: 22 internal nodes; 1.4 s; peak memory 141 MiB.
2026-10-01T14:59:53Z INFO [25/500] 1ea0681e-3a52-46e6-8aa7-fa537baa23ea: 27 internal nodes; 2.1 s; peak memory 141 MiB.
2026-10-01T14:59:54Z INFO [26/500] 1ea14f45-0c40-47f7-8478-54c430adc742: 17 internal nodes; 1.0 s; peak memory 141 MiB.
2026-10-01T14:59:56Z INFO [27/500] 1ea1a62b-1297-4ad5-b77a-b9432157a9dd: 27 internal nodes; 1.5 s; peak memory 141 MiB.
2026-10-01T14:59:57Z INFO [28/500] 1ea1b061-ad5d-43d1-be92-ee5aa92a4f91: 31 internal nodes; 1.7 s; peak memory 141 MiB.
2026-10-01T14:59:59Z INFO [29/500] 1ea29d0b-dfca-4545-921a-e2633c9d59c0: 27 internal nodes; 1.5 s; peak memory 141 MiB.
2026-10-01T15:00:01Z INFO [30/500] 1ea30c71-7fd1-4675-ba9b-bbe5b531ebc5: 29 internal nodes; 1.6 s; peak memory 141 MiB.
2026-10-01T15:00:08Z INFO [31/500] 1ea31720-c965-4707-9ccf-bf661f7f9fce: 65 internal nodes; 7.5 s; peak memory 141 MiB.
2026-10-01T15:00:09Z INFO [32/500] 1ea37ab4-42a8-4e7f-b47a-9ecdcaeae4df: 17 internal nodes; 1.2 s; peak memory 141 MiB.
2026-10-01T15:00:17Z INFO [33/500] 1ea3cf27-0ea7-4ccc-b18e-0545106b3240: 158 internal nodes; 7.3 s; peak memory 143 MiB.
2026-10-01T15:00:18Z INFO [34/500] 1ea3dd66-6fd9-44d1-89c8-b4668bf60e5a: 31 internal nodes; 1.8 s; peak memory 143 MiB.
2026-10-01T15:00:22Z INFO [35/500] 1ea471c2-8763-4be1-8443-68ee30e58212: 46 internal nodes; 3.2 s; peak memory 143 MiB.
2026-10-01T15:00:24Z INFO [36/500] 1ea57394-d530-4e0e-8da1-5411587cdb0a: 42 internal nodes; 2.3 s; peak memory 143 MiB.
2026-10-01T15:00:26Z INFO [37/500] 1ea5af70-e1d3-4401-b48a-f5abeba618fb: 28 internal nodes; 1.7 s; peak memory 143 MiB.
2026-10-01T15:00:26Z INFO [38/500] 1ea5f2db-9e0f-4c88-a1df-04cbbfd7f4ac: 17 internal nodes; 0.8 s; peak memory 143 MiB.
2026-10-01T15:00:33Z INFO [39/500] 1ea610e7-5473-4c33-b4dd-054fa0f55ad5: 105 internal nodes; 6.2 s; peak memory 143 MiB.
2026-10-01T15:00:37Z INFO [40/500] 1ea61541-8d2c-4295-bdce-29b235af790c: 53 internal nodes; 4.6 s; peak memory 143 MiB.
2026-10-01T15:00:38Z INFO [41/500] 1ea623a1-7900-4d25-bac2-a16e9b4f9551: 27 internal nodes; 0.8 s; peak memory 143 MiB.
2026-10-01T15:00:39Z INFO [42/500] 1ea63502-e4fc-428c-a937-23016491837c: 11 internal nodes; 0.8 s; peak memory 143 MiB.
2026-10-01T15:00:40Z INFO [43/500] 1ea6e167-ac58-45e0-a272-5b8b30b156e7: 23 internal nodes; 1.6 s; peak memory 143 MiB.
2026-10-01T15:00:42Z INFO [44/500] 1ea74a85-d81b-49bd-be6b-817ddb194ba4: 60 internal nodes; 1.7 s; peak memory 143 MiB.
2026-10-01T15:00:43Z INFO [45/500] 1ea7763d-47e1-4078-859d-10490a0acf51: 11 internal nodes; 0.8 s; peak memory 143 MiB.
2026-10-01T15:00:45Z INFO [46/500] 1ea77803-3b91-46c3-b0b1-d98c82060469: 27 internal nodes; 2.2 s; peak memory 143 MiB.
2026-10-01T15:00:46Z INFO [47/500] 1ea7b62d-7d3b-4875-85f5-9bf204e4b68e: 86 internal nodes; 1.3 s; peak memory 143 MiB.
2026-10-01T15:00:48Z INFO [48/500] 1ea7f936-5a31-423b-84c6-e3102903363e: 27 internal nodes; 1.6 s; peak memory 143 MiB.
2026-10-01T15:00:50Z INFO [49/500] 1ea8ddb8-b24b-4050-929e-21bdd4afb0d8: 32 internal nodes; 1.9 s; peak memory 143 MiB.
2026-10-01T15:00:52Z INFO [50/500] 1ea8e554-9054-4a07-b15c-9fc0c567eb85: 44 internal nodes; 2.1 s; peak memory 143 MiB.
2026-10-01T15:00:52Z INFO [50/500] 1ea8e554-9054-4a07-b15c-9fc0c567eb85: checkpointed 60934 records.
2026-10-01T15:00:53Z INFO [51/500] 1ea934da-2c5f-4f7f-b595-525b9c0ee158: 27 internal nodes; 1.2 s; peak memory 143 MiB.
2026-10-01T15:00:54Z INFO [52/500] 1ea93a3d-d8a7-4f52-a3d0-9e60ecc4e875: 17 internal nodes; 1.1 s; peak memory 143 MiB.
2026-10-01T15:00:56Z INFO [53/500] 1eab086d-e3e1-4af3-99da-5aed6144a22f: 13 internal nodes; 1.3 s; peak memory 143 MiB.
2026-10-01T15:00:57Z INFO [54/500] 1eab6b4c-b7d2-4002-b285-3efd93a3e804: 27 internal nodes; 1.3 s; peak memory 143 MiB.
2026-10-01T15:01:11Z INFO [55/500] 1eab796b-7aa2-4558-9b27-f241108350ad: 254 internal nodes; 13.9 s; peak memory 153 MiB.
2026-10-01T15:01:13Z INFO [56/500] 1eab799c-2a16-4374-8d26-a759f4d57f3a: 31 internal nodes; 1.7 s; peak memory 153 MiB.
2026-10-01T15:01:14Z INFO [57/500] 1eabdc9e-0075-4712-9a24-b5ca3a8ee5a8: 31 internal nodes; 1.6 s; peak memory 153 MiB.
2026-10-01T15:01:15Z INFO [58/500] 1eabdf30-b9ca-4a50-bfc5-15560383815b: 23 internal nodes; 1.1 s; peak memory 153 MiB.
2026-10-01T15:01:23Z INFO [59/500] 1eabe2df-dd25-4164-8d62-cab8be9fa83c: 65 internal nodes; 7.4 s; peak memory 153 MiB.
2026-10-01T15:01:29Z INFO [60/500] 1eabe521-1fd6-4796-818d-2f93aa3770c7: 73 internal nodes; 5.9 s; peak memory 153 MiB.
2026-10-01T15:01:34Z INFO [61/500] 1eac10b8-492b-4fa6-9cbe-33eab26d1591: 100 internal nodes; 5.6 s; peak memory 153 MiB.
2026-10-01T15:01:35Z INFO [62/500] 1eac2da8-f1dd-4f40-8a40-acfccfc2d8ff: 19 internal nodes; 1.0 s; peak memory 153 MiB.
2026-10-01T15:01:36Z INFO [63/500] 1eac8e58-f29e-44a6-8493-c0dd8d7af3b2: 26 internal nodes; 0.8 s; peak memory 153 MiB.
2026-10-01T15:01:39Z INFO [64/500] 1ead59f1-2692-41cc-a8a5-dc1dab812ae1: 44 internal nodes; 3.0 s; peak memory 153 MiB.
2026-10-01T15:01:40Z INFO [65/500] 1ead6d91-9077-4b1c-9043-9206069452d3: 17 internal nodes; 1.1 s; peak memory 153 MiB.
2026-10-01T15:01:41Z INFO [66/500] 1eaddfdd-1c07-4d1b-bae0-ddcdcfe64442: 22 internal nodes; 0.8 s; peak memory 153 MiB.
2026-10-01T15:01:43Z INFO [67/500] 1eadef4b-51f1-42d9-a7cd-4ca3c7e13096: 56 internal nodes; 1.6 s; peak memory 153 MiB.
2026-10-01T15:01:44Z INFO [68/500] 1eae8032-4d89-4ec1-8e34-26dd1a9f1d83: 27 internal nodes; 1.2 s; peak memory 153 MiB.
2026-10-01T15:01:45Z INFO [69/500] 1eaeb15b-e2f7-4d9e-99c1-6207829cdaa5: 115 internal nodes; 1.3 s; peak memory 153 MiB.
2026-10-01T15:01:46Z INFO [70/500] 1eaec016-5a85-439c-b2f0-81fe093d2242: 17 internal nodes; 1.1 s; peak memory 153 MiB.
2026-10-01T15:01:57Z INFO [71/500] 1eaf01b7-f99d-4499-b9e7-f93416d43664: 64 internal nodes; 10.6 s; peak memory 153 MiB.
2026-10-01T15:01:58Z INFO [72/500] 1eb0013d-939e-43ee-9d0d-ff5658568ec2: 27 internal nodes; 1.5 s; peak memory 153 MiB.
2026-10-01T15:02:00Z INFO [73/500] 1eb044c6-d471-4492-bb74-17cdf2769cf6: 67 internal nodes; 1.7 s; peak memory 153 MiB.
2026-10-01T15:02:02Z INFO [74/500] 1eb0ace7-96cf-4ac3-a8c3-ae72432e8fa3: 53 internal nodes; 1.6 s; peak memory 153 MiB.
2026-10-01T15:02:03Z INFO [75/500] 1eb10b37-837a-46ab-8d91-28e56afb7460: 15 internal nodes; 0.9 s; peak memory 153 MiB.
2026-10-01T15:02:08Z INFO [76/500] 1eb1b9ae-0f49-4de2-8ead-3fdcc2944ca4: 130 internal nodes; 5.5 s; peak memory 153 MiB.
2026-10-01T15:02:14Z INFO [77/500] 1eb1e405-18ab-4eca-a1c4-4fadc8a584a4: 149 internal nodes; 5.6 s; peak memory 153 MiB.
2026-10-01T15:02:15Z INFO [78/500] 1eb20f25-e04c-4198-b93c-b5b5a7eae1c6: 54 internal nodes; 1.7 s; peak memory 153 MiB.
2026-10-01T15:02:17Z INFO [79/500] 1eb24a58-a79e-4565-9eae-cf87fcb0f5b3: 53 internal nodes; 1.8 s; peak memory 153 MiB.
2026-10-01T15:02:18Z INFO [80/500] 1eb31f9c-d268-466f-9a99-677a41d02e34: 19 internal nodes; 1.1 s; peak memory 153 MiB.
2026-10-01T15:02:20Z INFO [81/500] 1eb3845d-d021-4dd4-8100-3391299bebe4: 26 internal nodes; 1.8 s; peak memory 154 MiB.
2026-10-01T15:02:22Z INFO [82/500] 1eb5295a-67ee-4f73-9737-6c68fa6ca049: 17 internal nodes; 1.3 s; peak memory 154 MiB.
2026-10-01T15:02:23Z INFO [83/500] 1eb6047c-419c-4da4-bbad-24bb67218a43: 28 internal nodes; 1.7 s; peak memory 154 MiB.
2026-10-01T15:02:25Z INFO [84/500] 1eb6f561-22aa-45af-9654-b722e478ef69: 115 internal nodes; 1.5 s; peak memory 154 MiB.
2026-10-01T15:02:26Z INFO [85/500] 1eb71723-e1ea-4dd9-9f46-2d943ca3ce00: 17 internal nodes; 1.1 s; peak memory 154 MiB.
2026-10-01T15:02:31Z INFO [86/500] 1eb77909-6771-45b3-b25f-be892c433c12: 72 internal nodes; 5.4 s; peak memory 154 MiB.
2026-10-01T15:02:33Z INFO [87/500] 1eb7c05c-d8cc-4fb0-86b7-2ae49474f0c8: 30 internal nodes; 1.7 s; peak memory 154 MiB.
2026-10-01T15:02:49Z INFO [88/500] 1eb7d596-41ce-473c-8660-46f6686e2180: 81 internal nodes; 16.0 s; peak memory 154 MiB.
2026-10-01T15:02:50Z INFO [89/500] 1eb957d7-94cd-4215-9906-912a4eed3011: 11 internal nodes; 0.7 s; peak memory 154 MiB.
2026-10-01T15:03:01Z INFO [90/500] 1eba4c5c-81bb-4d9c-ac92-6e5000ee2e2f: 134 internal nodes; 11.7 s; peak memory 155 MiB.
2026-10-01T15:03:03Z INFO [91/500] 1ebc2400-36a7-4d3f-8da6-0ca9eb0a2c9d: 27 internal nodes; 1.3 s; peak memory 155 MiB.
2026-10-01T15:03:04Z INFO [92/500] 1ebc8302-8c2a-456b-bdda-e8e3d818a70d: 31 internal nodes; 1.9 s; peak memory 155 MiB.
2026-10-01T15:03:06Z INFO [93/500] 1ebd24ba-bf27-43c0-8fd9-5c66d5eec055: 18 internal nodes; 1.1 s; peak memory 155 MiB.
2026-10-01T15:03:07Z INFO [94/500] 1ebe30f1-be02-4a74-be7f-b59188a04baf: 27 internal nodes; 1.3 s; peak memory 155 MiB.
2026-10-01T15:03:09Z INFO [95/500] 1ebe5fc5-be13-4e4d-b2b0-286703b85e0b: 31 internal nodes; 2.0 s; peak memory 155 MiB.
2026-10-01T15:05:29Z INFO [96/500] 1ebe7044-7dda-4763-9f7a-6c00fa8db0e1: 528 internal nodes; 139.8 s; peak memory 216 MiB.
2026-10-01T15:05:31Z INFO [97/500] 1ebe7af5-46da-4019-bfe6-1736e045b5c5: 44 internal nodes; 2.8 s; peak memory 216 MiB.
2026-10-01T15:05:33Z INFO [98/500] 1ec01265-894b-4939-bc07-fe816abe453b: 17 internal nodes; 1.0 s; peak memory 216 MiB.
2026-10-01T15:05:34Z INFO [99/500] 1ec03e33-68ce-4116-94a8-395f698575c3: 115 internal nodes; 1.3 s; peak memory 216 MiB.
2026-10-01T15:05:35Z INFO [100/500] 1ec04393-f604-4505-89df-5bf6105c0831: 15 internal nodes; 0.9 s; peak memory 216 MiB.
2026-10-01T15:05:35Z INFO [100/500] 1ec04393-f604-4505-89df-5bf6105c0831: checkpointed 60984 records.
2026-10-01T15:05:36Z INFO [101/500] 1ec0d955-9dfb-44b1-a6d7-0a9e1629f9c6: 118 internal nodes; 1.3 s; peak memory 216 MiB.
2026-10-01T15:05:42Z INFO [102/500] 1ec1693c-26f2-4156-91cc-5055258cbe70: 64 internal nodes; 5.6 s; peak memory 216 MiB.
2026-10-01T15:05:44Z INFO [103/500] 1ec18c03-7539-4f19-8ab4-f86bc19d598e: 23 internal nodes; 1.7 s; peak memory 216 MiB.
2026-10-01T15:05:45Z INFO [104/500] 1ec1a2c1-4e13-48ed-a622-280882a06b80: 17 internal nodes; 1.0 s; peak memory 216 MiB.
2026-10-01T15:05:46Z INFO [105/500] 1ec20868-635a-4e3d-85c4-b0cfde824859: 11 internal nodes; 0.9 s; peak memory 216 MiB.
2026-10-01T15:05:47Z INFO [106/500] 1ec279f4-a39e-4f74-b506-bdb58e18faee: 17 internal nodes; 1.0 s; peak memory 216 MiB.
2026-10-01T15:05:48Z INFO [107/500] 1ec35557-249a-4dfd-a44c-b8d76adf32dc: 17 internal nodes; 1.3 s; peak memory 216 MiB.
2026-10-01T15:05:50Z INFO [108/500] 1ec35c0b-10f7-41e6-a5e6-5bc5b752e74d: 95 internal nodes; 1.7 s; peak memory 216 MiB.
2026-10-01T15:05:51Z INFO [109/500] 1ec36f66-68ac-476f-998e-0381106c48e9: 17 internal nodes; 1.0 s; peak memory 216 MiB.
2026-10-01T15:05:52Z INFO [110/500] 1ec3c6d3-0889-4329-9633-58f2cf1eedde: 27 internal nodes; 1.4 s; peak memory 216 MiB.
2026-10-01T15:05:54Z INFO [111/500] 1ec59440-ded8-4553-9a1e-b6d7d3697c33: 69 internal nodes; 1.8 s; peak memory 216 MiB.
2026-10-01T15:05:55Z INFO [112/500] 1ec60477-21c9-4015-85ec-10d7d49ea28c: 27 internal nodes; 1.4 s; peak memory 216 MiB.
2026-10-01T15:05:56Z INFO [113/500] 1ec77cf5-62bd-4c86-9c01-9672eb57a978: 27 internal nodes; 1.2 s; peak memory 216 MiB.
2026-10-01T15:05:58Z INFO [114/500] 1ec78002-c80c-4e6c-95e5-78fc57784b4c: 27 internal nodes; 1.5 s; peak memory 216 MiB.
2026-10-01T15:05:59Z INFO [115/500] 1ec80295-464a-419d-b044-f9481e577ae1: 23 internal nodes; 1.0 s; peak memory 216 MiB.
2026-10-01T15:06:00Z INFO [116/500] 1ec8a415-0f05-4253-8ac9-d9acc8ffdc71: 17 internal nodes; 1.1 s; peak memory 216 MiB.
2026-10-01T15:06:17Z INFO [117/500] 1ec8d443-5fd5-432a-81ff-fb5529243f72: 88 internal nodes; 16.4 s; peak memory 216 MiB.
2026-10-01T15:06:18Z INFO [118/500] 1ec8e46a-6fbd-445a-a8d9-53bf150099c3: 17 internal nodes; 1.2 s; peak memory 216 MiB.
2026-10-01T15:06:19Z INFO [119/500] 1ec92c22-8827-48df-be87-651f36bbc4db: 17 internal nodes; 1.0 s; peak memory 216 MiB.
2026-10-01T15:06:20Z INFO [120/500] 1ec95144-18de-435e-975c-d7538632b712: 30 internal nodes; 1.6 s; peak memory 216 MiB.
2026-10-01T15:06:22Z INFO [121/500] 1ec9b47e-02ff-45bd-941f-a57d28a3080c: 27 internal nodes; 1.3 s; peak memory 216 MiB.
2026-10-01T15:06:27Z INFO [122/500] 1ecb4c57-cc88-4814-96ee-996edc54d89b: 177 internal nodes; 5.7 s; peak memory 216 MiB.
2026-10-01T15:06:28Z INFO [123/500] 1ecb8015-c054-43bf-b6a6-8f678ff4638b: 58 internal nodes; 1.0 s; peak memory 216 MiB.
2026-10-01T15:06:29Z INFO [124/500] 1ecbfb88-0bbd-421c-ad56-cac70c00fc3b: 17 internal nodes; 1.0 s; peak memory 216 MiB.
2026-10-01T15:06:33Z INFO [125/500] 1ecc0016-e4d7-44ab-94ae-5176ff50f0ac: 26 internal nodes; 3.3 s; peak memory 216 MiB.
2026-10-01T15:06:34Z INFO [126/500] 1ecc4ddd-de54-45b4-83f0-c0da095d0c0b: 29 internal nodes; 1.3 s; peak memory 216 MiB.
2026-10-01T15:06:40Z INFO [127/500] 1ecdb00b-ae15-4712-9880-55bdf87a44b4: 55 internal nodes; 6.3 s; peak memory 216 MiB.
2026-10-01T15:06:52Z INFO [128/500] 1ecdb083-532e-46df-8975-17acad78f522: 627 internal nodes; 11.8 s; peak memory 216 MiB.
2026-10-01T15:06:53Z INFO [129/500] 1ece7745-d6c2-431b-ae96-815710180d6c: 24 internal nodes; 1.3 s; peak memory 216 MiB.
2026-10-01T15:06:54Z INFO [130/500] 1ecef4b7-83ba-479f-aa56-6706927ef1f6: 28 internal nodes; 1.1 s; peak memory 216 MiB.
2026-10-01T15:06:57Z INFO [131/500] 1ecf0524-f06b-4bdb-b337-f5211c5b3d0b: 31 internal nodes; 2.4 s; peak memory 216 MiB.
2026-10-01T15:06:58Z INFO [132/500] 1ecf0cb2-1bd7-4728-8aff-07f162f15f9c: 114 internal nodes; 1.3 s; peak memory 216 MiB.
2026-10-01T15:07:00Z INFO [133/500] 1ecf647d-06d5-46a3-8220-504f7839757a: 29 internal nodes; 1.7 s; peak memory 216 MiB.
2026-10-01T15:07:02Z INFO [134/500] 1ed037f1-c5f7-4100-913c-faf448792156: 31 internal nodes; 1.9 s; peak memory 216 MiB.
2026-10-01T15:07:03Z INFO [135/500] 1ed0d28b-d072-4f87-9170-b0371b1db362: 17 internal nodes; 1.1 s; peak memory 216 MiB.
2026-10-01T15:07:04Z INFO [136/500] 1ed139a3-1c6a-4f4a-a36b-c70b58566e0c: 17 internal nodes; 1.2 s; peak memory 216 MiB.
2026-10-01T15:07:06Z INFO [137/500] 1ed1ba3b-6fa6-4cb7-8f2b-394aea39fe0b: 54 internal nodes; 1.6 s; peak memory 216 MiB.
2026-10-01T15:07:06Z INFO [138/500] 1ed1e9b9-5831-4f55-81f0-8e30e6949f27: 11 internal nodes; 0.7 s; peak memory 216 MiB.
2026-10-01T15:07:08Z INFO [139/500] 1ed22ae0-abb0-438e-a9cb-ac6529128917: 90 internal nodes; 1.5 s; peak memory 216 MiB.
2026-10-01T15:07:09Z INFO [140/500] 1ed28752-90cc-4e0b-ac8e-93550cdd0a89: 17 internal nodes; 1.1 s; peak memory 216 MiB.
2026-10-01T15:07:11Z INFO [141/500] 1ed3bc66-ba4d-4af0-a2da-6e7fdd4f49bd: 29 internal nodes; 2.0 s; peak memory 216 MiB.
2026-10-01T15:07:13Z INFO [142/500] 1ed463a4-66b1-413f-a561-1e30394ac178: 55 internal nodes; 1.6 s; peak memory 216 MiB.
2026-10-01T15:07:14Z INFO [143/500] 1ed50f2b-89fa-4812-a31f-cd88a5f12378: 27 internal nodes; 1.3 s; peak memory 216 MiB.
2026-10-01T15:07:15Z INFO [144/500] 1ed530e5-1b83-4ccb-93a7-5ddd73731efc: 17 internal nodes; 1.1 s; peak memory 216 MiB.
2026-10-01T15:07:16Z INFO [145/500] 1ed53410-02af-4496-971e-ae4ed534a9d9: 27 internal nodes; 1.2 s; peak memory 216 MiB.
2026-10-01T15:07:17Z INFO [146/500] 1ed5b3c1-c631-4e27-8ca2-fef489167164: 17 internal nodes; 1.1 s; peak memory 216 MiB.
2026-10-01T15:07:19Z INFO [147/500] 1ed6207d-6acd-49da-81ad-2b84a3281b9b: 31 internal nodes; 1.5 s; peak memory 216 MiB.
2026-10-01T15:07:20Z INFO [148/500] 1ed6d321-bc3d-4958-9da9-9223529300a2: 27 internal nodes; 1.3 s; peak memory 216 MiB.
2026-10-01T15:07:21Z INFO [149/500] 1ed6ffff-a50d-424e-a058-deb4181691e1: 17 internal nodes; 1.1 s; peak memory 216 MiB.
2026-10-01T15:07:23Z INFO [150/500] 1ed74181-b391-43c7-860c-f9b390b49099: 63 internal nodes; 1.7 s; peak memory 216 MiB.
2026-10-01T15:07:23Z INFO [150/500] 1ed74181-b391-43c7-860c-f9b390b49099: checkpointed 61034 records.
2026-10-01T15:07:24Z INFO [151/500] 1ed7777e-7bcb-462f-a458-b7fe42d1bb5c: 31 internal nodes; 1.1 s; peak memory 216 MiB.
2026-10-01T15:07:25Z INFO [152/500] 1ed783d9-bbe4-44b8-a447-393a7bd648cf: 17 internal nodes; 1.0 s; peak memory 216 MiB.
2026-10-01T15:07:27Z INFO [153/500] 1ed78c01-08c6-4db2-a5a7-a7a599db023d: 27 internal nodes; 1.5 s; peak memory 216 MiB.
2026-10-01T15:07:30Z INFO [154/500] 1ed7f4a4-90bd-43b0-99cb-2415f4dfa69c: 44 internal nodes; 3.3 s; peak memory 216 MiB.
2026-10-01T15:07:31Z INFO [155/500] 1ed89224-27ad-41a2-8a1e-24dc687b22b4: 18 internal nodes; 1.0 s; peak memory 216 MiB.
2026-10-01T15:07:32Z INFO [156/500] 1ed97550-7d93-4db2-a782-8c15722f7688: 11 internal nodes; 0.8 s; peak memory 216 MiB.
2026-10-01T15:07:35Z INFO [157/500] 1ed99c62-38b0-467b-93ad-bd2475f2595d: 40 internal nodes; 3.1 s; peak memory 216 MiB.
2026-10-01T15:07:36Z INFO [158/500] 1eda47b5-9db2-4146-8ab9-277f470ce9ae: 31 internal nodes; 1.2 s; peak memory 216 MiB.
2026-10-01T15:07:37Z INFO [159/500] 1edac93d-dc68-409d-98a8-7a6d501d5fff: 17 internal nodes; 1.0 s; peak memory 216 MiB.
2026-10-01T15:07:38Z INFO [160/500] 1edc05f2-7f60-48de-9cc1-0b241d626570: 17 internal nodes; 1.1 s; peak memory 216 MiB.
2026-10-01T15:07:39Z INFO [161/500] 1edcd24c-ab81-4c28-9a47-ff696fc48daa: 17 internal nodes; 1.0 s; peak memory 216 MiB.
2026-10-01T15:07:41Z INFO [162/500] 1edd217c-7607-423f-8081-88b4d025ed85: 22 internal nodes; 1.7 s; peak memory 216 MiB.
2026-10-01T15:07:44Z INFO [163/500] 1ede2eca-51e7-4284-b73d-af98dfd5ef80: 44 internal nodes; 3.1 s; peak memory 216 MiB.
2026-10-01T15:07:45Z INFO [164/500] 1ede78fb-c73e-4fd6-887e-791e63af2edd: 11 internal nodes; 0.7 s; peak memory 216 MiB.
2026-10-01T15:07:46Z INFO [165/500] 1edf4a76-9639-4275-87c5-d5c5acedd6f6: 31 internal nodes; 1.5 s; peak memory 216 MiB.
2026-10-01T15:07:48Z INFO [166/500] 1ee0d17b-8e35-4f0e-84b1-4e10199dc759: 26 internal nodes; 2.2 s; peak memory 216 MiB.
2026-10-01T15:07:50Z INFO [167/500] 1ee0e2f4-0ed0-4736-b443-e45cd0bda5e5: 17 internal nodes; 1.2 s; peak memory 216 MiB.
2026-10-01T15:07:51Z INFO [168/500] 1ee16931-241c-40d8-838c-b16d6a40ea52: 27 internal nodes; 1.6 s; peak memory 216 MiB.
2026-10-01T15:07:52Z INFO [169/500] 1ee21819-d2bf-4bc9-8c67-a85ed3fea053: 17 internal nodes; 1.1 s; peak memory 216 MiB.
2026-10-01T15:07:53Z INFO [170/500] 1ee32f9d-5756-4204-a4bd-fc91833ec31c: 17 internal nodes; 1.1 s; peak memory 216 MiB.
2026-10-01T15:07:55Z INFO [171/500] 1ee3a42b-402b-487e-a3ed-1b190b12f9ef: 27 internal nodes; 1.3 s; peak memory 216 MiB.
2026-10-01T15:07:56Z INFO [172/500] 1ee3b43d-4291-4bd3-9682-259f143e7773: 27 internal nodes; 1.3 s; peak memory 216 MiB.
2026-10-01T15:07:57Z INFO [173/500] 1ee4105a-aeee-4653-a153-df3afdd27c88: 17 internal nodes; 1.2 s; peak memory 216 MiB.
2026-10-01T15:07:59Z INFO [174/500] 1ee42db4-b9de-4e8b-9b1e-930913a0fd31: 19 internal nodes; 2.1 s; peak memory 216 MiB.
2026-10-01T15:08:01Z INFO [175/500] 1ee597bf-abb5-4b5c-a66f-c9186012acef: 17 internal nodes; 1.3 s; peak memory 216 MiB.
2026-10-01T15:08:02Z INFO [176/500] 1ee5b240-b7de-4a27-b4f5-f46bcebcefa6: 17 internal nodes; 1.1 s; peak memory 216 MiB.
2026-10-01T15:08:03Z INFO [177/500] 1ee65bb4-501f-470f-8757-e6517b0e0d6e: 34 internal nodes; 1.0 s; peak memory 216 MiB.
2026-10-01T15:08:04Z INFO [178/500] 1ee7c1f4-e0dc-491c-a4a3-6ff967e6aab9: 17 internal nodes; 1.3 s; peak memory 216 MiB.
2026-10-01T15:08:05Z INFO [179/500] 1ee82be2-ecbe-4b01-9cd1-aa1db696a0d8: 21 internal nodes; 1.3 s; peak memory 216 MiB.
2026-10-01T15:08:07Z INFO [180/500] 1ee8fd38-6419-477b-8400-dfb921cfa08b: 67 internal nodes; 2.0 s; peak memory 216 MiB.
2026-10-01T15:08:09Z INFO [181/500] 1ee91168-16dc-4c20-b762-b904a9dcb66b: 27 internal nodes; 1.2 s; peak memory 216 MiB.
2026-10-01T15:08:10Z INFO [182/500] 1ee92a8f-beb8-4978-867c-89578486c95d: 17 internal nodes; 1.0 s; peak memory 216 MiB.
2026-10-01T15:08:11Z INFO [183/500] 1eea0b09-635f-4976-90f1-ee91112fde2a: 22 internal nodes; 0.9 s; peak memory 216 MiB.
2026-10-01T15:08:12Z INFO [184/500] 1eeb897d-a458-4eb6-809d-d67720b3f62d: 31 internal nodes; 1.5 s; peak memory 216 MiB.
2026-10-01T15:08:28Z INFO [185/500] 1eec1df0-605e-41cc-890e-1aed3d8b9dfe: 324 internal nodes; 15.6 s; peak memory 216 MiB.
2026-10-01T15:08:29Z INFO [186/500] 1eec2f70-050d-4056-b241-f3486210d3c8: 30 internal nodes; 1.7 s; peak memory 216 MiB.
2026-10-01T15:08:40Z INFO [187/500] 1eef0089-3145-462b-8d29-b5af8ef9a585: 156 internal nodes; 10.9 s; peak memory 216 MiB.
2026-10-01T15:08:42Z INFO [188/500] 1eef40b2-85d8-4def-854a-73352bd2af24: 31 internal nodes; 1.4 s; peak memory 216 MiB.
2026-10-01T15:08:43Z INFO [189/500] 1eefcdf1-fa46-4cc7-bb51-03dbc9bc0407: 27 internal nodes; 1.5 s; peak memory 216 MiB.
2026-10-01T15:08:44Z INFO [190/500] 1eeff61d-3612-4020-a400-1c122e081994: 17 internal nodes; 1.2 s; peak memory 216 MiB.
2026-10-01T15:08:46Z INFO [191/500] 1ef054b0-a488-4043-9a9c-e76489406a31: 38 internal nodes; 1.6 s; peak memory 216 MiB.
2026-10-01T15:08:47Z INFO [192/500] 1ef077bf-d0d3-4599-be8d-cb7c6123c491: 17 internal nodes; 1.2 s; peak memory 216 MiB.
2026-10-01T15:08:48Z INFO [193/500] 1ef0847a-c716-48de-a312-0df64a36d508: 116 internal nodes; 1.3 s; peak memory 216 MiB.
2026-10-01T15:08:50Z INFO [194/500] 1ef0f168-8a80-464f-8fa9-c779c2bc4e7b: 19 internal nodes; 1.2 s; peak memory 216 MiB.
2026-10-01T15:08:53Z INFO [195/500] 1ef1c03c-b4db-4d31-ac6d-2f304a99e543: 46 internal nodes; 3.5 s; peak memory 216 MiB.
2026-10-01T15:08:57Z INFO [196/500] 1ef279cf-63c5-4267-8719-eb96ed1a59c0: 20 internal nodes; 3.9 s; peak memory 216 MiB.
2026-10-01T15:08:59Z INFO [197/500] 1ef2ef62-56ca-4a7e-80b7-b7dcb255cf45: 61 internal nodes; 1.9 s; peak memory 216 MiB.
2026-10-01T15:09:00Z INFO [198/500] 1ef46b95-1d4d-46c2-b84a-33c4219d58d5: 11 internal nodes; 0.8 s; peak memory 216 MiB.
2026-10-01T15:09:02Z INFO [199/500] 1ef496a2-c1f2-4b3f-a2eb-4797e18f7e72: 27 internal nodes; 2.4 s; peak memory 216 MiB.
2026-10-01T15:09:08Z INFO [200/500] 1ef4ac37-a175-41ec-9902-711933151a42: 51 internal nodes; 5.7 s; peak memory 216 MiB.
2026-10-01T15:09:08Z INFO [200/500] 1ef4ac37-a175-41ec-9902-711933151a42: checkpointed 61084 records.
2026-10-01T15:09:10Z INFO [201/500] 1ef4f10a-4ffc-4259-8991-f89225af8c21: 28 internal nodes; 1.7 s; peak memory 216 MiB.
2026-10-01T15:09:11Z INFO [202/500] 1ef4f4d1-0fc5-4369-8b68-4fdb19ce0bd0: 29 internal nodes; 1.2 s; peak memory 216 MiB.
2026-10-01T15:09:32Z INFO [203/500] 1ef58070-1505-4d4e-92ac-4bc21a03d713: 2576 internal nodes; 21.2 s; peak memory 216 MiB.
2026-10-01T15:09:33Z INFO [204/500] 1ef5fcb3-925e-491a-9604-bb9b4fb624e8: 17 internal nodes; 1.0 s; peak memory 216 MiB.
2026-10-01T15:09:35Z INFO [205/500] 1ef6c1fc-7991-4788-87d6-1f2b95dfbfa5: 26 internal nodes; 1.5 s; peak memory 216 MiB.
2026-10-01T15:09:42Z INFO [206/500] 1ef7639b-097b-4ae8-ab02-e798df4f06e9: 61 internal nodes; 7.6 s; peak memory 216 MiB.
2026-10-01T15:09:43Z INFO [207/500] 1ef7b5ae-a59b-45ff-9cb2-ecb964ee061c: 17 internal nodes; 1.1 s; peak memory 216 MiB.
2026-10-01T15:09:59Z INFO [208/500] 1ef7d0b8-aefe-4ccd-aa38-a107dbecc0b9: 277 internal nodes; 15.7 s; peak memory 216 MiB.
2026-10-01T15:10:00Z INFO [209/500] 1ef7e5be-6c64-4415-848d-a2f9c05b42e5: 27 internal nodes; 1.3 s; peak memory 216 MiB.
2026-10-01T15:10:02Z INFO [210/500] 1ef947b8-700a-47e5-901a-62625b57359f: 17 internal nodes; 1.2 s; peak memory 216 MiB.
2026-10-01T15:10:03Z INFO [211/500] 1efa1ee5-b182-4e46-8fda-d729df1c4e2d: 17 internal nodes; 1.2 s; peak memory 216 MiB.
2026-10-01T15:10:04Z INFO [212/500] 1efb329e-a752-4555-9abb-60c83c37d18e: 17 internal nodes; 1.1 s; peak memory 216 MiB.
2026-10-01T15:10:05Z INFO [213/500] 1efb57d2-6e67-4528-819b-440a40aebb10: 23 internal nodes; 1.5 s; peak memory 216 MiB.
2026-10-01T15:10:06Z INFO [214/500] 1efc3c1c-ed13-4e19-a887-8073774249e0: 17 internal nodes; 1.1 s; peak memory 216 MiB.
2026-10-01T15:10:08Z INFO [215/500] 1efc8317-d4e9-411e-8a79-83311d8146da: 17 internal nodes; 1.3 s; peak memory 216 MiB.
2026-10-01T15:10:09Z INFO [216/500] 1efdff9f-7ef2-475c-aca9-6e6ca73e1a1a: 30 internal nodes; 1.8 s; peak memory 216 MiB.
2026-10-01T15:10:16Z INFO [217/500] 1efee0ae-4fe7-46df-9b28-ce36362871cc: 135 internal nodes; 6.7 s; peak memory 216 MiB.
2026-10-01T15:10:19Z INFO [218/500] 1eff8eb1-f061-427e-8e90-e94f9b8b3fa2: 63 internal nodes; 2.5 s; peak memory 216 MiB.
2026-10-01T15:10:20Z INFO [219/500] 1effd55b-f6bc-4cb2-9b36-cb9f86f8f4f1: 31 internal nodes; 1.4 s; peak memory 216 MiB.
2026-10-01T15:10:22Z INFO [220/500] 1f00a1ba-4832-48eb-8df5-e2dabde04717: 63 internal nodes; 1.6 s; peak memory 216 MiB.
2026-10-01T15:10:24Z INFO [221/500] 1f036d45-9acc-4c05-a9e3-a86723e161db: 29 internal nodes; 2.1 s; peak memory 216 MiB.
2026-10-01T15:10:25Z INFO [222/500] 1f03c7cb-c490-4eea-8e16-da2f16ba4f56: 17 internal nodes; 1.2 s; peak memory 216 MiB.
2026-10-01T15:10:27Z INFO [223/500] 1f052baa-fe9c-4a7a-ad73-e4b9eb3fa088: 36 internal nodes; 1.9 s; peak memory 216 MiB.
2026-10-01T15:10:28Z INFO [224/500] 1f054523-b42f-4181-9706-72f883537d3c: 17 internal nodes; 1.1 s; peak memory 216 MiB.
2026-10-01T15:10:29Z INFO [225/500] 1f0551c2-670c-4902-a1aa-b5a05ec402c1: 114 internal nodes; 1.2 s; peak memory 216 MiB.
2026-10-01T15:10:31Z INFO [226/500] 1f073a5a-fd3a-4788-9de2-45edfc962b75: 17 internal nodes; 1.3 s; peak memory 216 MiB.
2026-10-01T15:10:32Z INFO [227/500] 1f0742a4-47dd-4095-be60-cf23ae8b71e0: 17 internal nodes; 1.4 s; peak memory 216 MiB.
2026-10-01T15:10:33Z INFO [228/500] 1f078bcb-8849-4b03-8364-cfa26351f1a7: 27 internal nodes; 1.3 s; peak memory 216 MiB.
2026-10-01T15:10:34Z INFO [229/500] 1f078ce3-9cdd-4782-861a-687304725a88: 17 internal nodes; 1.1 s; peak memory 216 MiB.
2026-10-01T15:10:36Z INFO [230/500] 1f08466f-a3ef-4682-922a-1a23f5f5db36: 37 internal nodes; 1.9 s; peak memory 216 MiB.
2026-10-01T15:10:37Z INFO [231/500] 1f0bb7ee-1980-4c3b-9bba-fbb1cf519315: 27 internal nodes; 0.8 s; peak memory 216 MiB.
2026-10-01T15:10:39Z INFO [232/500] 1f0bbeeb-03bf-4ede-b19e-fc69db69e6de: 23 internal nodes; 2.0 s; peak memory 216 MiB.
2026-10-01T15:10:40Z INFO [233/500] 1f0c7189-89ed-40c2-801f-9da96a1b98e9: 18 internal nodes; 1.6 s; peak memory 216 MiB.
2026-10-01T15:10:43Z INFO [234/500] 1f0cbc43-b217-4674-820b-141806f93a1b: 65 internal nodes; 2.4 s; peak memory 216 MiB.
2026-10-01T15:10:50Z INFO [235/500] 1f0dd182-ec88-4713-a9dd-777db276680f: 138 internal nodes; 6.7 s; peak memory 216 MiB.
2026-10-01T15:10:51Z INFO [236/500] 1f0e497f-da52-4a5a-b3ef-5176a1974395: 19 internal nodes; 1.0 s; peak memory 216 MiB.
2026-10-01T15:10:52Z INFO [237/500] 1f104cce-3439-4d0e-86cb-5ccf6bf99e8b: 27 internal nodes; 1.2 s; peak memory 216 MiB.
2026-10-01T15:10:54Z INFO [238/500] 1f104ff9-9da6-47da-a819-7904de395e49: 95 internal nodes; 1.8 s; peak memory 216 MiB.
2026-10-01T15:10:55Z INFO [239/500] 1f11a090-0969-4ec8-9456-35b80c7b811d: 60 internal nodes; 1.8 s; peak memory 216 MiB.
2026-10-01T15:10:57Z INFO [240/500] 1f11d3fd-2789-46ab-995d-4ef7030a7119: 19 internal nodes; 1.3 s; peak memory 216 MiB.
2026-10-01T15:11:10Z INFO [241/500] 1f11e677-22d8-4b0e-a29f-00d9de16cb60: 256 internal nodes; 13.1 s; peak memory 216 MiB.
2026-10-01T15:11:11Z INFO [242/500] 1f11f5c5-d1a9-4e1c-a0c2-7ed042f48fe0: 19 internal nodes; 1.0 s; peak memory 216 MiB.
2026-10-01T15:11:13Z INFO [243/500] 1f122014-6953-4daa-9fab-90fb99d84ced: 95 internal nodes; 1.7 s; peak memory 216 MiB.
2026-10-01T15:11:25Z INFO [244/500] 1f12f6e6-fa9c-4316-972b-8fc2c63da918: 2423 internal nodes; 12.2 s; peak memory 250 MiB.
2026-10-01T15:11:26Z INFO [245/500] 1f1364f1-0c76-4bf7-bb6b-478ceffbcb3e: 17 internal nodes; 1.1 s; peak memory 250 MiB.
2026-10-01T15:11:28Z INFO [246/500] 1f13a76a-8f50-4266-8188-f088fa526200: 54 internal nodes; 2.4 s; peak memory 250 MiB.
2026-10-01T15:11:30Z INFO [247/500] 1f13e571-0597-4550-812e-c195864ca03b: 27 internal nodes; 1.4 s; peak memory 250 MiB.
2026-10-01T15:11:31Z INFO [248/500] 1f1400a1-25a1-47cb-9bbe-b2c47a452c83: 17 internal nodes; 1.1 s; peak memory 250 MiB.
2026-10-01T15:11:42Z INFO [249/500] 1f140cfc-7667-4627-a0f5-b3e0048dc009: 71 internal nodes; 11.4 s; peak memory 250 MiB.
2026-10-01T15:11:43Z INFO [250/500] 1f1431c3-3fd5-4baf-a70e-a8653fe2b7d2: 27 internal nodes; 1.3 s; peak memory 250 MiB.
2026-10-01T15:11:44Z INFO [250/500] 1f1431c3-3fd5-4baf-a70e-a8653fe2b7d2: checkpointed 61134 records.
2026-10-01T15:11:46Z INFO [251/500] 1f14946b-1cbe-4d52-970d-9666d4cd49aa: 44 internal nodes; 2.1 s; peak memory 250 MiB.
2026-10-01T15:11:47Z INFO [252/500] 1f15aea3-9aa1-4d6e-9000-342834ac2d49: 27 internal nodes; 1.3 s; peak memory 250 MiB.
2026-10-01T15:11:48Z INFO [253/500] 1f166033-0395-426b-9035-c8f333610c44: 27 internal nodes; 1.3 s; peak memory 250 MiB.
2026-10-01T15:11:55Z INFO [254/500] 1f1676fb-a365-4fcf-af30-fc2f60a7096d: 196 internal nodes; 7.2 s; peak memory 250 MiB.
2026-10-01T15:11:58Z INFO [255/500] 1f1713c2-ee52-4adc-a052-10fa157dd036: 67 internal nodes; 2.1 s; peak memory 250 MiB.
2026-10-01T15:11:59Z INFO [256/500] 1f1717f9-a604-43e9-8861-a01a08b5e260: 31 internal nodes; 1.3 s; peak memory 250 MiB.
2026-10-01T15:12:00Z INFO [257/500] 1f173517-89e5-4410-8e81-d652358671cf: 17 internal nodes; 1.2 s; peak memory 250 MiB.
2026-10-01T15:12:02Z INFO [258/500] 1f180681-56f6-45a1-b849-dc0f50e895f1: 61 internal nodes; 1.6 s; peak memory 250 MiB.
2026-10-01T15:12:04Z INFO [259/500] 1f185939-ab39-49fb-a44d-b28dd5fe052d: 52 internal nodes; 2.8 s; peak memory 250 MiB.
2026-10-01T15:12:06Z INFO [260/500] 1f18c002-ccd9-43a0-9822-523536f8aa86: 30 internal nodes; 1.8 s; peak memory 250 MiB.
2026-10-01T15:12:18Z INFO [261/500] 1f19652b-b665-4e4e-972a-40486eeb0d55: 1237 internal nodes; 12.2 s; peak memory 250 MiB.
2026-10-01T15:12:19Z INFO [262/500] 1f196d7b-4c8c-4d22-bc2e-d464830619a4: 18 internal nodes; 1.0 s; peak memory 250 MiB.
2026-10-01T15:12:21Z INFO [263/500] 1f197211-d613-4d68-a5bf-59685b717568: 27 internal nodes; 1.2 s; peak memory 250 MiB.
2026-10-01T15:12:22Z INFO [264/500] 1f1a812d-db4e-4a89-8de8-ca65356be222: 17 internal nodes; 1.3 s; peak memory 250 MiB.
2026-10-01T15:12:24Z INFO [265/500] 1f1b0858-9cc4-4db9-86aa-f5e25b6901a6: 25 internal nodes; 1.7 s; peak memory 250 MiB.
2026-10-01T15:12:25Z INFO [266/500] 1f1b8dbd-3fc5-4e28-ae19-ced9657f0153: 53 internal nodes; 1.4 s; peak memory 250 MiB.
2026-10-01T15:12:26Z INFO [267/500] 1f1c86d7-7bc9-486a-9e15-dfd13d0d8a77: 19 internal nodes; 1.2 s; peak memory 250 MiB.
2026-10-01T15:12:27Z INFO [268/500] 1f1d6582-c9e0-4a8d-89bd-3671b4966e6e: 23 internal nodes; 1.1 s; peak memory 250 MiB.
2026-10-01T15:12:29Z INFO [269/500] 1f1dc382-cb2f-4ccb-897d-ae434d6213cc: 17 internal nodes; 1.1 s; peak memory 250 MiB.
2026-10-01T15:12:31Z INFO [270/500] 1f1e70bd-405c-4a73-9a39-08c21f5a4c8f: 44 internal nodes; 3.0 s; peak memory 250 MiB.
2026-10-01T15:12:33Z INFO [271/500] 1f1e7443-15ce-46d0-bc39-cbd39f34a341: 23 internal nodes; 1.7 s; peak memory 250 MiB.
2026-10-01T15:12:34Z INFO [272/500] 1f1eb98f-52dd-4602-a8c3-1ccf928eb179: 19 internal nodes; 1.1 s; peak memory 250 MiB.
2026-10-01T15:12:36Z INFO [273/500] 1f1f95e5-9251-4314-ab69-0f7ae8c6ae66: 15 internal nodes; 1.4 s; peak memory 250 MiB.
2026-10-01T15:12:37Z INFO [274/500] 1f1fade9-b502-47dc-8607-fbf4dabe1b70: 17 internal nodes; 1.0 s; peak memory 250 MiB.
2026-10-01T15:12:38Z INFO [275/500] 1f1fb04a-9493-47c2-a08c-240cb08caaae: 27 internal nodes; 1.4 s; peak memory 250 MiB.
2026-10-01T15:12:50Z INFO [276/500] 1f1ffddd-45ee-4d7e-8edf-88c048defc34: 70 internal nodes; 12.3 s; peak memory 250 MiB.
2026-10-01T15:12:51Z INFO [277/500] 1f2040a1-6c79-4469-b266-1db1310b470e: 13 internal nodes; 1.1 s; peak memory 250 MiB.
2026-10-01T15:12:57Z INFO [278/500] 1f20459b-3586-49ce-b41a-29a209cea01f: 122 internal nodes; 5.9 s; peak memory 250 MiB.
2026-10-01T15:12:58Z INFO [279/500] 1f20e821-2bf8-4aed-a1df-b22dc94523b1: 17 internal nodes; 1.1 s; peak memory 250 MiB.
2026-10-01T15:13:00Z INFO [280/500] 1f20ef73-d72d-444d-b975-c83391989687: 13 internal nodes; 1.4 s; peak memory 250 MiB.
2026-10-01T15:13:06Z INFO [281/500] 1f210859-d143-4401-9f3b-2de624f47681: 127 internal nodes; 6.5 s; peak memory 250 MiB.
2026-10-01T15:13:09Z INFO [282/500] 1f216af9-8141-4c72-9499-f26bdea6ad48: 44 internal nodes; 2.6 s; peak memory 250 MiB.
2026-10-01T15:13:10Z INFO [283/500] 1f224ead-2be0-4cb8-afea-b746444ac132: 17 internal nodes; 1.1 s; peak memory 250 MiB.
2026-10-01T15:13:17Z INFO [284/500] 1f227963-4faf-4fba-b389-8bf0f5808bf3: 61 internal nodes; 7.3 s; peak memory 250 MiB.
2026-10-01T15:13:18Z INFO [285/500] 1f22b882-965f-4af1-8648-b223d4e9935b: 27 internal nodes; 1.1 s; peak memory 250 MiB.
2026-10-01T15:13:20Z INFO [286/500] 1f23bfdd-b55d-405b-a2e4-15277d364014: 27 internal nodes; 1.3 s; peak memory 250 MiB.
2026-10-01T15:13:21Z INFO [287/500] 1f248b52-448c-4e8c-9ebe-2384d9a1f0f2: 31 internal nodes; 1.8 s; peak memory 250 MiB.
2026-10-01T15:13:22Z INFO [288/500] 1f24a3c7-1086-4127-8586-7d65a9c168b4: 17 internal nodes; 1.0 s; peak memory 250 MiB.
2026-10-01T15:13:24Z INFO [289/500] 1f24b760-4458-4f69-b22a-3fb729142340: 17 internal nodes; 1.2 s; peak memory 250 MiB.
2026-10-01T15:13:25Z INFO [290/500] 1f25bb50-0a94-46e2-b239-da58ac3d6926: 17 internal nodes; 1.0 s; peak memory 250 MiB.
2026-10-01T15:13:26Z INFO [291/500] 1f25d3f8-b600-40cd-989b-8778a1693889: 19 internal nodes; 1.1 s; peak memory 250 MiB.
2026-10-01T15:13:27Z INFO [292/500] 1f26bd43-7418-41c4-b7f9-45288953e364: 17 internal nodes; 1.0 s; peak memory 250 MiB.
2026-10-01T15:13:29Z INFO [293/500] 1f283dae-c333-422f-a913-1d53831bdbde: 24 internal nodes; 2.2 s; peak memory 250 MiB.
2026-10-01T15:13:30Z INFO [294/500] 1f287143-a7ce-409a-8678-17b8c355a414: 26 internal nodes; 1.5 s; peak memory 250 MiB.
2026-10-01T15:13:32Z INFO [295/500] 1f28c9c8-4963-4aec-a82f-820312862ee1: 28 internal nodes; 1.8 s; peak memory 250 MiB.
2026-10-01T15:13:33Z INFO [296/500] 1f28f495-854f-48e3-aad0-80e05484d5cb: 114 internal nodes; 1.2 s; peak memory 250 MiB.
2026-10-01T15:13:35Z INFO [297/500] 1f2920f6-1e50-41d5-965b-729842380062: 17 internal nodes; 1.1 s; peak memory 250 MiB.
2026-10-01T15:13:35Z INFO [298/500] 1f2a2557-04f1-493c-9238-2571ef6e61d4: 13 internal nodes; 0.9 s; peak memory 250 MiB.
2026-10-01T15:13:36Z INFO [299/500] 1f2aa2ad-8902-4abe-bf69-3b8451077384: 11 internal nodes; 0.7 s; peak memory 250 MiB.
2026-10-01T15:13:37Z INFO [300/500] 1f2ae3b3-c509-447f-8daf-03d2405f29f8: 90 internal nodes; 1.2 s; peak memory 250 MiB.
2026-10-01T15:13:38Z INFO [300/500] 1f2ae3b3-c509-447f-8daf-03d2405f29f8: checkpointed 61184 records.
2026-10-01T15:13:39Z INFO [301/500] 1f2af7ec-66db-49a0-822a-9981bd78adc7: 69 internal nodes; 1.6 s; peak memory 250 MiB.
2026-10-01T15:13:41Z INFO [302/500] 1f2b1fae-ecbb-413c-a9f9-95ad5fb3ccec: 55 internal nodes; 1.6 s; peak memory 250 MiB.
2026-10-01T15:13:42Z INFO [303/500] 1f2ce6ee-a747-46c1-9edc-53b19c483d99: 13 internal nodes; 1.4 s; peak memory 250 MiB.
2026-10-01T15:13:43Z INFO [304/500] 1f2d2c99-a613-44cf-8c61-17826e34b2e6: 18 internal nodes; 1.2 s; peak memory 250 MiB.
2026-10-01T15:13:45Z INFO [305/500] 1f2d3e92-ce8b-4204-81a0-72ab4f4e541d: 27 internal nodes; 1.4 s; peak memory 250 MiB.
2026-10-01T15:13:54Z INFO [306/500] 1f2d4edc-1f35-4914-bf94-51f546b24e00: 229 internal nodes; 8.9 s; peak memory 250 MiB.
2026-10-01T15:14:18Z INFO [307/500] 1f2dd58c-1388-4916-b1f0-5413d81f71d6: 2753 internal nodes; 23.9 s; peak memory 250 MiB.
2026-10-01T15:14:19Z INFO [308/500] 1f2e8b07-a680-4480-8144-5f4f63840a63: 27 internal nodes; 1.3 s; peak memory 250 MiB.
2026-10-01T15:14:25Z INFO [309/500] 1f2f740a-11eb-4103-827d-1a38db50fe1a: 100 internal nodes; 6.1 s; peak memory 250 MiB.
2026-10-01T15:14:26Z INFO [310/500] 1f2f9cd0-2f8d-46c1-81bd-e8ed741663c8: 53 internal nodes; 1.3 s; peak memory 250 MiB.
2026-10-01T15:14:30Z INFO [311/500] 1f301124-fd40-45c2-b7f2-41d180860bf5: 46 internal nodes; 3.6 s; peak memory 250 MiB.
2026-10-01T15:14:32Z INFO [312/500] 1f3094a6-c74b-4213-8045-5573c31910cf: 53 internal nodes; 1.6 s; peak memory 250 MiB.
2026-10-01T15:14:33Z INFO [313/500] 1f31f1c0-cdef-436a-9092-56dc6f5a43b6: 19 internal nodes; 1.2 s; peak memory 250 MiB.
2026-10-01T15:14:35Z INFO [314/500] 1f321ba3-76cf-41bf-8450-277ad70b7afe: 62 internal nodes; 1.7 s; peak memory 250 MiB.
2026-10-01T15:14:52Z INFO [315/500] 1f33ec3a-f39d-41ef-9c6b-184863d8c186: 2789 internal nodes; 17.8 s; peak memory 274 MiB.
2026-10-01T15:14:53Z INFO [316/500] 1f33f5bb-fd39-48a9-b4df-c0b2566c13ad: 11 internal nodes; 0.9 s; peak memory 274 MiB.
2026-10-01T15:14:54Z INFO [317/500] 1f34c520-4113-4a92-ac05-e7063602feb4: 13 internal nodes; 1.0 s; peak memory 274 MiB.
2026-10-01T15:14:55Z INFO [318/500] 1f34ec26-5cb6-40e0-9f5e-cc2082d05371: 18 internal nodes; 0.9 s; peak memory 274 MiB.
2026-10-01T15:14:57Z INFO [319/500] 1f35d4ed-4505-46e4-a336-cbb4700da748: 69 internal nodes; 1.8 s; peak memory 274 MiB.
2026-10-01T15:14:58Z INFO [320/500] 1f35ff36-797b-487d-8d47-73b96445051d: 11 internal nodes; 0.7 s; peak memory 274 MiB.
2026-10-01T15:14:59Z INFO [321/500] 1f36bc8c-34dd-45e7-befc-cb0fe7d6afe1: 24 internal nodes; 1.5 s; peak memory 274 MiB.
2026-10-01T15:15:01Z INFO [322/500] 1f36d54a-cf61-4e49-91f3-c70a24315d88: 31 internal nodes; 1.5 s; peak memory 274 MiB.
2026-10-01T15:15:01Z INFO [323/500] 1f379238-0cac-4a00-bd4e-3987d45f3ff0: 13 internal nodes; 0.8 s; peak memory 274 MiB.
2026-10-01T15:15:03Z INFO [324/500] 1f37d633-b6e5-4722-ba97-e505e4dfb22a: 27 internal nodes; 1.4 s; peak memory 274 MiB.
2026-10-01T15:15:04Z INFO [325/500] 1f38a888-2620-4575-b540-4e83bad272b7: 29 internal nodes; 1.6 s; peak memory 274 MiB.
2026-10-01T15:15:16Z INFO [326/500] 1f394062-99f3-4915-a72e-c28e833c1e86: 265 internal nodes; 11.4 s; peak memory 274 MiB.
2026-10-01T15:15:17Z INFO [327/500] 1f3a00cf-f9c3-416d-9b40-c41e2fdd5926: 53 internal nodes; 1.6 s; peak memory 274 MiB.
2026-10-01T15:15:19Z INFO [328/500] 1f3a6b21-2afb-4f89-9709-ec20e8980561: 28 internal nodes; 1.9 s; peak memory 274 MiB.
2026-10-01T15:15:21Z INFO [329/500] 1f3b0c48-c3a0-4d01-bb90-8b2c75857e9f: 17 internal nodes; 1.2 s; peak memory 274 MiB.
2026-10-01T15:15:22Z INFO [330/500] 1f3bb135-77f4-4095-9d74-cd00b18dbd95: 27 internal nodes; 1.4 s; peak memory 274 MiB.
2026-10-01T15:15:23Z INFO [331/500] 1f3bd472-d10e-450b-9d0b-d8f566b93f64: 116 internal nodes; 1.3 s; peak memory 274 MiB.
2026-10-01T15:15:24Z INFO [332/500] 1f3c95b5-8425-466c-9620-5a5311efe4c4: 90 internal nodes; 1.3 s; peak memory 274 MiB.
2026-10-01T15:15:26Z INFO [333/500] 1f3ca37a-cc15-4c7e-b274-5a35bc433aff: 115 internal nodes; 1.4 s; peak memory 274 MiB.
2026-10-01T15:15:28Z INFO [334/500] 1f3df49c-ba73-435f-80b1-75478a4b3819: 61 internal nodes; 1.7 s; peak memory 274 MiB.
2026-10-01T15:15:29Z INFO [335/500] 1f3e01d2-40b0-4491-a0b6-890a996a8479: 17 internal nodes; 1.1 s; peak memory 274 MiB.
2026-10-01T15:15:30Z INFO [336/500] 1f3e5046-9600-4fe2-ae06-87bfa33110a4: 67 internal nodes; 1.8 s; peak memory 274 MiB.
2026-10-01T15:15:32Z INFO [337/500] 1f3e5db0-3eca-4c6a-966d-29046eac4006: 17 internal nodes; 1.1 s; peak memory 274 MiB.
2026-10-01T15:15:33Z INFO [338/500] 1f3f151d-5f7a-4367-b187-54d1dd191db2: 17 internal nodes; 1.0 s; peak memory 274 MiB.
2026-10-01T15:15:34Z INFO [339/500] 1f3f2005-af53-4c8e-8914-e4113d52e022: 17 internal nodes; 1.3 s; peak memory 274 MiB.
2026-10-01T15:15:37Z INFO [340/500] 1f3f478c-64ff-4d17-9f6d-8c8241a366e3: 44 internal nodes; 3.3 s; peak memory 274 MiB.
2026-10-01T15:15:38Z INFO [341/500] 1f3f6796-618f-45ea-9d13-7a8e34f02230: 27 internal nodes; 1.3 s; peak memory 274 MiB.
2026-10-01T15:15:40Z INFO [342/500] 1f3fab72-046d-447f-b695-95abd40bc6a6: 27 internal nodes; 1.2 s; peak memory 274 MiB.
2026-10-01T15:15:41Z INFO [343/500] 1f401828-8526-41fb-a7c2-963d626ea241: 19 internal nodes; 1.1 s; peak memory 274 MiB.
2026-10-01T15:15:43Z INFO [344/500] 1f411806-f357-48d6-9225-799c100a6e04: 72 internal nodes; 2.1 s; peak memory 274 MiB.
2026-10-01T15:15:44Z INFO [345/500] 1f414b6b-3061-4f87-8ec4-5373611eee3b: 27 internal nodes; 1.3 s; peak memory 274 MiB.
2026-10-01T15:15:46Z INFO [346/500] 1f4185a3-1d5b-4b83-9dae-8264455e10b1: 54 internal nodes; 1.8 s; peak memory 274 MiB.
2026-10-01T15:15:47Z INFO [347/500] 1f41bfa9-ad98-4f59-b555-25d87729d151: 17 internal nodes; 1.1 s; peak memory 274 MiB.
2026-10-01T15:15:50Z INFO [348/500] 1f41d116-84a5-4745-bfba-2bb1c8b07437: 44 internal nodes; 2.9 s; peak memory 274 MiB.
2026-10-01T15:15:51Z INFO [349/500] 1f41da06-191c-42c8-873e-b265744f3dd1: 26 internal nodes; 1.5 s; peak memory 274 MiB.
2026-10-01T15:15:52Z INFO [350/500] 1f4463b6-f757-4020-b19e-ff16291cf1eb: 17 internal nodes; 1.1 s; peak memory 274 MiB.
2026-10-01T15:15:53Z INFO [350/500] 1f4463b6-f757-4020-b19e-ff16291cf1eb: checkpointed 61234 records.
2026-10-01T15:15:54Z INFO [351/500] 1f446b3e-080f-4ee5-ba41-93c9603c0d7a: 17 internal nodes; 1.0 s; peak memory 274 MiB.
2026-10-01T15:15:55Z INFO [352/500] 1f44df62-1374-4d37-b9ba-99d076227629: 17 internal nodes; 1.0 s; peak memory 274 MiB.
2026-10-01T15:15:56Z INFO [353/500] 1f454b5e-2617-439c-a741-3e10ef71e736: 27 internal nodes; 1.5 s; peak memory 274 MiB.
2026-10-01T15:15:58Z INFO [354/500] 1f46bea7-d28f-4420-937d-7b14af5a608e: 66 internal nodes; 1.8 s; peak memory 274 MiB.
2026-10-01T15:16:01Z INFO [355/500] 1f46e3d5-8557-4e8c-aa00-2e029f449ef5: 46 internal nodes; 3.5 s; peak memory 274 MiB.
2026-10-01T15:16:03Z INFO [356/500] 1f47315f-0b65-4af9-8096-a2eec1d54458: 29 internal nodes; 1.7 s; peak memory 274 MiB.
2026-10-01T15:16:04Z INFO [357/500] 1f474ba8-b2ce-42b0-8eef-b006e69ffd3a: 19 internal nodes; 1.4 s; peak memory 274 MiB.
2026-10-01T15:16:06Z INFO [358/500] 1f47fa23-e4b9-44ec-ba37-4da26cbf48d8: 90 internal nodes; 1.3 s; peak memory 274 MiB.
2026-10-01T15:16:07Z INFO [359/500] 1f48601a-3a23-4b5a-9555-33f5ca9237b9: 26 internal nodes; 1.0 s; peak memory 274 MiB.
2026-10-01T15:16:08Z INFO [360/500] 1f489cd3-1d85-4ca9-83dd-dded89142933: 31 internal nodes; 1.7 s; peak memory 274 MiB.
2026-10-01T15:16:11Z INFO [361/500] 1f48a266-2a07-4a96-a343-ac2f91bf0d88: 31 internal nodes; 2.0 s; peak memory 274 MiB.
2026-10-01T15:16:13Z INFO [362/500] 1f491b01-56a2-4766-8cdc-09cda943f1fd: 66 internal nodes; 2.0 s; peak memory 274 MiB.
2026-10-01T15:16:14Z INFO [363/500] 1f49a88a-e1f1-45e0-b74f-e62abfde7f8c: 17 internal nodes; 0.9 s; peak memory 274 MiB.
2026-10-01T15:16:15Z INFO [364/500] 1f4a616b-08f6-4c6d-8dcf-3ce38cbc3bf7: 17 internal nodes; 1.0 s; peak memory 274 MiB.
2026-10-01T15:16:15Z INFO [365/500] 1f4aae70-2d3e-40b8-9a8c-4cee48d3f2a3: 13 internal nodes; 0.9 s; peak memory 274 MiB.
2026-10-01T15:16:18Z INFO [366/500] 1f4aaf96-a621-4bf0-aa78-e1c5279931ab: 72 internal nodes; 2.2 s; peak memory 274 MiB.
2026-10-01T15:16:25Z INFO [367/500] 1f4b00c4-55ab-463e-82a4-88b9f90ce5fb: 61 internal nodes; 7.2 s; peak memory 274 MiB.
2026-10-01T15:16:26Z INFO [368/500] 1f4ba14d-83ab-46f3-9274-059b5d878b5c: 38 internal nodes; 1.5 s; peak memory 274 MiB.
2026-10-01T15:16:28Z INFO [369/500] 1f4c0a01-1cf2-49ff-baf0-0d719f926435: 22 internal nodes; 1.4 s; peak memory 274 MiB.
2026-10-01T15:16:29Z INFO [370/500] 1f4ccbc7-12d6-4d01-83a5-cd979f91b420: 17 internal nodes; 1.0 s; peak memory 274 MiB.
2026-10-01T15:16:41Z INFO [371/500] 1f4cd8dd-321b-4396-b9c1-66e550c6fb35: 257 internal nodes; 12.2 s; peak memory 274 MiB.
2026-10-01T15:16:45Z INFO [372/500] 1f4db884-8a96-4c82-9d57-2e508b7741dc: 101 internal nodes; 3.9 s; peak memory 274 MiB.
2026-10-01T15:16:47Z INFO [373/500] 1f4dfc96-ff83-4782-aee7-add85e32842e: 60 internal nodes; 1.9 s; peak memory 274 MiB.
2026-10-01T15:16:53Z INFO [374/500] 1f4e155c-1a8d-46bb-9c6b-3f858b6ed714: 142 internal nodes; 6.6 s; peak memory 274 MiB.
2026-10-01T15:16:54Z INFO [375/500] 1f4fe6d5-1241-44cb-bbb4-0a3872a1496f: 27 internal nodes; 0.8 s; peak memory 274 MiB.
2026-10-01T15:16:59Z INFO [376/500] 1f4ff606-c526-4bc6-a788-cbd5bb479ba8: 117 internal nodes; 4.7 s; peak memory 274 MiB.
2026-10-01T15:17:02Z INFO [377/500] 1f50343a-c43d-4edc-b6e1-39df1b59e884: 50 internal nodes; 3.0 s; peak memory 274 MiB.
2026-10-01T15:17:03Z INFO [378/500] 1f50b787-6a28-4893-b0e7-117749416a2a: 27 internal nodes; 1.3 s; peak memory 274 MiB.
2026-10-01T15:17:04Z INFO [379/500] 1f51be64-919a-4873-8962-60d2bbdd7752: 27 internal nodes; 1.3 s; peak memory 274 MiB.
2026-10-01T15:17:11Z INFO [380/500] 1f5255a1-ec6b-4c69-b9c2-53a2653a3a61: 177 internal nodes; 6.2 s; peak memory 274 MiB.
2026-10-01T15:17:15Z INFO [381/500] 1f52a231-86c7-46d9-a7c4-db56bfcfcf49: 41 internal nodes; 4.0 s; peak memory 274 MiB.
2026-10-01T15:17:22Z INFO [382/500] 1f52a3ad-ad63-45b6-8c28-3001696b1220: 183 internal nodes; 7.6 s; peak memory 274 MiB.
2026-10-01T15:17:23Z INFO [383/500] 1f52e09a-47fa-4406-8333-8f747b42e8a0: 27 internal nodes; 1.2 s; peak memory 274 MiB.
2026-10-01T15:17:26Z INFO [384/500] 1f531993-5b7d-4941-a3d1-1fd27feed793: 23 internal nodes; 2.1 s; peak memory 274 MiB.
2026-10-01T15:17:27Z INFO [385/500] 1f532304-e5d1-4e41-98c4-53b5accb8047: 26 internal nodes; 1.3 s; peak memory 274 MiB.
2026-10-01T15:17:30Z INFO [386/500] 1f53cd7d-03ff-49cc-b233-1d238fefc0c7: 46 internal nodes; 3.2 s; peak memory 274 MiB.
2026-10-01T15:17:31Z INFO [387/500] 1f54770d-9597-43e5-bbf9-8b958de2a847: 17 internal nodes; 1.0 s; peak memory 274 MiB.
2026-10-01T15:17:32Z INFO [388/500] 1f5553fd-49f0-400f-889d-b8052990cb35: 24 internal nodes; 1.4 s; peak memory 274 MiB.
2026-10-01T15:17:34Z INFO [389/500] 1f56a434-0f93-4a48-9305-a78cbadaaae5: 27 internal nodes; 1.5 s; peak memory 274 MiB.
2026-10-01T15:17:35Z INFO [390/500] 1f5734fa-1d0d-47fa-95bf-6eba8edfff04: 17 internal nodes; 1.1 s; peak memory 274 MiB.
2026-10-01T15:17:36Z INFO [391/500] 1f57c573-74f8-4638-94cd-73ef732cccd1: 17 internal nodes; 1.0 s; peak memory 274 MiB.
2026-10-01T15:17:37Z INFO [392/500] 1f583c90-1f10-43ab-89a7-488fbdb001ed: 24 internal nodes; 1.4 s; peak memory 274 MiB.
2026-10-01T15:17:39Z INFO [393/500] 1f584ffa-944f-4502-969a-55d405a5f500: 27 internal nodes; 1.4 s; peak memory 274 MiB.
2026-10-01T15:17:40Z INFO [394/500] 1f599304-26f3-4bc9-b35f-61671519f7f9: 17 internal nodes; 1.4 s; peak memory 274 MiB.
2026-10-01T15:17:41Z INFO [395/500] 1f5a163f-ed00-4a37-8398-20c3a0a114a2: 17 internal nodes; 1.2 s; peak memory 274 MiB.
2026-10-01T15:17:42Z INFO [396/500] 1f5a2855-9179-46d0-8349-bf787653b7e5: 17 internal nodes; 1.0 s; peak memory 274 MiB.
2026-10-01T15:17:45Z INFO [397/500] 1f5c03f8-ac4c-4b77-9db3-6a92d21de5dc: 44 internal nodes; 2.4 s; peak memory 274 MiB.
2026-10-01T15:17:46Z INFO [398/500] 1f5c1db1-c47b-4352-b68f-7d452dc54d1d: 31 internal nodes; 1.8 s; peak memory 274 MiB.
2026-10-01T15:17:47Z INFO [399/500] 1f5c2f95-0f6d-4167-bb95-2d9d1e6691c3: 17 internal nodes; 1.0 s; peak memory 274 MiB.
2026-10-01T15:17:50Z INFO [400/500] 1f5cbc51-070c-4233-9e74-bcad4a4bd055: 44 internal nodes; 2.7 s; peak memory 274 MiB.
2026-10-01T15:17:50Z INFO [400/500] 1f5cbc51-070c-4233-9e74-bcad4a4bd055: checkpointed 61284 records.
2026-10-01T15:18:01Z INFO [401/500] 1f5d790d-d502-40e1-8879-6e90dbd36010: 67 internal nodes; 10.5 s; peak memory 274 MiB.
2026-10-01T15:18:04Z INFO [402/500] 1f5f4374-a8f6-46b2-9e78-544c9d43db27: 44 internal nodes; 2.9 s; peak memory 274 MiB.
2026-10-01T15:18:11Z INFO [403/500] 1f5f7e16-3481-42b0-bae4-816fcc28230f: 177 internal nodes; 7.5 s; peak memory 274 MiB.
2026-10-01T15:18:13Z INFO [404/500] 1f60591a-28ec-4ee2-a454-3861003dfca4: 31 internal nodes; 1.6 s; peak memory 274 MiB.
2026-10-01T15:18:15Z INFO [405/500] 1f606881-fa83-41c7-8599-2e0a91eae510: 31 internal nodes; 1.6 s; peak memory 274 MiB.
2026-10-01T15:18:17Z INFO [406/500] 1f619fb8-28dc-46af-ba8e-5b81f78877d8: 44 internal nodes; 2.9 s; peak memory 274 MiB.
2026-10-01T15:18:19Z INFO [407/500] 1f61ec51-e311-477b-85e2-9ebb230432fd: 29 internal nodes; 1.5 s; peak memory 274 MiB.
2026-10-01T15:18:20Z INFO [408/500] 1f62fff7-b5ed-45cb-8d62-c29677c118fd: 13 internal nodes; 0.8 s; peak memory 274 MiB.
2026-10-01T15:18:21Z INFO [409/500] 1f63299a-313e-4ab2-a3ca-c76297928dc7: 17 internal nodes; 1.1 s; peak memory 274 MiB.
2026-10-01T15:18:22Z INFO [410/500] 1f635be5-c43f-4dbc-bbd0-6abf89edba3f: 27 internal nodes; 1.3 s; peak memory 274 MiB.
2026-10-01T15:18:30Z INFO [411/500] 1f639c97-8e84-45ba-b266-49a6d0e87e3c: 203 internal nodes; 7.6 s; peak memory 274 MiB.
2026-10-01T15:18:31Z INFO [412/500] 1f63e554-1934-41ba-aa26-90b00646aa3d: 17 internal nodes; 1.2 s; peak memory 274 MiB.
2026-10-01T15:18:32Z INFO [413/500] 1f63ee61-f43f-4166-9992-4ef1a0fe2a1c: 27 internal nodes; 0.8 s; peak memory 274 MiB.
2026-10-01T15:18:33Z INFO [414/500] 1f64388d-2ec8-4b02-8d1d-11c1e884c6d1: 29 internal nodes; 1.0 s; peak memory 274 MiB.
2026-10-01T15:18:34Z INFO [415/500] 1f651c4f-02f0-465c-9ac6-4da948f779e9: 115 internal nodes; 1.2 s; peak memory 274 MiB.
2026-10-01T15:18:36Z INFO [416/500] 1f65ac95-76d1-4dd4-817b-8a9739d1a7b2: 30 internal nodes; 1.6 s; peak memory 274 MiB.
2026-10-01T15:18:37Z INFO [417/500] 1f668b0a-a9bd-48e6-958a-f01dbedbf1dd: 17 internal nodes; 1.1 s; peak memory 274 MiB.
2026-10-01T15:18:58Z INFO [418/500] 1f67331d-cbdb-4104-be24-5415ff77c07d: 136 internal nodes; 21.7 s; peak memory 274 MiB.
2026-10-01T15:18:59Z INFO [419/500] 1f6753c4-2bab-42a2-ab90-a7ec9ab3669f: 17 internal nodes; 1.1 s; peak memory 274 MiB.
2026-10-01T15:19:01Z INFO [420/500] 1f6759bf-3252-4e48-9f73-0d2afaa57d93: 31 internal nodes; 1.4 s; peak memory 274 MiB.
2026-10-01T15:19:02Z INFO [421/500] 1f67c0de-d008-4b35-9971-2869a55c980b: 19 internal nodes; 1.0 s; peak memory 274 MiB.
2026-10-01T15:19:03Z INFO [422/500] 1f689d5d-c688-4099-9f12-d1df86a17156: 17 internal nodes; 1.1 s; peak memory 274 MiB.
2026-10-01T15:19:04Z INFO [423/500] 1f692ba5-8559-4ef8-9a17-824b12d29adf: 31 internal nodes; 1.3 s; peak memory 274 MiB.
2026-10-01T15:19:05Z INFO [424/500] 1f69c93a-09d2-4003-b7dc-2043bf2aa621: 11 internal nodes; 0.9 s; peak memory 274 MiB.
2026-10-01T15:19:09Z INFO [425/500] 1f69e538-cf79-44e6-9d34-3e70148741e7: 46 internal nodes; 3.5 s; peak memory 274 MiB.
2026-10-01T15:19:19Z INFO [426/500] 1f6afbe5-067f-4256-9aaa-e70ed4eb787d: 228 internal nodes; 10.5 s; peak memory 274 MiB.
2026-10-01T15:19:21Z INFO [427/500] 1f6ba77f-321d-4724-9393-7eb1418f366d: 31 internal nodes; 1.9 s; peak memory 274 MiB.
2026-10-01T15:19:22Z INFO [428/500] 1f6bd30e-1f77-4d2a-9abe-ddd6837c01cd: 17 internal nodes; 1.2 s; peak memory 274 MiB.
2026-10-01T15:19:24Z INFO [429/500] 1f6beca6-2e5a-42f1-9a28-5b7d0cd13411: 31 internal nodes; 1.5 s; peak memory 274 MiB.
2026-10-01T15:19:27Z INFO [430/500] 1f6cbfa2-fc3d-4dbc-a588-144fdce40f16: 44 internal nodes; 2.9 s; peak memory 274 MiB.
2026-10-01T15:19:28Z INFO [431/500] 1f6cca85-4bff-4a77-93e7-e586fd729804: 17 internal nodes; 1.0 s; peak memory 274 MiB.
2026-10-01T15:19:29Z INFO [432/500] 1f6decd0-9770-4f45-9521-4e760f5d6d51: 27 internal nodes; 1.4 s; peak memory 274 MiB.
2026-10-01T15:19:30Z INFO [433/500] 1f6e524b-9a63-4e97-9e75-9455a5fd080a: 13 internal nodes; 1.3 s; peak memory 274 MiB.
2026-10-01T15:19:32Z INFO [434/500] 1f6f0d5c-f480-4841-b79c-62817984071b: 27 internal nodes; 1.3 s; peak memory 274 MiB.
2026-10-01T15:19:33Z INFO [435/500] 1f6f9e9d-5013-49a3-98f6-eed3e7e1ca87: 17 internal nodes; 1.1 s; peak memory 274 MiB.
2026-10-01T15:19:34Z INFO [436/500] 1f704334-f256-4db3-8a85-8e162d5977bc: 117 internal nodes; 1.4 s; peak memory 274 MiB.
2026-10-01T15:19:40Z INFO [437/500] 1f7077f2-1347-47a4-8b14-f6c7c45a688f: 52 internal nodes; 6.1 s; peak memory 274 MiB.
2026-10-01T15:19:41Z INFO [438/500] 1f714c28-4e24-4d7e-ab87-9f7c68172e07: 21 internal nodes; 1.2 s; peak memory 274 MiB.
2026-10-01T15:19:43Z INFO [439/500] 1f71d161-9945-4792-91af-1a9088062c8e: 22 internal nodes; 1.3 s; peak memory 274 MiB.
2026-10-01T15:19:44Z INFO [440/500] 1f72cb9e-786e-46d7-85e1-bf36c7a16cc9: 17 internal nodes; 1.1 s; peak memory 274 MiB.
2026-10-01T15:19:45Z INFO [441/500] 1f74027b-d208-45aa-846c-c73dd60476a7: 17 internal nodes; 1.3 s; peak memory 274 MiB.
2026-10-01T15:19:46Z INFO [442/500] 1f753061-5fbd-4d6e-9064-d5a17d87680f: 17 internal nodes; 1.2 s; peak memory 274 MiB.
2026-10-01T15:19:48Z INFO [443/500] 1f76cb93-76fe-4214-a680-16f521db016c: 65 internal nodes; 2.1 s; peak memory 274 MiB.
2026-10-01T15:19:51Z INFO [444/500] 1f770ea1-c7fb-4285-8f79-a27f9d39c24b: 44 internal nodes; 2.8 s; peak memory 274 MiB.
2026-10-01T15:19:53Z INFO [445/500] 1f773003-2328-4d66-a1c9-649da44415a1: 69 internal nodes; 2.0 s; peak memory 274 MiB.
2026-10-01T15:19:54Z INFO [446/500] 1f78152c-caf3-44e7-96ee-cb5163202c21: 17 internal nodes; 1.1 s; peak memory 274 MiB.
2026-10-01T15:19:55Z INFO [447/500] 1f78ac46-9520-4bf3-9e0d-18edbe8a243b: 17 internal nodes; 1.1 s; peak memory 274 MiB.
2026-10-01T15:19:56Z INFO [448/500] 1f78ebc0-a3e2-49cc-b968-a9a9cefe02ac: 11 internal nodes; 0.7 s; peak memory 274 MiB.
2026-10-01T15:19:58Z INFO [449/500] 1f790271-e965-4ba7-a3fd-3856401c9d0b: 30 internal nodes; 2.3 s; peak memory 274 MiB.
2026-10-01T15:22:07Z INFO [450/500] 1f791075-0206-49b9-8694-5bfbcd1c63ca: 93 internal nodes; 128.5 s; peak memory 435 MiB.
2026-10-01T15:22:07Z INFO [450/500] 1f791075-0206-49b9-8694-5bfbcd1c63ca: checkpointed 61334 records.
2026-10-01T15:22:11Z INFO [451/500] 1f7931ba-71b1-48ad-b3f3-09ca2257d9a4: 103 internal nodes; 4.0 s; peak memory 435 MiB.
2026-10-01T15:22:13Z INFO [452/500] 1f797891-83c4-414a-b375-60a60e693743: 27 internal nodes; 1.3 s; peak memory 435 MiB.
2026-10-01T15:22:14Z INFO [453/500] 1f79bccb-5f93-4dbe-a556-5e3c41e73f8b: 27 internal nodes; 1.4 s; peak memory 435 MiB.
2026-10-01T15:22:16Z INFO [454/500] 1f7a6232-10c8-4696-a047-2c83fca793d9: 59 internal nodes; 2.5 s; peak memory 435 MiB.
2026-10-01T15:22:17Z INFO [455/500] 1f7b94af-5430-43d8-b63e-37d434e2ce0d: 16 internal nodes; 1.0 s; peak memory 435 MiB.
2026-10-01T15:22:19Z INFO [456/500] 1f7c661d-0adb-45f6-909f-51998573c503: 67 internal nodes; 2.0 s; peak memory 435 MiB.
2026-10-01T15:22:21Z INFO [457/500] 1f7cd265-33bf-4a86-81a6-451990548eab: 17 internal nodes; 1.1 s; peak memory 435 MiB.
2026-10-01T15:22:22Z INFO [458/500] 1f7d661b-dd80-474c-bae1-be3046bc7bc7: 27 internal nodes; 1.4 s; peak memory 435 MiB.
2026-10-01T15:22:25Z INFO [459/500] 1f7e6055-dfca-437f-b08d-42d579a44dea: 60 internal nodes; 2.7 s; peak memory 435 MiB.
2026-10-01T15:22:29Z INFO [460/500] 1f7ee3e0-9a8e-49e2-890d-78e2501aa2b0: 92 internal nodes; 4.2 s; peak memory 435 MiB.
2026-10-01T15:22:30Z INFO [461/500] 1f7f286a-ca82-4197-b9fb-8cce0f6b9d8f: 13 internal nodes; 1.3 s; peak memory 435 MiB.
2026-10-01T15:22:32Z INFO [462/500] 1f7f4ba2-5866-458d-b18b-cda44b768be5: 27 internal nodes; 1.3 s; peak memory 435 MiB.
2026-10-01T15:22:33Z INFO [463/500] 1f7ffae3-be35-4779-a0dc-cfbefe29bad7: 19 internal nodes; 1.1 s; peak memory 435 MiB.
2026-10-01T15:22:34Z INFO [464/500] 1f801bea-d477-4938-9615-e68be1646ca6: 11 internal nodes; 0.8 s; peak memory 435 MiB.
2026-10-01T15:22:36Z INFO [465/500] 1f810078-ac45-4736-8817-3dc19b73d537: 70 internal nodes; 2.3 s; peak memory 435 MiB.
2026-10-01T15:22:43Z INFO [466/500] 1f82763c-d850-4d4a-b0dc-5334e68f9bff: 165 internal nodes; 7.4 s; peak memory 435 MiB.
2026-10-01T15:22:45Z INFO [467/500] 1f82b393-10aa-45ad-8bc6-5e907017cc84: 19 internal nodes; 1.2 s; peak memory 435 MiB.
2026-10-01T15:22:47Z INFO [468/500] 1f834924-2bdc-4424-b5d1-4063d9ac0fa1: 58 internal nodes; 2.0 s; peak memory 435 MiB.
2026-10-01T15:22:48Z INFO [469/500] 1f836d20-1e0a-4a47-8a60-157c59587a15: 19 internal nodes; 1.2 s; peak memory 435 MiB.
2026-10-01T15:22:49Z INFO [470/500] 1f8372af-f05e-4b50-b1a6-c7a90733c6e3: 17 internal nodes; 1.1 s; peak memory 435 MiB.
2026-10-01T15:22:54Z INFO [471/500] 1f83867a-5196-4c0f-bd0b-83d86f79fe8c: 47 internal nodes; 5.4 s; peak memory 435 MiB.
2026-10-01T15:22:55Z INFO [472/500] 1f8387e3-d6e1-42fa-9770-49d845827ed9: 17 internal nodes; 1.1 s; peak memory 435 MiB.
2026-10-01T15:23:01Z INFO [473/500] 1f838876-e9a1-473e-8f51-1aa208c90149: 145 internal nodes; 6.3 s; peak memory 435 MiB.
2026-10-01T15:23:03Z INFO [474/500] 1f839a96-1b7b-4fee-877a-6dd4445ee8df: 17 internal nodes; 1.1 s; peak memory 435 MiB.
2026-10-01T15:23:04Z INFO [475/500] 1f843506-b119-4c67-90f4-01b3b5f7519d: 53 internal nodes; 1.6 s; peak memory 435 MiB.
2026-10-01T15:23:05Z INFO [476/500] 1f8482b8-7651-4404-87fa-dfd6ed0c821c: 22 internal nodes; 0.9 s; peak memory 435 MiB.
2026-10-01T15:23:06Z INFO [477/500] 1f852fd5-4748-4445-ac86-9fedc6c6602f: 17 internal nodes; 1.2 s; peak memory 435 MiB.
2026-10-01T15:23:15Z INFO [478/500] 1f8543ba-0e01-4393-9876-92dae2c5f4e2: 186 internal nodes; 8.4 s; peak memory 435 MiB.
2026-10-01T15:23:16Z INFO [479/500] 1f85a8ab-4acf-440b-af1f-6b7a9eb490d7: 27 internal nodes; 1.4 s; peak memory 435 MiB.
2026-10-01T15:23:17Z INFO [480/500] 1f86e9e5-14fd-48ed-9297-2a081968fe68: 22 internal nodes; 1.2 s; peak memory 435 MiB.
2026-10-01T15:23:19Z INFO [481/500] 1f872f4a-65cb-461e-b77e-49a0e2118df5: 29 internal nodes; 1.4 s; peak memory 435 MiB.
2026-10-01T15:23:19Z INFO [482/500] 1f87e6f7-c288-4aa7-8e0f-f2cc3f1620a6: 26 internal nodes; 0.8 s; peak memory 435 MiB.
2026-10-01T15:23:21Z INFO [483/500] 1f88dac4-2dcb-4ca7-9ef8-afaf7c06882b: 27 internal nodes; 1.4 s; peak memory 435 MiB.
2026-10-01T15:23:22Z INFO [484/500] 1f898270-63a5-43ae-8395-e01b60b647fe: 114 internal nodes; 1.3 s; peak memory 435 MiB.
2026-10-01T15:23:24Z INFO [485/500] 1f89bb03-9138-41b5-bfab-4da9b2ae2d4d: 115 internal nodes; 1.3 s; peak memory 435 MiB.
2026-10-01T15:23:24Z INFO [486/500] 1f8a1580-fc41-4f79-af9c-99943c62e60c: 17 internal nodes; 1.0 s; peak memory 435 MiB.
2026-10-01T15:23:26Z INFO [487/500] 1f8ae127-628b-4c63-b454-d5d43baed8c1: 17 internal nodes; 1.1 s; peak memory 435 MiB.
2026-10-01T15:23:27Z INFO [488/500] 1f8bdb5b-483f-4693-8d18-de4c0a15fb7d: 63 internal nodes; 1.7 s; peak memory 435 MiB.
2026-10-01T15:23:28Z INFO [489/500] 1f8c216d-cb80-4d31-a18a-6c8d24757874: 27 internal nodes; 0.9 s; peak memory 435 MiB.
2026-10-01T15:23:30Z INFO [490/500] 1f8cb658-d141-40a5-97d4-4916c57675bc: 27 internal nodes; 1.5 s; peak memory 435 MiB.
2026-10-01T15:23:30Z INFO [491/500] 1f8d2e88-5100-4966-91e3-9b54a22f763a: 11 internal nodes; 0.7 s; peak memory 435 MiB.
2026-10-01T15:23:31Z INFO [492/500] 1f8d4570-d6ba-435b-bbdb-904c012eba9b: 17 internal nodes; 1.1 s; peak memory 435 MiB.
2026-10-01T15:23:35Z INFO [493/500] 1f8e4cfc-a2d2-4c9d-95ce-34a868d1fb27: 74 internal nodes; 3.3 s; peak memory 435 MiB.
2026-10-01T15:23:37Z INFO [494/500] 1f8ed83e-afde-45d6-a4d0-eab87b6254b8: 67 internal nodes; 1.9 s; peak memory 435 MiB.
2026-10-01T15:23:38Z INFO [495/500] 1f8eed6a-cd1e-482f-bac0-5f0fa1220ab3: 27 internal nodes; 1.1 s; peak memory 435 MiB.
2026-10-01T15:23:40Z INFO [496/500] 1f9008cb-c4c1-4e52-a9da-7db9d40c1568: 38 internal nodes; 1.8 s; peak memory 435 MiB.
2026-10-01T15:23:41Z INFO [497/500] 1f90779d-ca55-4845-ad52-32cb2e718f88: 27 internal nodes; 1.1 s; peak memory 435 MiB.
2026-10-01T15:23:42Z INFO [498/500] 1f90835c-7db1-4adf-88f1-77084a1d3598: 17 internal nodes; 1.1 s; peak memory 435 MiB.
2026-10-01T15:23:44Z INFO [499/500] 1f90be8c-203b-4689-8673-d48ce805a904: 44 internal nodes; 2.2 s; peak memory 435 MiB.
2026-10-01T15:23:45Z INFO [500/500] 1f910155-c41b-4597-bafb-20fad0f00808: 18 internal nodes; 1.0 s; peak memory 435 MiB.
2026-10-01T15:23:45Z INFO [500/500] 1f910155-c41b-4597-bafb-20fad0f00808: checkpointed 61384 records.
2026-10-01T15:23:45Z INFO Wrote 61384 records to /tmp/derivatives/valid_nwb_file_to_out_degrees.jsonl (491 new, 9 failed) in 24.8 min (peak memory 435 MiB).
