2026-09-20T12:47:14Z INFO Logging to /tmp/logs/update_2026-09-20T12-47-14Z.log.
2026-09-20T12:47:14Z INFO Update valid-nwb-file-to-out-degrees (base directory /tmp).
2026-09-20T12:47:15Z INFO Processing 500 items (50005 already recorded).
2026-09-20T12:47:15Z INFO [1/500] 00e36e78-caf6-43db-ae84-71e3a02b5122: 25 internal nodes; 0.8 s; peak memory 109 MiB.
2026-09-20T12:47:17Z INFO [2/500] 00f15f38-bce9-441b-b55e-12956eee2592: 26 internal nodes; 1.8 s; peak memory 113 MiB.
2026-09-20T12:47:20Z INFO [3/500] 013b6125-db3c-4024-8f34-b4880e79406c: 67 internal nodes; 2.4 s; peak memory 116 MiB.
2026-09-20T12:47:21Z INFO [4/500] 0185c834-bca9-47aa-a30c-331cb6a35143: 26 internal nodes; 1.7 s; peak memory 116 MiB.
2026-09-20T12:47:22Z INFO [5/500] 01a9fffc-f243-4d53-b7c1-69f10b682dae: 25 internal nodes; 0.6 s; peak memory 116 MiB.
2026-09-20T12:47:23Z INFO [6/500] 0213d4a7-a1f7-4d08-bb5e-b16d22514a52: 25 internal nodes; 0.6 s; peak memory 116 MiB.
2026-09-20T12:47:23Z WARNING 024ef50f-ac6f-49ea-806b-93ef4b5e8644: failed while reading the NWB file (KeyError: 'Unable to synchronously open object (component not found)')
2026-09-20T12:47:23Z WARNING [7/500] 024ef50f-ac6f-49ea-806b-93ef4b5e8644: leaving unrecorded for a later run to retry.
2026-09-20T12:47:25Z INFO [8/500] 027c833a-981b-4e5f-8b01-85f182f76fcd: 22 internal nodes; 1.4 s; peak memory 116 MiB.
2026-09-20T12:47:27Z INFO [9/500] 035f86c6-c72b-48b9-b645-0b7ef297a304: 26 internal nodes; 1.8 s; peak memory 117 MiB.
2026-09-20T12:47:27Z INFO [10/500] 03f85366-5aea-45fb-a203-36a6495c0705: 25 internal nodes; 0.7 s; peak memory 117 MiB.
2026-09-20T12:47:28Z INFO [11/500] 044cb660-5eed-472a-afee-70bc24f706a6: 25 internal nodes; 0.5 s; peak memory 117 MiB.
2026-09-20T12:47:28Z INFO [12/500] 04c3d246-eb00-4ca2-a600-f1c0b56f16eb: 25 internal nodes; 0.6 s; peak memory 117 MiB.
2026-09-20T12:47:31Z INFO [13/500] 04fdd2ad-76a3-48d1-99eb-81988085af64: 64 internal nodes; 2.6 s; peak memory 120 MiB.
2026-09-20T12:47:34Z INFO [14/500] 06cc677f-00c9-429c-b595-8b27223e4b5d: 67 internal nodes; 3.1 s; peak memory 120 MiB.
2026-09-20T12:47:38Z INFO [15/500] 083482c9-7bad-43d6-baf5-9572811ec3eb: 167 internal nodes; 4.2 s; peak memory 127 MiB.
2026-09-20T12:47:39Z INFO [16/500] 0834f6c2-52dc-4745-9f79-db8f2ff07290: 29 internal nodes; 0.7 s; peak memory 127 MiB.
2026-09-20T12:47:39Z INFO [17/500] 08352103-8948-461d-9dd7-9166910ae157: 24 internal nodes; 0.5 s; peak memory 127 MiB.
2026-09-20T12:47:40Z INFO [18/500] 083692fc-1fea-4eb8-9be5-603b57ea4980: 20 internal nodes; 0.7 s; peak memory 127 MiB.
2026-09-20T12:47:41Z INFO [19/500] 0837fd5e-63a1-416d-bfd3-842e6575fc9c: 83 internal nodes; 0.8 s; peak memory 127 MiB.
2026-09-20T12:47:41Z INFO [20/500] 083821f9-dfc5-4b68-a104-360c62f58ab2: 27 internal nodes; 0.4 s; peak memory 127 MiB.
2026-09-20T12:47:42Z INFO [21/500] 083930a1-7c44-4b9f-927a-c88f5c9753d9: 19 internal nodes; 0.6 s; peak memory 127 MiB.
2026-09-20T12:47:45Z INFO [22/500] 08396947-a7a8-4fdb-a390-60fa95c710da: 95 internal nodes; 3.0 s; peak memory 127 MiB.
2026-09-20T12:47:45Z INFO [23/500] 0839db21-0e88-4074-aaec-093a642d860c: 24 internal nodes; 0.5 s; peak memory 127 MiB.
2026-09-20T12:47:46Z INFO [24/500] 083aafdb-e9ff-43da-ba8f-98b6a0c17086: 35 internal nodes; 1.0 s; peak memory 127 MiB.
2026-09-20T12:47:47Z INFO [25/500] 083ab9dc-6cd1-4b12-bf03-ebae44f9b8ba: 11 internal nodes; 0.5 s; peak memory 127 MiB.
2026-09-20T12:47:48Z INFO [26/500] 083ac552-a1ac-4a3b-96ea-0876689eb6b6: 44 internal nodes; 1.1 s; peak memory 127 MiB.
2026-09-20T12:47:49Z INFO [27/500] 083bcd58-db48-4b76-ad5f-736afa695e63: 25 internal nodes; 0.9 s; peak memory 127 MiB.
2026-09-20T12:47:50Z INFO [28/500] 083be9a7-401e-4536-9a1c-8cc9d606bbc6: 55 internal nodes; 0.7 s; peak memory 127 MiB.
2026-09-20T12:47:50Z INFO [29/500] 083c0404-edc3-4da8-bc14-3c5986e847bc: 17 internal nodes; 0.5 s; peak memory 127 MiB.
2026-09-20T12:47:51Z INFO [30/500] 083c2c1e-e630-4501-a96a-41388a2dab29: 31 internal nodes; 0.7 s; peak memory 127 MiB.
2026-09-20T12:47:52Z INFO [31/500] 083c49a4-31c9-444e-9961-8adfcc9fa677: 17 internal nodes; 0.7 s; peak memory 127 MiB.
2026-09-20T12:47:52Z INFO [32/500] 083c57f8-4ac9-4b8b-a5c5-3c6a77840445: 27 internal nodes; 0.6 s; peak memory 127 MiB.
2026-09-20T12:47:53Z INFO [33/500] 083c6372-caed-47dc-bf6f-5517fb58dc09: 18 internal nodes; 0.5 s; peak memory 127 MiB.
2026-09-20T12:47:53Z INFO [34/500] 083c712e-ea43-4b92-93ed-97db2600fa5e: 27 internal nodes; 0.7 s; peak memory 127 MiB.
2026-09-20T12:47:57Z INFO [35/500] 083db097-5baa-4fdd-a3ff-e3aec1453038: 131 internal nodes; 3.2 s; peak memory 132 MiB.
2026-09-20T12:47:58Z INFO [36/500] 083dd16d-4475-4c64-b3b8-e35070373c6c: 44 internal nodes; 1.2 s; peak memory 132 MiB.
2026-09-20T12:47:59Z INFO [37/500] 083ea5f6-8655-4207-af80-e6a2a04974d9: 69 internal nodes; 0.9 s; peak memory 132 MiB.
2026-09-20T12:47:59Z INFO [38/500] 083ebe00-b2a5-4aa9-a966-4d2798cf30a7: 22 internal nodes; 0.5 s; peak memory 132 MiB.
2026-09-20T12:48:00Z INFO [39/500] 083ec7b4-e6e1-4aa2-991d-3a92a61f8f30: 27 internal nodes; 0.5 s; peak memory 132 MiB.
2026-09-20T12:48:00Z INFO [40/500] 083fec26-5e52-4402-8bd8-b55ad4aef7ef: 11 internal nodes; 0.3 s; peak memory 132 MiB.
2026-09-20T12:48:01Z INFO [41/500] 0840e52f-3a6c-49cc-810b-5e7898dcf14d: 53 internal nodes; 1.4 s; peak memory 132 MiB.
2026-09-20T12:48:02Z INFO [42/500] 0840f57d-46a3-4c22-ac3e-ffd049a22016: 28 internal nodes; 0.4 s; peak memory 132 MiB.
2026-09-20T12:48:02Z INFO [43/500] 08411fba-2f6a-4c95-9cd1-b0e93b2b7b78: 17 internal nodes; 0.4 s; peak memory 132 MiB.
2026-09-20T12:48:03Z INFO [44/500] 084133c5-cfd0-4d0a-9cc8-0275edccc01b: 17 internal nodes; 0.5 s; peak memory 132 MiB.
2026-09-20T12:48:03Z INFO [45/500] 084259b1-7912-4c0f-9c90-bfe6bc29d85f: 17 internal nodes; 0.5 s; peak memory 132 MiB.
2026-09-20T12:48:19Z INFO [46/500] 0842b78d-1f28-48bb-9b5d-d64292d6a940: 1773 internal nodes; 15.9 s; peak memory 193 MiB.
2026-09-20T12:48:20Z INFO [47/500] 0842c0dc-7b86-461e-b8d5-39edc50a5efd: 17 internal nodes; 0.5 s; peak memory 193 MiB.
2026-09-20T12:48:20Z INFO [48/500] 0843e424-0914-41d8-9bcc-f756ee3c79eb: 115 internal nodes; 0.5 s; peak memory 193 MiB.
2026-09-20T12:49:21Z INFO [49/500] 08456541-810b-407f-a64b-0bd2995e9851: 93 internal nodes; 60.9 s; peak memory 334 MiB.
2026-09-20T12:49:22Z INFO [50/500] 084643a5-8afa-450e-b7d0-df814186b692: 17 internal nodes; 0.6 s; peak memory 334 MiB.
2026-09-20T12:49:22Z INFO [50/500] 084643a5-8afa-450e-b7d0-df814186b692: checkpointed 50054 records.
2026-09-20T12:49:23Z INFO [51/500] 0846a134-4f37-4c31-8f63-f35def8371ff: 60 internal nodes; 0.8 s; peak memory 334 MiB.
2026-09-20T12:49:23Z INFO [52/500] 0848ae2e-1ec8-44b1-b5d6-ca7d0ae40956: 17 internal nodes; 0.6 s; peak memory 334 MiB.
2026-09-20T12:49:24Z INFO [53/500] 0849fdce-5507-43b0-9543-7af2f6444037: 23 internal nodes; 0.5 s; peak memory 334 MiB.
2026-09-20T12:49:24Z INFO [54/500] 084a4b87-bb16-4132-8e0c-b65a16585c23: 18 internal nodes; 0.6 s; peak memory 334 MiB.
2026-09-20T12:49:26Z INFO [55/500] 084b43e9-8b49-4a6f-a0a8-25b27e123f57: 47 internal nodes; 1.9 s; peak memory 334 MiB.
2026-09-20T12:49:27Z INFO [56/500] 084bdb91-d031-4578-bf3b-d3bfc56b50c3: 39 internal nodes; 1.0 s; peak memory 334 MiB.
2026-09-20T12:49:28Z INFO [57/500] 084cd87c-7542-4df9-97f4-4e848ff87592: 30 internal nodes; 1.2 s; peak memory 334 MiB.
2026-09-20T12:49:29Z INFO [58/500] 084e74e7-3a9b-49d6-af0a-f8704e496f7e: 29 internal nodes; 1.0 s; peak memory 334 MiB.
2026-09-20T12:49:33Z INFO [59/500] 084f8791-c6eb-4bab-bcf0-03e7543ba75c: 55 internal nodes; 3.3 s; peak memory 334 MiB.
2026-09-20T12:49:33Z INFO [60/500] 08508c48-97e8-408b-b089-e54c0e9a102a: 27 internal nodes; 0.6 s; peak memory 334 MiB.
2026-09-20T12:49:34Z INFO [61/500] 0850c1d7-583f-4f98-9e96-b3a0af3ddb59: 17 internal nodes; 0.5 s; peak memory 334 MiB.
2026-09-20T12:49:34Z INFO [62/500] 0850d534-7ac2-418c-85cf-d97575b28dd9: 17 internal nodes; 0.5 s; peak memory 334 MiB.
2026-09-20T12:49:40Z INFO [63/500] 0851449d-9357-4a2a-b768-bfa498d6c058: 75 internal nodes; 5.4 s; peak memory 334 MiB.
2026-09-20T12:49:40Z INFO [64/500] 08546680-1b45-456c-b901-27a232faa327: 18 internal nodes; 0.7 s; peak memory 334 MiB.
2026-09-20T12:49:41Z INFO [65/500] 0854f638-5069-4ff0-871a-bb892b11a307: 21 internal nodes; 0.6 s; peak memory 334 MiB.
2026-09-20T12:49:42Z INFO [66/500] 0855a493-b6cd-4526-adbe-f5f4142f67c3: 27 internal nodes; 0.6 s; peak memory 334 MiB.
2026-09-20T12:49:42Z INFO [67/500] 08562c1f-de74-449b-892b-7c64be6fa638: 18 internal nodes; 0.4 s; peak memory 334 MiB.
2026-09-20T12:49:43Z INFO [68/500] 085680d0-924c-466b-9510-7575878cf8a4: 114 internal nodes; 0.6 s; peak memory 334 MiB.
2026-09-20T12:49:43Z INFO [69/500] 0856c943-53dc-4173-bcc2-44da8e0c0420: 17 internal nodes; 0.5 s; peak memory 334 MiB.
2026-09-20T12:49:44Z INFO [70/500] 08572212-0637-4062-acb0-34daa980ff60: 17 internal nodes; 0.4 s; peak memory 334 MiB.
2026-09-20T12:49:47Z INFO [71/500] 08577c5e-62b9-4d5d-bd35-a5ecac23e5b1: 163 internal nodes; 3.1 s; peak memory 334 MiB.
2026-09-20T12:49:48Z INFO [72/500] 08581645-e025-4233-b25f-99b34eab000a: 36 internal nodes; 1.1 s; peak memory 334 MiB.
2026-09-20T12:49:48Z INFO [73/500] 08585448-e905-44f6-a315-bdbd868b0db1: 17 internal nodes; 0.6 s; peak memory 334 MiB.
2026-09-20T12:49:55Z INFO [74/500] 08588b60-e8e3-4342-a940-61a4a75d876c: 268 internal nodes; 6.0 s; peak memory 334 MiB.
2026-09-20T12:49:55Z INFO [75/500] 08592037-0814-44a8-931e-2face22a1504: 17 internal nodes; 0.5 s; peak memory 334 MiB.
2026-09-20T12:50:02Z INFO [76/500] 085967d9-163d-43c6-91f5-0242c20af7e9: 2164 internal nodes; 6.8 s; peak memory 334 MiB.
2026-09-20T12:50:02Z INFO [77/500] 0859d901-2918-4fd6-bee6-6669eca64ee6: 17 internal nodes; 0.5 s; peak memory 334 MiB.
2026-09-20T12:50:03Z INFO [78/500] 085a084d-e211-4fc0-ade7-59226764511b: 19 internal nodes; 0.4 s; peak memory 334 MiB.
2026-09-20T12:50:05Z INFO [79/500] 085a84d4-2bb3-4430-9f83-071ab914ade9: 117 internal nodes; 2.1 s; peak memory 334 MiB.
2026-09-20T12:50:06Z INFO [80/500] 085af9e9-e4e6-432d-9ce2-7f20a5a99883: 31 internal nodes; 1.3 s; peak memory 334 MiB.
2026-09-20T12:50:07Z INFO [81/500] 085b7acd-417a-43aa-ba17-40551f615bb6: 17 internal nodes; 0.5 s; peak memory 334 MiB.
2026-09-20T12:50:07Z INFO [82/500] 085b81e6-66a0-413d-ab80-17c60c109094: 17 internal nodes; 0.5 s; peak memory 334 MiB.
2026-09-20T12:50:09Z INFO [83/500] 085ba533-68b9-48c5-b453-ed69bf5dcce1: 44 internal nodes; 1.7 s; peak memory 334 MiB.
2026-09-20T12:50:13Z INFO [84/500] 085bc4d9-3d38-4669-ae0f-6d7104c05a54: 177 internal nodes; 3.8 s; peak memory 334 MiB.
2026-09-20T12:50:13Z INFO [85/500] 085bd822-eb66-4ef2-80ad-61bb321abcfc: 19 internal nodes; 0.7 s; peak memory 334 MiB.
2026-09-20T12:50:14Z INFO [86/500] 085c7af4-dcfb-4ccd-8eec-3b77e576efb1: 17 internal nodes; 0.4 s; peak memory 334 MiB.
2026-09-20T12:50:16Z INFO [87/500] 085d1aff-d038-4f5c-a43b-b5a59f28389d: 115 internal nodes; 2.5 s; peak memory 334 MiB.
2026-09-20T12:50:17Z INFO [88/500] 085d3a3f-46f0-4d6e-bbd5-9385d361a5b7: 24 internal nodes; 0.6 s; peak memory 334 MiB.
2026-09-20T12:50:17Z INFO [89/500] 085d75d3-ba20-4f27-bad8-b5fc69dd3989: 17 internal nodes; 0.6 s; peak memory 334 MiB.
2026-09-20T12:50:18Z INFO [90/500] 085e0912-7582-4657-a4d5-4420a861e2d3: 17 internal nodes; 0.5 s; peak memory 334 MiB.
2026-09-20T12:50:19Z INFO [91/500] 085e27e5-a55e-46c6-8d06-0600174df3ce: 31 internal nodes; 0.7 s; peak memory 334 MiB.
2026-09-20T12:50:19Z INFO [92/500] 08601abc-0894-4262-90f5-7a9a0f50a90e: 25 internal nodes; 0.6 s; peak memory 334 MiB.
2026-09-20T12:50:23Z INFO [93/500] 086021f7-abcb-4ca0-b59e-f011ccd7fd1f: 199 internal nodes; 3.6 s; peak memory 334 MiB.
2026-09-20T12:50:23Z INFO [94/500] 0860cdfe-71d8-4bab-9018-5a8f93164b7f: 17 internal nodes; 0.6 s; peak memory 334 MiB.
2026-09-20T12:50:27Z INFO [95/500] 08612c35-2f46-4955-8a13-94f862d9a9e7: 258 internal nodes; 3.8 s; peak memory 334 MiB.
2026-09-20T12:50:29Z INFO [96/500] 08620ba7-4d2a-4d05-9ed3-25d7112ba8c7: 133 internal nodes; 2.1 s; peak memory 334 MiB.
2026-09-20T12:50:31Z INFO [97/500] 08628895-2298-4bf9-9eb4-2922bba0dbd6: 44 internal nodes; 1.4 s; peak memory 334 MiB.
2026-09-20T12:50:32Z INFO [98/500] 0862b0a3-68c0-40f7-b1ec-be48d8a680ae: 41 internal nodes; 1.7 s; peak memory 334 MiB.
2026-09-20T12:50:33Z INFO [99/500] 0862eb5d-4f8e-42fc-accb-365b0f120bcc: 18 internal nodes; 0.7 s; peak memory 334 MiB.
2026-09-20T12:50:34Z INFO [100/500] 08639f3a-4a96-48a2-8a5c-5acadbdb24f2: 13 internal nodes; 0.4 s; peak memory 334 MiB.
2026-09-20T12:50:34Z INFO [100/500] 08639f3a-4a96-48a2-8a5c-5acadbdb24f2: checkpointed 50104 records.
2026-09-20T12:50:34Z INFO [101/500] 0863a666-dfa7-4810-b3b7-7b3b93a34aac: 31 internal nodes; 0.7 s; peak memory 334 MiB.
2026-09-20T12:50:35Z INFO [102/500] 0863c48f-7099-4db3-9ad4-3c78ede17ce6: 17 internal nodes; 0.5 s; peak memory 334 MiB.
2026-09-20T12:50:42Z INFO [103/500] 0863e5b4-745c-4792-9276-1c2ed0ca78fa: 362 internal nodes; 7.3 s; peak memory 334 MiB.
2026-09-20T12:50:43Z INFO [104/500] 086481c7-038e-4abf-ba63-f2c285ee9ec5: 27 internal nodes; 0.6 s; peak memory 334 MiB.
2026-09-20T12:50:44Z INFO [105/500] 0864937a-2440-4dc0-98f4-437e8f705175: 46 internal nodes; 1.6 s; peak memory 334 MiB.
2026-09-20T12:50:45Z INFO [106/500] 0866e7a7-bbc2-43bc-b6d5-e1ee96ea0e93: 13 internal nodes; 0.6 s; peak memory 334 MiB.
2026-09-20T12:50:45Z INFO [107/500] 08675b4a-2eee-43ed-9eaf-d9ffb70caaf4: 17 internal nodes; 0.5 s; peak memory 334 MiB.
2026-09-20T12:50:47Z INFO [108/500] 086787bf-bc93-42da-9dff-3faf8d736ef4: 46 internal nodes; 1.6 s; peak memory 334 MiB.
2026-09-20T12:50:48Z INFO [109/500] 086796a4-f51f-4b1a-b6eb-750dd846f39e: 67 internal nodes; 0.8 s; peak memory 334 MiB.
2026-09-20T12:50:48Z INFO [110/500] 086874c4-3161-4b64-860a-3444212eedf2: 27 internal nodes; 0.5 s; peak memory 334 MiB.
2026-09-20T12:50:49Z INFO [111/500] 0868916a-9606-4ac5-996e-da13a2a8e8ca: 13 internal nodes; 0.3 s; peak memory 334 MiB.
2026-09-20T12:50:49Z INFO [112/500] 0868e6f1-b31c-49e9-adf7-11e4efa26d05: 27 internal nodes; 0.6 s; peak memory 334 MiB.
2026-09-20T12:50:50Z INFO [113/500] 08691344-f63b-41f2-9949-d5538bbdb99d: 17 internal nodes; 0.5 s; peak memory 334 MiB.
2026-09-20T12:50:50Z INFO [114/500] 086952c4-c683-4d5b-8719-2cd5f8afc16a: 17 internal nodes; 0.5 s; peak memory 334 MiB.
2026-09-20T12:50:51Z INFO [115/500] 086a9eed-3573-47f5-8b14-ef9e7e8483b5: 22 internal nodes; 0.3 s; peak memory 334 MiB.
2026-09-20T12:50:52Z INFO [116/500] 086af144-27ed-450c-aad1-9d815772858f: 44 internal nodes; 1.3 s; peak memory 334 MiB.
2026-09-20T12:50:58Z INFO [117/500] 086b6088-6954-47b1-b835-d1b3414ba46d: 236 internal nodes; 5.5 s; peak memory 334 MiB.
2026-09-20T12:51:35Z INFO [118/500] 086b92ea-00aa-4e58-8e7b-1537e6dac87c: 585 internal nodes; 37.9 s; peak memory 334 MiB.
2026-09-20T12:51:43Z INFO [119/500] 086c1f1a-da4b-4888-8099-3ddfa84bdf43: 570 internal nodes; 7.6 s; peak memory 334 MiB.
2026-09-20T12:51:44Z INFO [120/500] 086c49d3-7dd9-4824-9583-62cfdbd516ff: 17 internal nodes; 0.5 s; peak memory 334 MiB.
2026-09-20T12:51:44Z INFO [121/500] 086cfd36-4084-430f-9613-3963b821d613: 31 internal nodes; 0.6 s; peak memory 334 MiB.
2026-09-20T12:51:45Z INFO [122/500] 086d37e7-133f-4151-b04c-28ff77841195: 31 internal nodes; 0.8 s; peak memory 334 MiB.
2026-09-20T12:51:47Z INFO [123/500] 086e2efc-30ee-4b9b-8385-8825e3fe7817: 46 internal nodes; 1.6 s; peak memory 334 MiB.
2026-09-20T12:51:47Z INFO [124/500] 086eb53b-0dd8-480c-ae50-7ef3957f05db: 17 internal nodes; 0.5 s; peak memory 334 MiB.
2026-09-20T12:51:48Z INFO [125/500] 086f77da-655f-409f-a5ce-6d160777122a: 27 internal nodes; 0.7 s; peak memory 334 MiB.
2026-09-20T12:51:51Z INFO [126/500] 086fbe9f-c68c-4cf7-86da-4b2854c6d303: 73 internal nodes; 3.0 s; peak memory 334 MiB.
2026-09-20T12:51:52Z INFO [127/500] 0870698b-c406-44ce-9cd0-032d0d57cc30: 62 internal nodes; 0.8 s; peak memory 334 MiB.
2026-09-20T12:51:53Z INFO [128/500] 0871a2ff-6149-448d-8166-0916cc45a4ac: 18 internal nodes; 1.2 s; peak memory 334 MiB.
2026-09-20T12:51:53Z INFO [129/500] 0872463d-162b-471d-a5a4-939bedebfed1: 17 internal nodes; 0.6 s; peak memory 334 MiB.
2026-09-20T12:51:54Z INFO [130/500] 08732e72-2f97-46a2-a0f3-482584639c41: 22 internal nodes; 0.9 s; peak memory 334 MiB.
2026-09-20T12:51:55Z INFO [131/500] 0873a844-b710-45a9-b46e-8375cc42632d: 11 internal nodes; 0.4 s; peak memory 334 MiB.
2026-09-20T12:51:55Z INFO [132/500] 0873cb9d-fd27-4909-8e5d-d9bd0de74c73: 13 internal nodes; 0.3 s; peak memory 334 MiB.
2026-09-20T12:51:58Z INFO [133/500] 0873d051-0906-4665-bd82-2434715fba50: 177 internal nodes; 2.6 s; peak memory 334 MiB.
2026-09-20T12:51:58Z INFO [134/500] 08742473-5055-4fbf-afcf-ac1c9ad243fb: 19 internal nodes; 0.6 s; peak memory 334 MiB.
2026-09-20T12:51:59Z INFO [135/500] 08748d8d-1df1-43ae-a69e-3652ec074015: 17 internal nodes; 0.6 s; peak memory 334 MiB.
2026-09-20T12:52:00Z INFO [136/500] 08752efc-6722-429e-8861-755304d609da: 39 internal nodes; 1.1 s; peak memory 334 MiB.
2026-09-20T12:52:01Z INFO [137/500] 08757455-0ed1-4e96-9e99-335b7a432fd7: 54 internal nodes; 1.2 s; peak memory 334 MiB.
2026-09-20T12:52:02Z INFO [138/500] 087590d2-1b60-4e7a-ad98-042739dcc7f2: 17 internal nodes; 0.6 s; peak memory 334 MiB.
2026-09-20T12:52:02Z INFO [139/500] 0876948f-ee2f-46a9-9bf1-937c98abffd5: 67 internal nodes; 0.8 s; peak memory 334 MiB.
2026-09-20T12:52:03Z INFO [140/500] 0876cb6d-f6cb-4139-96f0-e655421e117a: 29 internal nodes; 0.8 s; peak memory 334 MiB.
2026-09-20T12:52:04Z INFO [141/500] 08775010-30f5-43f9-bafd-41dd77dbd605: 19 internal nodes; 0.6 s; peak memory 334 MiB.
2026-09-20T12:52:04Z INFO [142/500] 0878eb4e-c1ef-466b-a96d-05274c4f8145: 17 internal nodes; 0.5 s; peak memory 334 MiB.
2026-09-20T12:52:05Z INFO [143/500] 0879f324-2be6-415b-b336-ff4ff005795c: 13 internal nodes; 0.6 s; peak memory 334 MiB.
2026-09-20T12:52:05Z INFO [144/500] 087ac878-59ff-4a0b-903b-3a3d80b8fa54: 27 internal nodes; 0.6 s; peak memory 334 MiB.
2026-09-20T12:52:07Z INFO [145/500] 087bad21-39f4-41d5-859c-1b0e7a98a969: 60 internal nodes; 1.2 s; peak memory 334 MiB.
2026-09-20T12:52:07Z INFO [146/500] 087bc19b-9523-467b-892c-22db32d1a651: 11 internal nodes; 0.4 s; peak memory 334 MiB.
2026-09-20T12:52:13Z INFO [147/500] 087c48ce-b7e0-46c5-aec8-660fec3e463d: 240 internal nodes; 5.4 s; peak memory 334 MiB.
2026-09-20T12:52:13Z INFO [148/500] 087c4d3e-aa9f-410e-aeb0-4070a11d21f2: 27 internal nodes; 0.6 s; peak memory 334 MiB.
2026-09-20T12:52:15Z INFO [149/500] 087c7cf1-303b-4ed1-a474-02557b85f85b: 80 internal nodes; 1.5 s; peak memory 334 MiB.
2026-09-20T12:52:18Z INFO [150/500] 087cdd6f-f2f3-4d89-8c53-07dc2c875ab0: 82 internal nodes; 3.7 s; peak memory 334 MiB.
2026-09-20T12:52:18Z INFO [150/500] 087cdd6f-f2f3-4d89-8c53-07dc2c875ab0: checkpointed 50154 records.
2026-09-20T12:52:19Z INFO [151/500] 087d3d63-e366-4b67-8aa6-86cbdf7a0ecc: 23 internal nodes; 0.8 s; peak memory 334 MiB.
2026-09-20T12:52:20Z INFO [152/500] 087d6a4b-c786-4e5f-ba8c-5acdfbddc99b: 13 internal nodes; 0.5 s; peak memory 334 MiB.
2026-09-20T12:52:20Z INFO [153/500] 087f170b-7ca1-4e9b-bc72-7fe81ae83355: 13 internal nodes; 0.6 s; peak memory 334 MiB.
2026-09-20T12:52:21Z INFO [154/500] 08802ec1-0619-49d9-9878-cd38826196ed: 17 internal nodes; 0.5 s; peak memory 334 MiB.
2026-09-20T12:52:21Z INFO [155/500] 08808770-b630-4ccc-a688-bdde96686bc1: 86 internal nodes; 0.6 s; peak memory 334 MiB.
2026-09-20T12:52:22Z INFO [156/500] 0880efa9-7283-44ef-83e7-d7b80f6f3ebc: 19 internal nodes; 0.6 s; peak memory 334 MiB.
2026-09-20T12:52:23Z INFO [157/500] 088107a6-de5a-4573-ac35-4183eff0f4b1: 17 internal nodes; 0.5 s; peak memory 334 MiB.
2026-09-20T12:52:23Z INFO [158/500] 0881661a-6a2a-472e-a928-d086f726dfed: 17 internal nodes; 0.5 s; peak memory 334 MiB.
2026-09-20T12:52:24Z INFO [159/500] 08819f75-93a6-4f04-b4bb-c8c1da9d6a76: 29 internal nodes; 0.7 s; peak memory 334 MiB.
2026-09-20T12:52:24Z INFO [160/500] 0881c86a-c9d3-4673-8afd-d9d51d463f54: 115 internal nodes; 0.5 s; peak memory 335 MiB.
2026-09-20T12:52:26Z INFO [161/500] 08848ff0-174c-4531-b25f-fcd5661baaec: 46 internal nodes; 1.5 s; peak memory 335 MiB.
2026-09-20T12:52:26Z INFO [162/500] 08853029-c49e-40dc-967c-d7454a1b6d7f: 17 internal nodes; 0.6 s; peak memory 335 MiB.
2026-09-20T12:52:27Z INFO [163/500] 08856356-e407-49b3-a3a0-e14b1a9e36fd: 31 internal nodes; 0.6 s; peak memory 335 MiB.
2026-09-20T12:52:27Z INFO [164/500] 0886dc3c-bfe1-43c5-9ea3-4e0c278523cf: 17 internal nodes; 0.4 s; peak memory 335 MiB.
2026-09-20T12:52:28Z INFO [165/500] 08874d28-3b3c-441f-9c65-a98c64498f19: 17 internal nodes; 0.5 s; peak memory 335 MiB.
2026-09-20T12:52:36Z INFO [166/500] 08877778-c6ef-48fe-bc6d-13cf3717b3ff: 452 internal nodes; 8.0 s; peak memory 335 MiB.
2026-09-20T12:52:37Z INFO [167/500] 0887f3d9-68c9-4ffd-a827-85a2e688667f: 25 internal nodes; 0.6 s; peak memory 335 MiB.
2026-09-20T12:52:38Z INFO [168/500] 088812b0-2074-4445-95dd-bbce2ae38cee: 44 internal nodes; 1.6 s; peak memory 335 MiB.
2026-09-20T12:52:39Z INFO [169/500] 08886b66-d106-49a4-b3eb-c50d4b80ef09: 30 internal nodes; 0.8 s; peak memory 335 MiB.
2026-09-20T12:52:40Z INFO [170/500] 0889083e-7330-4927-8071-498c4e7a86f2: 44 internal nodes; 1.5 s; peak memory 335 MiB.
2026-09-20T12:52:42Z INFO [171/500] 0889fd27-bd5d-49aa-9f32-5528b1e403bd: 103 internal nodes; 2.0 s; peak memory 335 MiB.
2026-09-20T12:52:44Z INFO [172/500] 088a08ba-dfd2-44ab-b283-67e45410b337: 66 internal nodes; 1.2 s; peak memory 335 MiB.
2026-09-20T12:52:47Z INFO [173/500] 088b2e17-4681-404f-8ddc-0c62d12de727: 177 internal nodes; 3.1 s; peak memory 335 MiB.
2026-09-20T12:52:49Z INFO [174/500] 088b7053-4607-4d78-8f7c-036d564ab99c: 41 internal nodes; 2.0 s; peak memory 335 MiB.
2026-09-20T12:52:49Z INFO [175/500] 088b94d1-c454-481d-9c63-8edad557a88f: 17 internal nodes; 0.5 s; peak memory 335 MiB.
2026-09-20T12:52:50Z INFO [176/500] 088be3c1-652a-42a8-9c8f-07a89ee15cf7: 49 internal nodes; 1.0 s; peak memory 335 MiB.
2026-09-20T12:53:51Z INFO [177/500] 088bf4ee-5fb1-4323-9b96-12a7b6b5a84a: 93 internal nodes; 61.0 s; peak memory 409 MiB.
2026-09-20T12:53:54Z INFO [178/500] 088c58a9-ca43-4d0f-b2d1-fa180aff20f2: 177 internal nodes; 2.6 s; peak memory 409 MiB.
2026-09-20T12:53:54Z INFO [179/500] 088cafa5-7189-4afd-acd1-a46b4247942a: 17 internal nodes; 0.6 s; peak memory 409 MiB.
2026-09-20T12:53:55Z INFO [180/500] 088d7e76-b133-41a3-a1b9-f3bb33c3bf90: 13 internal nodes; 0.6 s; peak memory 409 MiB.
2026-09-20T12:53:55Z INFO [181/500] 088d8801-acd5-4147-8d07-9121a58c2b3c: 17 internal nodes; 0.4 s; peak memory 409 MiB.
2026-09-20T12:53:56Z INFO [182/500] 088dbff0-da24-45f2-8fe8-5f2718efb459: 17 internal nodes; 0.6 s; peak memory 409 MiB.
2026-09-20T12:53:57Z INFO [183/500] 088de939-7ef0-4f02-9a1f-165d4d93f24a: 60 internal nodes; 0.6 s; peak memory 409 MiB.
2026-09-20T12:53:57Z INFO [184/500] 088dfbec-7866-4c22-a75a-412e636f6c09: 27 internal nodes; 0.6 s; peak memory 409 MiB.
2026-09-20T12:53:58Z INFO [185/500] 088ef7d1-de28-42f0-a15f-a5535fa2c16b: 31 internal nodes; 0.6 s; peak memory 409 MiB.
2026-09-20T12:53:59Z INFO [186/500] 088efccf-16a9-47c6-a80f-1e511cb8e83b: 66 internal nodes; 1.2 s; peak memory 409 MiB.
2026-09-20T12:54:00Z INFO [187/500] 088fcb7e-b6fb-4425-b640-12d923efc2d5: 69 internal nodes; 0.8 s; peak memory 409 MiB.
2026-09-20T12:54:05Z INFO [188/500] 08904cbc-4e4c-458c-b66c-3a51955b5781: 74 internal nodes; 5.5 s; peak memory 409 MiB.
2026-09-20T12:54:07Z INFO [189/500] 0890ac2d-a7ab-46b5-90a4-9762ff4f5029: 59 internal nodes; 1.3 s; peak memory 409 MiB.
2026-09-20T12:54:07Z INFO [190/500] 0890f015-98fa-4c49-a45e-1d6a502e3973: 54 internal nodes; 0.7 s; peak memory 409 MiB.
2026-09-20T12:54:08Z INFO [191/500] 08912f06-255e-4406-b62d-1c4d7bcc1a6b: 17 internal nodes; 0.7 s; peak memory 409 MiB.
2026-09-20T12:54:11Z INFO [192/500] 0891772c-1679-44c8-b271-3035d93a0a90: 54 internal nodes; 3.0 s; peak memory 409 MiB.
2026-09-20T12:54:12Z INFO [193/500] 08929bd3-7ca1-4e58-a83d-523165a7d614: 11 internal nodes; 0.5 s; peak memory 409 MiB.
2026-09-20T12:54:12Z INFO [194/500] 089339b7-e8b0-4df8-844b-59c714b07339: 17 internal nodes; 0.6 s; peak memory 409 MiB.
2026-09-20T12:54:13Z INFO [195/500] 08947353-5d9a-4f7a-b919-4de4cc4f8f12: 11 internal nodes; 0.4 s; peak memory 409 MiB.
2026-09-20T12:54:17Z INFO [196/500] 08949c62-f680-45a5-9dab-17fda8748684: 192 internal nodes; 4.8 s; peak memory 409 MiB.
2026-09-20T12:54:19Z INFO [197/500] 089506e2-a880-460b-bbdb-4b17a6751014: 44 internal nodes; 1.3 s; peak memory 409 MiB.
2026-09-20T12:54:19Z INFO [198/500] 089530d6-1f40-447f-a055-de9e1e0c394a: 63 internal nodes; 0.7 s; peak memory 409 MiB.
2026-09-20T12:54:20Z INFO [199/500] 08953f97-0ffd-40a4-8506-00d76f981abd: 17 internal nodes; 0.5 s; peak memory 409 MiB.
2026-09-20T12:54:21Z INFO [200/500] 089632d7-9fa1-421f-bca3-0a9b65220580: 27 internal nodes; 0.7 s; peak memory 409 MiB.
2026-09-20T12:54:21Z INFO [200/500] 089632d7-9fa1-421f-bca3-0a9b65220580: checkpointed 50204 records.
2026-09-20T12:54:21Z INFO [201/500] 0897192f-8423-48c4-8e42-32c045d17606: 31 internal nodes; 0.6 s; peak memory 409 MiB.
2026-09-20T12:54:24Z INFO [202/500] 089818f0-fe37-459d-aadb-29647ad67fb7: 70 internal nodes; 3.0 s; peak memory 409 MiB.
2026-09-20T12:54:25Z INFO [203/500] 0898be14-ae35-4173-89b8-5664f9265fac: 23 internal nodes; 0.6 s; peak memory 409 MiB.
2026-09-20T12:54:26Z INFO [204/500] 0899659b-632a-4625-8c47-c604d52c4ec4: 72 internal nodes; 0.8 s; peak memory 409 MiB.
2026-09-20T12:54:27Z INFO [205/500] 0899bb25-53b3-44a9-9bca-c69d2fec79e6: 31 internal nodes; 0.8 s; peak memory 409 MiB.
2026-09-20T12:54:27Z INFO [206/500] 089a0ee7-db2a-4c57-a98f-df97d5239ac6: 67 internal nodes; 0.8 s; peak memory 409 MiB.
2026-09-20T12:54:28Z INFO [207/500] 089a48a4-b0ff-496a-b956-813aec478d4f: 31 internal nodes; 0.5 s; peak memory 409 MiB.
2026-09-20T12:54:28Z INFO [208/500] 089ad34a-4f83-428a-87a5-9b4ebc77a77f: 17 internal nodes; 0.6 s; peak memory 409 MiB.
2026-09-20T12:54:29Z INFO [209/500] 089bbcdb-5bfc-496f-ab70-739052bcf2ae: 31 internal nodes; 0.8 s; peak memory 409 MiB.
2026-09-20T12:54:30Z INFO [210/500] 089bd9fe-59a3-4606-985a-ae814213356a: 26 internal nodes; 0.6 s; peak memory 409 MiB.
2026-09-20T12:54:45Z INFO [211/500] 089ce0d8-aa11-4422-b702-d7efe07b74ec: 3411 internal nodes; 15.3 s; peak memory 409 MiB.
2026-09-20T12:54:49Z INFO [212/500] 089d02a4-e17c-4fc6-94b4-6344ef0b7409: 65 internal nodes; 3.8 s; peak memory 409 MiB.
2026-09-20T12:54:49Z INFO [213/500] 089d4abe-40df-4f1f-bfc2-10a38008d6ee: 13 internal nodes; 0.5 s; peak memory 409 MiB.
2026-09-20T12:54:50Z INFO [214/500] 089d5105-149e-41fe-ae11-ddbc019ba88c: 116 internal nodes; 0.8 s; peak memory 409 MiB.
2026-09-20T12:54:56Z INFO [215/500] 089ebc19-73b4-48fb-aa6b-fa12f7f2c189: 106 internal nodes; 6.2 s; peak memory 409 MiB.
2026-09-20T12:54:57Z INFO [216/500] 089efcd5-8f97-4fd8-9161-5bf0819146a5: 27 internal nodes; 0.6 s; peak memory 409 MiB.
2026-09-20T12:54:58Z INFO [217/500] 089f199d-92ce-45c9-a01f-61a48bc3daac: 31 internal nodes; 0.6 s; peak memory 409 MiB.
2026-09-20T12:54:58Z INFO [218/500] 089f4a7f-f925-489f-8514-9057f7d3d49f: 27 internal nodes; 0.8 s; peak memory 409 MiB.
2026-09-20T12:54:59Z INFO [219/500] 089fe784-6455-49fe-8e6e-34fb5f759199: 17 internal nodes; 0.5 s; peak memory 409 MiB.
2026-09-20T12:54:59Z INFO [220/500] 08a030d4-5816-466d-aeaa-1a255883ceb5: 17 internal nodes; 0.5 s; peak memory 409 MiB.
2026-09-20T12:55:00Z INFO [221/500] 08a0e7b2-6fc7-435e-b7c3-231296a531b6: 17 internal nodes; 0.5 s; peak memory 409 MiB.
2026-09-20T12:55:01Z INFO [222/500] 08a16538-08cd-4d71-989e-5e77fa016460: 42 internal nodes; 1.3 s; peak memory 409 MiB.
2026-09-20T12:55:02Z INFO [223/500] 08a1b7e6-284b-47c4-97d4-8b467e309dfe: 90 internal nodes; 0.6 s; peak memory 409 MiB.
2026-09-20T12:55:03Z INFO [224/500] 08a20add-4d94-4287-9dc3-ad9d98dd438b: 31 internal nodes; 0.7 s; peak memory 409 MiB.
2026-09-20T12:55:04Z INFO [225/500] 08a3aa36-957b-4992-bb70-4bae722f6f5c: 46 internal nodes; 1.6 s; peak memory 409 MiB.
2026-09-20T12:55:05Z INFO [226/500] 08a3c91d-ed69-4c77-9e85-840f00edde31: 18 internal nodes; 0.4 s; peak memory 409 MiB.
2026-09-20T12:55:05Z INFO [227/500] 08a4245f-41b6-4e78-be4d-e40c1a1fcc47: 54 internal nodes; 0.8 s; peak memory 409 MiB.
2026-09-20T12:55:09Z INFO [228/500] 08a4b61f-9b8c-4fd5-abfc-819e97bfc1a7: 175 internal nodes; 3.9 s; peak memory 409 MiB.
2026-09-20T12:55:10Z INFO [229/500] 08a4ebae-704c-4f5d-8de5-0cc75eca27b9: 90 internal nodes; 0.6 s; peak memory 409 MiB.
2026-09-20T12:55:10Z INFO [230/500] 08a619b6-16d4-4a82-ae96-4a9f6a76175b: 27 internal nodes; 0.6 s; peak memory 409 MiB.
2026-09-20T12:55:11Z INFO [231/500] 08a6642d-a3e3-4506-975a-402610871a6e: 26 internal nodes; 0.4 s; peak memory 409 MiB.
2026-09-20T12:55:11Z INFO [232/500] 08a704af-76fd-4644-b066-d6fd8a4e93e5: 27 internal nodes; 0.5 s; peak memory 409 MiB.
2026-09-20T12:55:12Z INFO [233/500] 08a70bcc-05c6-4f06-a742-d21a909aedc5: 26 internal nodes; 0.5 s; peak memory 409 MiB.
2026-09-20T12:55:13Z INFO [234/500] 08a71f4f-d90d-4b1b-95d6-2da76ca62da2: 62 internal nodes; 0.7 s; peak memory 409 MiB.
2026-09-20T12:55:13Z INFO [235/500] 08a8817c-a65b-4fa4-b600-bfdad529516c: 21 internal nodes; 0.5 s; peak memory 409 MiB.
2026-09-20T12:55:14Z INFO [236/500] 08a8e683-81f5-4012-ba08-eba1a0579f4c: 13 internal nodes; 0.4 s; peak memory 409 MiB.
2026-09-20T12:55:14Z INFO [237/500] 08a8fb76-78e4-45e0-8df3-a5a8236d02b5: 28 internal nodes; 0.9 s; peak memory 409 MiB.
2026-09-20T12:55:17Z INFO [238/500] 08a958a5-75d1-4f02-b6b9-7505eb18c9b0: 140 internal nodes; 3.0 s; peak memory 409 MiB.
2026-09-20T12:55:18Z INFO [239/500] 08a96b90-c941-419b-bf64-fc9533abe4a9: 22 internal nodes; 0.4 s; peak memory 409 MiB.
2026-09-20T12:55:24Z INFO [240/500] 08aa9dc3-aca2-465a-9209-9f7c4b989fdd: 321 internal nodes; 6.1 s; peak memory 409 MiB.
2026-09-20T12:55:26Z INFO [241/500] 08aaa6ed-67b2-4faf-b215-72f3e8c50300: 41 internal nodes; 2.0 s; peak memory 409 MiB.
2026-09-20T12:55:26Z INFO [242/500] 08aaaae1-8e22-4f1a-9db7-c064a82966f0: 27 internal nodes; 0.6 s; peak memory 409 MiB.
2026-09-20T12:55:27Z INFO [243/500] 08ab40d8-51f8-4cec-9c48-d428ce7b7074: 31 internal nodes; 0.9 s; peak memory 409 MiB.
2026-09-20T12:55:28Z INFO [244/500] 08ab8376-42c0-4f10-b908-3f641b188c76: 37 internal nodes; 0.9 s; peak memory 409 MiB.
2026-09-20T12:55:29Z INFO [245/500] 08ac4ef8-26f1-45b9-af83-d33b6330dd77: 13 internal nodes; 0.5 s; peak memory 409 MiB.
2026-09-20T12:55:29Z INFO [246/500] 08ac64dd-d873-4e4c-b728-32ef98e1ac79: 31 internal nodes; 0.6 s; peak memory 409 MiB.
2026-09-20T12:55:30Z INFO [247/500] 08ac9830-4cc3-47ab-8767-24e26c29ca3b: 31 internal nodes; 0.9 s; peak memory 409 MiB.
2026-09-20T12:55:31Z INFO [248/500] 08acb4d1-f026-4890-91f5-7e8a5cc44d22: 54 internal nodes; 0.6 s; peak memory 409 MiB.
2026-09-20T12:55:32Z INFO [249/500] 08ad17f8-c76a-4924-a24f-c0c9b98aab76: 53 internal nodes; 0.8 s; peak memory 409 MiB.
2026-09-20T12:55:36Z INFO [250/500] 08ad9b6f-faa8-4744-95de-e279991e782f: 224 internal nodes; 4.5 s; peak memory 409 MiB.
2026-09-20T12:55:36Z INFO [250/500] 08ad9b6f-faa8-4744-95de-e279991e782f: checkpointed 50254 records.
2026-09-20T12:55:37Z INFO [251/500] 08aec36e-73e0-4dfe-9e67-167657839931: 24 internal nodes; 0.7 s; peak memory 409 MiB.
2026-09-20T12:55:38Z INFO [252/500] 08b01214-2af6-4602-9259-f1632508dc05: 17 internal nodes; 0.5 s; peak memory 409 MiB.
2026-09-20T12:55:38Z INFO [253/500] 08b1cd54-7359-442f-a9b0-0d991c180b6f: 26 internal nodes; 0.4 s; peak memory 409 MiB.
2026-09-20T12:55:39Z INFO [254/500] 08b25532-cb58-4b3a-8208-4a80e1a2ad4c: 29 internal nodes; 0.8 s; peak memory 409 MiB.
2026-09-20T12:55:39Z INFO [255/500] 08b255b6-08ca-4151-b13a-ed88113166cf: 26 internal nodes; 0.5 s; peak memory 409 MiB.
2026-09-20T12:55:47Z INFO [256/500] 08b2bc6d-0ae5-4087-ab7e-2fab0d7527ca: 66 internal nodes; 7.9 s; peak memory 409 MiB.
2026-09-20T12:55:48Z INFO [257/500] 08b2c281-c914-42a0-bfca-c17ba1c96f82: 17 internal nodes; 0.5 s; peak memory 409 MiB.
2026-09-20T12:55:48Z INFO [258/500] 08b3c8c9-4722-47ad-89db-58dbfade377b: 13 internal nodes; 0.4 s; peak memory 409 MiB.
2026-09-20T12:55:49Z INFO [259/500] 08b3df21-9dde-4c20-b11f-41918f31955f: 17 internal nodes; 0.5 s; peak memory 409 MiB.
2026-09-20T12:55:49Z INFO [260/500] 08b4cf72-7180-4d2f-b568-9ab5d742566b: 12 internal nodes; 0.4 s; peak memory 409 MiB.
2026-09-20T12:55:49Z INFO [261/500] 08b5a0bd-0c49-4f1e-a6b0-14f532f2f27e: 16 internal nodes; 0.4 s; peak memory 409 MiB.
2026-09-20T12:55:50Z INFO [262/500] 08b7c24b-a5f6-4621-896c-8e6877ef5685: 63 internal nodes; 0.9 s; peak memory 409 MiB.
2026-09-20T12:55:51Z INFO [263/500] 08b879db-a252-4da9-a4fc-7dea905b23d5: 17 internal nodes; 0.4 s; peak memory 409 MiB.
2026-09-20T12:55:54Z INFO [264/500] 08b887e2-fe7d-4e7c-b37e-89f514576184: 140 internal nodes; 3.4 s; peak memory 409 MiB.
2026-09-20T12:55:58Z INFO [265/500] 08b8c508-fa2f-4e84-ab95-c7a32831167d: 200 internal nodes; 4.1 s; peak memory 409 MiB.
2026-09-20T12:55:59Z INFO [266/500] 08ba57ef-a3b5-4256-9b68-7ed375a768c0: 17 internal nodes; 0.6 s; peak memory 409 MiB.
2026-09-20T12:56:00Z INFO [267/500] 08ba74d1-9da1-4a5c-9c21-8960c21a1d38: 63 internal nodes; 0.7 s; peak memory 409 MiB.
2026-09-20T12:56:02Z INFO [268/500] 08baba3c-a7b6-49e7-88f9-130e9733afd7: 53 internal nodes; 2.1 s; peak memory 409 MiB.
2026-09-20T12:56:02Z INFO [269/500] 08bcdcc2-4abf-4d72-ad9a-79e18d573592: 17 internal nodes; 0.6 s; peak memory 409 MiB.
2026-09-20T12:56:03Z INFO [270/500] 08bd98e8-cedb-4438-8be8-9143eacc8d38: 72 internal nodes; 1.0 s; peak memory 409 MiB.
2026-09-20T12:56:05Z INFO [271/500] 08bddb1b-3a6c-4eac-a904-e7ebb2dde5f5: 61 internal nodes; 1.5 s; peak memory 409 MiB.
2026-09-20T12:56:06Z INFO [272/500] 08bdde18-ab53-4087-b98e-b43ac0ca0ea2: 41 internal nodes; 1.4 s; peak memory 409 MiB.
2026-09-20T12:56:08Z INFO [273/500] 08bddfeb-86ca-4954-9892-6ebc1295b62e: 39 internal nodes; 1.6 s; peak memory 409 MiB.
2026-09-20T12:56:08Z INFO [274/500] 08bef113-4f28-46a5-814e-1a591d446b59: 30 internal nodes; 0.9 s; peak memory 409 MiB.
2026-09-20T12:56:09Z INFO [275/500] 08bf1500-d261-4e69-a87e-5d45fadd9672: 23 internal nodes; 0.7 s; peak memory 409 MiB.
2026-09-20T12:56:13Z INFO [276/500] 08bf3dbd-e66b-40d5-91fa-912b617c8e3a: 158 internal nodes; 3.5 s; peak memory 409 MiB.
2026-09-20T12:56:18Z INFO [277/500] 08bfa495-6462-4797-a9f1-db5f350eac6d: 344 internal nodes; 5.8 s; peak memory 409 MiB.
2026-09-20T12:56:21Z INFO [278/500] 08c04799-cf65-4481-bf52-71369e093872: 73 internal nodes; 2.6 s; peak memory 409 MiB.
2026-09-20T12:56:22Z INFO [279/500] 08c077a6-ba1d-4c96-b835-489c9b7288a6: 29 internal nodes; 0.7 s; peak memory 409 MiB.
2026-09-20T12:56:22Z INFO [280/500] 08c092b9-d7ff-4329-9827-71f29b319d68: 17 internal nodes; 0.4 s; peak memory 409 MiB.
2026-09-20T12:56:23Z INFO [281/500] 08c151e6-c3be-4164-91a7-ad4c58cbb0d8: 27 internal nodes; 0.6 s; peak memory 409 MiB.
2026-09-20T12:56:24Z INFO [282/500] 08c17d3f-d32c-44b1-bedc-8c3493caae70: 18 internal nodes; 0.8 s; peak memory 409 MiB.
2026-09-20T12:56:30Z INFO [283/500] 08c22356-5153-4662-907e-744d7e0ffd27: 238 internal nodes; 6.2 s; peak memory 409 MiB.
2026-09-20T12:56:30Z INFO [284/500] 08c3c40f-a015-4558-98fc-fefdcfd48f9f: 18 internal nodes; 0.7 s; peak memory 409 MiB.
2026-09-20T12:56:31Z INFO [285/500] 08c3e455-48c7-475e-bfbc-6bdad9755519: 26 internal nodes; 0.7 s; peak memory 409 MiB.
2026-09-20T12:56:32Z INFO [286/500] 08c40b2b-0a36-4c3c-a104-15b455e9d212: 59 internal nodes; 1.1 s; peak memory 409 MiB.
2026-09-20T12:56:33Z INFO [287/500] 08c56fd2-4de9-4b38-b08a-3889131d9e1f: 17 internal nodes; 0.5 s; peak memory 409 MiB.
2026-09-20T12:56:34Z INFO [288/500] 08c5aeab-61c5-4740-b868-395d37c99ebb: 29 internal nodes; 0.8 s; peak memory 409 MiB.
2026-09-20T12:56:35Z INFO [289/500] 08c690b2-be3d-4e62-b05c-122fc5662bb2: 30 internal nodes; 1.0 s; peak memory 409 MiB.
2026-09-20T12:56:35Z INFO [290/500] 08c79fe8-aeba-4dd2-be13-dfc4f8680b96: 17 internal nodes; 0.6 s; peak memory 409 MiB.
2026-09-20T12:56:36Z INFO [291/500] 08c831fe-bf43-4147-90e5-b66b0871e57f: 36 internal nodes; 0.7 s; peak memory 409 MiB.
2026-09-20T12:56:37Z INFO [292/500] 08c8588f-3ff3-4e33-b0f1-bcea4415ea72: 17 internal nodes; 0.5 s; peak memory 409 MiB.
2026-09-20T12:56:37Z INFO [293/500] 08c966d5-5542-4d11-8b99-9a8a707cc658: 27 internal nodes; 0.6 s; peak memory 409 MiB.
2026-09-20T12:56:38Z INFO [294/500] 08c96f40-7417-4a2a-9202-59f4ec61eaef: 17 internal nodes; 0.5 s; peak memory 409 MiB.
2026-09-20T12:56:43Z INFO [295/500] 08cb3bd6-a316-49f5-b903-5f715afc8a4f: 48 internal nodes; 5.0 s; peak memory 412 MiB.
2026-09-20T12:56:52Z INFO [296/500] 08cb6d93-e43f-4e2c-b500-902fa4b84e60: 137 internal nodes; 9.8 s; peak memory 412 MiB.
2026-09-20T12:56:57Z INFO [297/500] 08cc8b57-4e3a-4fdf-b848-668f84bc6c3a: 275 internal nodes; 4.9 s; peak memory 412 MiB.
2026-09-20T12:56:58Z INFO [298/500] 08cc9215-ee76-4688-897e-436006d71976: 13 internal nodes; 0.5 s; peak memory 412 MiB.
2026-09-20T12:56:58Z INFO [299/500] 08cd36f0-3571-43bc-82c3-5c1cf855d19e: 17 internal nodes; 0.5 s; peak memory 412 MiB.
2026-09-20T12:57:01Z INFO [300/500] 08cd6c82-17c3-4fa2-bc82-4103f3e3050a: 73 internal nodes; 2.9 s; peak memory 412 MiB.
2026-09-20T12:57:01Z INFO [300/500] 08cd6c82-17c3-4fa2-bc82-4103f3e3050a: checkpointed 50304 records.
2026-09-20T12:57:02Z INFO [301/500] 08cd6d4b-f8dc-4583-87d9-7fa55e0d63af: 63 internal nodes; 0.9 s; peak memory 412 MiB.
2026-09-20T12:57:03Z INFO [302/500] 08cdc315-592c-44b3-9a1a-f755642f1427: 90 internal nodes; 0.5 s; peak memory 412 MiB.
2026-09-20T12:57:03Z INFO [303/500] 08cdc8d2-0e3e-47db-9da4-3402a7a004fe: 15 internal nodes; 0.5 s; peak memory 412 MiB.
2026-09-20T12:57:06Z INFO [304/500] 08cde427-3ffe-46bd-b773-182a2fe5f1b7: 67 internal nodes; 2.7 s; peak memory 412 MiB.
2026-09-20T12:57:06Z INFO [305/500] 08cdfc8c-f34b-4b67-bdbe-3ebbf9c93824: 21 internal nodes; 0.3 s; peak memory 412 MiB.
2026-09-20T12:57:07Z INFO [306/500] 08ce5118-9f3c-4489-ad0e-5c42c8a246af: 27 internal nodes; 0.6 s; peak memory 412 MiB.
2026-09-20T12:57:08Z INFO [307/500] 08ce5eee-3f40-4b1d-bc79-106b730f7aed: 27 internal nodes; 0.7 s; peak memory 412 MiB.
2026-09-20T12:57:09Z INFO [308/500] 08ce7d84-e466-430a-a54e-51d7c74d9860: 40 internal nodes; 1.3 s; peak memory 412 MiB.
2026-09-20T12:57:10Z INFO [309/500] 08d05fed-98b6-4a80-910c-985638fc8442: 30 internal nodes; 0.7 s; peak memory 412 MiB.
2026-09-20T12:57:11Z INFO [310/500] 08d0a5bf-3bf0-455b-a114-5ee056ead9f3: 46 internal nodes; 1.5 s; peak memory 412 MiB.
2026-09-20T12:57:12Z INFO [311/500] 08d0d061-e73c-43c0-a70c-b1272cfe03f0: 17 internal nodes; 0.5 s; peak memory 412 MiB.
2026-09-20T12:57:12Z INFO [312/500] 08d11f74-ed20-415e-a341-ea7a126121ba: 31 internal nodes; 0.8 s; peak memory 412 MiB.
2026-09-20T12:57:13Z INFO [313/500] 08d12504-0304-4c23-9a2f-17ef4c52088a: 17 internal nodes; 0.6 s; peak memory 412 MiB.
2026-09-20T12:57:14Z INFO [314/500] 08d135fb-071a-4e37-8e98-116649946747: 30 internal nodes; 0.9 s; peak memory 412 MiB.
2026-09-20T12:57:15Z INFO [315/500] 08d169d2-9255-4be5-b9eb-b0e48debda7d: 27 internal nodes; 0.6 s; peak memory 412 MiB.
2026-09-20T12:57:15Z INFO [316/500] 08d26189-31fa-45b3-8ad3-024cf59dc74c: 24 internal nodes; 0.4 s; peak memory 412 MiB.
2026-09-20T12:57:16Z INFO [317/500] 08d26757-c3f8-4bbe-9914-5df862d060e9: 44 internal nodes; 1.1 s; peak memory 412 MiB.
2026-09-20T12:57:16Z INFO [318/500] 08d31910-1e27-4e5e-bfc8-072d8429539d: 13 internal nodes; 0.4 s; peak memory 412 MiB.
2026-09-20T12:57:17Z INFO [319/500] 08d48be9-e98b-485a-91af-4c5dfeb21f4d: 17 internal nodes; 0.6 s; peak memory 412 MiB.
2026-09-20T12:57:19Z INFO [320/500] 08d4aeb2-ab52-4789-8d28-c4ca4c0cfba7: 46 internal nodes; 1.6 s; peak memory 412 MiB.
2026-09-20T12:57:19Z INFO [321/500] 08d4fc16-180b-4539-85a0-063d965d5608: 37 internal nodes; 0.9 s; peak memory 412 MiB.
2026-09-20T12:57:20Z INFO [322/500] 08d65518-c538-4ad1-a3cd-c9b6c82bcb24: 17 internal nodes; 0.5 s; peak memory 412 MiB.
2026-09-20T12:57:21Z INFO [323/500] 08d6c5b6-2aad-4b9f-adcc-956bf6f2e7f6: 69 internal nodes; 0.8 s; peak memory 412 MiB.
2026-09-20T12:57:21Z INFO [324/500] 08d6c838-6ef3-4de7-bb3d-f5ae89507cfd: 53 internal nodes; 0.7 s; peak memory 412 MiB.
2026-09-20T12:57:22Z INFO [325/500] 08d6df98-8227-4228-811d-d30c03901b40: 23 internal nodes; 0.6 s; peak memory 412 MiB.
2026-09-20T12:57:27Z INFO [326/500] 08d721fd-012c-45bf-aa2e-cd2ece6b23f4: 87 internal nodes; 5.3 s; peak memory 412 MiB.
2026-09-20T12:57:28Z INFO [327/500] 08d7794f-79ad-47e5-9994-5895082b99a1: 29 internal nodes; 0.5 s; peak memory 412 MiB.
2026-09-20T12:57:28Z INFO [328/500] 08d7e54c-88a4-4f00-89a5-344c0c93281e: 11 internal nodes; 0.5 s; peak memory 412 MiB.
2026-09-20T12:57:34Z INFO [329/500] 08d7f5bd-d179-4e76-a0a6-356d02a3af33: 269 internal nodes; 6.0 s; peak memory 412 MiB.
2026-09-20T12:57:35Z INFO [330/500] 08d81115-427d-47c8-b76e-92bacc5c2703: 29 internal nodes; 0.6 s; peak memory 412 MiB.
2026-09-20T12:57:40Z INFO [331/500] 08d86979-cca0-46a9-94fc-49ce15eab986: 63 internal nodes; 5.2 s; peak memory 412 MiB.
2026-09-20T12:57:41Z INFO [332/500] 08d97053-352f-4def-bedb-4102990e7c71: 19 internal nodes; 0.5 s; peak memory 412 MiB.
2026-09-20T12:57:44Z INFO [333/500] 08da5f7d-0fc8-4a47-a4cf-df36dce7b378: 62 internal nodes; 3.7 s; peak memory 412 MiB.
2026-09-20T12:57:45Z INFO [334/500] 08da8f5d-f558-4afc-9bc1-726c47c361d3: 27 internal nodes; 0.8 s; peak memory 412 MiB.
2026-09-20T12:57:46Z INFO [335/500] 08dab2ba-7b97-4274-89e6-eee3a4559bbe: 83 internal nodes; 0.6 s; peak memory 412 MiB.
2026-09-20T12:57:46Z INFO [336/500] 08dabbef-6f92-4170-93e4-baeb7695e51c: 86 internal nodes; 0.8 s; peak memory 412 MiB.
2026-09-20T12:57:47Z INFO [337/500] 08dbbe47-7116-408f-a055-13e4e93304ca: 66 internal nodes; 1.2 s; peak memory 412 MiB.
2026-09-20T12:57:49Z INFO [338/500] 08dc9c5e-6d59-4246-bfea-822d35b5f4bf: 31 internal nodes; 1.1 s; peak memory 412 MiB.
2026-09-20T12:57:49Z INFO [339/500] 08dcf7fe-9799-479d-ad05-75af2870c505: 17 internal nodes; 0.4 s; peak memory 412 MiB.
2026-09-20T12:57:50Z INFO [340/500] 08dd8352-a465-4f5c-b3db-a15b0f580747: 44 internal nodes; 1.5 s; peak memory 412 MiB.
2026-09-20T12:57:51Z INFO [341/500] 08de1f7f-6ceb-42b2-ba3b-e53290103343: 95 internal nodes; 0.9 s; peak memory 412 MiB.
2026-09-20T12:57:52Z INFO [342/500] 08de811b-1ccc-43be-bdd9-0b9d838fcc7d: 27 internal nodes; 0.5 s; peak memory 412 MiB.
2026-09-20T12:57:53Z INFO [343/500] 08df129a-47a0-4588-b7ef-b6745e4e2a63: 67 internal nodes; 0.8 s; peak memory 412 MiB.
2026-09-20T12:57:53Z INFO [344/500] 08df20e4-3370-4dd1-9e46-9097246559dc: 29 internal nodes; 0.7 s; peak memory 412 MiB.
2026-09-20T12:57:54Z INFO [345/500] 08e109ae-5f23-4cf8-934c-79e3c4ef8bea: 31 internal nodes; 0.7 s; peak memory 412 MiB.
2026-09-20T12:57:55Z INFO [346/500] 08e119a6-3677-4485-8acd-d9440a5a831d: 15 internal nodes; 0.5 s; peak memory 412 MiB.
2026-09-20T12:57:55Z INFO [347/500] 08e13029-cf2e-440d-8b5b-341a150ebb05: 19 internal nodes; 0.6 s; peak memory 412 MiB.
2026-09-20T12:57:56Z INFO [348/500] 08e26b4f-e23d-4a18-9df3-754de144d6df: 37 internal nodes; 0.8 s; peak memory 412 MiB.
2026-09-20T12:57:57Z INFO [349/500] 08e3de8c-94de-4db6-96b3-9ca7f17de437: 27 internal nodes; 0.6 s; peak memory 412 MiB.
2026-09-20T12:57:57Z INFO [350/500] 08e3ec2d-be1a-4e04-9ea5-ed3d24e79670: 17 internal nodes; 0.5 s; peak memory 412 MiB.
2026-09-20T12:57:57Z INFO [350/500] 08e3ec2d-be1a-4e04-9ea5-ed3d24e79670: checkpointed 50354 records.
2026-09-20T12:58:00Z INFO [351/500] 08e4a452-5574-41b6-8758-935b3b95820b: 177 internal nodes; 3.2 s; peak memory 412 MiB.
2026-09-20T12:58:01Z INFO [352/500] 08e59224-f8f4-4a46-a247-abebb430e087: 17 internal nodes; 0.5 s; peak memory 412 MiB.
2026-09-20T12:58:01Z INFO [353/500] 08e5a000-0500-4083-aa99-47e4e53d684e: 11 internal nodes; 0.4 s; peak memory 412 MiB.
2026-09-20T12:58:02Z INFO [354/500] 08e69f3c-4c07-4753-886b-8a653e678c7c: 38 internal nodes; 0.8 s; peak memory 412 MiB.
2026-09-20T12:58:03Z INFO [355/500] 08e70550-23a8-4fc2-a31d-1699e14c977c: 44 internal nodes; 1.3 s; peak memory 412 MiB.
2026-09-20T12:58:04Z INFO [356/500] 08e7facd-e0da-4679-869a-2690ab6f4be0: 22 internal nodes; 0.6 s; peak memory 412 MiB.
2026-09-20T12:58:09Z INFO [357/500] 08e87489-9aef-4e19-92f2-4248d1e1c560: 285 internal nodes; 4.8 s; peak memory 412 MiB.
2026-09-20T12:58:13Z INFO [358/500] 08e8f32e-c698-4d22-b963-b29cbeaa43e8: 194 internal nodes; 4.1 s; peak memory 412 MiB.
2026-09-20T12:58:13Z INFO [359/500] 08e92695-6bbc-400b-b4b3-97913fddd42d: 11 internal nodes; 0.4 s; peak memory 412 MiB.
2026-09-20T12:58:15Z INFO [360/500] 08ea1571-8912-4535-89ac-5e9e6647e80e: 42 internal nodes; 1.3 s; peak memory 412 MiB.
2026-09-20T12:58:16Z INFO [361/500] 08ea1c4c-528e-4898-9899-ba7bc6693037: 44 internal nodes; 1.2 s; peak memory 412 MiB.
2026-09-20T12:58:19Z INFO [362/500] 08ea54e4-d466-43ed-9c72-39ea4e4e6322: 59 internal nodes; 3.5 s; peak memory 412 MiB.
2026-09-20T12:58:21Z INFO [363/500] 08ea5ef4-96f3-47f0-9993-e43fcd4586d0: 44 internal nodes; 1.2 s; peak memory 412 MiB.
2026-09-20T12:58:21Z INFO [364/500] 08ea9d0e-678d-4737-a563-8749f86d1b13: 54 internal nodes; 0.7 s; peak memory 412 MiB.
2026-09-20T12:58:22Z INFO [365/500] 08eb03fe-ea93-4b60-9e36-c10560de8113: 27 internal nodes; 0.6 s; peak memory 412 MiB.
2026-09-20T12:58:23Z INFO [366/500] 08eb4e23-ac06-4a98-8d6a-b1129ccd8e66: 17 internal nodes; 0.6 s; peak memory 412 MiB.
2026-09-20T12:58:24Z INFO [367/500] 08eb84a9-f4e4-4a90-948f-0d09daeee9f0: 44 internal nodes; 1.5 s; peak memory 412 MiB.
2026-09-20T12:58:24Z INFO [368/500] 08eba4f8-0fdd-4abc-a124-11ca95e3231f: 19 internal nodes; 0.5 s; peak memory 412 MiB.
2026-09-20T12:58:25Z INFO [369/500] 08ec5fe2-4e07-4f23-946b-89016e625ae9: 31 internal nodes; 0.6 s; peak memory 412 MiB.
2026-09-20T12:58:28Z INFO [370/500] 08ecf617-c7c4-4ad9-b665-053db70801aa: 177 internal nodes; 3.1 s; peak memory 412 MiB.
2026-09-20T12:58:29Z INFO [371/500] 08ed56e1-b3ec-4753-9191-1efc086c4e8f: 19 internal nodes; 0.5 s; peak memory 412 MiB.
2026-09-20T12:58:29Z INFO [372/500] 08ed8a5b-dd4d-4dff-ab56-f30b85ca38ee: 17 internal nodes; 0.5 s; peak memory 412 MiB.
2026-09-20T12:58:30Z INFO [373/500] 08edd889-5e2a-497a-909b-2c7b90cc682f: 17 internal nodes; 0.5 s; peak memory 412 MiB.
2026-09-20T12:58:30Z INFO [374/500] 08ee0e96-c44e-477b-974f-731984fec76a: 17 internal nodes; 0.5 s; peak memory 412 MiB.
2026-09-20T12:58:31Z INFO [375/500] 08ee1a2d-ebc7-4b7c-8915-e0da2f280363: 17 internal nodes; 0.5 s; peak memory 412 MiB.
2026-09-20T12:58:31Z INFO [376/500] 08ef1715-ebd5-4afb-b4ca-48f1846b4369: 17 internal nodes; 0.5 s; peak memory 412 MiB.
2026-09-20T12:58:32Z INFO [377/500] 08ef18bd-1e75-4302-be07-29bda6cbef06: 17 internal nodes; 0.5 s; peak memory 412 MiB.
2026-09-20T12:58:32Z INFO [378/500] 08ef1cdd-c67e-47b8-8eb5-b5149ec45bf8: 19 internal nodes; 0.5 s; peak memory 412 MiB.
2026-09-20T12:58:35Z INFO [379/500] 08ef619d-189b-401f-b9ff-b50a9d1f29e3: 161 internal nodes; 2.9 s; peak memory 412 MiB.
2026-09-20T12:58:36Z INFO [380/500] 08ef7fd5-8088-4a0b-9518-fa929edef951: 22 internal nodes; 0.4 s; peak memory 412 MiB.
2026-09-20T12:58:36Z INFO [381/500] 08efe47a-2912-45b4-a088-cf471be33d7e: 13 internal nodes; 0.5 s; peak memory 412 MiB.
2026-09-20T12:58:37Z INFO [382/500] 08eff9b7-4295-4cff-a1bf-c00235252783: 17 internal nodes; 0.5 s; peak memory 412 MiB.
2026-09-20T12:58:37Z INFO [383/500] 08f0264f-c709-4409-986b-d1d23dff6cd0: 16 internal nodes; 0.4 s; peak memory 412 MiB.
2026-09-20T12:58:38Z INFO [384/500] 08f04ddc-9465-4124-99a7-e101bf024b6e: 29 internal nodes; 0.9 s; peak memory 412 MiB.
2026-09-20T12:58:38Z INFO [385/500] 08f08110-110a-4c51-a1b2-78220576a5ea: 17 internal nodes; 0.5 s; peak memory 412 MiB.
2026-09-20T12:58:39Z INFO [386/500] 08f0a77f-603f-46f1-955b-ac994e79a176: 31 internal nodes; 0.7 s; peak memory 412 MiB.
2026-09-20T12:58:40Z INFO [387/500] 08f0c050-25f3-49cd-94a8-d83ace9c26f5: 17 internal nodes; 0.5 s; peak memory 412 MiB.
2026-09-20T12:58:46Z INFO [388/500] 08f1d849-9a84-436e-b270-7add15eccd37: 85 internal nodes; 6.2 s; peak memory 412 MiB.
2026-09-20T12:58:46Z INFO [389/500] 08f20ad1-cb84-483d-855b-647ff6e2cf1c: 27 internal nodes; 0.6 s; peak memory 412 MiB.
2026-09-20T12:59:53Z INFO [390/500] 08f23724-a9be-4365-9e4a-66dd788a3f0b: 3779 internal nodes; 66.3 s; peak memory 544 MiB.
2026-09-20T12:59:53Z INFO [391/500] 08f23d69-e0b6-4c2e-945c-3f3b7329c924: 27 internal nodes; 0.6 s; peak memory 544 MiB.
2026-09-20T12:59:54Z INFO [392/500] 08f2f6e7-17fd-4312-94cf-16bb43818e92: 61 internal nodes; 1.1 s; peak memory 544 MiB.
2026-09-20T12:59:55Z INFO [393/500] 08f34c44-d6b3-4b5f-b6f3-73e36eda0e59: 27 internal nodes; 0.6 s; peak memory 544 MiB.
2026-09-20T13:00:00Z INFO [394/500] 08f359a2-acf0-470c-a567-83c577b114f7: 6 internal nodes; 5.4 s; peak memory 544 MiB.
2026-09-20T13:00:05Z INFO [395/500] 08f4af56-cdeb-4408-88f1-3c9f48822dda: 354 internal nodes; 4.6 s; peak memory 544 MiB.
2026-09-20T13:00:06Z INFO [396/500] 08f6ad66-30fe-4bd3-a1e4-6f8a4522858e: 17 internal nodes; 0.6 s; peak memory 544 MiB.
2026-09-20T13:00:07Z INFO [397/500] 08f7470c-0bb1-459d-b8a8-5cf77a658f7d: 44 internal nodes; 1.0 s; peak memory 544 MiB.
2026-09-20T13:00:07Z INFO [398/500] 08f76c97-a3e6-4c94-9b57-312232814b22: 27 internal nodes; 0.7 s; peak memory 544 MiB.
2026-09-20T13:00:08Z INFO [399/500] 08f77e52-4716-4587-b5b1-97abc0d1bb36: 17 internal nodes; 0.5 s; peak memory 544 MiB.
2026-09-20T13:00:09Z INFO [400/500] 08f822d0-c311-4b7b-a538-d86a669a1425: 58 internal nodes; 1.2 s; peak memory 544 MiB.
2026-09-20T13:00:09Z INFO [400/500] 08f822d0-c311-4b7b-a538-d86a669a1425: checkpointed 50404 records.
2026-09-20T13:00:10Z INFO [401/500] 08f84741-d3c6-4c05-950f-547633dbd30d: 27 internal nodes; 0.7 s; peak memory 544 MiB.
2026-09-20T13:00:10Z INFO [402/500] 08f86cd6-e614-48f4-90ac-da7e6d9fac8a: 23 internal nodes; 0.7 s; peak memory 544 MiB.
2026-09-20T13:00:11Z INFO [403/500] 08f870d2-dd31-4c9c-83f5-efcef92f972d: 27 internal nodes; 0.5 s; peak memory 544 MiB.
2026-09-20T13:00:12Z INFO [404/500] 08f8774e-d489-4c89-9f5f-8c52822dcc46: 17 internal nodes; 0.6 s; peak memory 544 MiB.
2026-09-20T13:00:13Z INFO [405/500] 08f87e25-6685-4050-959c-5f4f092c02c1: 39 internal nodes; 1.0 s; peak memory 544 MiB.
2026-09-20T13:00:13Z INFO [406/500] 08f9b4bb-2e6c-4ea2-932a-6cf5243ad6e5: 27 internal nodes; 0.6 s; peak memory 544 MiB.
2026-09-20T13:00:14Z INFO [407/500] 08fa2223-fb14-49cb-8b0c-8f01db9b0209: 27 internal nodes; 0.9 s; peak memory 544 MiB.
2026-09-20T13:00:15Z INFO [408/500] 08fa64bb-523e-410e-898a-090d4fe07b51: 17 internal nodes; 0.5 s; peak memory 544 MiB.
2026-09-20T13:00:16Z INFO [409/500] 08fab2d6-a0df-46b3-a5ed-c42f864fb2ba: 44 internal nodes; 1.2 s; peak memory 544 MiB.
2026-09-20T13:00:16Z INFO [410/500] 08fb0007-e004-4dee-a668-ad14ed014b7f: 24 internal nodes; 0.8 s; peak memory 544 MiB.
2026-09-20T13:00:17Z INFO [411/500] 08fb1040-1b84-4814-8fb7-af4767561d88: 17 internal nodes; 0.5 s; peak memory 544 MiB.
2026-09-20T13:00:17Z INFO [412/500] 08fb9d81-4375-431f-9d7c-429cabf51986: 17 internal nodes; 0.5 s; peak memory 544 MiB.
2026-09-20T13:00:18Z INFO [413/500] 08fc4364-4016-424c-8d26-000339a15df2: 13 internal nodes; 0.4 s; peak memory 544 MiB.
2026-09-20T13:00:19Z INFO [414/500] 08fd8850-3a50-4c42-b652-b3e0d35d16dc: 41 internal nodes; 1.3 s; peak memory 544 MiB.
2026-09-20T13:00:20Z INFO [415/500] 08fda99a-01ab-4176-9546-073734de664f: 17 internal nodes; 0.4 s; peak memory 544 MiB.
2026-09-20T13:00:20Z INFO [416/500] 08ff0d43-f20e-4ed5-8b97-1b97a97f93f4: 17 internal nodes; 0.6 s; peak memory 544 MiB.
2026-09-20T13:00:22Z INFO [417/500] 09005235-8c64-4d60-b8de-905598de830a: 44 internal nodes; 1.3 s; peak memory 544 MiB.
2026-09-20T13:00:22Z INFO [418/500] 09012602-d498-4532-883c-b70dd4b2e2e8: 17 internal nodes; 0.5 s; peak memory 544 MiB.
2026-09-20T13:00:23Z INFO [419/500] 090142c1-b0ce-4016-9134-094612f202b2: 17 internal nodes; 0.5 s; peak memory 544 MiB.
2026-09-20T13:00:25Z INFO [420/500] 09015e61-ee5e-4dbb-89f6-b86d5c964396: 121 internal nodes; 2.9 s; peak memory 544 MiB.
2026-09-20T13:00:26Z INFO [421/500] 09018444-4dd2-48b5-aaf3-bd1d485f818d: 31 internal nodes; 0.8 s; peak memory 544 MiB.
2026-09-20T13:00:27Z INFO [422/500] 0902a643-596e-49af-8e7f-a9c205d04ce5: 11 internal nodes; 0.4 s; peak memory 544 MiB.
2026-09-20T13:00:31Z INFO [423/500] 0902b6ab-037b-4202-85f5-7614e1d78818: 185 internal nodes; 4.8 s; peak memory 544 MiB.
2026-09-20T13:00:32Z INFO [424/500] 09030112-3ceb-4ef3-9791-b255b2800c5d: 58 internal nodes; 0.4 s; peak memory 544 MiB.
2026-09-20T13:00:32Z INFO [425/500] 09040166-c97c-4f81-93b9-fe6521bd2f9c: 11 internal nodes; 0.3 s; peak memory 544 MiB.
2026-09-20T13:00:33Z INFO [426/500] 0904bc61-0407-4d02-8a1b-1c830bfe97d1: 115 internal nodes; 0.5 s; peak memory 544 MiB.
2026-09-20T13:00:35Z INFO [427/500] 09067f67-228a-4b5a-8e83-254078d526f6: 49 internal nodes; 2.3 s; peak memory 544 MiB.
2026-09-20T13:00:36Z INFO [428/500] 0906cd85-9c9c-4c73-88f3-24c9dc343923: 65 internal nodes; 0.9 s; peak memory 544 MiB.
2026-09-20T13:00:37Z INFO [429/500] 0906fb69-6e83-449b-be9b-e485ca30743d: 17 internal nodes; 0.5 s; peak memory 544 MiB.
2026-09-20T13:00:37Z WARNING 09073220-fbea-45d2-9a39-2cc61fcdc2a1: failed while reading the NWB file (KeyError: 'Unable to synchronously open object (component not found)')
2026-09-20T13:00:37Z WARNING [430/500] 09073220-fbea-45d2-9a39-2cc61fcdc2a1: leaving unrecorded for a later run to retry.
2026-09-20T13:00:38Z INFO [431/500] 0907a192-5efa-4def-ad95-75cee37b90d9: 90 internal nodes; 0.6 s; peak memory 544 MiB.
2026-09-20T13:00:38Z INFO [432/500] 0907b25e-7804-4436-a38f-f790134068d0: 18 internal nodes; 0.5 s; peak memory 544 MiB.
2026-09-20T13:00:39Z INFO [433/500] 0907e77e-0299-40e0-ad97-f8d6f2c7b70f: 30 internal nodes; 1.2 s; peak memory 544 MiB.
2026-09-20T13:00:40Z INFO [434/500] 090961ab-0da3-45d5-adba-976ffc482370: 22 internal nodes; 0.7 s; peak memory 544 MiB.
2026-09-20T13:00:40Z INFO [435/500] 09098862-83ea-4cd5-9b68-aff1970eb313: 27 internal nodes; 0.4 s; peak memory 544 MiB.
2026-09-20T13:00:42Z INFO [436/500] 09099fa5-78a7-4af0-a7b2-4b0327ae35e0: 46 internal nodes; 1.7 s; peak memory 544 MiB.
2026-09-20T13:00:46Z INFO [437/500] 090a9b0d-e6c7-44a8-a64d-4fbdcc6e675d: 61 internal nodes; 4.3 s; peak memory 544 MiB.
2026-09-20T13:00:47Z INFO [438/500] 090aedb6-4fc8-4aad-9b45-b1ee91f0bd47: 31 internal nodes; 0.7 s; peak memory 544 MiB.
2026-09-20T13:00:49Z INFO [439/500] 090c4d34-4df2-4cb4-bdd9-f5daf75facb4: 56 internal nodes; 1.5 s; peak memory 544 MiB.
2026-09-20T13:00:49Z INFO [440/500] 090cc65f-e8b5-413e-a327-54abf36341cf: 13 internal nodes; 0.5 s; peak memory 544 MiB.
2026-09-20T13:00:50Z INFO [441/500] 090d7617-220a-4e03-a144-2f9fd9ed36da: 27 internal nodes; 0.5 s; peak memory 544 MiB.
2026-09-20T13:00:51Z INFO [442/500] 090e28c3-fecc-4440-b2a6-152d9ce998ce: 59 internal nodes; 1.0 s; peak memory 544 MiB.
2026-09-20T13:00:51Z INFO [443/500] 090e5be7-dc29-4b13-bc8d-1ae022003b81: 18 internal nodes; 0.4 s; peak memory 544 MiB.
2026-09-20T13:00:51Z INFO [444/500] 090e970c-e7ca-41ee-ae9d-bd4845a673c8: 17 internal nodes; 0.5 s; peak memory 544 MiB.
2026-09-20T13:00:55Z INFO [445/500] 090f2d68-fd47-4104-b772-5a36eb2453f5: 169 internal nodes; 3.9 s; peak memory 544 MiB.
2026-09-20T13:00:59Z INFO [446/500] 09100d36-48cc-4780-a7fa-204ac29f99ff: 170 internal nodes; 3.9 s; peak memory 544 MiB.
2026-09-20T13:01:00Z INFO [447/500] 0910e831-682d-4b0a-8d29-6f6260620fcf: 27 internal nodes; 0.6 s; peak memory 544 MiB.
2026-09-20T13:01:00Z INFO [448/500] 0910fbee-e30e-444e-a9e4-39f3b311df2a: 23 internal nodes; 0.5 s; peak memory 544 MiB.
2026-09-20T13:01:01Z INFO [449/500] 09113650-f9dc-4382-ae58-5af66dab4dc4: 24 internal nodes; 0.7 s; peak memory 544 MiB.
2026-09-20T13:01:02Z INFO [450/500] 09120648-bfe6-48dc-9234-50dfae31ddf3: 43 internal nodes; 0.5 s; peak memory 544 MiB.
2026-09-20T13:01:02Z INFO [450/500] 09120648-bfe6-48dc-9234-50dfae31ddf3: checkpointed 50453 records.
2026-09-20T13:01:02Z INFO [451/500] 091213d8-261c-4b05-829c-b36190184cf4: 29 internal nodes; 0.6 s; peak memory 544 MiB.
2026-09-20T13:01:06Z INFO [452/500] 09127771-b041-49c0-afa4-3a5a34a16340: 131 internal nodes; 3.3 s; peak memory 544 MiB.
2026-09-20T13:01:06Z INFO [453/500] 0912ec4c-e4f0-43b0-9abd-09be0e645acb: 31 internal nodes; 0.7 s; peak memory 544 MiB.
2026-09-20T13:01:07Z INFO [454/500] 0913610a-a4a5-46df-ac1f-54acc2ce1bfb: 13 internal nodes; 0.4 s; peak memory 544 MiB.
2026-09-20T13:01:08Z INFO [455/500] 09142761-dd66-42aa-a4e6-b344ab01f4f2: 63 internal nodes; 0.8 s; peak memory 544 MiB.
2026-09-20T13:01:09Z INFO [456/500] 09143e5b-2c0c-4a7f-b4a7-3369b7817248: 80 internal nodes; 1.8 s; peak memory 544 MiB.
2026-09-20T13:01:10Z INFO [457/500] 09144fd8-cb93-4fe7-932c-f1823ea18367: 17 internal nodes; 0.5 s; peak memory 544 MiB.
2026-09-20T13:01:11Z INFO [458/500] 09151aba-e8e4-43f2-b8ca-f64dd9e5cd09: 67 internal nodes; 0.8 s; peak memory 544 MiB.
2026-09-20T13:01:11Z INFO [459/500] 0915cfce-373e-4ee6-b49a-fc0d5b55d360: 24 internal nodes; 0.4 s; peak memory 544 MiB.
2026-09-20T13:01:12Z INFO [460/500] 091634b5-1ac4-4e8a-8ee9-f55f28df0c35: 17 internal nodes; 0.5 s; peak memory 544 MiB.
2026-09-20T13:01:12Z INFO [461/500] 09167eea-0fad-4f77-9260-5af66eb25c8b: 17 internal nodes; 0.5 s; peak memory 544 MiB.
2026-09-20T13:01:13Z INFO [462/500] 09171f41-ec4b-448c-bad3-b371edb98787: 11 internal nodes; 0.4 s; peak memory 544 MiB.
2026-09-20T13:01:13Z INFO [463/500] 091730ae-5015-4a34-bd01-2386529cbcee: 31 internal nodes; 0.6 s; peak memory 544 MiB.
2026-09-20T13:01:14Z INFO [464/500] 09179d19-caa3-4cb1-b839-815b7fdb2a29: 17 internal nodes; 0.5 s; peak memory 544 MiB.
2026-09-20T13:01:14Z INFO [465/500] 0917c91c-72d6-412e-b9ef-13b8e22868f8: 11 internal nodes; 0.5 s; peak memory 544 MiB.
2026-09-20T13:01:15Z INFO [466/500] 0917d97d-4aa3-4881-89e1-2071af08c64a: 17 internal nodes; 0.6 s; peak memory 544 MiB.
2026-09-20T13:01:15Z INFO [467/500] 0919e532-0f1c-4c99-9c32-c699a90b062c: 17 internal nodes; 0.5 s; peak memory 544 MiB.
2026-09-20T13:01:16Z INFO [468/500] 091ae5bb-759b-479b-8c44-8a58d59aeeb4: 27 internal nodes; 0.7 s; peak memory 544 MiB.
2026-09-20T13:01:17Z INFO [469/500] 091b5170-94b6-483e-ac0a-e1d43f3a7d7d: 38 internal nodes; 0.7 s; peak memory 544 MiB.
2026-09-20T13:01:17Z INFO [470/500] 091b7cab-daca-4ddf-8ee6-194022105793: 17 internal nodes; 0.6 s; peak memory 544 MiB.
2026-09-20T13:01:18Z INFO [471/500] 091b9a0c-9b6b-4754-9b0d-19de6b6b33e5: 17 internal nodes; 0.5 s; peak memory 544 MiB.
2026-09-20T13:01:18Z INFO [472/500] 091cde92-06ce-48af-85b4-9228c47ffcae: 13 internal nodes; 0.4 s; peak memory 544 MiB.
2026-09-20T13:01:19Z INFO [473/500] 091ed9e6-43a3-43f0-8983-b6b45d67638c: 18 internal nodes; 0.6 s; peak memory 544 MiB.
2026-09-20T13:01:19Z INFO [474/500] 091ee0ca-35be-4dce-8a2f-61958ca3bb06: 28 internal nodes; 0.6 s; peak memory 544 MiB.
2026-09-20T13:01:20Z INFO [475/500] 0920347c-ca33-42fb-8e03-a33e58f649a2: 37 internal nodes; 1.1 s; peak memory 544 MiB.
2026-09-20T13:01:21Z INFO [476/500] 09204a08-351e-4969-912f-120182162f0e: 17 internal nodes; 0.6 s; peak memory 544 MiB.
2026-09-20T13:01:22Z INFO [477/500] 092118e1-e22b-483d-b3b1-4703327ae070: 60 internal nodes; 0.8 s; peak memory 544 MiB.
2026-09-20T13:01:23Z INFO [478/500] 0921d7f0-8aab-4cf2-b8e0-b8df6fd2d971: 31 internal nodes; 0.7 s; peak memory 544 MiB.
2026-09-20T13:01:23Z INFO [479/500] 0922352f-40f3-4259-beba-8a1c526a8d7c: 29 internal nodes; 0.5 s; peak memory 544 MiB.
2026-09-20T13:01:24Z INFO [480/500] 09224bb3-8c6e-4530-9ade-ffdbcebd10a4: 17 internal nodes; 0.5 s; peak memory 544 MiB.
2026-09-20T13:01:24Z INFO [481/500] 092290e3-1e35-48bc-a1c5-6a76a9170b32: 30 internal nodes; 0.8 s; peak memory 544 MiB.
2026-09-20T13:01:25Z INFO [482/500] 09234304-e5e6-4778-abdd-d6d64eaa447c: 17 internal nodes; 0.5 s; peak memory 544 MiB.
2026-09-20T13:01:26Z INFO [483/500] 0924acdd-1390-46ab-8e46-16c342383e2a: 60 internal nodes; 1.3 s; peak memory 544 MiB.
2026-09-20T13:01:27Z INFO [484/500] 0924b117-fd21-4d43-a48c-a2e17ded749f: 38 internal nodes; 1.1 s; peak memory 544 MiB.
2026-09-20T13:01:32Z INFO [485/500] 09259830-8f17-4af9-ae39-8b42344aa6ed: 202 internal nodes; 4.3 s; peak memory 544 MiB.
2026-09-20T13:01:32Z INFO [486/500] 0925a38d-a073-4c94-a4ab-efebd6362d72: 119 internal nodes; 0.6 s; peak memory 544 MiB.
2026-09-20T13:01:33Z INFO [487/500] 0925f9c6-2bb7-462b-bdc3-ea9e304e4f18: 31 internal nodes; 0.9 s; peak memory 544 MiB.
2026-09-20T13:01:34Z INFO [488/500] 09267478-3633-4747-8bc6-8856d9d51218: 24 internal nodes; 0.9 s; peak memory 544 MiB.
2026-09-20T13:01:35Z INFO [489/500] 09272d8e-6125-4976-9af7-06ff7123b736: 91 internal nodes; 0.7 s; peak memory 544 MiB.
2026-09-20T13:01:35Z INFO [490/500] 0927a006-576d-4827-8c8c-30725dcf1997: 17 internal nodes; 0.5 s; peak memory 544 MiB.
2026-09-20T13:01:36Z INFO [491/500] 09286aa2-08b0-40f5-9a8e-072fd7073e15: 44 internal nodes; 1.3 s; peak memory 544 MiB.
2026-09-20T13:01:37Z INFO [492/500] 0928eed2-7d64-4dab-aa88-7bf62a9daf64: 27 internal nodes; 0.5 s; peak memory 544 MiB.
2026-09-20T13:01:37Z INFO [493/500] 092a3a4c-6d89-4a21-b8ae-3f70c09aee1b: 13 internal nodes; 0.4 s; peak memory 544 MiB.
2026-09-20T13:01:38Z INFO [494/500] 092a8945-7d0d-424e-9259-7228360f1f44: 17 internal nodes; 0.6 s; peak memory 544 MiB.
2026-09-20T13:01:38Z INFO [495/500] 092b9969-f18a-4ceb-85b3-7ffc2ce3cd1f: 28 internal nodes; 0.5 s; peak memory 544 MiB.
2026-09-20T13:01:40Z INFO [496/500] 092bf812-90fd-4493-a62a-14e7faaf8d61: 42 internal nodes; 1.2 s; peak memory 544 MiB.
2026-09-20T13:01:40Z INFO [497/500] 092cba63-eef5-4c3f-b8cd-dac8b9db8482: 29 internal nodes; 0.8 s; peak memory 544 MiB.
2026-09-20T13:01:41Z INFO [498/500] 092d2f5c-14f5-4a5e-b8c1-88331a00847f: 11 internal nodes; 0.4 s; peak memory 544 MiB.
2026-09-20T13:01:42Z INFO [499/500] 092e5fa7-a36a-45a1-869a-c277fd8cfa38: 31 internal nodes; 0.8 s; peak memory 544 MiB.
2026-09-20T13:01:43Z INFO [500/500] 092ee3fe-f547-4f51-a5be-02c6b9f634dd: 27 internal nodes; 1.2 s; peak memory 544 MiB.
2026-09-20T13:01:43Z INFO [500/500] 092ee3fe-f547-4f51-a5be-02c6b9f634dd: checkpointed 50503 records.
2026-09-20T13:01:43Z INFO Wrote 50503 records to /tmp/derivatives/valid_nwb_file_to_out_degrees.jsonl (498 new, 2 failed) in 14.5 min (peak memory 544 MiB).
