2026-09-18T12:34:04Z INFO Logging to /tmp/logs/update_2026-09-18T12-34-04Z.log.
2026-09-18T12:34:05Z INFO Update valid-nwb-file-to-out-degrees (base directory /tmp).
2026-09-18T12:34:05Z INFO Processing 500 items (48009 already recorded).
2026-09-18T12:34:06Z INFO [1/500] 0166c3fd-03f3-4920-9f20-93d081fa89e0: 30 internal nodes; 1.7 s; peak memory 105 MiB.
2026-09-18T12:34:08Z WARNING 024ef50f-ac6f-49ea-806b-93ef4b5e8644: failed while reading the NWB file (KeyError: 'Unable to synchronously open object (component not found)')
2026-09-18T12:34:08Z WARNING [2/500] 024ef50f-ac6f-49ea-806b-93ef4b5e8644: leaving unrecorded for a later run to retry.
2026-09-18T12:34:10Z INFO [3/500] 03f990bb-c6a3-4a69-be61-90842db7d664: 27 internal nodes; 1.4 s; peak memory 108 MiB.
2026-09-18T12:34:12Z INFO [4/500] 03f9b1bd-51c7-4eef-8e61-ab29a32f7ac1: 20 internal nodes; 1.8 s; peak memory 109 MiB.
2026-09-18T12:34:18Z INFO [5/500] 03f9d437-7e12-4a54-8692-484facb224fe: 114 internal nodes; 5.8 s; peak memory 118 MiB.
2026-09-18T12:34:19Z INFO [6/500] 03fa51fd-8756-4ac0-bf11-a50656ee1fd7: 13 internal nodes; 1.3 s; peak memory 118 MiB.
2026-09-18T12:34:20Z INFO [7/500] 03fa5eb8-b22b-442c-9fa6-a02250575411: 11 internal nodes; 1.0 s; peak memory 118 MiB.
2026-09-18T12:34:21Z INFO [8/500] 03fc3197-8d0c-4434-ab39-b6ce97caec27: 17 internal nodes; 1.2 s; peak memory 118 MiB.
2026-09-18T12:34:22Z INFO [9/500] 03fc56b6-a2c4-40a3-a0f7-174a7b178021: 17 internal nodes; 1.2 s; peak memory 118 MiB.
2026-09-18T12:34:26Z INFO [10/500] 03fc72cb-2d4b-492a-a242-7d8731033da5: 46 internal nodes; 3.7 s; peak memory 118 MiB.
2026-09-18T12:34:27Z INFO [11/500] 03fc95ed-05fe-4d2f-bd35-d5a928f589df: 17 internal nodes; 1.1 s; peak memory 118 MiB.
2026-09-18T12:34:29Z INFO [12/500] 03fd12c8-65b5-4c2c-997c-c937cf19111f: 63 internal nodes; 1.6 s; peak memory 118 MiB.
2026-09-18T12:34:30Z INFO [13/500] 03fd2908-5bcd-499c-b989-47438e6a3038: 55 internal nodes; 1.7 s; peak memory 118 MiB.
2026-09-18T12:34:32Z INFO [14/500] 03fddb3e-bc29-4856-ab54-fb2f045c9bcc: 67 internal nodes; 2.1 s; peak memory 118 MiB.
2026-09-18T12:34:34Z INFO [15/500] 03fed4b3-69dc-4f32-a998-93892e039223: 53 internal nodes; 1.8 s; peak memory 118 MiB.
2026-09-18T12:34:35Z INFO [16/500] 03ff90b1-a5b6-4bc4-9cfd-95e89251420f: 17 internal nodes; 1.2 s; peak memory 118 MiB.
2026-09-18T12:34:46Z INFO [17/500] 03ff9b0f-f8b9-4d8a-ab7f-d8ee2c759051: 182 internal nodes; 10.8 s; peak memory 132 MiB.
2026-09-18T12:34:48Z INFO [18/500] 03ffa39c-1dd5-40d4-9a8f-b3bb95396b9f: 31 internal nodes; 2.0 s; peak memory 132 MiB.
2026-09-18T12:35:02Z INFO [19/500] 03ffe728-fd20-4af8-b9fe-14d03bbf47b9: 1919 internal nodes; 14.0 s; peak memory 152 MiB.
2026-09-18T12:35:04Z INFO [20/500] 0400868d-ad7a-4bdc-896e-52a792d9236b: 27 internal nodes; 1.4 s; peak memory 152 MiB.
2026-09-18T12:35:05Z INFO [21/500] 0400bb6f-2f58-4b44-a88f-5ba75871c03d: 25 internal nodes; 1.5 s; peak memory 152 MiB.
2026-09-18T12:35:08Z INFO [22/500] 0401551e-3186-4d49-94f1-f7edd1ddffed: 44 internal nodes; 3.4 s; peak memory 152 MiB.
2026-09-18T12:35:11Z INFO [23/500] 04015b57-968f-4797-b8cc-8e8dbc4d31cb: 66 internal nodes; 2.4 s; peak memory 152 MiB.
2026-09-18T12:35:12Z INFO [24/500] 04015ef7-f418-439f-9f9b-344487ba73df: 17 internal nodes; 1.1 s; peak memory 152 MiB.
2026-09-18T12:35:18Z INFO [25/500] 040340f1-06fe-4707-af52-bb8a654fcb68: 103 internal nodes; 6.3 s; peak memory 152 MiB.
2026-09-18T12:35:30Z INFO [26/500] 04038432-88af-47b8-86a1-395da9e704ff: 114 internal nodes; 11.9 s; peak memory 152 MiB.
2026-09-18T12:35:31Z INFO [27/500] 04055079-d8e1-478c-ae84-c5927372c642: 20 internal nodes; 0.9 s; peak memory 152 MiB.
2026-09-18T12:35:32Z INFO [28/500] 04055f26-680f-4aa2-ac42-ae19538fa6b4: 17 internal nodes; 1.1 s; peak memory 152 MiB.
2026-09-18T12:35:34Z INFO [29/500] 0406089f-5198-4a86-b454-ac44d62a64aa: 20 internal nodes; 1.3 s; peak memory 152 MiB.
2026-09-18T12:35:35Z INFO [30/500] 0406321c-56c1-4ea8-b4cd-cfafa41afda8: 17 internal nodes; 1.2 s; peak memory 152 MiB.
2026-09-18T12:35:36Z INFO [31/500] 0406474c-4b94-4954-bbc2-a38d1e5d4546: 26 internal nodes; 1.1 s; peak memory 152 MiB.
2026-09-18T12:35:37Z INFO [32/500] 0406e618-f3ef-4f9a-9a2c-355259429d5e: 27 internal nodes; 1.3 s; peak memory 152 MiB.
2026-09-18T12:35:39Z INFO [33/500] 04088a39-9b8c-4a1c-9f4f-609ed30558a5: 18 internal nodes; 1.4 s; peak memory 152 MiB.
2026-09-18T12:35:40Z INFO [34/500] 04091514-a070-45b5-9f6c-5b9285b06abc: 17 internal nodes; 1.0 s; peak memory 154 MiB.
2026-09-18T12:35:43Z INFO [35/500] 0409f816-1b0a-4cf2-835c-8fdf379b07e0: 46 internal nodes; 3.7 s; peak memory 154 MiB.
2026-09-18T12:35:45Z INFO [36/500] 040a16d3-04c1-4896-a86c-fc11027001bb: 31 internal nodes; 1.6 s; peak memory 154 MiB.
2026-09-18T12:35:46Z INFO [37/500] 040af6b3-261c-4a9a-af2d-09623042e8a3: 25 internal nodes; 1.0 s; peak memory 154 MiB.
2026-09-18T12:35:51Z INFO [38/500] 040b175a-4749-4170-ada0-0acd72898c83: 113 internal nodes; 5.5 s; peak memory 154 MiB.
2026-09-18T12:35:52Z INFO [39/500] 040c6f22-076e-43a2-92a7-33b665ded9aa: 17 internal nodes; 1.2 s; peak memory 154 MiB.
2026-09-18T12:35:54Z INFO [40/500] 040c81b9-7280-4477-89b9-341f7bfcf136: 25 internal nodes; 1.5 s; peak memory 154 MiB.
2026-09-18T12:35:56Z INFO [41/500] 040d11bc-7488-485c-97ab-450270cb7038: 27 internal nodes; 1.6 s; peak memory 154 MiB.
2026-09-18T12:35:59Z INFO [42/500] 040e2150-3b3d-4ba6-ad77-3844054e6e04: 45 internal nodes; 3.4 s; peak memory 154 MiB.
2026-09-18T12:36:01Z INFO [43/500] 040e7538-83e9-4ed1-8ff8-02e6197acdef: 37 internal nodes; 2.1 s; peak memory 154 MiB.
2026-09-18T12:36:04Z INFO [44/500] 040ea6d2-8173-4163-88b7-d20d8cbcc84b: 52 internal nodes; 2.6 s; peak memory 154 MiB.
2026-09-18T12:36:05Z INFO [45/500] 040f1b34-6a6f-4977-aea8-2bc8cd15672a: 17 internal nodes; 1.2 s; peak memory 154 MiB.
2026-09-18T12:36:06Z INFO [46/500] 040fa6db-790b-4173-8e4b-a1f6263faae8: 17 internal nodes; 1.2 s; peak memory 154 MiB.
2026-09-18T12:36:08Z INFO [47/500] 040fe4a2-b68d-45f1-8917-7e268e4c1bb5: 31 internal nodes; 1.9 s; peak memory 154 MiB.
2026-09-18T12:36:10Z INFO [48/500] 04101508-fc42-4b17-b649-57d526c63970: 29 internal nodes; 1.7 s; peak memory 154 MiB.
2026-09-18T12:36:11Z INFO [49/500] 04105ca6-adac-4d66-931a-71110f282c40: 37 internal nodes; 1.8 s; peak memory 154 MiB.
2026-09-18T12:36:13Z INFO [50/500] 0410f1c4-cc37-4061-825b-74d81cea2d47: 17 internal nodes; 1.2 s; peak memory 154 MiB.
2026-09-18T12:36:13Z INFO [50/500] 0410f1c4-cc37-4061-825b-74d81cea2d47: checkpointed 48058 records.
2026-09-18T12:36:15Z INFO [51/500] 0410f467-a5e0-400c-a3bb-0243940981ed: 38 internal nodes; 1.9 s; peak memory 154 MiB.
2026-09-18T12:36:16Z INFO [52/500] 04118057-9583-45ed-aacf-e18ce7d12c24: 27 internal nodes; 1.5 s; peak memory 154 MiB.
2026-09-18T12:36:18Z INFO [53/500] 0411ca6e-46a7-437e-ae88-7396d02346a3: 56 internal nodes; 1.7 s; peak memory 154 MiB.
2026-09-18T12:36:19Z INFO [54/500] 04126e16-fcc7-4aaa-b1ac-41a7c403e0de: 62 internal nodes; 1.4 s; peak memory 154 MiB.
2026-09-18T12:36:21Z INFO [55/500] 0412fcd6-db78-4fe7-969a-d68057efc857: 11 internal nodes; 1.3 s; peak memory 154 MiB.
2026-09-18T12:36:22Z INFO [56/500] 04131a37-e764-4c41-9096-919025498ac0: 53 internal nodes; 1.7 s; peak memory 154 MiB.
2026-09-18T12:36:24Z INFO [57/500] 04134c04-d8df-4199-8aa4-1efc80e2c762: 24 internal nodes; 1.7 s; peak memory 154 MiB.
2026-09-18T12:36:25Z INFO [58/500] 04138758-e2cf-4d34-9748-57274c4cd6fd: 17 internal nodes; 1.2 s; peak memory 154 MiB.
2026-09-18T12:36:27Z INFO [59/500] 04148fb8-3f59-4d72-8b87-c396e73d22a2: 27 internal nodes; 1.6 s; peak memory 154 MiB.
2026-09-18T12:36:27Z INFO [60/500] 04160d0d-bcec-4d5f-babc-a933b221a5d9: 13 internal nodes; 0.8 s; peak memory 154 MiB.
2026-09-18T12:36:41Z INFO [61/500] 0416ebae-6f76-4c22-9f27-aa279d7bc605: 75 internal nodes; 13.8 s; peak memory 154 MiB.
2026-09-18T12:36:44Z INFO [62/500] 041719c6-30aa-4ab9-b102-29cf91da8aac: 72 internal nodes; 2.4 s; peak memory 154 MiB.
2026-09-18T12:36:45Z INFO [63/500] 04174954-1625-45d1-b010-2ec8458789cf: 11 internal nodes; 0.9 s; peak memory 154 MiB.
2026-09-18T12:36:46Z INFO [64/500] 04188e1e-e7ed-4560-ba73-1db275be94f0: 27 internal nodes; 1.4 s; peak memory 154 MiB.
2026-09-18T12:36:47Z INFO [65/500] 04195ac4-e252-40b5-854f-a21dbb377e5b: 27 internal nodes; 1.4 s; peak memory 154 MiB.
2026-09-18T12:36:49Z INFO [66/500] 04195f39-6218-47b7-a65c-73551994e009: 27 internal nodes; 1.6 s; peak memory 154 MiB.
2026-09-18T12:36:50Z INFO [67/500] 04199cfc-fa8e-49ef-990b-261ebcda6483: 18 internal nodes; 1.3 s; peak memory 154 MiB.
2026-09-18T12:37:00Z INFO [68/500] 041adc77-3c69-4946-93be-2fbcba178470: 44 internal nodes; 9.4 s; peak memory 224 MiB.
2026-09-18T12:37:03Z INFO [69/500] 041aeb76-9e78-4dbe-9b3d-266f8c49b617: 44 internal nodes; 3.1 s; peak memory 224 MiB.
2026-09-18T12:37:04Z INFO [70/500] 041bc39d-b099-449d-84aa-e6c95cc13e88: 26 internal nodes; 1.0 s; peak memory 224 MiB.
2026-09-18T12:37:23Z INFO [71/500] 041ca28c-8e8d-4260-8132-c921d2517200: 1193 internal nodes; 19.3 s; peak memory 249 MiB.
2026-09-18T12:37:24Z INFO [72/500] 041d4469-901d-4870-8ecd-1f5e716ad8a7: 22 internal nodes; 1.2 s; peak memory 249 MiB.
2026-09-18T12:37:27Z INFO [73/500] 041e17b9-2d33-48d5-bdc0-be285616be2c: 53 internal nodes; 2.7 s; peak memory 249 MiB.
2026-09-18T12:37:29Z INFO [74/500] 041e1bb1-c760-4486-8f27-810ba4348264: 27 internal nodes; 1.5 s; peak memory 249 MiB.
2026-09-18T12:37:30Z INFO [75/500] 042061ff-5173-4a8a-9821-fac7da00f1cf: 13 internal nodes; 1.3 s; peak memory 249 MiB.
2026-09-18T12:37:32Z INFO [76/500] 04209800-b421-4d86-8b55-b28dc7a8c625: 31 internal nodes; 1.7 s; peak memory 249 MiB.
2026-09-18T12:37:40Z INFO [77/500] 0421fef9-c661-4e8f-96c2-ddc3c2176b75: 202 internal nodes; 8.4 s; peak memory 249 MiB.
2026-09-18T12:37:41Z INFO [78/500] 0422a7d7-58b8-4112-9d6b-fee0b754ad77: 17 internal nodes; 1.2 s; peak memory 249 MiB.
2026-09-18T12:37:43Z INFO [79/500] 0422cb7a-e2b6-4b8e-a82e-fb0651b405b3: 27 internal nodes; 1.5 s; peak memory 249 MiB.
2026-09-18T12:37:45Z INFO [80/500] 0422fd28-6a71-41c8-9639-ea421947c2fb: 31 internal nodes; 1.9 s; peak memory 249 MiB.
2026-09-18T12:37:48Z INFO [81/500] 0423aa12-3088-48bb-9989-a8c937a810de: 46 internal nodes; 3.7 s; peak memory 249 MiB.
2026-09-18T12:37:49Z INFO [82/500] 04250308-f180-4364-ad68-1b11eca03839: 17 internal nodes; 1.2 s; peak memory 249 MiB.
2026-09-18T12:37:55Z INFO [83/500] 0425f056-a1a1-478a-bde5-d834f91314e4: 54 internal nodes; 5.7 s; peak memory 249 MiB.
2026-09-18T12:37:57Z INFO [84/500] 04265dcb-29a9-4fa1-9e36-4e9a287b8485: 27 internal nodes; 1.5 s; peak memory 249 MiB.
2026-09-18T12:38:06Z INFO [85/500] 0427235e-4d6c-47a8-afef-9d0d346c98ce: 177 internal nodes; 9.0 s; peak memory 249 MiB.
2026-09-18T12:38:07Z INFO [86/500] 04275c42-fe20-4386-890b-83dbff83c7c2: 58 internal nodes; 1.8 s; peak memory 249 MiB.
2026-09-18T12:38:09Z INFO [87/500] 04276e26-d319-4617-9903-cca2b9905139: 27 internal nodes; 1.5 s; peak memory 249 MiB.
2026-09-18T12:38:10Z INFO [88/500] 04278874-422c-483d-9392-127c2ee496c3: 11 internal nodes; 0.9 s; peak memory 249 MiB.
2026-09-18T12:38:11Z INFO [89/500] 0427ed6c-87d7-42e8-afc4-12820cdc8e8a: 116 internal nodes; 1.6 s; peak memory 249 MiB.
2026-09-18T12:38:12Z INFO [90/500] 0429aeea-003b-40a8-8a2f-2f603c435b10: 11 internal nodes; 0.9 s; peak memory 249 MiB.
2026-09-18T12:38:14Z INFO [91/500] 0429ebfc-e30f-4613-b1e1-6416f70af8d5: 17 internal nodes; 1.2 s; peak memory 249 MiB.
2026-09-18T12:38:30Z INFO [92/500] 042b3f37-703e-46d2-9a71-2d488bcea629: 38 internal nodes; 16.7 s; peak memory 249 MiB.
2026-09-18T12:38:37Z INFO [93/500] 042b853f-71b8-4449-b6c6-79c770b47370: 126 internal nodes; 6.5 s; peak memory 249 MiB.
2026-09-18T12:38:43Z INFO [94/500] 042c4ad3-85ef-478b-b5db-cdc9205a7a8e: 73 internal nodes; 6.2 s; peak memory 249 MiB.
2026-09-18T12:38:44Z INFO [95/500] 042d1710-2868-4b54-bfc8-7defcb15bce1: 17 internal nodes; 1.3 s; peak memory 249 MiB.
2026-09-18T12:38:46Z INFO [96/500] 042d8f6a-8f31-488d-810d-a3c806692156: 60 internal nodes; 1.7 s; peak memory 249 MiB.
2026-09-18T12:38:47Z INFO [97/500] 042e301a-df8a-42a9-ae01-01c45297489c: 17 internal nodes; 1.1 s; peak memory 249 MiB.
2026-09-18T12:38:49Z INFO [98/500] 042f0490-5aba-4fca-b8ea-2041b4038486: 29 internal nodes; 2.1 s; peak memory 249 MiB.
2026-09-18T12:38:52Z INFO [99/500] 04311581-bb01-486b-8bfa-771be095b10d: 45 internal nodes; 3.3 s; peak memory 249 MiB.
2026-09-18T12:38:54Z INFO [100/500] 04314204-d243-403d-85c6-723e61111b34: 22 internal nodes; 1.3 s; peak memory 249 MiB.
2026-09-18T12:38:54Z INFO [100/500] 04314204-d243-403d-85c6-723e61111b34: checkpointed 48108 records.
2026-09-18T12:38:55Z INFO [101/500] 04316c7f-1810-44fc-a2b6-8804d2626ac7: 17 internal nodes; 1.1 s; peak memory 249 MiB.
2026-09-18T12:38:56Z INFO [102/500] 0431a7c8-2cec-484d-b1f9-774705628302: 17 internal nodes; 1.2 s; peak memory 249 MiB.
2026-09-18T12:38:58Z INFO [103/500] 04321f1e-24ac-4a84-b055-35ce5b382333: 29 internal nodes; 1.5 s; peak memory 249 MiB.
2026-09-18T12:38:59Z INFO [104/500] 0432b00c-aa85-46e9-b6db-53f99df85a4d: 17 internal nodes; 1.1 s; peak memory 249 MiB.
2026-09-18T12:39:00Z INFO [105/500] 0432c751-9448-43fd-bf53-3bc8433a9f61: 25 internal nodes; 1.5 s; peak memory 249 MiB.
2026-09-18T12:39:01Z INFO [106/500] 0432d1bf-ed16-4565-b03a-47260eaf55f4: 17 internal nodes; 1.2 s; peak memory 249 MiB.
2026-09-18T12:39:03Z INFO [107/500] 04337b68-1ca4-40cd-b077-934c4c462a21: 26 internal nodes; 1.4 s; peak memory 249 MiB.
2026-09-18T12:39:09Z INFO [108/500] 0433f308-5919-481b-bba8-09a1d37f30c9: 136 internal nodes; 6.6 s; peak memory 249 MiB.
2026-09-18T12:39:11Z INFO [109/500] 04348d8f-5573-4e24-82f0-4fee12a1e7a4: 17 internal nodes; 1.1 s; peak memory 249 MiB.
2026-09-18T12:39:12Z INFO [110/500] 04350c91-e494-4936-9aa4-6613f1904a62: 17 internal nodes; 1.2 s; peak memory 249 MiB.
2026-09-18T12:39:13Z INFO [111/500] 043590a5-df92-4eeb-8cc2-9cc9ac85811f: 27 internal nodes; 1.5 s; peak memory 249 MiB.
2026-09-18T12:39:15Z INFO [112/500] 0435fd93-fed4-4359-80fb-37fce18b7954: 31 internal nodes; 2.0 s; peak memory 249 MiB.
2026-09-18T12:39:21Z INFO [113/500] 04366e29-7a6f-444e-b730-9e503a86b0f0: 73 internal nodes; 5.9 s; peak memory 249 MiB.
2026-09-18T12:39:23Z INFO [114/500] 0437189b-192f-4237-afaf-3a1cfbe117d8: 31 internal nodes; 2.2 s; peak memory 249 MiB.
2026-09-18T12:39:25Z INFO [115/500] 04377cb5-db9e-42f2-a313-b2732d7e5974: 27 internal nodes; 1.4 s; peak memory 249 MiB.
2026-09-18T12:39:27Z INFO [116/500] 043968a8-73ee-481d-90d9-f17fe4498a6f: 31 internal nodes; 1.7 s; peak memory 249 MiB.
2026-09-18T12:39:28Z INFO [117/500] 043a4f0e-713e-4eec-a40c-d187d83995de: 23 internal nodes; 1.4 s; peak memory 249 MiB.
2026-09-18T12:39:29Z INFO [118/500] 043b70a5-efa9-4e4a-9391-6a20a7b99ddf: 27 internal nodes; 1.5 s; peak memory 249 MiB.
2026-09-18T12:39:31Z INFO [119/500] 043c6d04-da9f-4323-b4d6-dce8b4a7f831: 25 internal nodes; 1.6 s; peak memory 249 MiB.
2026-09-18T12:39:32Z INFO [120/500] 043c78fe-484d-4535-9ee3-c887e37e3c3d: 26 internal nodes; 0.9 s; peak memory 249 MiB.
2026-09-18T12:39:33Z INFO [121/500] 043d843c-f384-4d6b-82ea-be3f15c24b4d: 19 internal nodes; 1.3 s; peak memory 249 MiB.
2026-09-18T12:39:34Z INFO [122/500] 043d8d06-6c81-405a-abd8-635d5c8df643: 11 internal nodes; 1.1 s; peak memory 249 MiB.
2026-09-18T12:39:37Z INFO [123/500] 043e0f43-1849-4e1f-937e-321736b7bc05: 45 internal nodes; 3.0 s; peak memory 249 MiB.
2026-09-18T12:39:41Z INFO [124/500] 043eeced-2796-4445-97e1-64c32e7611be: 46 internal nodes; 3.7 s; peak memory 249 MiB.
2026-09-18T12:39:47Z INFO [125/500] 043f7b57-10ba-4894-9d74-3db51dd68bcb: 109 internal nodes; 5.9 s; peak memory 249 MiB.
2026-09-18T12:39:48Z INFO [126/500] 043f7c9b-917e-498d-b851-421e178a258e: 13 internal nodes; 1.4 s; peak memory 249 MiB.
2026-09-18T12:39:50Z INFO [127/500] 044004c6-7763-4dd2-ba98-e09509c035b7: 27 internal nodes; 1.5 s; peak memory 249 MiB.
2026-09-18T12:39:51Z INFO [128/500] 0440660f-4538-427a-b391-e74617a57890: 30 internal nodes; 1.6 s; peak memory 249 MiB.
2026-09-18T12:39:53Z INFO [129/500] 0440c9c0-9e20-424b-bca2-460aa41e2318: 23 internal nodes; 1.3 s; peak memory 249 MiB.
2026-09-18T12:40:01Z INFO [130/500] 044137a4-1c92-434c-b59c-95015df7c847: 211 internal nodes; 8.2 s; peak memory 249 MiB.
2026-09-18T12:40:03Z INFO [131/500] 04415616-1920-40bf-866d-bcf973505e48: 29 internal nodes; 1.9 s; peak memory 249 MiB.
2026-09-18T12:40:04Z INFO [132/500] 044220d9-a6ca-4615-9762-5fe2f4d66c59: 18 internal nodes; 1.3 s; peak memory 249 MiB.
2026-09-18T12:40:10Z INFO [133/500] 044299ee-6811-4bcf-86ff-85190115ffad: 123 internal nodes; 5.7 s; peak memory 249 MiB.
2026-09-18T12:40:11Z INFO [134/500] 0442bce5-6d21-4f25-ba4f-8733f6499773: 12 internal nodes; 1.1 s; peak memory 249 MiB.
2026-09-18T12:40:12Z INFO [135/500] 04438721-1cfb-421a-a09b-2636795a1958: 17 internal nodes; 1.0 s; peak memory 249 MiB.
2026-09-18T12:40:13Z INFO [136/500] 044510f3-bad8-4109-814c-d5163a9543bd: 17 internal nodes; 1.1 s; peak memory 249 MiB.
2026-09-18T12:40:15Z INFO [137/500] 04451465-318c-41c5-aa1d-754380546145: 62 internal nodes; 1.9 s; peak memory 249 MiB.
2026-09-18T12:40:22Z INFO [138/500] 04452f80-d8f8-417d-81c3-cbc363fd1c9f: 55 internal nodes; 7.1 s; peak memory 249 MiB.
2026-09-18T12:40:23Z INFO [139/500] 044540e1-2d8b-4010-8b23-cb4afc078b90: 13 internal nodes; 1.2 s; peak memory 249 MiB.
2026-09-18T12:40:25Z INFO [140/500] 04456bbc-1c7a-4b0d-b3d8-b56a8c5e4048: 17 internal nodes; 1.2 s; peak memory 249 MiB.
2026-09-18T12:40:26Z INFO [141/500] 0445f0de-a173-4744-ab28-55fc01a5fd21: 17 internal nodes; 1.2 s; peak memory 249 MiB.
2026-09-18T12:40:28Z INFO [142/500] 0445fe35-d8ff-4acc-a86c-12d39713e791: 66 internal nodes; 2.0 s; peak memory 249 MiB.
2026-09-18T12:40:29Z INFO [143/500] 04462012-4452-4ff8-85db-cbef81f57f72: 27 internal nodes; 1.5 s; peak memory 249 MiB.
2026-09-18T12:40:33Z INFO [144/500] 0446ca14-c873-4f84-b250-1b96eccce201: 45 internal nodes; 3.6 s; peak memory 249 MiB.
2026-09-18T12:40:36Z INFO [145/500] 04486d67-c753-4c24-b04f-4e93d0d96716: 44 internal nodes; 3.0 s; peak memory 249 MiB.
2026-09-18T12:40:43Z INFO [146/500] 0448c1f8-4d0e-48b0-895a-589a1820e451: 59 internal nodes; 7.4 s; peak memory 249 MiB.
2026-09-18T12:40:45Z INFO [147/500] 044998ad-f789-4343-a891-8528292b6cd9: 17 internal nodes; 1.2 s; peak memory 249 MiB.
2026-09-18T12:40:48Z INFO [148/500] 0449c5af-8a77-4a38-8065-d548f95b4dff: 55 internal nodes; 3.1 s; peak memory 249 MiB.
2026-09-18T12:40:49Z INFO [149/500] 044a9715-d1ed-4a40-ac46-f8637f4e66cd: 11 internal nodes; 1.0 s; peak memory 249 MiB.
2026-09-18T12:40:52Z INFO [150/500] 044adc93-86cc-49d5-8495-d2e5f10ed312: 46 internal nodes; 3.5 s; peak memory 249 MiB.
2026-09-18T12:40:53Z INFO [150/500] 044adc93-86cc-49d5-8495-d2e5f10ed312: checkpointed 48158 records.
2026-09-18T12:40:54Z INFO [151/500] 044af24c-d2fc-44f3-9fda-0dc7e4a73a28: 27 internal nodes; 1.7 s; peak memory 249 MiB.
2026-09-18T12:40:55Z INFO [152/500] 044b01c9-21e1-409f-bcfd-351b874af897: 18 internal nodes; 1.0 s; peak memory 249 MiB.
2026-09-18T12:41:03Z INFO [153/500] 044bdfb4-6a1b-415b-aa2d-23ad36f84196: 158 internal nodes; 8.0 s; peak memory 249 MiB.
2026-09-18T12:41:05Z INFO [154/500] 044be01e-5811-4b76-a732-d9bed920be29: 54 internal nodes; 2.2 s; peak memory 249 MiB.
2026-09-18T12:41:07Z INFO [155/500] 044c5801-e9ad-4b7a-b0a5-f69947f82342: 17 internal nodes; 1.2 s; peak memory 249 MiB.
2026-09-18T12:41:08Z INFO [156/500] 044c5964-f5a1-4d71-a804-90db99c7f80e: 17 internal nodes; 1.3 s; peak memory 249 MiB.
2026-09-18T12:41:09Z INFO [157/500] 044c9464-a2ba-41ed-81d9-53c1d907f464: 17 internal nodes; 1.1 s; peak memory 249 MiB.
2026-09-18T12:41:11Z INFO [158/500] 044dee1f-49af-4ed2-8645-0b9b81fab16f: 21 internal nodes; 1.8 s; peak memory 249 MiB.
2026-09-18T12:41:12Z INFO [159/500] 044e399f-0e2d-4686-96eb-6801127ac698: 17 internal nodes; 1.2 s; peak memory 249 MiB.
2026-09-18T12:41:14Z INFO [160/500] 044ea904-fb86-4d13-9442-b36c81d8d68a: 31 internal nodes; 1.9 s; peak memory 249 MiB.
2026-09-18T12:41:15Z INFO [161/500] 044ee5ae-23f4-42db-8361-91c659b67225: 11 internal nodes; 1.1 s; peak memory 249 MiB.
2026-09-18T12:41:16Z INFO [162/500] 044f461b-dba5-46ff-99da-90c42ba6b9df: 25 internal nodes; 1.3 s; peak memory 249 MiB.
2026-09-18T12:41:18Z INFO [163/500] 045036c2-5ca8-42f1-9305-89f0ce0aa161: 25 internal nodes; 1.5 s; peak memory 249 MiB.
2026-09-18T12:41:19Z INFO [164/500] 045070eb-6584-4172-8dc5-04c5c4030ddb: 29 internal nodes; 1.6 s; peak memory 249 MiB.
2026-09-18T12:41:23Z INFO [165/500] 0451d174-1073-4919-aa8e-eb03f58cd830: 31 internal nodes; 3.4 s; peak memory 249 MiB.
2026-09-18T12:41:24Z INFO [166/500] 045273e0-9348-4a4c-954d-b8f911d2154d: 17 internal nodes; 1.3 s; peak memory 249 MiB.
2026-09-18T12:41:27Z INFO [167/500] 04538c7d-4703-4d88-acd3-64f564a1fa32: 42 internal nodes; 2.5 s; peak memory 249 MiB.
2026-09-18T12:41:28Z INFO [168/500] 04539d86-adad-4089-bed1-799adee448fd: 17 internal nodes; 1.2 s; peak memory 249 MiB.
2026-09-18T12:41:29Z INFO [169/500] 0453a3f8-4962-46c7-b269-0da1c5fa78ae: 15 internal nodes; 1.1 s; peak memory 249 MiB.
2026-09-18T12:41:37Z INFO [170/500] 0453de80-88f3-40fd-b511-657504b9028e: 47 internal nodes; 7.8 s; peak memory 249 MiB.
2026-09-18T12:41:39Z INFO [171/500] 0453e8d5-db6f-48dd-82a7-cbaefb003139: 72 internal nodes; 2.2 s; peak memory 249 MiB.
2026-09-18T12:41:41Z INFO [172/500] 0454022f-74e4-47d1-8726-f1b520e65975: 31 internal nodes; 1.9 s; peak memory 249 MiB.
2026-09-18T12:41:55Z INFO [173/500] 04544e36-8deb-413d-a1ee-8d53e2fa71d9: 83 internal nodes; 14.5 s; peak memory 249 MiB.
2026-09-18T12:41:57Z INFO [174/500] 04546b4c-fd88-4162-bbdb-0f3cecf8756a: 122 internal nodes; 2.1 s; peak memory 249 MiB.
2026-09-18T12:41:59Z INFO [175/500] 04546fcc-f60b-432a-a5f2-8363156b32b3: 29 internal nodes; 1.8 s; peak memory 249 MiB.
2026-09-18T12:42:00Z INFO [176/500] 04548959-c6f7-480a-9889-a3670066ddc9: 11 internal nodes; 1.0 s; peak memory 249 MiB.
2026-09-18T12:42:02Z INFO [177/500] 0454f8b3-f3c3-4aaa-a01d-b689e3d79b60: 27 internal nodes; 1.6 s; peak memory 249 MiB.
2026-09-18T12:42:04Z INFO [178/500] 0454fc7a-b94e-4ead-9ba4-b92e8b6cdcb8: 37 internal nodes; 2.1 s; peak memory 249 MiB.
2026-09-18T12:42:13Z INFO [179/500] 045510a4-a9cb-4fd4-8e5f-afa6c2378aee: 1964 internal nodes; 9.1 s; peak memory 249 MiB.
2026-09-18T12:42:26Z INFO [180/500] 0456a101-8658-47e2-980e-abb8dde28237: 75 internal nodes; 13.3 s; peak memory 249 MiB.
2026-09-18T12:42:28Z INFO [181/500] 045760d6-7df8-40d6-b08b-b7379db6ac0d: 67 internal nodes; 2.0 s; peak memory 249 MiB.
2026-09-18T12:42:32Z INFO [182/500] 04578544-fb69-48f4-8ee4-ee1b98f37f08: 46 internal nodes; 3.8 s; peak memory 249 MiB.
2026-09-18T12:42:33Z INFO [183/500] 0457d245-a749-4a3b-a41f-c25df24775fa: 17 internal nodes; 1.2 s; peak memory 249 MiB.
2026-09-18T12:42:35Z INFO [184/500] 04584cb1-59a8-480f-a551-143a1ac10af8: 27 internal nodes; 1.5 s; peak memory 249 MiB.
2026-09-18T12:42:36Z INFO [185/500] 0459e0ad-73a1-40f7-9465-ce37c58bc7e8: 27 internal nodes; 1.4 s; peak memory 249 MiB.
2026-09-18T12:42:38Z INFO [186/500] 045bbddc-507a-4be6-8117-82c9dcd8a62b: 17 internal nodes; 1.2 s; peak memory 249 MiB.
2026-09-18T12:42:39Z INFO [187/500] 045c2f27-7558-494a-83f5-3f084bd16025: 119 internal nodes; 1.4 s; peak memory 249 MiB.
2026-09-18T12:42:41Z INFO [188/500] 045c68eb-cca6-4aa1-8210-cb676e15782d: 29 internal nodes; 2.1 s; peak memory 249 MiB.
2026-09-18T12:42:42Z INFO [189/500] 045d0d8b-93cb-4eba-9d36-9c2caef1f0e8: 13 internal nodes; 1.2 s; peak memory 249 MiB.
2026-09-18T12:42:43Z INFO [190/500] 045d2ae2-cb0d-4604-a772-7e8bacdc1bca: 11 internal nodes; 0.8 s; peak memory 249 MiB.
2026-09-18T12:42:49Z INFO [191/500] 045e0a55-68ef-4bb1-afc6-c720a68ac983: 177 internal nodes; 6.1 s; peak memory 249 MiB.
2026-09-18T12:42:51Z INFO [192/500] 045f9f90-3dc9-4c99-905c-cf82e92896c2: 23 internal nodes; 1.5 s; peak memory 249 MiB.
2026-09-18T12:42:52Z INFO [193/500] 045fa11d-48f8-4a12-ad11-1f9c415fe7d7: 119 internal nodes; 1.6 s; peak memory 249 MiB.
2026-09-18T12:42:54Z INFO [194/500] 045ffeb5-80fd-4f43-9714-741a69d34cc2: 17 internal nodes; 1.2 s; peak memory 249 MiB.
2026-09-18T12:42:55Z INFO [195/500] 0460e02f-70c6-4312-86e5-9338ae3d1bcb: 18 internal nodes; 1.0 s; peak memory 249 MiB.
2026-09-18T12:42:57Z INFO [196/500] 0460e8c0-1ccb-4cd0-93cc-c4d299806bf1: 31 internal nodes; 2.0 s; peak memory 249 MiB.
2026-09-18T12:42:58Z INFO [197/500] 046100f3-e878-42bb-a955-c6e699d03cf9: 17 internal nodes; 1.2 s; peak memory 249 MiB.
2026-09-18T12:42:59Z INFO [198/500] 04610cfe-94d6-40a9-a56e-04782ac4634b: 17 internal nodes; 1.2 s; peak memory 249 MiB.
2026-09-18T12:43:02Z INFO [199/500] 04618379-1bf7-422c-8eae-5cd560f24a52: 44 internal nodes; 3.0 s; peak memory 249 MiB.
2026-09-18T12:43:03Z INFO [200/500] 04618a7f-dbf1-46fa-96a6-faf11c70d0b9: 17 internal nodes; 1.1 s; peak memory 249 MiB.
2026-09-18T12:43:03Z INFO [200/500] 04618a7f-dbf1-46fa-96a6-faf11c70d0b9: checkpointed 48208 records.
2026-09-18T12:43:05Z INFO [201/500] 0461a534-e415-4c32-beaa-17e13ab510a1: 27 internal nodes; 1.5 s; peak memory 249 MiB.
2026-09-18T12:43:06Z INFO [202/500] 04622496-14e2-4400-84c6-6ec4bfeb96be: 17 internal nodes; 1.2 s; peak memory 249 MiB.
2026-09-18T12:43:07Z INFO [203/500] 0462c776-30e5-41aa-b97c-a41f8a28d119: 15 internal nodes; 1.1 s; peak memory 249 MiB.
2026-09-18T12:43:09Z INFO [204/500] 04638805-7c76-4836-b668-09e701e0d16c: 26 internal nodes; 1.6 s; peak memory 249 MiB.
2026-09-18T12:43:13Z INFO [205/500] 0463cf8b-53e3-4e05-b38a-6aede1ea38e8: 79 internal nodes; 4.5 s; peak memory 249 MiB.
2026-09-18T12:43:14Z INFO [206/500] 046490b9-a913-4064-825b-80acfb49c87f: 11 internal nodes; 1.1 s; peak memory 249 MiB.
2026-09-18T12:43:16Z INFO [207/500] 0464aa18-5fa8-4718-8063-8c505fe6961a: 39 internal nodes; 2.0 s; peak memory 249 MiB.
2026-09-18T12:43:17Z INFO [208/500] 04651440-e425-4e84-9c6b-9ab5ef776d73: 17 internal nodes; 1.1 s; peak memory 249 MiB.
2026-09-18T12:43:19Z INFO [209/500] 0465237d-fb61-458a-9a13-83be0350c440: 17 internal nodes; 1.2 s; peak memory 249 MiB.
2026-09-18T12:43:20Z INFO [210/500] 046554d9-76b9-4173-8e7a-7c45b65f7fab: 27 internal nodes; 1.5 s; peak memory 249 MiB.
2026-09-18T12:43:26Z INFO [211/500] 0465cec2-6d8d-45c3-812c-a8207a396c19: 54 internal nodes; 6.0 s; peak memory 249 MiB.
2026-09-18T12:43:28Z INFO [212/500] 046667c1-290e-4a91-8a93-010800e7c771: 23 internal nodes; 1.5 s; peak memory 249 MiB.
2026-09-18T12:43:29Z INFO [213/500] 04668bad-e5c9-490a-8df4-190585cdb77d: 28 internal nodes; 1.1 s; peak memory 249 MiB.
2026-09-18T12:43:31Z INFO [214/500] 04669911-c619-4360-8c4b-b65c3f65196d: 31 internal nodes; 1.8 s; peak memory 249 MiB.
2026-09-18T12:43:37Z INFO [215/500] 0466a8c8-35fb-44f1-9112-0074ac7a7ff5: 68 internal nodes; 6.2 s; peak memory 249 MiB.
2026-09-18T12:43:38Z INFO [216/500] 0466cfad-2305-4ab4-b57e-43a39a376d64: 18 internal nodes; 1.4 s; peak memory 249 MiB.
2026-09-18T12:43:44Z INFO [217/500] 0466fdf1-215f-4c2c-8c19-4c9d9f775dc9: 137 internal nodes; 5.8 s; peak memory 249 MiB.
2026-09-18T12:43:45Z INFO [218/500] 0467c4cf-2dfb-42f9-b4fc-344b117cd03b: 17 internal nodes; 1.1 s; peak memory 249 MiB.
2026-09-18T12:43:50Z INFO [219/500] 046821fc-49f3-458f-9f94-38eea93be631: 134 internal nodes; 4.7 s; peak memory 249 MiB.
2026-09-18T12:43:51Z INFO [220/500] 046a4049-f2e0-4b7d-82d9-cb2519d25859: 27 internal nodes; 1.4 s; peak memory 249 MiB.
2026-09-18T12:43:52Z INFO [221/500] 046a7d72-29e1-4277-ad0a-e8a66ac336f0: 11 internal nodes; 1.0 s; peak memory 249 MiB.
2026-09-18T12:43:55Z INFO [222/500] 046bee85-df5f-4da2-998f-9b8173e8b15a: 44 internal nodes; 3.0 s; peak memory 249 MiB.
2026-09-18T12:43:57Z INFO [223/500] 046c9df6-f151-4836-9958-1e9d7330e03a: 16 internal nodes; 1.2 s; peak memory 249 MiB.
2026-09-18T12:44:04Z INFO [224/500] 046d1e23-becd-4453-add0-8092ed17c62f: 54 internal nodes; 7.0 s; peak memory 249 MiB.
2026-09-18T12:44:05Z INFO [225/500] 046dc27d-a292-4a29-a1ea-b448d3cccac9: 18 internal nodes; 1.1 s; peak memory 249 MiB.
2026-09-18T12:44:06Z INFO [226/500] 046defd0-dbb8-457b-a5eb-e60e30a1d049: 27 internal nodes; 1.3 s; peak memory 249 MiB.
2026-09-18T12:44:08Z INFO [227/500] 046df025-b383-469a-90ff-c4acec8a784a: 44 internal nodes; 2.6 s; peak memory 249 MiB.
2026-09-18T12:44:10Z INFO [228/500] 046e0ea8-5c1b-4632-8842-c7cac94d914e: 17 internal nodes; 1.5 s; peak memory 249 MiB.
2026-09-18T12:44:18Z INFO [229/500] 046ecece-c894-4edc-b43e-37299722b80b: 177 internal nodes; 7.9 s; peak memory 249 MiB.
2026-09-18T12:44:19Z INFO [230/500] 046f843e-0774-4fe7-a760-27064084ecaa: 17 internal nodes; 1.1 s; peak memory 249 MiB.
2026-09-18T12:44:20Z INFO [231/500] 046fffa9-e562-45d0-a331-afbac46cc07f: 18 internal nodes; 1.0 s; peak memory 249 MiB.
2026-09-18T12:44:21Z INFO [232/500] 047193ad-8daa-4505-9cfa-2e087ff7a2ca: 13 internal nodes; 1.5 s; peak memory 249 MiB.
2026-09-18T12:44:23Z INFO [233/500] 0471977a-5bce-4767-b2ac-16a1afd4f5e4: 14 internal nodes; 1.2 s; peak memory 249 MiB.
2026-09-18T12:44:24Z INFO [234/500] 047202d6-1c10-4322-ba76-9b6ae7bfd474: 18 internal nodes; 1.0 s; peak memory 249 MiB.
2026-09-18T12:44:26Z INFO [235/500] 0473c9c9-b242-400f-9455-932c96eb282b: 60 internal nodes; 1.8 s; peak memory 249 MiB.
2026-09-18T12:44:27Z INFO [236/500] 0473e38d-b07c-4ef2-beb8-7295249ab280: 39 internal nodes; 1.9 s; peak memory 249 MiB.
2026-09-18T12:44:29Z INFO [237/500] 04743f1d-09ee-4803-ad25-60c270ec35af: 15 internal nodes; 1.6 s; peak memory 249 MiB.
2026-09-18T12:44:39Z INFO [238/500] 047501d0-0bf4-493c-a584-c59fa611ec03: 176 internal nodes; 10.4 s; peak memory 249 MiB.
2026-09-18T12:44:41Z INFO [239/500] 047505f8-d865-4dd4-b48f-f7c361eb710d: 27 internal nodes; 1.6 s; peak memory 249 MiB.
2026-09-18T12:44:43Z INFO [240/500] 0475981a-e900-4507-ac83-8675169629de: 27 internal nodes; 1.5 s; peak memory 249 MiB.
2026-09-18T12:44:44Z INFO [241/500] 0475de7c-6bb3-448e-bb5b-7d7f1f90c5ce: 27 internal nodes; 1.6 s; peak memory 249 MiB.
2026-09-18T12:44:47Z INFO [242/500] 0476103d-5f08-4e62-bb1c-6e290c1f4813: 24 internal nodes; 2.6 s; peak memory 249 MiB.
2026-09-18T12:44:50Z INFO [243/500] 04769b0c-853e-4151-83fd-8bfd73b2eb27: 44 internal nodes; 2.8 s; peak memory 249 MiB.
2026-09-18T12:44:51Z INFO [244/500] 0476a16d-fbaf-4f67-9df9-86d16aef8afd: 29 internal nodes; 1.4 s; peak memory 249 MiB.
2026-09-18T12:44:52Z INFO [245/500] 04783266-3686-4925-bd85-50f08ad669c0: 27 internal nodes; 1.5 s; peak memory 249 MiB.
2026-09-18T12:44:55Z INFO [246/500] 04787822-a180-4eae-b901-5084bd9855a9: 66 internal nodes; 2.1 s; peak memory 249 MiB.
2026-09-18T12:45:01Z INFO [247/500] 0479f0e7-b18e-4236-9310-d6c024ca7918: 70 internal nodes; 6.2 s; peak memory 249 MiB.
2026-09-18T12:45:02Z INFO [248/500] 047afd2d-e835-443f-b4b0-6d56093b20ec: 18 internal nodes; 1.5 s; peak memory 249 MiB.
2026-09-18T12:45:04Z INFO [249/500] 047b0d83-a02a-47c4-b9f3-0e9ca6310d01: 31 internal nodes; 1.6 s; peak memory 249 MiB.
2026-09-18T12:45:05Z INFO [250/500] 047cc7f6-1f04-4ebd-9d20-d514809b7236: 26 internal nodes; 1.0 s; peak memory 249 MiB.
2026-09-18T12:45:05Z INFO [250/500] 047cc7f6-1f04-4ebd-9d20-d514809b7236: checkpointed 48258 records.
2026-09-18T12:45:06Z INFO [251/500] 047eaa3f-c2b3-44f7-b1da-0bb52fd50e9b: 17 internal nodes; 1.2 s; peak memory 249 MiB.
2026-09-18T12:45:08Z INFO [252/500] 047f248d-d384-4820-b03d-feb822b9987b: 27 internal nodes; 1.7 s; peak memory 249 MiB.
2026-09-18T12:45:09Z INFO [253/500] 047f6664-4603-4423-b95d-0459db720858: 17 internal nodes; 1.3 s; peak memory 249 MiB.
2026-09-18T12:45:10Z INFO [254/500] 047ff700-ee41-4575-8649-9d08dbfc4503: 17 internal nodes; 1.2 s; peak memory 249 MiB.
2026-09-18T12:45:12Z INFO [255/500] 04801215-a396-4a10-8900-cce6801747f0: 27 internal nodes; 1.5 s; peak memory 249 MiB.
2026-09-18T12:45:13Z INFO [256/500] 048099f8-7c6f-4e7c-ba6a-7c42d1d932fd: 13 internal nodes; 1.2 s; peak memory 249 MiB.
2026-09-18T12:45:25Z INFO [257/500] 04809b71-d17f-43bb-aff3-995c7569c4c2: 71 internal nodes; 11.8 s; peak memory 249 MiB.
2026-09-18T12:45:26Z INFO [258/500] 0480f98d-478d-4c67-b8b4-aded4884c5f4: 27 internal nodes; 1.5 s; peak memory 249 MiB.
2026-09-18T12:45:31Z INFO [259/500] 04813a37-9826-4b95-85fa-a213a9109387: 53 internal nodes; 4.7 s; peak memory 249 MiB.
2026-09-18T12:45:32Z INFO [260/500] 048187a5-619f-4f3a-8d4a-d2e3ac3b1d07: 17 internal nodes; 1.2 s; peak memory 249 MiB.
2026-09-18T12:45:34Z INFO [261/500] 0482b28f-b695-4a51-9201-877e307222d7: 27 internal nodes; 1.5 s; peak memory 249 MiB.
2026-09-18T12:45:36Z INFO [262/500] 04836ffc-226a-46ec-abd0-cfbd48aa1624: 29 internal nodes; 2.2 s; peak memory 249 MiB.
2026-09-18T12:45:38Z INFO [263/500] 0483777a-bcf7-4cc6-8aa0-07cce35a91ab: 31 internal nodes; 1.7 s; peak memory 249 MiB.
2026-09-18T12:45:40Z INFO [264/500] 0483c42d-4b81-48c8-83f0-339f43c0f88b: 60 internal nodes; 1.8 s; peak memory 249 MiB.
2026-09-18T12:45:41Z INFO [265/500] 0483e052-e034-4239-af14-5134d51c31f3: 13 internal nodes; 1.3 s; peak memory 249 MiB.
2026-09-18T12:45:42Z INFO [266/500] 04847966-b005-4071-8999-ee8be1e9a8d5: 13 internal nodes; 1.0 s; peak memory 249 MiB.
2026-09-18T12:45:44Z INFO [267/500] 0484ac13-4a4d-416e-90cd-b68143ef644f: 31 internal nodes; 2.0 s; peak memory 249 MiB.
2026-09-18T12:45:49Z INFO [268/500] 0484bbb8-a786-4cab-afa5-aa546f06b9f5: 73 internal nodes; 5.4 s; peak memory 249 MiB.
2026-09-18T12:45:51Z INFO [269/500] 04852c54-b2e0-487c-a81a-73fc1e514e91: 31 internal nodes; 1.6 s; peak memory 249 MiB.
2026-09-18T12:46:01Z INFO [270/500] 04864bdf-bc56-4b83-9be9-a52af661dcc3: 228 internal nodes; 10.1 s; peak memory 249 MiB.
2026-09-18T12:46:18Z INFO [271/500] 0489ee6c-4457-4c23-be6d-ccdc3e2082dd: 340 internal nodes; 16.9 s; peak memory 249 MiB.
2026-09-18T12:46:19Z INFO [272/500] 048a5dbb-a9c4-41a6-a357-229d9540f957: 17 internal nodes; 1.0 s; peak memory 249 MiB.
2026-09-18T12:46:20Z INFO [273/500] 048de6e6-5f4d-47a1-82ce-8e14d0b0618b: 22 internal nodes; 0.9 s; peak memory 249 MiB.
2026-09-18T12:46:21Z INFO [274/500] 048e4048-b0aa-46cd-91aa-2a179c8700f5: 20 internal nodes; 1.4 s; peak memory 249 MiB.
2026-09-18T12:46:23Z INFO [275/500] 048e8660-de6e-4887-8a13-d279751ff607: 22 internal nodes; 1.3 s; peak memory 249 MiB.
2026-09-18T12:46:24Z INFO [276/500] 048efcd2-176e-4a92-a5fe-145b323f3f6e: 31 internal nodes; 1.5 s; peak memory 249 MiB.
2026-09-18T12:46:26Z INFO [277/500] 048f1ac7-c8a6-4cac-8e9c-ff862ca6bf3a: 61 internal nodes; 2.3 s; peak memory 249 MiB.
2026-09-18T12:46:28Z INFO [278/500] 048ff4c5-dfac-4c6c-976c-6cd95e3a9c97: 17 internal nodes; 1.3 s; peak memory 249 MiB.
2026-09-18T12:46:42Z INFO [279/500] 048ffc3a-e63f-41ef-9e40-9614ee84810d: 270 internal nodes; 14.5 s; peak memory 249 MiB.
2026-09-18T12:46:44Z INFO [280/500] 0491234a-08b7-4ab4-a56c-cd262d6fa616: 94 internal nodes; 2.3 s; peak memory 249 MiB.
2026-09-18T12:46:46Z INFO [281/500] 0491e1eb-1448-49da-aca8-c307bc37ca0e: 115 internal nodes; 1.6 s; peak memory 249 MiB.
2026-09-18T12:46:48Z INFO [282/500] 04930dff-5f1b-4049-9019-80c77557ae68: 31 internal nodes; 2.0 s; peak memory 249 MiB.
2026-09-18T12:46:50Z INFO [283/500] 04932298-ae0e-4371-879a-d69326817f47: 21 internal nodes; 1.5 s; peak memory 249 MiB.
2026-09-18T12:46:51Z INFO [284/500] 049338ab-f70e-45c4-9222-4397c4df4659: 27 internal nodes; 1.5 s; peak memory 249 MiB.
2026-09-18T12:46:52Z INFO [285/500] 04938132-dba6-4993-aa6f-f539b353b8d3: 15 internal nodes; 1.1 s; peak memory 249 MiB.
2026-09-18T12:46:54Z INFO [286/500] 0493f14e-53a2-432b-8372-8d9ee2a9d8ad: 29 internal nodes; 1.9 s; peak memory 249 MiB.
2026-09-18T12:46:56Z INFO [287/500] 04941698-8cbb-4cbe-a292-b0fa435fe096: 17 internal nodes; 1.5 s; peak memory 249 MiB.
2026-09-18T12:46:57Z INFO [288/500] 0494392a-cb4e-4e50-a54f-29ddf76ba336: 17 internal nodes; 1.2 s; peak memory 249 MiB.
2026-09-18T12:46:58Z INFO [289/500] 049477f3-6ccb-4c78-92e0-3c6dd4c5a587: 19 internal nodes; 0.9 s; peak memory 249 MiB.
2026-09-18T12:46:59Z INFO [290/500] 049483e4-6692-4eb3-b18e-f4588e781d6d: 13 internal nodes; 1.0 s; peak memory 249 MiB.
2026-09-18T12:47:06Z INFO [291/500] 0494b938-d58e-471d-8166-619236a82764: 177 internal nodes; 7.3 s; peak memory 249 MiB.
2026-09-18T12:47:07Z INFO [292/500] 04952fb1-e267-4b52-8f0b-193e33c8cffe: 17 internal nodes; 1.2 s; peak memory 249 MiB.
2026-09-18T12:47:08Z INFO [293/500] 04956cfb-2d83-440a-9ae4-ee0ef222115b: 22 internal nodes; 0.9 s; peak memory 249 MiB.
2026-09-18T12:47:11Z INFO [294/500] 0495a033-bd98-4fd3-b482-34777d70f300: 72 internal nodes; 2.5 s; peak memory 249 MiB.
2026-09-18T12:47:12Z INFO [295/500] 0495fcf4-5fe5-4fb7-939c-6de520f1829f: 19 internal nodes; 1.3 s; peak memory 249 MiB.
2026-09-18T12:47:13Z INFO [296/500] 04967863-4068-4458-af52-296169912001: 17 internal nodes; 1.1 s; peak memory 249 MiB.
2026-09-18T12:47:15Z INFO [297/500] 0496edd0-5496-4331-ba0c-09ef760f1601: 52 internal nodes; 2.0 s; peak memory 249 MiB.
2026-09-18T12:47:19Z INFO [298/500] 0497ba1e-4f2a-43f7-bbcb-b0ecd38fa55a: 46 internal nodes; 3.9 s; peak memory 249 MiB.
2026-09-18T12:47:22Z INFO [299/500] 04985a6e-18d6-45da-856b-3218c1573b4b: 46 internal nodes; 3.1 s; peak memory 249 MiB.
2026-09-18T12:47:36Z INFO [300/500] 0499369f-30f8-4606-9bb1-f8cc748e4c6e: 1154 internal nodes; 13.7 s; peak memory 262 MiB.
2026-09-18T12:47:36Z INFO [300/500] 0499369f-30f8-4606-9bb1-f8cc748e4c6e: checkpointed 48308 records.
2026-09-18T12:47:38Z INFO [301/500] 04994aba-37f7-4eab-816b-d197ccd4fae8: 29 internal nodes; 1.6 s; peak memory 262 MiB.
2026-09-18T12:47:40Z INFO [302/500] 049a23cb-6566-4fc2-a7b7-77876cbcc832: 28 internal nodes; 2.1 s; peak memory 262 MiB.
2026-09-18T12:47:41Z INFO [303/500] 049addad-049a-47a3-a6f2-22aa33231c8a: 37 internal nodes; 1.8 s; peak memory 262 MiB.
2026-09-18T12:47:43Z INFO [304/500] 049ba9e8-5330-4544-8440-6afe3f7a272f: 29 internal nodes; 2.0 s; peak memory 262 MiB.
2026-09-18T12:47:45Z INFO [305/500] 049cccfb-8cc5-4803-a0a1-9844b5aa669d: 31 internal nodes; 1.8 s; peak memory 262 MiB.
2026-09-18T12:48:00Z INFO [306/500] 049d0531-29ef-47e6-88f7-6a6f9d698ec2: 84 internal nodes; 14.4 s; peak memory 262 MiB.
2026-09-18T12:48:07Z INFO [307/500] 049ebd25-e8ae-41c2-bd4f-0f3adbea6851: 41 internal nodes; 7.4 s; peak memory 262 MiB.
2026-09-18T12:48:08Z INFO [308/500] 04a0ebf9-e9a5-4c73-8dc7-a84113de2aa9: 11 internal nodes; 1.0 s; peak memory 262 MiB.
2026-09-18T12:48:16Z INFO [309/500] 04a11430-2282-47a2-b953-e5a21ee6cd5c: 63 internal nodes; 7.6 s; peak memory 262 MiB.
2026-09-18T12:48:19Z INFO [310/500] 04a12db4-f58b-4037-8773-609ae455ca5b: 46 internal nodes; 3.5 s; peak memory 262 MiB.
2026-09-18T12:48:20Z INFO [311/500] 04a1a764-8f16-44ba-b00c-2adc1d7dd26f: 17 internal nodes; 1.3 s; peak memory 262 MiB.
2026-09-18T12:48:21Z INFO [312/500] 04a23a7c-ccbb-4e0b-af0a-26acd53e8f93: 17 internal nodes; 1.1 s; peak memory 262 MiB.
2026-09-18T12:48:23Z INFO [313/500] 04a26e2c-3ec0-4fa7-a224-f9dfa0900d50: 27 internal nodes; 1.6 s; peak memory 262 MiB.
2026-09-18T12:48:35Z INFO [314/500] 04a2c7fe-5222-4691-9a24-f92f4d8fb320: 67 internal nodes; 12.3 s; peak memory 262 MiB.
2026-09-18T12:48:36Z INFO [315/500] 04a36723-13d6-4690-818d-95697c61589b: 11 internal nodes; 0.8 s; peak memory 262 MiB.
2026-09-18T12:48:37Z INFO [316/500] 04a36ef7-e745-4e09-9f09-f2d8b076c770: 17 internal nodes; 1.1 s; peak memory 262 MiB.
2026-09-18T12:48:38Z INFO [317/500] 04a41659-fa1e-4faf-937d-f4af03ae1376: 17 internal nodes; 1.2 s; peak memory 262 MiB.
2026-09-18T12:48:41Z INFO [318/500] 04a56c72-ad39-4ada-82e9-bde9bc6b7679: 42 internal nodes; 2.9 s; peak memory 262 MiB.
2026-09-18T12:48:44Z INFO [319/500] 04a5e048-eb8b-4434-b500-934bc3f09f5b: 38 internal nodes; 3.2 s; peak memory 262 MiB.
2026-09-18T12:48:47Z INFO [320/500] 04a5ea2d-45e1-4688-bab1-ef15e0d1fc5d: 29 internal nodes; 2.5 s; peak memory 262 MiB.
2026-09-18T12:48:49Z INFO [321/500] 04a5faa8-2958-47ea-83e9-9a61a71402ab: 27 internal nodes; 1.8 s; peak memory 262 MiB.
2026-09-18T12:48:50Z INFO [322/500] 04a6dbd4-140a-420f-8bae-4092026a4297: 18 internal nodes; 1.1 s; peak memory 262 MiB.
2026-09-18T12:48:51Z INFO [323/500] 04a884d5-5695-4e15-a6a9-c15e8294e334: 27 internal nodes; 1.5 s; peak memory 262 MiB.
2026-09-18T12:48:52Z INFO [324/500] 04a9b999-8364-4280-99c8-4feda2db2689: 11 internal nodes; 1.1 s; peak memory 262 MiB.
2026-09-18T12:48:54Z INFO [325/500] 04aa28d7-a72e-406d-b7be-60f910771698: 30 internal nodes; 1.5 s; peak memory 262 MiB.
2026-09-18T12:48:57Z INFO [326/500] 04aa438b-4ce9-4c16-8200-295194b362ba: 42 internal nodes; 2.9 s; peak memory 262 MiB.
2026-09-18T12:48:58Z INFO [327/500] 04aab2f3-5e7a-46c0-8475-a40a6a057fc8: 31 internal nodes; 1.6 s; peak memory 262 MiB.
2026-09-18T12:49:05Z INFO [328/500] 04ab5bbf-d200-4027-8235-0f6238e6db92: 68 internal nodes; 6.5 s; peak memory 262 MiB.
2026-09-18T12:49:06Z INFO [329/500] 04ab6a43-aff1-4fe1-9647-aea5fe556bde: 13 internal nodes; 1.2 s; peak memory 262 MiB.
2026-09-18T12:49:08Z INFO [330/500] 04ac04e6-303c-4a04-886d-d0539e432228: 39 internal nodes; 1.9 s; peak memory 262 MiB.
2026-09-18T12:49:09Z INFO [331/500] 04ad4867-c26e-4300-99a8-cf775a96074f: 17 internal nodes; 1.3 s; peak memory 262 MiB.
2026-09-18T12:49:10Z INFO [332/500] 04ad613d-3c78-4b3d-8de2-53aa9f2a5133: 17 internal nodes; 1.3 s; peak memory 262 MiB.
2026-09-18T12:49:12Z INFO [333/500] 04ae398a-4477-4c10-a7fd-f3cf13d5b632: 31 internal nodes; 1.8 s; peak memory 262 MiB.
2026-09-18T12:49:14Z INFO [334/500] 04ae815e-f3e7-40e4-b79d-e03a2bff86db: 55 internal nodes; 1.7 s; peak memory 262 MiB.
2026-09-18T12:49:16Z INFO [335/500] 04b06fa3-ee62-4990-8945-2a8bda0552c4: 69 internal nodes; 2.4 s; peak memory 262 MiB.
2026-09-18T12:49:18Z INFO [336/500] 04b16d63-c704-4e4e-a267-cf507bff60cf: 27 internal nodes; 1.5 s; peak memory 262 MiB.
2026-09-18T12:49:19Z INFO [337/500] 04b1c815-e1bc-41e8-b297-1464cdf52407: 18 internal nodes; 1.4 s; peak memory 262 MiB.
2026-09-18T12:49:22Z INFO [338/500] 04b26644-5c62-4615-a4f3-6925c332be11: 44 internal nodes; 2.5 s; peak memory 262 MiB.
2026-09-18T12:49:24Z INFO [339/500] 04b266b5-528d-4eb8-9d63-008adcbd81ae: 37 internal nodes; 2.1 s; peak memory 262 MiB.
2026-09-18T12:49:25Z INFO [340/500] 04b2da74-bb11-488e-a0bb-37672b38c199: 22 internal nodes; 1.0 s; peak memory 262 MiB.
2026-09-18T12:49:26Z INFO [341/500] 04b2f716-0e24-4aae-987d-967bdfaa09ab: 54 internal nodes; 1.8 s; peak memory 262 MiB.
2026-09-18T12:49:28Z INFO [342/500] 04b34ab5-e052-4bc3-97f8-5d956578c576: 17 internal nodes; 1.2 s; peak memory 262 MiB.
2026-09-18T12:49:29Z INFO [343/500] 04b46447-3c27-4b1d-9f16-09da6932fbe7: 27 internal nodes; 1.5 s; peak memory 262 MiB.
2026-09-18T12:49:31Z INFO [344/500] 04b57191-d0fd-4692-a9c0-8d1ee3652f66: 27 internal nodes; 1.4 s; peak memory 262 MiB.
2026-09-18T12:49:36Z INFO [345/500] 04b581eb-0ad7-4f9a-8283-a3455367f83c: 122 internal nodes; 5.7 s; peak memory 262 MiB.
2026-09-18T12:49:38Z INFO [346/500] 04b60a86-3ff8-48f0-a77d-f88c36eceeb4: 30 internal nodes; 1.7 s; peak memory 262 MiB.
2026-09-18T12:49:46Z INFO [347/500] 04b6f7fd-5c5f-4c4b-b274-789fb97d321d: 168 internal nodes; 8.2 s; peak memory 262 MiB.
2026-09-18T12:49:55Z INFO [348/500] 04b75f8c-8408-434b-84a4-463257141e4c: 175 internal nodes; 8.7 s; peak memory 262 MiB.
2026-09-18T12:49:56Z INFO [349/500] 04b7cf3b-c18b-43df-a0e6-e3e7cc791aea: 18 internal nodes; 1.1 s; peak memory 262 MiB.
2026-09-18T12:49:58Z INFO [350/500] 04b91b84-bd6c-4180-825d-107e795031cc: 56 internal nodes; 1.7 s; peak memory 262 MiB.
2026-09-18T12:49:58Z INFO [350/500] 04b91b84-bd6c-4180-825d-107e795031cc: checkpointed 48358 records.
2026-09-18T12:50:06Z INFO [351/500] 04b93355-d721-4440-8542-339579fdb827: 59 internal nodes; 7.8 s; peak memory 262 MiB.
2026-09-18T12:50:08Z INFO [352/500] 04ba01a2-879e-406b-94af-614aeb1096f6: 31 internal nodes; 2.3 s; peak memory 262 MiB.
2026-09-18T12:50:21Z INFO [353/500] 04ba6299-80c9-4ad4-9a10-a40a10c2c3e3: 213 internal nodes; 13.2 s; peak memory 262 MiB.
2026-09-18T12:50:22Z INFO [354/500] 04ba97ae-796a-43bc-997e-b3acbe8a24ff: 115 internal nodes; 1.4 s; peak memory 262 MiB.
2026-09-18T12:50:24Z INFO [355/500] 04bb20f8-d2c1-4670-8466-7bb2d5d2c9b0: 27 internal nodes; 1.3 s; peak memory 262 MiB.
2026-09-18T12:50:26Z INFO [356/500] 04bbfbc8-a688-4460-a7fe-e21414f621fd: 31 internal nodes; 1.7 s; peak memory 262 MiB.
2026-09-18T12:50:48Z INFO [357/500] 04bd51d2-c127-4422-b6df-75c95498f7d6: 311 internal nodes; 22.8 s; peak memory 262 MiB.
2026-09-18T12:50:50Z INFO [358/500] 04bea271-a43a-4e75-a3a9-6e1363ac9868: 27 internal nodes; 1.6 s; peak memory 262 MiB.
2026-09-18T12:51:01Z INFO [359/500] 04bf3571-7c36-41c4-8905-dd6a7ee3d403: 87 internal nodes; 10.8 s; peak memory 262 MiB.
2026-09-18T12:51:02Z INFO [360/500] 04bf62f9-7c2f-4359-918c-b643f579dd1a: 18 internal nodes; 1.1 s; peak memory 262 MiB.
2026-09-18T12:51:03Z INFO [361/500] 04bf6640-086a-4544-8fd3-d1f203a2de9a: 26 internal nodes; 1.0 s; peak memory 262 MiB.
2026-09-18T12:51:12Z INFO [362/500] 04bfd946-cac3-4c5b-841e-0b13bf57d0ad: 229 internal nodes; 9.2 s; peak memory 262 MiB.
2026-09-18T12:51:21Z INFO [363/500] 04c13ec4-37ce-4764-a066-c912353d4e54: 166 internal nodes; 8.5 s; peak memory 262 MiB.
2026-09-18T12:51:23Z INFO [364/500] 04c1d581-4645-4033-9257-7346bc321c1a: 45 internal nodes; 2.6 s; peak memory 262 MiB.
2026-09-18T12:51:24Z INFO [365/500] 04c30374-3e71-47e8-9eb3-d00fa139982e: 27 internal nodes; 1.2 s; peak memory 262 MiB.
2026-09-18T12:51:33Z INFO [366/500] 04c5801e-e982-4d6e-8739-74d2fa98888f: 141 internal nodes; 8.1 s; peak memory 262 MiB.
2026-09-18T12:51:34Z INFO [367/500] 04c5da28-3562-46fb-95bb-cabcca6c0f58: 31 internal nodes; 1.8 s; peak memory 262 MiB.
2026-09-18T12:51:35Z INFO [368/500] 04c6ec16-a785-43c7-bc16-3c5329ac9897: 11 internal nodes; 0.9 s; peak memory 262 MiB.
2026-09-18T12:51:36Z INFO [369/500] 04c78985-f9e6-4abf-a650-889cbdf351b5: 17 internal nodes; 1.1 s; peak memory 262 MiB.
2026-09-18T12:51:39Z INFO [370/500] 04c7ec52-6dfb-49eb-9ae1-081ad7953da5: 37 internal nodes; 2.3 s; peak memory 262 MiB.
2026-09-18T12:51:40Z INFO [371/500] 04c854fc-33f9-4917-80d8-3f6758c2f63b: 19 internal nodes; 1.3 s; peak memory 262 MiB.
2026-09-18T12:51:41Z INFO [372/500] 04c88410-5fec-4025-86a6-dd222af2e55f: 11 internal nodes; 0.8 s; peak memory 262 MiB.
2026-09-18T12:51:43Z INFO [373/500] 04c93ef1-dd65-4f47-abe7-f7e89b41c220: 31 internal nodes; 2.1 s; peak memory 262 MiB.
2026-09-18T12:51:57Z INFO [374/500] 04c9d35e-0ff3-4b6a-813f-0fef8ecbe166: 338 internal nodes; 14.2 s; peak memory 262 MiB.
2026-09-18T12:51:58Z INFO [375/500] 04ca3d57-3436-4d27-b5ec-b063b2155aae: 17 internal nodes; 1.2 s; peak memory 262 MiB.
2026-09-18T12:52:00Z INFO [376/500] 04cab266-f3a2-4cbf-93eb-235d8168a081: 29 internal nodes; 1.6 s; peak memory 262 MiB.
2026-09-18T12:52:11Z INFO [377/500] 04cbdb1e-c710-40ae-856b-8ae7c9143661: 115 internal nodes; 11.4 s; peak memory 262 MiB.
2026-09-18T12:52:12Z INFO [378/500] 04cc2c4d-23c5-4753-b34f-3a0febdf5c10: 15 internal nodes; 1.1 s; peak memory 262 MiB.
2026-09-18T12:52:14Z INFO [379/500] 04cc45ae-b3bc-4153-a6ba-c6252b53c9a7: 23 internal nodes; 1.2 s; peak memory 262 MiB.
2026-09-18T12:52:17Z INFO [380/500] 04ccb402-e377-481a-826e-37a38f10b697: 56 internal nodes; 3.8 s; peak memory 262 MiB.
2026-09-18T12:52:19Z INFO [381/500] 04ccfb7b-9f3e-4c4b-bf22-e31b0bcd4fce: 17 internal nodes; 1.3 s; peak memory 262 MiB.
2026-09-18T12:52:24Z INFO [382/500] 04ce4583-71ce-4db0-9f1c-ca33d2d34e6a: 73 internal nodes; 5.8 s; peak memory 262 MiB.
2026-09-18T12:52:26Z INFO [383/500] 04ce85e8-335d-4e23-9e17-7988d05dccac: 22 internal nodes; 1.5 s; peak memory 262 MiB.
2026-09-18T12:52:29Z INFO [384/500] 04ceb4f1-455f-4326-a65c-1969cba58533: 45 internal nodes; 3.3 s; peak memory 262 MiB.
2026-09-18T12:52:31Z INFO [385/500] 04cf9c6e-1b43-4b41-b13a-78b6f3291b25: 31 internal nodes; 2.1 s; peak memory 262 MiB.
2026-09-18T12:52:32Z INFO [386/500] 04cfcee1-25bc-487b-aa97-c58435632eaa: 17 internal nodes; 1.2 s; peak memory 262 MiB.
2026-09-18T12:52:38Z INFO [387/500] 04cff2cf-1bc2-4979-b725-03b30ccafe5b: 68 internal nodes; 6.0 s; peak memory 262 MiB.
2026-09-18T12:53:14Z INFO [388/500] 04d15b81-ffdf-40a1-8d14-c2c727393219: 969 internal nodes; 35.8 s; peak memory 267 MiB.
2026-09-18T12:53:16Z INFO [389/500] 04d37eca-c836-49d0-9384-697a7a78adc7: 27 internal nodes; 1.5 s; peak memory 267 MiB.
2026-09-18T12:53:17Z INFO [390/500] 04d381be-2b99-47e2-bbc5-ccf589079750: 17 internal nodes; 1.2 s; peak memory 267 MiB.
2026-09-18T12:53:19Z INFO [391/500] 04d3cd83-6508-47d3-8f0d-a19c87827f81: 86 internal nodes; 1.7 s; peak memory 267 MiB.
2026-09-18T12:53:20Z INFO [392/500] 04d84bb5-c2ae-4171-b16c-a037108f9860: 13 internal nodes; 1.1 s; peak memory 267 MiB.
2026-09-18T12:53:29Z INFO [393/500] 04d89014-425a-4f6e-8dfa-0081a882e9ce: 70 internal nodes; 9.1 s; peak memory 267 MiB.
2026-09-18T12:53:31Z INFO [394/500] 04d897bc-85b7-430d-9b61-9f917bc1c12d: 56 internal nodes; 2.5 s; peak memory 267 MiB.
2026-09-18T12:53:33Z INFO [395/500] 04d8ca1b-d1a8-4b60-b9ab-f38c774f3fe4: 31 internal nodes; 1.5 s; peak memory 267 MiB.
2026-09-18T12:53:35Z INFO [396/500] 04d8f136-6cac-420b-b929-52bf8d350972: 31 internal nodes; 2.0 s; peak memory 267 MiB.
2026-09-18T12:53:41Z INFO [397/500] 04da2b67-547e-4b74-971f-a1ce4a0f4f52: 73 internal nodes; 6.6 s; peak memory 267 MiB.
2026-09-18T12:53:43Z INFO [398/500] 04daa83f-5811-4ecf-a29d-ff9dd8157394: 29 internal nodes; 1.4 s; peak memory 267 MiB.
2026-09-18T12:53:44Z INFO [399/500] 04daef77-1e02-453a-826d-73cf10415ecc: 24 internal nodes; 1.6 s; peak memory 267 MiB.
2026-09-18T12:53:47Z INFO [400/500] 04db3464-54d3-40bc-8e8e-6add83e7af02: 32 internal nodes; 2.2 s; peak memory 267 MiB.
2026-09-18T12:53:47Z INFO [400/500] 04db3464-54d3-40bc-8e8e-6add83e7af02: checkpointed 48408 records.
2026-09-18T12:53:49Z INFO [401/500] 04dbafa1-9d99-477a-81c7-9d50cbbcacb9: 31 internal nodes; 2.2 s; peak memory 267 MiB.
2026-09-18T12:53:50Z INFO [402/500] 04dc43e5-fb1b-4888-bcd2-b5f1d6a65af2: 19 internal nodes; 1.1 s; peak memory 267 MiB.
2026-09-18T12:53:52Z INFO [403/500] 04dc888b-f7ca-4a43-88f0-00fa3478c249: 27 internal nodes; 1.5 s; peak memory 267 MiB.
2026-09-18T12:53:53Z INFO [404/500] 04dd1a97-e6a2-4aa0-a746-15fe52c95607: 31 internal nodes; 1.8 s; peak memory 267 MiB.
2026-09-18T12:54:00Z INFO [405/500] 04ddfe52-99f4-45e0-9feb-3abac4db59dc: 68 internal nodes; 6.3 s; peak memory 267 MiB.
2026-09-18T12:54:01Z INFO [406/500] 04e0ec7f-51f4-44ce-baff-893a69a0ce47: 17 internal nodes; 1.2 s; peak memory 267 MiB.
2026-09-18T12:54:02Z INFO [407/500] 04e19bcb-be0a-4790-8e0f-400c521fe08e: 17 internal nodes; 1.1 s; peak memory 267 MiB.
2026-09-18T12:54:03Z INFO [408/500] 04e24594-3c4c-449f-90ba-e9d32e652c3d: 11 internal nodes; 0.8 s; peak memory 267 MiB.
2026-09-18T12:54:10Z INFO [409/500] 04e2ccde-7401-4e56-acb6-e3be4abf9a9b: 73 internal nodes; 7.3 s; peak memory 267 MiB.
2026-09-18T12:54:14Z INFO [410/500] 04e51693-c77c-4308-a859-2078518513cb: 50 internal nodes; 3.5 s; peak memory 267 MiB.
2026-09-18T12:54:15Z INFO [411/500] 04e537fd-635a-4d1c-85c2-6ce86ebe8e6b: 17 internal nodes; 1.1 s; peak memory 267 MiB.
2026-09-18T12:54:16Z INFO [412/500] 04e58eae-80cc-4866-9894-d577f33053a5: 27 internal nodes; 1.5 s; peak memory 267 MiB.
2026-09-18T12:54:17Z INFO [413/500] 04e5a990-9c34-4151-b430-2d9529cdc31c: 17 internal nodes; 1.1 s; peak memory 267 MiB.
2026-09-18T12:54:19Z INFO [414/500] 04e6692a-f8ae-4205-9b25-88979f89798e: 61 internal nodes; 2.0 s; peak memory 267 MiB.
2026-09-18T12:54:23Z INFO [415/500] 04e6d7ac-ca1b-464f-8957-c56fc83e2251: 46 internal nodes; 3.6 s; peak memory 267 MiB.
2026-09-18T12:54:26Z INFO [416/500] 04e6e187-cd74-46b9-bac6-5e26a08e226e: 31 internal nodes; 2.7 s; peak memory 267 MiB.
2026-09-18T12:54:27Z INFO [417/500] 04e74583-9aa0-4fff-9189-0859a6150d77: 17 internal nodes; 1.0 s; peak memory 267 MiB.
2026-09-18T12:54:29Z INFO [418/500] 04e7db75-acab-4c26-a3dd-a71c77444991: 67 internal nodes; 2.0 s; peak memory 267 MiB.
2026-09-18T12:54:31Z INFO [419/500] 04e7f16a-6af4-40a0-8ed8-b46396f16fee: 37 internal nodes; 1.9 s; peak memory 267 MiB.
2026-09-18T12:54:32Z INFO [420/500] 04e80725-9f9a-4cf9-9a39-98449bf71d5f: 17 internal nodes; 1.3 s; peak memory 267 MiB.
2026-09-18T12:54:33Z INFO [421/500] 04e836d2-cd54-4065-9e05-5cf7b738d6ef: 13 internal nodes; 0.8 s; peak memory 267 MiB.
2026-09-18T12:54:34Z INFO [422/500] 04ea2377-ec13-4b2f-ad22-5ab4443f0c37: 17 internal nodes; 1.2 s; peak memory 267 MiB.
2026-09-18T12:54:35Z INFO [423/500] 04ea2caa-60ab-405c-a66e-34113f1e3d7c: 21 internal nodes; 1.5 s; peak memory 267 MiB.
2026-09-18T12:54:36Z INFO [424/500] 04eaf3d4-d242-45b6-94fe-a0832889eb03: 23 internal nodes; 1.1 s; peak memory 267 MiB.
2026-09-18T12:54:42Z INFO [425/500] 04eb25f0-0e94-43b9-8a8e-c613b37f5ef7: 95 internal nodes; 5.2 s; peak memory 267 MiB.
2026-09-18T12:54:43Z INFO [426/500] 04ebca63-0d09-481c-8472-e583372cede8: 29 internal nodes; 1.8 s; peak memory 267 MiB.
2026-09-18T12:54:52Z INFO [427/500] 04ec7731-2d22-46c7-8b54-ade4cf81fa5b: 171 internal nodes; 8.4 s; peak memory 267 MiB.
2026-09-18T12:54:55Z INFO [428/500] 04ecc08f-4e3e-4b51-8d22-076b0977a190: 45 internal nodes; 3.2 s; peak memory 267 MiB.
2026-09-18T12:54:56Z INFO [429/500] 04ed14e5-e1b3-4d2a-a588-97c22c07f48b: 27 internal nodes; 1.5 s; peak memory 267 MiB.
2026-09-18T12:54:58Z INFO [430/500] 04ed34f6-8bd8-4518-93ac-a2760da8a530: 63 internal nodes; 1.8 s; peak memory 267 MiB.
2026-09-18T12:55:01Z INFO [431/500] 04ed57cb-260f-450c-8d7c-98ad421799ec: 44 internal nodes; 3.1 s; peak memory 267 MiB.
2026-09-18T12:55:03Z INFO [432/500] 04f100c5-7e1f-49de-b8c2-34821e174a74: 67 internal nodes; 2.1 s; peak memory 267 MiB.
2026-09-18T12:55:05Z INFO [433/500] 04f1dd03-5427-4964-be2e-a537f4ce2e50: 17 internal nodes; 1.3 s; peak memory 267 MiB.
2026-09-18T12:55:06Z INFO [434/500] 04f20083-d3b1-43ee-8624-4f3e91460ef3: 90 internal nodes; 1.4 s; peak memory 267 MiB.
2026-09-18T12:55:19Z INFO [435/500] 04f2d532-29f8-40db-8cd9-d97be248cbbe: 74 internal nodes; 12.8 s; peak memory 267 MiB.
2026-09-18T12:55:25Z INFO [436/500] 04f3b474-cbe3-466b-a02b-9c690c79a378: 68 internal nodes; 6.4 s; peak memory 267 MiB.
2026-09-18T12:55:27Z INFO [437/500] 04f3f0a9-5799-4439-94e1-9f9e309da750: 30 internal nodes; 1.3 s; peak memory 267 MiB.
2026-09-18T12:55:29Z INFO [438/500] 04f58417-ecca-411f-be13-d9bb4b372b08: 31 internal nodes; 2.2 s; peak memory 267 MiB.
2026-09-18T12:56:15Z INFO [439/500] 04f69532-62d9-4aba-b999-8c137390cebf: 1019 internal nodes; 45.7 s; peak memory 290 MiB.
2026-09-18T12:56:20Z INFO [440/500] 04f71112-ab4b-47ea-967b-a5cc48c4592b: 143 internal nodes; 5.9 s; peak memory 290 MiB.
2026-09-18T12:56:22Z INFO [441/500] 04f86dbe-6d4b-4d58-ac58-67ef2e4ddf5e: 11 internal nodes; 1.1 s; peak memory 290 MiB.
2026-09-18T12:56:23Z INFO [442/500] 04f8dbcd-b240-44bf-ab0e-b25f67894097: 29 internal nodes; 1.5 s; peak memory 290 MiB.
2026-09-18T12:56:25Z INFO [443/500] 04f94ce4-97e9-4fb7-a052-92a966da56df: 29 internal nodes; 1.6 s; peak memory 290 MiB.
2026-09-18T12:56:26Z INFO [444/500] 04fae1e9-fa34-4349-a804-6d95cde357f8: 21 internal nodes; 0.9 s; peak memory 290 MiB.
2026-09-18T12:56:27Z INFO [445/500] 04fcac86-918f-46bb-9785-c084492c8b9a: 27 internal nodes; 1.5 s; peak memory 290 MiB.
2026-09-18T12:56:30Z INFO [446/500] 04fcdaae-3990-4615-964c-8ad64ea53bd7: 45 internal nodes; 3.2 s; peak memory 290 MiB.
2026-09-18T12:56:37Z INFO [447/500] 04fd136b-7222-43e3-9408-d79538e49dee: 143 internal nodes; 6.6 s; peak memory 290 MiB.
2026-09-18T12:56:38Z INFO [448/500] 04fd40ac-9429-4f02-b5ba-8377635db041: 17 internal nodes; 0.9 s; peak memory 290 MiB.
2026-09-18T12:56:39Z INFO [449/500] 04fdcc00-e766-4545-b320-721dab9c989e: 17 internal nodes; 1.1 s; peak memory 290 MiB.
2026-09-18T12:56:47Z INFO [450/500] 04ff3d1c-0fbb-4356-a9d0-9252fa79d01d: 237 internal nodes; 7.9 s; peak memory 290 MiB.
2026-09-18T12:56:47Z INFO [450/500] 04ff3d1c-0fbb-4356-a9d0-9252fa79d01d: checkpointed 48458 records.
2026-09-18T12:56:48Z INFO [451/500] 04ffae92-785b-4aa6-a26c-c0287e4caf0a: 17 internal nodes; 1.2 s; peak memory 290 MiB.
2026-09-18T12:57:02Z INFO [452/500] 04fffa38-3b37-4d6c-8de3-368840f7225e: 245 internal nodes; 13.8 s; peak memory 290 MiB.
2026-09-18T12:57:03Z INFO [453/500] 05001f92-0085-4e4d-b830-f234acd3e73d: 17 internal nodes; 1.2 s; peak memory 290 MiB.
2026-09-18T12:57:06Z INFO [454/500] 05017956-2108-4fc4-a405-c20d9d883c45: 53 internal nodes; 2.7 s; peak memory 290 MiB.
2026-09-18T12:57:15Z INFO [455/500] 0501e906-c202-47b3-ba7c-1df97a77b2f7: 40 internal nodes; 9.7 s; peak memory 290 MiB.
2026-09-18T12:57:26Z INFO [456/500] 050267a9-8330-4f28-8a17-8db7aba456f0: 182 internal nodes; 10.6 s; peak memory 290 MiB.
2026-09-18T12:57:28Z INFO [457/500] 05028253-7a54-4b0b-ab59-2c8fe0fa6ea6: 37 internal nodes; 2.3 s; peak memory 290 MiB.
2026-09-18T12:57:30Z INFO [458/500] 0504e10e-b038-4802-81d2-6a3d67718b59: 63 internal nodes; 1.7 s; peak memory 290 MiB.
2026-09-18T12:57:31Z INFO [459/500] 0504ef12-4cb6-4ca1-8937-6469866a042b: 17 internal nodes; 1.2 s; peak memory 290 MiB.
2026-09-18T12:57:32Z INFO [460/500] 050550e1-a831-45dd-a977-33bf756d994c: 26 internal nodes; 0.9 s; peak memory 290 MiB.
2026-09-18T12:57:33Z INFO [461/500] 0505bd3b-63c8-4008-a5d3-288a3e74ba7e: 17 internal nodes; 1.3 s; peak memory 290 MiB.
2026-09-18T12:57:34Z INFO [462/500] 0507d609-cc26-46ea-a674-ce2ad35cafae: 17 internal nodes; 1.2 s; peak memory 290 MiB.
2026-09-18T12:57:38Z INFO [463/500] 0507d7b0-0ec2-4525-9470-6aaa87d8fdcf: 42 internal nodes; 3.2 s; peak memory 290 MiB.
2026-09-18T12:57:39Z INFO [464/500] 0507e94a-1459-44cf-b181-5e1afe3d5f66: 17 internal nodes; 1.2 s; peak memory 290 MiB.
2026-09-18T12:57:40Z INFO [465/500] 05081903-4c28-4e19-b2b6-46adebe3e3c0: 17 internal nodes; 1.1 s; peak memory 290 MiB.
2026-09-18T12:57:41Z INFO [466/500] 05089a79-0ec8-43ef-919d-538b8cd985a7: 27 internal nodes; 1.2 s; peak memory 290 MiB.
2026-09-18T12:57:44Z INFO [467/500] 050b4e2d-c483-42e1-a84d-14373380562b: 44 internal nodes; 2.5 s; peak memory 290 MiB.
2026-09-18T12:57:45Z INFO [468/500] 050d2356-e146-46ef-8023-d24420dcdf12: 19 internal nodes; 1.4 s; peak memory 290 MiB.
2026-09-18T12:57:48Z INFO [469/500] 050d4416-08a1-493e-b091-0220b46540f3: 41 internal nodes; 3.1 s; peak memory 290 MiB.
2026-09-18T12:57:50Z INFO [470/500] 050e0508-e634-4dc7-9102-6121039a88e8: 27 internal nodes; 1.6 s; peak memory 290 MiB.
2026-09-18T12:57:52Z INFO [471/500] 050ffb22-b1fe-4110-9e76-62595555d2c9: 22 internal nodes; 2.6 s; peak memory 290 MiB.
2026-09-18T12:57:54Z INFO [472/500] 0510ea5f-8bb1-4ddb-baf5-53a9fd0b0334: 17 internal nodes; 1.2 s; peak memory 290 MiB.
2026-09-18T12:57:55Z INFO [473/500] 051256ac-2622-449f-9625-7ea4d684349a: 17 internal nodes; 1.3 s; peak memory 290 MiB.
2026-09-18T12:57:56Z INFO [474/500] 051288c6-590a-490b-9061-2764eb5a4189: 27 internal nodes; 1.2 s; peak memory 290 MiB.
2026-09-18T12:57:57Z INFO [475/500] 0512e21a-5458-4206-92d4-2ce31622622a: 17 internal nodes; 1.2 s; peak memory 290 MiB.
2026-09-18T12:57:58Z INFO [476/500] 0513128f-8da9-4fda-9bf1-09e551d2f532: 17 internal nodes; 1.2 s; peak memory 290 MiB.
2026-09-18T12:57:59Z INFO [477/500] 05136dcf-557a-409d-96db-5a4e20291b1f: 25 internal nodes; 0.9 s; peak memory 290 MiB.
2026-09-18T12:58:12Z INFO [478/500] 0513c38a-3eee-4553-9e27-a50af4138ff9: 71 internal nodes; 12.4 s; peak memory 290 MiB.
2026-09-18T12:58:13Z INFO [479/500] 0513cce0-d56c-4434-a831-fd84da3fad73: 18 internal nodes; 1.4 s; peak memory 290 MiB.
2026-09-18T12:58:19Z INFO [480/500] 05144f3c-8f2b-46ea-9543-eb29dd13be94: 73 internal nodes; 5.7 s; peak memory 290 MiB.
2026-09-18T12:58:21Z INFO [481/500] 0514f007-a890-4e83-b0a5-69b9de319ac3: 61 internal nodes; 1.7 s; peak memory 290 MiB.
2026-09-18T12:58:34Z INFO [482/500] 05156443-e952-4f78-95d6-1234cbc9d0a8: 202 internal nodes; 13.7 s; peak memory 290 MiB.
2026-09-18T12:58:36Z INFO [483/500] 0515698a-ba7f-491c-b7a4-36ac259a247d: 27 internal nodes; 1.5 s; peak memory 290 MiB.
2026-09-18T12:58:37Z INFO [484/500] 05163ed0-c6f2-4e21-8c86-2ce72651b103: 13 internal nodes; 1.2 s; peak memory 290 MiB.
2026-09-18T12:58:38Z INFO [485/500] 05164ea7-da9f-455b-a82c-7a922938d2d8: 27 internal nodes; 1.4 s; peak memory 290 MiB.
2026-09-18T12:58:39Z INFO [486/500] 05179b9d-5a97-4eb5-9768-964b0b8a9d07: 16 internal nodes; 1.2 s; peak memory 290 MiB.
2026-09-18T12:58:40Z INFO [487/500] 0517c7a3-d041-42a4-bf0e-404aae292ed2: 11 internal nodes; 0.8 s; peak memory 290 MiB.
2026-09-18T12:58:41Z INFO [488/500] 0517e2a4-3fef-4792-9028-167e59d43fa4: 23 internal nodes; 1.1 s; peak memory 290 MiB.
2026-09-18T12:58:42Z INFO [489/500] 0518061f-53eb-4891-ad0b-fabfbc05c9ce: 17 internal nodes; 1.1 s; peak memory 290 MiB.
2026-09-18T12:58:44Z INFO [490/500] 05183659-fd91-448a-8c5b-2ed920235cf7: 17 internal nodes; 1.1 s; peak memory 290 MiB.
2026-09-18T12:58:44Z INFO [491/500] 0518f1f4-df62-4a59-8738-41ec0836899e: 11 internal nodes; 0.8 s; peak memory 290 MiB.
2026-09-18T12:58:46Z INFO [492/500] 051987e9-a292-42ab-964b-f0fcfb10ca3a: 31 internal nodes; 1.4 s; peak memory 290 MiB.
2026-09-18T12:58:48Z INFO [493/500] 051a1b67-2995-4226-94c1-cf4715884f40: 66 internal nodes; 2.3 s; peak memory 290 MiB.
2026-09-18T12:58:55Z INFO [494/500] 051a509c-49ff-4665-9275-e9e260e17c10: 196 internal nodes; 7.2 s; peak memory 290 MiB.
2026-09-18T12:58:57Z INFO [495/500] 051b1694-3d04-4e5b-8ce4-c62accf072a3: 17 internal nodes; 1.3 s; peak memory 290 MiB.
2026-09-18T12:58:58Z INFO [496/500] 051b1705-46eb-412c-980a-e99eaa22225d: 17 internal nodes; 1.2 s; peak memory 290 MiB.
2026-09-18T12:59:01Z INFO [497/500] 051cc117-2547-4be4-84c3-475570ca9fd2: 42 internal nodes; 3.1 s; peak memory 290 MiB.
2026-09-18T12:59:02Z INFO [498/500] 051d1195-6de3-4853-bf26-4c7b31c06fd5: 17 internal nodes; 1.2 s; peak memory 290 MiB.
2026-09-18T12:59:03Z INFO [499/500] 051db6b5-c7de-4bd8-a393-cc1061454c0c: 13 internal nodes; 1.1 s; peak memory 290 MiB.
2026-09-18T12:59:04Z INFO [500/500] 051f15f8-fe80-4995-9774-8afa607a8fe6: 11 internal nodes; 0.8 s; peak memory 290 MiB.
2026-09-18T12:59:04Z INFO [500/500] 051f15f8-fe80-4995-9774-8afa607a8fe6: checkpointed 48508 records.
2026-09-18T12:59:04Z INFO Wrote 48508 records to /tmp/derivatives/valid_nwb_file_to_out_degrees.jsonl (499 new, 1 failed) in 25.0 min (peak memory 290 MiB).
