2026-09-25T13:09:20Z INFO Logging to /tmp/logs/update_2026-09-25T13-09-20Z.log.
2026-09-25T13:09:20Z INFO Update valid-nwb-file-to-out-degrees (base directory /tmp).
2026-09-25T13:09:20Z INFO Processing 500 items (54974 already recorded).
2026-09-25T13:09:23Z INFO [1/500] 0067cb5b-7fee-42a2-b9ef-088496361431: 31 internal nodes; 2.9 s; peak memory 114 MiB.
2026-09-25T13:09:24Z WARNING 024ef50f-ac6f-49ea-806b-93ef4b5e8644: failed while reading the NWB file (KeyError: 'Unable to synchronously open object (component not found)')
2026-09-25T13:09:24Z WARNING [2/500] 024ef50f-ac6f-49ea-806b-93ef4b5e8644: leaving unrecorded for a later run to retry.
2026-09-25T13:09:26Z WARNING 09073220-fbea-45d2-9a39-2cc61fcdc2a1: failed while reading the NWB file (KeyError: 'Unable to synchronously open object (component not found)')
2026-09-25T13:09:26Z WARNING [3/500] 09073220-fbea-45d2-9a39-2cc61fcdc2a1: leaving unrecorded for a later run to retry.
2026-09-25T13:09:30Z INFO [4/500] 0a070021-3e71-4aed-857d-f083620feb92: 36 internal nodes; 3.5 s; peak memory 120 MiB.
2026-09-25T13:09:31Z WARNING 0dec427d-4db4-44c3-988a-c37959ceaff3: failed while reading the NWB file (KeyError: 'Unable to synchronously open object (component not found)')
2026-09-25T13:09:31Z WARNING [5/500] 0dec427d-4db4-44c3-988a-c37959ceaff3: leaving unrecorded for a later run to retry.
2026-09-25T13:09:33Z WARNING 0f7396ad-67ec-468a-b6a6-5599cb507f54: failed while reading the NWB file (KeyError: 'Unable to synchronously open object (component not found)')
2026-09-25T13:09:33Z WARNING [6/500] 0f7396ad-67ec-468a-b6a6-5599cb507f54: leaving unrecorded for a later run to retry.
2026-09-25T13:09:34Z WARNING 1066b3ba-83d9-4cb3-bfe3-ecf8539e2334: failed while reading the NWB file (KeyError: 'Unable to synchronously open object (component not found)')
2026-09-25T13:09:34Z WARNING [7/500] 1066b3ba-83d9-4cb3-bfe3-ecf8539e2334: leaving unrecorded for a later run to retry.
2026-09-25T13:09:43Z INFO [8/500] 1272cf92-43de-4699-8599-fb7e7fd455d1: 224 internal nodes; 8.5 s; peak memory 143 MiB.
2026-09-25T13:09:50Z INFO [9/500] 1272dd63-01c6-4829-8def-bd037dc8e498: 135 internal nodes; 7.3 s; peak memory 143 MiB.
2026-09-25T13:09:51Z INFO [10/500] 12736698-00d5-411e-968e-a14f73946bf1: 17 internal nodes; 1.2 s; peak memory 143 MiB.
2026-09-25T13:10:04Z INFO [11/500] 12765c87-15a9-4ffb-a869-d4c15afe30d9: 326 internal nodes; 12.7 s; peak memory 147 MiB.
2026-09-25T13:10:06Z INFO [12/500] 12778a87-a686-46e6-8fc5-4e2523546e9d: 27 internal nodes; 1.6 s; peak memory 147 MiB.
2026-09-25T13:10:08Z INFO [13/500] 1277f007-9fa6-4c59-9a36-73878dd15e87: 69 internal nodes; 2.5 s; peak memory 147 MiB.
2026-09-25T13:10:18Z INFO [14/500] 12783649-b0bf-464b-a696-959c40ea9ffc: 224 internal nodes; 9.9 s; peak memory 147 MiB.
2026-09-25T13:10:19Z INFO [15/500] 12785737-e900-4b13-8d48-69ec405000b9: 20 internal nodes; 1.1 s; peak memory 147 MiB.
2026-09-25T13:10:21Z INFO [16/500] 127904ba-562f-4819-b011-f9404707c435: 38 internal nodes; 1.6 s; peak memory 147 MiB.
2026-09-25T13:10:22Z INFO [17/500] 127ac66d-4861-4a48-975f-4a51537a1f22: 27 internal nodes; 1.2 s; peak memory 147 MiB.
2026-09-25T13:10:32Z INFO [18/500] 127ba951-a417-4de7-917e-f0672ede66d1: 183 internal nodes; 10.4 s; peak memory 147 MiB.
2026-09-25T13:10:33Z INFO [19/500] 127ba9f5-293d-44b5-b22b-c8e4610636e2: 11 internal nodes; 0.7 s; peak memory 147 MiB.
2026-09-25T13:10:35Z INFO [20/500] 127bf413-1ec1-4f68-b977-227cc186c062: 27 internal nodes; 1.4 s; peak memory 147 MiB.
2026-09-25T13:10:37Z INFO [21/500] 127c2a09-3b77-44a7-9631-c64442a2ad0a: 44 internal nodes; 2.2 s; peak memory 147 MiB.
2026-09-25T13:10:40Z INFO [22/500] 127cd283-1d5b-47b9-b111-808584826f92: 44 internal nodes; 2.9 s; peak memory 147 MiB.
2026-09-25T13:10:45Z INFO [23/500] 127cf127-c3ef-4d2b-9ef2-339188cf2c04: 73 internal nodes; 5.5 s; peak memory 147 MiB.
2026-09-25T13:10:46Z INFO [24/500] 127d216b-99ed-4b1b-91d2-74e12334f150: 24 internal nodes; 1.1 s; peak memory 147 MiB.
2026-09-25T13:10:48Z INFO [25/500] 127dbdc5-b921-4cdb-b216-ecbb5cdaa1c3: 31 internal nodes; 1.6 s; peak memory 147 MiB.
2026-09-25T13:10:49Z INFO [26/500] 127ec4c3-cf35-4aae-be88-38e19dcc7c19: 61 internal nodes; 1.5 s; peak memory 147 MiB.
2026-09-25T13:10:51Z INFO [27/500] 127f17d3-8b3b-4ede-9fb8-90c97b6e289b: 119 internal nodes; 1.5 s; peak memory 147 MiB.
2026-09-25T13:11:06Z INFO [28/500] 127f705c-f27e-4b06-8b28-f906d0451313: 133 internal nodes; 15.3 s; peak memory 147 MiB.
2026-09-25T13:11:13Z INFO [29/500] 127f7149-5e5c-4ac4-b321-7566680132c0: 58 internal nodes; 7.3 s; peak memory 147 MiB.
2026-09-25T13:11:15Z INFO [30/500] 127f7909-06fb-4e8a-b339-fdbd55bde312: 27 internal nodes; 1.4 s; peak memory 147 MiB.
2026-09-25T13:11:37Z INFO [31/500] 127fc155-5fea-42e5-95b7-6f0fe653f859: 2611 internal nodes; 22.4 s; peak memory 260 MiB.
2026-09-25T13:11:38Z INFO [32/500] 1280ef32-3c65-4196-b2eb-a1cc09739932: 17 internal nodes; 1.1 s; peak memory 260 MiB.
2026-09-25T13:11:39Z INFO [33/500] 1280f2b8-6f8c-4385-94ba-bd143fd61463: 18 internal nodes; 1.0 s; peak memory 260 MiB.
2026-09-25T13:11:41Z INFO [34/500] 1281da61-cde3-4f1c-87e6-b25c0ff91633: 27 internal nodes; 1.4 s; peak memory 260 MiB.
2026-09-25T13:11:44Z INFO [35/500] 12828d04-8ab4-493a-83f1-2fee41d496a0: 44 internal nodes; 3.0 s; peak memory 260 MiB.
2026-09-25T13:11:45Z INFO [36/500] 128299c1-cff9-48e5-ac54-150bb887e33c: 17 internal nodes; 1.1 s; peak memory 260 MiB.
2026-09-25T13:11:46Z INFO [37/500] 1282b937-4363-4147-9065-e43b50ac4c04: 13 internal nodes; 1.2 s; peak memory 260 MiB.
2026-09-25T13:11:48Z INFO [38/500] 1282c9e7-3c07-4932-b8d3-d8451ca5b9ca: 46 internal nodes; 2.1 s; peak memory 260 MiB.
2026-09-25T13:11:49Z INFO [39/500] 12838ded-9f38-444b-9537-b1dc0616347f: 17 internal nodes; 0.8 s; peak memory 260 MiB.
2026-09-25T13:11:50Z INFO [40/500] 128449c8-da61-4773-b897-e79613e09ba6: 13 internal nodes; 0.7 s; peak memory 260 MiB.
2026-09-25T13:11:51Z INFO [41/500] 12847eb3-982f-4329-b84b-a359a8cb06b6: 17 internal nodes; 1.5 s; peak memory 260 MiB.
2026-09-25T13:12:00Z INFO [42/500] 12860774-2abf-4829-94a4-6c471cf79077: 195 internal nodes; 8.7 s; peak memory 260 MiB.
2026-09-25T13:12:05Z INFO [43/500] 128612ed-d309-4a6f-908b-a0276e21a60a: 115 internal nodes; 5.3 s; peak memory 260 MiB.
2026-09-25T13:12:07Z INFO [44/500] 12864c5d-c3db-4b88-b4fc-7731a006497f: 37 internal nodes; 2.0 s; peak memory 260 MiB.
2026-09-25T13:12:08Z INFO [45/500] 12874cea-a6ae-4ddc-9e38-404734c43cfb: 27 internal nodes; 1.4 s; peak memory 260 MiB.
2026-09-25T13:12:13Z INFO [46/500] 1287ad48-dc21-43de-8aff-8d2748057517: 41 internal nodes; 4.2 s; peak memory 260 MiB.
2026-09-25T13:12:23Z INFO [47/500] 128811a2-a194-49d5-a32a-69ab794efd9b: 317 internal nodes; 10.8 s; peak memory 260 MiB.
2026-09-25T13:12:24Z INFO [48/500] 128833a9-11ad-4e82-8482-cb0e2ad7a9f5: 18 internal nodes; 1.0 s; peak memory 260 MiB.
2026-09-25T13:12:27Z INFO [49/500] 1288b258-c0e9-4ca4-8932-f9f4646ff637: 29 internal nodes; 2.2 s; peak memory 260 MiB.
2026-09-25T13:12:29Z INFO [50/500] 12897cf0-7eda-4f90-b230-042c4b56ea1d: 55 internal nodes; 2.8 s; peak memory 260 MiB.
2026-09-25T13:12:30Z INFO [50/500] 12897cf0-7eda-4f90-b230-042c4b56ea1d: checkpointed 55019 records.
2026-09-25T13:12:31Z INFO [51/500] 1289cbd3-913c-41f6-b77e-19a29777ab86: 29 internal nodes; 1.8 s; peak memory 260 MiB.
2026-09-25T13:12:33Z INFO [52/500] 1289e785-6978-4744-bbb4-4e7d1870f58d: 19 internal nodes; 1.3 s; peak memory 260 MiB.
2026-09-25T13:12:36Z INFO [53/500] 1289e869-bdbf-4d40-8d6f-ddab37aaeba9: 44 internal nodes; 3.0 s; peak memory 260 MiB.
2026-09-25T13:12:36Z INFO [54/500] 128a5e3f-25bb-4d3e-bcaa-3a1b9b9db424: 11 internal nodes; 0.8 s; peak memory 260 MiB.
2026-09-25T13:12:37Z INFO [55/500] 128a790d-f92f-411d-a219-b2a32efa43aa: 17 internal nodes; 1.1 s; peak memory 260 MiB.
2026-09-25T13:12:51Z INFO [56/500] 128b6b86-cd95-4023-9a56-45bee98a1b02: 1835 internal nodes; 13.3 s; peak memory 260 MiB.
2026-09-25T13:12:52Z INFO [57/500] 128b9d28-eef5-4b53-ad46-f890393a2165: 26 internal nodes; 1.0 s; peak memory 260 MiB.
2026-09-25T13:12:53Z INFO [58/500] 128c2c70-f587-48ca-8f53-4b397a167c7c: 17 internal nodes; 1.1 s; peak memory 260 MiB.
2026-09-25T13:12:54Z INFO [59/500] 128c2ef4-8b91-4069-a068-8842eb4f0a46: 22 internal nodes; 0.8 s; peak memory 260 MiB.
2026-09-25T13:12:55Z INFO [60/500] 128c32f5-1de2-4d3e-8adb-ec23d5bb9819: 83 internal nodes; 1.4 s; peak memory 260 MiB.
2026-09-25T13:12:56Z INFO [61/500] 128d6b9b-567e-49f3-be1d-d1ed9ed828ef: 116 internal nodes; 1.2 s; peak memory 260 MiB.
2026-09-25T13:12:58Z INFO [62/500] 128e00f6-0769-4277-aaa4-ab9cf443110d: 31 internal nodes; 1.5 s; peak memory 260 MiB.
2026-09-25T13:12:59Z INFO [63/500] 128eba19-f93e-4f73-b306-093b4dea676d: 11 internal nodes; 0.7 s; peak memory 260 MiB.
2026-09-25T13:13:00Z INFO [64/500] 1290de9e-ff25-4534-8ad2-64908f9dcc4a: 27 internal nodes; 1.9 s; peak memory 260 MiB.
2026-09-25T13:13:01Z INFO [65/500] 1291e0c0-22db-439a-b033-e3c77f02527f: 21 internal nodes; 0.8 s; peak memory 260 MiB.
2026-09-25T13:13:02Z INFO [66/500] 1292574a-6ba9-4800-b6fb-e241db3f6833: 58 internal nodes; 1.1 s; peak memory 260 MiB.
2026-09-25T13:13:04Z INFO [67/500] 1292d6c6-7ddc-442e-8dde-7b3d5235a3de: 31 internal nodes; 1.3 s; peak memory 260 MiB.
2026-09-25T13:13:05Z INFO [68/500] 1292d6f5-5233-4410-86b0-e264efd93419: 29 internal nodes; 1.4 s; peak memory 260 MiB.
2026-09-25T13:13:06Z INFO [69/500] 1292e86b-d3f9-4339-8db1-2d4f32991cb5: 27 internal nodes; 1.2 s; peak memory 260 MiB.
2026-09-25T13:13:09Z INFO [70/500] 12937b49-7e20-4f1d-825c-e1a4c4845eea: 44 internal nodes; 3.0 s; peak memory 260 MiB.
2026-09-25T13:13:11Z INFO [71/500] 129420b8-cc3c-4ee7-bebb-6263b92f417e: 27 internal nodes; 1.5 s; peak memory 260 MiB.
2026-09-25T13:13:12Z INFO [72/500] 1294d09a-25be-4dc7-b1c6-f7de92a05c70: 29 internal nodes; 1.1 s; peak memory 260 MiB.
2026-09-25T13:13:13Z INFO [73/500] 1294d69e-e19d-47b8-80a6-ce816f2df700: 53 internal nodes; 1.5 s; peak memory 260 MiB.
2026-09-25T13:13:14Z INFO [74/500] 12974b9b-d644-4d93-a062-d93f83527331: 11 internal nodes; 0.8 s; peak memory 260 MiB.
2026-09-25T13:13:15Z INFO [75/500] 129763d1-9fc7-4a67-86ea-ab736d01feaa: 17 internal nodes; 1.1 s; peak memory 260 MiB.
2026-09-25T13:13:17Z INFO [76/500] 129862a4-b096-4c25-aa1f-2ab79ef5ea0b: 30 internal nodes; 1.6 s; peak memory 260 MiB.
2026-09-25T13:14:01Z INFO [77/500] 12993b3c-8ee6-4f05-a7c9-78bfe1c156b5: 3538 internal nodes; 43.8 s; peak memory 336 MiB.
2026-09-25T13:14:03Z INFO [78/500] 12995456-f6c0-455d-891c-37b9ebcf5cfe: 31 internal nodes; 1.9 s; peak memory 336 MiB.
2026-09-25T13:14:04Z INFO [79/500] 12997001-0b2b-48c0-9385-3b1363974296: 22 internal nodes; 1.4 s; peak memory 336 MiB.
2026-09-25T13:14:05Z INFO [80/500] 12998c30-8061-474d-8795-91c8761f9eed: 23 internal nodes; 1.1 s; peak memory 336 MiB.
2026-09-25T13:14:13Z INFO [81/500] 1299e442-2bf9-44e8-96ea-5859793b42a6: 161 internal nodes; 8.4 s; peak memory 336 MiB.
2026-09-25T13:14:15Z INFO [82/500] 129a6037-8f9c-4b9e-8059-69234e3f03ca: 25 internal nodes; 1.5 s; peak memory 336 MiB.
2026-09-25T13:14:17Z INFO [83/500] 129aad8c-9462-4cec-8135-e2942ac22fc4: 31 internal nodes; 1.8 s; peak memory 336 MiB.
2026-09-25T13:14:18Z INFO [84/500] 129aff73-56eb-4c5e-aa22-f529c53971de: 18 internal nodes; 1.2 s; peak memory 336 MiB.
2026-09-25T13:14:28Z INFO [85/500] 129bb052-13cd-42f5-bf90-9b36bcf03d3c: 197 internal nodes; 9.8 s; peak memory 336 MiB.
2026-09-25T13:14:30Z INFO [86/500] 129bdaf9-15c6-47f9-ac91-d062cb3271c4: 27 internal nodes; 2.3 s; peak memory 336 MiB.
2026-09-25T13:14:31Z INFO [87/500] 129c0f12-95b4-4f59-aa7c-a09a69454b4f: 19 internal nodes; 1.2 s; peak memory 336 MiB.
2026-09-25T13:14:33Z INFO [88/500] 129c8b2a-c7d2-4d75-a1e6-d0778cce4737: 115 internal nodes; 1.4 s; peak memory 336 MiB.
2026-09-25T13:14:49Z INFO [89/500] 129cb6b3-4257-49a8-8545-c568c75d6ec2: 137 internal nodes; 16.5 s; peak memory 336 MiB.
2026-09-25T13:14:50Z INFO [90/500] 129ccdd9-7656-4bd7-9804-1466256bf597: 17 internal nodes; 1.1 s; peak memory 336 MiB.
2026-09-25T13:14:51Z INFO [91/500] 129d4d0d-25b7-464b-9502-00a13e39051f: 11 internal nodes; 0.8 s; peak memory 336 MiB.
2026-09-25T13:15:06Z INFO [92/500] 129d6ec8-a060-474e-9d8c-a46048964c3d: 218 internal nodes; 15.1 s; peak memory 336 MiB.
2026-09-25T13:15:09Z INFO [93/500] 129de5a2-ac65-4444-abf2-c6ea3e88485a: 55 internal nodes; 3.1 s; peak memory 336 MiB.
2026-09-25T13:15:10Z INFO [94/500] 129e8555-fd09-4fd5-8e72-c4fc25e3def7: 17 internal nodes; 1.0 s; peak memory 336 MiB.
2026-09-25T13:15:17Z INFO [95/500] 129ee20a-9d75-4606-bfa2-96a9f4c9c6ff: 177 internal nodes; 6.9 s; peak memory 336 MiB.
2026-09-25T13:15:18Z INFO [96/500] 129ee71d-ad3d-435c-8bf2-69a73844dea2: 27 internal nodes; 1.3 s; peak memory 336 MiB.
2026-09-25T13:15:19Z INFO [97/500] 129f48de-e32f-48ff-8edd-5e2787fe64cf: 26 internal nodes; 0.9 s; peak memory 336 MiB.
2026-09-25T13:15:20Z INFO [98/500] 129f98b1-8839-4be5-84e3-281e7b8635fa: 17 internal nodes; 1.1 s; peak memory 336 MiB.
2026-09-25T13:15:22Z INFO [99/500] 129fff6a-eb37-495d-b0c6-b5ec86005b58: 27 internal nodes; 1.5 s; peak memory 336 MiB.
2026-09-25T13:15:24Z INFO [100/500] 12a0186b-397e-405f-9b80-62d99da2a44b: 39 internal nodes; 2.0 s; peak memory 336 MiB.
2026-09-25T13:15:24Z INFO [100/500] 12a0186b-397e-405f-9b80-62d99da2a44b: checkpointed 55069 records.
2026-09-25T13:15:25Z INFO [101/500] 12a132be-1857-4ce2-8cc0-e62b9f6e2b81: 20 internal nodes; 1.0 s; peak memory 336 MiB.
2026-09-25T13:15:27Z INFO [102/500] 12a16410-dec2-4ff2-8797-3237eb565a87: 27 internal nodes; 1.4 s; peak memory 336 MiB.
2026-09-25T13:15:29Z INFO [103/500] 12a1dadf-6c40-47e7-b944-64f33fa6537d: 54 internal nodes; 2.3 s; peak memory 336 MiB.
2026-09-25T13:15:37Z INFO [104/500] 12a36cde-665f-4088-9acd-23efeeba5f8f: 177 internal nodes; 8.1 s; peak memory 336 MiB.
2026-09-25T13:15:38Z INFO [105/500] 12a4e53a-a249-4319-9c32-dca8010104a3: 90 internal nodes; 1.3 s; peak memory 336 MiB.
2026-09-25T13:15:40Z INFO [106/500] 12a59932-8949-4623-9420-22721d97941e: 27 internal nodes; 1.4 s; peak memory 336 MiB.
2026-09-25T13:15:41Z INFO [107/500] 12a64174-df72-4036-858e-088c4c0e1e0e: 27 internal nodes; 1.3 s; peak memory 336 MiB.
2026-09-25T13:15:43Z INFO [108/500] 12a691e5-e1d4-40c7-bc6b-3c29e774953c: 31 internal nodes; 1.7 s; peak memory 336 MiB.
2026-09-25T13:15:44Z INFO [109/500] 12a8b32c-126b-41a9-b342-1a6378f70fc3: 13 internal nodes; 0.9 s; peak memory 336 MiB.
2026-09-25T13:15:45Z INFO [110/500] 12aa0956-d97b-4891-8db6-77efca1f318a: 118 internal nodes; 1.4 s; peak memory 336 MiB.
2026-09-25T13:15:54Z INFO [111/500] 12abc2fe-e3df-443c-9e08-a4e3039fabdb: 150 internal nodes; 8.5 s; peak memory 336 MiB.
2026-09-25T13:15:55Z INFO [112/500] 12ac7108-6393-4184-aeb4-d7765865d001: 15 internal nodes; 1.1 s; peak memory 336 MiB.
2026-09-25T13:15:56Z INFO [113/500] 12acf638-e12c-4aef-97b7-4ff3d550157e: 55 internal nodes; 1.6 s; peak memory 336 MiB.
2026-09-25T13:16:07Z INFO [114/500] 12ae8857-7225-4a8e-b8f7-e86e02e2739c: 114 internal nodes; 10.5 s; peak memory 336 MiB.
2026-09-25T13:16:08Z INFO [115/500] 12aed46e-2823-49ae-80e2-7e4adf81d936: 13 internal nodes; 0.8 s; peak memory 336 MiB.
2026-09-25T13:16:09Z INFO [116/500] 12af8d74-7815-4d42-a3e5-b40e6eb83a59: 31 internal nodes; 1.5 s; peak memory 336 MiB.
2026-09-25T13:16:12Z INFO [117/500] 12afca9c-4bac-4ec4-a569-0615691b39b9: 42 internal nodes; 3.3 s; peak memory 336 MiB.
2026-09-25T13:16:14Z INFO [118/500] 12afe951-e765-429d-82f9-66c297b51aa7: 29 internal nodes; 1.7 s; peak memory 336 MiB.
2026-09-25T13:16:15Z INFO [119/500] 12b00315-e14e-4857-8887-e9c0510ac721: 22 internal nodes; 1.2 s; peak memory 336 MiB.
2026-09-25T13:16:17Z INFO [120/500] 12b00d97-6abd-42a6-a7e9-d7f7fd56aaaa: 27 internal nodes; 1.4 s; peak memory 336 MiB.
2026-09-25T13:16:18Z INFO [121/500] 12b04bdb-c339-438b-9c2d-94afa2c7f8da: 29 internal nodes; 1.6 s; peak memory 336 MiB.
2026-09-25T13:16:20Z INFO [122/500] 12b19540-2df1-4a10-a131-90db4f3a03d4: 27 internal nodes; 1.4 s; peak memory 336 MiB.
2026-09-25T13:16:22Z INFO [123/500] 12b1d616-4d7c-4709-9b89-f9fa6f1f266a: 122 internal nodes; 1.8 s; peak memory 336 MiB.
2026-09-25T13:16:31Z INFO [124/500] 12b1dc16-4a01-4404-a412-21dfaaebc717: 111 internal nodes; 9.2 s; peak memory 336 MiB.
2026-09-25T13:16:32Z INFO [125/500] 12b258f5-df3a-4550-a93a-574ddb125bb6: 19 internal nodes; 1.1 s; peak memory 336 MiB.
2026-09-25T13:16:33Z INFO [126/500] 12b2de3b-865c-49f9-a1fd-9c89bfc090fa: 17 internal nodes; 0.9 s; peak memory 336 MiB.
2026-09-25T13:16:36Z INFO [127/500] 12b36384-ec7c-4dee-9ad6-d31c191f2731: 46 internal nodes; 3.6 s; peak memory 336 MiB.
2026-09-25T13:16:38Z INFO [128/500] 12b43d4b-166a-476a-91ac-24631be55d54: 27 internal nodes; 1.4 s; peak memory 336 MiB.
2026-09-25T13:16:39Z INFO [129/500] 12b45946-5a82-40d1-9cdb-af789b7ff6fc: 90 internal nodes; 1.5 s; peak memory 336 MiB.
2026-09-25T13:16:41Z INFO [130/500] 12b47ea2-3ff2-4068-a5ca-cb48868de0a6: 31 internal nodes; 1.5 s; peak memory 336 MiB.
2026-09-25T13:16:42Z INFO [131/500] 12b48acc-3eb6-4aa3-8a5c-b9f6c1dcc20d: 17 internal nodes; 1.1 s; peak memory 336 MiB.
2026-09-25T13:16:43Z INFO [132/500] 12b4aa27-b1ec-4a1e-bb26-9c21a335cbda: 18 internal nodes; 1.6 s; peak memory 336 MiB.
2026-09-25T13:16:50Z INFO [133/500] 12b4daf8-657c-4466-9a27-e20edffae922: 505 internal nodes; 6.2 s; peak memory 336 MiB.
2026-09-25T13:16:51Z INFO [134/500] 12b5bd8a-9a3a-4eba-8d6b-65c79476e861: 19 internal nodes; 1.0 s; peak memory 336 MiB.
2026-09-25T13:16:52Z INFO [135/500] 12b60cf6-afd0-4ea2-82b2-9befae694db5: 27 internal nodes; 1.4 s; peak memory 336 MiB.
2026-09-25T13:16:53Z INFO [136/500] 12b7b6a8-bf6f-4214-a963-36ee0a0ffbff: 11 internal nodes; 0.7 s; peak memory 336 MiB.
2026-09-25T13:16:54Z INFO [137/500] 12b7c6be-ba8f-46b0-99ca-0278da077aa7: 17 internal nodes; 1.0 s; peak memory 336 MiB.
2026-09-25T13:16:55Z INFO [138/500] 12b8092f-8a71-4bf3-bd81-1bbc726f4d4b: 17 internal nodes; 1.0 s; peak memory 336 MiB.
2026-09-25T13:17:02Z INFO [139/500] 12bb0a4f-ff89-41f8-92e9-f8e6f4e94f5d: 61 internal nodes; 7.6 s; peak memory 336 MiB.
2026-09-25T13:17:04Z INFO [140/500] 12bba5f5-88d4-495b-ba8a-57377aeb3248: 15 internal nodes; 1.1 s; peak memory 336 MiB.
2026-09-25T13:17:05Z INFO [141/500] 12bcd538-749b-4072-9939-36a662dfa9b1: 29 internal nodes; 1.3 s; peak memory 336 MiB.
2026-09-25T13:17:29Z INFO [142/500] 12bd530e-25f3-4b90-9a05-b5265c9bcfea: 2816 internal nodes; 23.7 s; peak memory 336 MiB.
2026-09-25T13:17:30Z INFO [143/500] 12bd64f3-79a9-49a4-b3b4-35d3e28e6186: 17 internal nodes; 1.1 s; peak memory 336 MiB.
2026-09-25T13:18:02Z INFO [144/500] 12bdb5b8-70a0-4261-87d1-e087ac489c87: 3123 internal nodes; 32.1 s; peak memory 336 MiB.
2026-09-25T13:18:04Z INFO [145/500] 12bdc79f-153c-48ea-b652-12c6bade2cd0: 58 internal nodes; 1.9 s; peak memory 336 MiB.
2026-09-25T13:18:06Z INFO [146/500] 12bdee17-a9ac-4d4a-afca-14ee65427348: 27 internal nodes; 2.0 s; peak memory 336 MiB.
2026-09-25T13:18:07Z INFO [147/500] 12bdf99a-29e1-4f9a-8b7e-c76adfef42a5: 17 internal nodes; 1.0 s; peak memory 336 MiB.
2026-09-25T13:18:08Z INFO [148/500] 12be4017-fe3a-4ff7-9a36-03fb09c76774: 17 internal nodes; 1.0 s; peak memory 336 MiB.
2026-09-25T13:18:09Z INFO [149/500] 12be616e-1b83-4388-8283-736bbaff00b1: 17 internal nodes; 1.5 s; peak memory 336 MiB.
2026-09-25T13:18:20Z INFO [150/500] 12bf7739-7e21-40ba-8df1-03cf2a90ffc0: 198 internal nodes; 11.0 s; peak memory 336 MiB.
2026-09-25T13:18:20Z INFO [150/500] 12bf7739-7e21-40ba-8df1-03cf2a90ffc0: checkpointed 55119 records.
2026-09-25T13:18:21Z INFO [151/500] 12c1875d-23c5-4f55-90d4-bd3dbb3357e3: 17 internal nodes; 1.1 s; peak memory 336 MiB.
2026-09-25T13:18:24Z INFO [152/500] 12c1a2e7-ae3a-45f1-988b-e20dcf712ba9: 215 internal nodes; 2.7 s; peak memory 336 MiB.
2026-09-25T13:18:25Z INFO [153/500] 12c1ef84-b79c-4f26-bd43-a4120dcd50c9: 17 internal nodes; 1.1 s; peak memory 336 MiB.
2026-09-25T13:18:27Z INFO [154/500] 12c48191-926e-4e83-a70c-ba319c3e0ed1: 44 internal nodes; 2.1 s; peak memory 336 MiB.
2026-09-25T13:18:28Z INFO [155/500] 12c4932f-32d9-4f87-b9b3-ee8f59828554: 17 internal nodes; 1.0 s; peak memory 336 MiB.
2026-09-25T13:18:30Z INFO [156/500] 12c516b2-8fe3-4f31-8973-dd0032645137: 16 internal nodes; 1.1 s; peak memory 336 MiB.
2026-09-25T13:18:31Z INFO [157/500] 12c551f8-d824-433c-97c8-5fb86cef2584: 31 internal nodes; 1.6 s; peak memory 336 MiB.
2026-09-25T13:18:33Z INFO [158/500] 12c57e7b-9832-4f5a-b45a-f399ec28b1e4: 27 internal nodes; 1.6 s; peak memory 336 MiB.
2026-09-25T13:18:34Z INFO [159/500] 12c5e3da-c0a9-4288-b1ea-0d36af4f0171: 25 internal nodes; 0.9 s; peak memory 336 MiB.
2026-09-25T13:18:35Z INFO [160/500] 12c6d455-18d3-41d9-b16b-c4bebaba874d: 23 internal nodes; 1.2 s; peak memory 336 MiB.
2026-09-25T13:18:36Z INFO [161/500] 12c6d862-080c-420a-af1f-66aad06293fc: 27 internal nodes; 1.2 s; peak memory 336 MiB.
2026-09-25T13:18:37Z INFO [162/500] 12c70ee6-f562-4093-9ba8-63cfd1859179: 17 internal nodes; 1.0 s; peak memory 336 MiB.
2026-09-25T13:18:38Z INFO [163/500] 12c806dd-bbe0-4733-acd9-0cdd3719df2f: 27 internal nodes; 1.4 s; peak memory 336 MiB.
2026-09-25T13:18:39Z INFO [164/500] 12c87de7-bc37-4e50-bd5d-1013835678fa: 11 internal nodes; 0.8 s; peak memory 336 MiB.
2026-09-25T13:18:41Z INFO [165/500] 12c92aa1-f07a-49c0-8b2f-151a5bbc2bc2: 27 internal nodes; 1.3 s; peak memory 336 MiB.
2026-09-25T13:18:42Z INFO [166/500] 12c99230-73c2-40a8-ba72-c517e77b8eb0: 30 internal nodes; 1.4 s; peak memory 336 MiB.
2026-09-25T13:18:43Z INFO [167/500] 12c9b46b-09bb-42e9-b101-d3e4050100de: 27 internal nodes; 1.4 s; peak memory 336 MiB.
2026-09-25T13:18:44Z INFO [168/500] 12c9d898-79ba-40e9-8287-f1eae4e5aec7: 17 internal nodes; 1.0 s; peak memory 336 MiB.
2026-09-25T13:18:55Z INFO [169/500] 12ca12c6-1b15-442c-98c2-24cbfff86327: 232 internal nodes; 10.9 s; peak memory 336 MiB.
2026-09-25T13:18:57Z INFO [170/500] 12ca7689-5383-44a5-a876-23d6b06993fa: 18 internal nodes; 1.3 s; peak memory 336 MiB.
2026-09-25T13:18:58Z INFO [171/500] 12ca9145-1f4e-4031-872a-13a911468979: 17 internal nodes; 1.0 s; peak memory 336 MiB.
2026-09-25T13:18:58Z INFO [172/500] 12cb1c42-8ea5-4baf-94fd-9f595aa13ef3: 13 internal nodes; 0.9 s; peak memory 336 MiB.
2026-09-25T13:19:00Z INFO [173/500] 12cbb7d0-819c-45f1-b474-bf1b64fcdb2c: 37 internal nodes; 1.4 s; peak memory 336 MiB.
2026-09-25T13:19:03Z INFO [174/500] 12cbc261-75ed-48e3-b35f-d96477a7561b: 40 internal nodes; 3.4 s; peak memory 336 MiB.
2026-09-25T13:19:05Z INFO [175/500] 12cbc77f-40c0-481d-ab97-0e94b00341bf: 27 internal nodes; 1.4 s; peak memory 336 MiB.
2026-09-25T13:19:06Z INFO [176/500] 12cc990c-02cc-41e0-96b9-f7dab58a8fa5: 17 internal nodes; 1.1 s; peak memory 336 MiB.
2026-09-25T13:19:07Z INFO [177/500] 12cca1fc-d55c-4de3-9713-782342706c2f: 116 internal nodes; 1.6 s; peak memory 336 MiB.
2026-09-25T13:19:10Z INFO [178/500] 12cdd38a-d738-4201-920f-5f939087b2c4: 44 internal nodes; 2.4 s; peak memory 336 MiB.
2026-09-25T13:19:12Z INFO [179/500] 12ce0264-2ee1-4104-a9dd-ac0f148ba059: 21 internal nodes; 2.5 s; peak memory 336 MiB.
2026-09-25T13:19:14Z INFO [180/500] 12ceb313-e880-4cad-bc23-548eb32e9d0c: 115 internal nodes; 1.3 s; peak memory 336 MiB.
2026-09-25T13:19:15Z INFO [181/500] 12cf3e0b-8c11-4b63-8140-69b2ac5e6066: 27 internal nodes; 1.2 s; peak memory 336 MiB.
2026-09-25T13:19:21Z INFO [182/500] 12d08f77-07ed-4b9e-936c-b5c31a4ff21f: 67 internal nodes; 5.9 s; peak memory 336 MiB.
2026-09-25T13:19:22Z INFO [183/500] 12d0cb6f-1cc2-4358-be69-439b9817c0a1: 31 internal nodes; 1.5 s; peak memory 336 MiB.
2026-09-25T13:19:26Z INFO [184/500] 12d0e467-8eae-483f-b4aa-13e59646c177: 40 internal nodes; 3.4 s; peak memory 336 MiB.
2026-09-25T13:19:27Z INFO [185/500] 12d2cac3-ae00-432e-959c-e7fc04e718c7: 17 internal nodes; 1.1 s; peak memory 336 MiB.
2026-09-25T13:19:33Z INFO [186/500] 12d30258-a0d3-40b6-8259-3c1459b4f467: 152 internal nodes; 6.2 s; peak memory 336 MiB.
2026-09-25T13:19:40Z INFO [187/500] 12d3ca17-e4d7-446f-8f98-d65bbdcb4e8f: 73 internal nodes; 7.3 s; peak memory 336 MiB.
2026-09-25T13:19:42Z INFO [188/500] 12d3e591-ed27-4b78-8dc9-3b5bcfa74372: 31 internal nodes; 1.7 s; peak memory 336 MiB.
2026-09-25T13:19:43Z INFO [189/500] 12d4beb6-4236-4174-95b8-853c5e0d3d2f: 27 internal nodes; 1.4 s; peak memory 336 MiB.
2026-09-25T13:19:45Z INFO [190/500] 12d4cba8-1f84-4a51-82af-175542cf541e: 17 internal nodes; 1.4 s; peak memory 336 MiB.
2026-09-25T13:19:46Z INFO [191/500] 12d5aff7-6fcd-404d-bb63-e8d9b54ec532: 17 internal nodes; 1.1 s; peak memory 336 MiB.
2026-09-25T13:19:47Z INFO [192/500] 12d5d0a7-b3e9-4294-9bd4-02c968f54230: 17 internal nodes; 1.1 s; peak memory 336 MiB.
2026-09-25T13:19:48Z INFO [193/500] 12d60adb-02ee-44ee-8368-f5837b929562: 17 internal nodes; 1.0 s; peak memory 336 MiB.
2026-09-25T13:19:49Z INFO [194/500] 12d7d4b4-32d6-4044-99a2-da1c04dd13e8: 17 internal nodes; 1.1 s; peak memory 336 MiB.
2026-09-25T13:19:50Z INFO [195/500] 12d82f30-a07f-4206-a0ce-fffcd3046a4d: 23 internal nodes; 1.1 s; peak memory 336 MiB.
2026-09-25T13:19:51Z INFO [196/500] 12d8d8f4-3f99-4df6-8f4c-ccd4436ad486: 13 internal nodes; 1.2 s; peak memory 336 MiB.
2026-09-25T13:19:53Z INFO [197/500] 12d8f75c-7ac6-43f1-8fbd-4570c66692e4: 65 internal nodes; 1.8 s; peak memory 336 MiB.
2026-09-25T13:19:54Z INFO [198/500] 12d95e48-b757-4137-afbe-9578c60814d5: 26 internal nodes; 0.8 s; peak memory 336 MiB.
2026-09-25T13:19:55Z INFO [199/500] 12d970ae-a1d9-41f0-8965-5923a94b87b5: 26 internal nodes; 0.9 s; peak memory 336 MiB.
2026-09-25T13:20:02Z INFO [200/500] 12d990ac-b455-4765-917d-c94928b891e8: 161 internal nodes; 7.0 s; peak memory 336 MiB.
2026-09-25T13:20:02Z INFO [200/500] 12d990ac-b455-4765-917d-c94928b891e8: checkpointed 55169 records.
2026-09-25T13:20:03Z INFO [201/500] 12d9a655-eee7-4889-982d-f4dd2e025f9a: 27 internal nodes; 1.3 s; peak memory 336 MiB.
2026-09-25T13:20:05Z INFO [202/500] 12d9bf54-3f58-4030-8969-8e7fbbbaec9b: 53 internal nodes; 1.5 s; peak memory 336 MiB.
2026-09-25T13:20:06Z INFO [203/500] 12dab1ed-d0e5-4175-b58f-b39ab441c8a0: 27 internal nodes; 1.3 s; peak memory 336 MiB.
2026-09-25T13:20:17Z INFO [204/500] 12db1ebb-80a8-4aac-bf5e-9f655fdf10f5: 64 internal nodes; 10.8 s; peak memory 336 MiB.
2026-09-25T13:20:17Z INFO [205/500] 12db715a-91bc-41eb-8da5-923eece2ae99: 27 internal nodes; 0.8 s; peak memory 336 MiB.
2026-09-25T13:20:19Z INFO [206/500] 12db71e8-56a7-463b-8815-f0b31d29d92d: 18 internal nodes; 1.0 s; peak memory 336 MiB.
2026-09-25T13:20:20Z INFO [207/500] 12dbd229-ae3e-414e-93e1-10aeb37738b2: 36 internal nodes; 1.7 s; peak memory 336 MiB.
2026-09-25T13:20:21Z INFO [208/500] 12dbe7db-2fe0-405b-b074-09202c6eb281: 17 internal nodes; 1.2 s; peak memory 336 MiB.
2026-09-25T13:20:22Z INFO [209/500] 12dcf14a-3cc2-409f-be6a-b8744cc9e7b4: 17 internal nodes; 1.1 s; peak memory 336 MiB.
2026-09-25T13:20:24Z INFO [210/500] 12dcfa8f-4b3b-4cc4-bc1b-6d757be513cc: 17 internal nodes; 1.0 s; peak memory 336 MiB.
2026-09-25T13:20:25Z INFO [211/500] 12dd9c36-8c30-43fb-81ee-742e55a72cc2: 17 internal nodes; 1.1 s; peak memory 336 MiB.
2026-09-25T13:20:26Z INFO [212/500] 12ddef33-ddb5-4e0e-aae8-3ed4b36698e7: 62 internal nodes; 1.7 s; peak memory 336 MiB.
2026-09-25T13:20:28Z INFO [213/500] 12dec722-5554-4e2e-927c-5af6d7744c51: 27 internal nodes; 1.2 s; peak memory 336 MiB.
2026-09-25T13:20:33Z INFO [214/500] 12df81a3-e54a-41a8-98c8-208511598ef8: 73 internal nodes; 5.6 s; peak memory 336 MiB.
2026-09-25T13:20:34Z INFO [215/500] 12dfae21-2eae-41e6-bad2-c8b6a0b71422: 41 internal nodes; 1.1 s; peak memory 336 MiB.
2026-09-25T13:20:42Z INFO [216/500] 12dfb0fc-2f48-4de1-814a-c02fc020abf0: 150 internal nodes; 7.7 s; peak memory 336 MiB.
2026-09-25T13:20:43Z INFO [217/500] 12dfee6c-d761-4b2b-8ee8-50d0bca638a4: 27 internal nodes; 1.5 s; peak memory 336 MiB.
2026-09-25T13:21:04Z INFO [218/500] 12e0a306-488b-4b18-9674-576659f6b2b9: 136 internal nodes; 20.7 s; peak memory 336 MiB.
2026-09-25T13:21:05Z INFO [219/500] 12e1216d-801f-484c-aa11-7fbbb07c2d7e: 25 internal nodes; 1.4 s; peak memory 336 MiB.
2026-09-25T13:21:09Z INFO [220/500] 12e18b86-4066-4d34-9aac-30f8dd3f4a9a: 56 internal nodes; 3.5 s; peak memory 336 MiB.
2026-09-25T13:21:10Z INFO [221/500] 12e22d83-3d0d-434e-b954-be11646fe8d4: 54 internal nodes; 1.2 s; peak memory 336 MiB.
2026-09-25T13:21:11Z INFO [222/500] 12e41cdb-ec2a-487e-ada8-b9411fca7aaf: 17 internal nodes; 1.0 s; peak memory 336 MiB.
2026-09-25T13:21:12Z INFO [223/500] 12e5fd78-b3a1-445e-815a-58785b602117: 17 internal nodes; 1.1 s; peak memory 336 MiB.
2026-09-25T13:21:13Z INFO [224/500] 12e79104-b741-41d2-a86c-ca4812bb4834: 17 internal nodes; 1.1 s; peak memory 336 MiB.
2026-09-25T13:21:14Z INFO [225/500] 12e7e4b5-a30e-42a6-bcbd-11a04ac2377b: 16 internal nodes; 1.0 s; peak memory 336 MiB.
2026-09-25T13:21:16Z INFO [226/500] 12e8bcbd-371c-4313-9384-65f35070b21c: 23 internal nodes; 1.4 s; peak memory 336 MiB.
2026-09-25T13:21:17Z INFO [227/500] 12e979b1-351b-48f1-8f35-ca86017b530a: 61 internal nodes; 1.7 s; peak memory 336 MiB.
2026-09-25T13:21:18Z INFO [228/500] 12ebbc85-238b-4e03-8a11-bdaa1643c281: 17 internal nodes; 1.0 s; peak memory 336 MiB.
2026-09-25T13:21:20Z INFO [229/500] 12eccafa-59f1-4cc5-8b4e-f09d2514b257: 13 internal nodes; 1.1 s; peak memory 336 MiB.
2026-09-25T13:21:21Z INFO [230/500] 12ed0331-b865-48cd-abfe-5c8ff46f18dd: 27 internal nodes; 1.4 s; peak memory 336 MiB.
2026-09-25T13:21:22Z INFO [231/500] 12ed9edc-acf6-45c2-a0e9-3c7685cdddf0: 17 internal nodes; 1.2 s; peak memory 336 MiB.
2026-09-25T13:21:23Z INFO [232/500] 12edf36c-7632-4d2b-ad8b-e15508ab6774: 17 internal nodes; 1.1 s; peak memory 336 MiB.
2026-09-25T13:21:25Z INFO [233/500] 12ee19dd-43c0-4b31-a204-e26cba25fd56: 58 internal nodes; 2.0 s; peak memory 336 MiB.
2026-09-25T13:21:26Z INFO [234/500] 12ee4e38-5d09-40b8-befc-f14c8fe5eb9b: 17 internal nodes; 1.0 s; peak memory 336 MiB.
2026-09-25T13:21:28Z INFO [235/500] 12ef92fb-a9ea-4d81-aa8b-466ba7438bde: 31 internal nodes; 1.8 s; peak memory 336 MiB.
2026-09-25T13:21:36Z INFO [236/500] 12ef9580-6a79-4372-bbb1-bb1a124fab78: 229 internal nodes; 7.9 s; peak memory 336 MiB.
2026-09-25T13:21:37Z INFO [237/500] 12f031d5-e632-4bbe-b0d9-712b22640c83: 17 internal nodes; 1.1 s; peak memory 336 MiB.
2026-09-25T13:21:41Z INFO [238/500] 12f05416-cfeb-4c88-9b4a-54ab433a7b98: 447 internal nodes; 3.8 s; peak memory 336 MiB.
2026-09-25T13:21:50Z INFO [239/500] 12f05d53-fa5a-42f1-9cc5-a53ef91b0234: 44 internal nodes; 9.3 s; peak memory 338 MiB.
2026-09-25T13:21:52Z INFO [240/500] 12f0fcf4-0b16-40be-a92f-2fac5c2d9d9e: 31 internal nodes; 1.8 s; peak memory 338 MiB.
2026-09-25T13:21:53Z INFO [241/500] 12f19e1f-ea86-4591-97cd-a483248f0006: 31 internal nodes; 1.4 s; peak memory 338 MiB.
2026-09-25T13:21:55Z INFO [242/500] 12f23c6d-a963-4b8e-aab1-c8c0b2e038a5: 56 internal nodes; 1.6 s; peak memory 338 MiB.
2026-09-25T13:22:04Z INFO [243/500] 12f2c85f-4736-4bda-a3b5-da250b7f1443: 737 internal nodes; 9.2 s; peak memory 338 MiB.
2026-09-25T13:22:08Z INFO [244/500] 12f2f5c1-d9a7-49d3-a503-1ee98a61e2f0: 40 internal nodes; 3.5 s; peak memory 338 MiB.
2026-09-25T13:22:09Z INFO [245/500] 12f3394f-99ca-4491-8ae7-76936ce909f0: 26 internal nodes; 0.8 s; peak memory 338 MiB.
2026-09-25T13:22:10Z INFO [246/500] 12f35049-dba2-4eb4-946d-bedcee159d24: 26 internal nodes; 1.0 s; peak memory 338 MiB.
2026-09-25T13:22:11Z INFO [247/500] 12f40e2a-a5e5-4c48-b0c3-d9b771483edd: 31 internal nodes; 1.7 s; peak memory 338 MiB.
2026-09-25T13:22:12Z INFO [248/500] 12f45320-d344-4167-b6be-c1aae8729988: 17 internal nodes; 1.1 s; peak memory 338 MiB.
2026-09-25T13:22:23Z INFO [249/500] 12f455ae-4577-4d7c-96d1-4dc293b9fbf3: 114 internal nodes; 10.3 s; peak memory 338 MiB.
2026-09-25T13:22:24Z INFO [250/500] 12f56c37-9d1c-4bbb-8fda-e14d9f4368ba: 18 internal nodes; 1.2 s; peak memory 338 MiB.
2026-09-25T13:22:24Z INFO [250/500] 12f56c37-9d1c-4bbb-8fda-e14d9f4368ba: checkpointed 55219 records.
2026-09-25T13:22:25Z INFO [251/500] 12f5fce7-ba75-48a0-a19f-510b584974ca: 13 internal nodes; 1.0 s; peak memory 338 MiB.
2026-09-25T13:22:26Z INFO [252/500] 12f70657-8e3f-473c-9ceb-edbc2494fe41: 17 internal nodes; 1.1 s; peak memory 338 MiB.
2026-09-25T13:22:29Z INFO [253/500] 12f719d4-db34-4e8d-83b5-355f5e85f65e: 44 internal nodes; 2.7 s; peak memory 338 MiB.
2026-09-25T13:22:50Z INFO [254/500] 12f74299-07c2-42cd-97c2-4bdea622be61: 136 internal nodes; 21.6 s; peak memory 338 MiB.
2026-09-25T13:22:58Z INFO [255/500] 12f7f15b-c0bc-4048-9660-313cb62ad026: 177 internal nodes; 7.6 s; peak memory 338 MiB.
2026-09-25T13:22:59Z INFO [256/500] 12f826d9-a8c6-4c41-8937-b00853ea3e82: 11 internal nodes; 0.8 s; peak memory 338 MiB.
2026-09-25T13:23:00Z INFO [257/500] 12f84855-a429-451c-8b3d-6b7f7337f474: 119 internal nodes; 1.5 s; peak memory 338 MiB.
2026-09-25T13:23:02Z INFO [258/500] 12f8ba27-e078-4ba7-af00-9610bcad414a: 31 internal nodes; 1.8 s; peak memory 338 MiB.
2026-09-25T13:23:04Z INFO [259/500] 12f9ebfc-c654-46a3-b127-fb7e184ed872: 31 internal nodes; 1.7 s; peak memory 338 MiB.
2026-09-25T13:23:05Z INFO [260/500] 12fb26c2-42c8-45a1-b133-faff685499f6: 19 internal nodes; 0.9 s; peak memory 338 MiB.
2026-09-25T13:23:06Z INFO [261/500] 12fb31b8-a9c7-4194-9dc8-98f66cbd92b5: 13 internal nodes; 0.9 s; peak memory 338 MiB.
2026-09-25T13:23:07Z INFO [262/500] 12fc6093-2f0d-461c-be17-f90b929ca522: 22 internal nodes; 1.2 s; peak memory 338 MiB.
2026-09-25T13:23:09Z INFO [263/500] 12fc74c7-50aa-40fa-b44c-bcf0e82bcc07: 37 internal nodes; 2.1 s; peak memory 338 MiB.
2026-09-25T13:23:10Z INFO [264/500] 12fee79a-ed83-4ea8-9228-d9a8a539fad3: 17 internal nodes; 1.0 s; peak memory 338 MiB.
2026-09-25T13:23:11Z INFO [265/500] 12ffdce1-a7ad-4cb9-a0fd-87e2bbe9dc9e: 17 internal nodes; 1.3 s; peak memory 338 MiB.
2026-09-25T13:23:13Z INFO [266/500] 12ffe5dd-6ff5-445e-a8ec-03acc79105cb: 66 internal nodes; 2.2 s; peak memory 338 MiB.
2026-09-25T13:23:16Z INFO [267/500] 12ffe6a1-e7b7-44c3-9aec-1496b80b38d9: 44 internal nodes; 2.9 s; peak memory 338 MiB.
2026-09-25T13:23:18Z INFO [268/500] 12ffe6b7-0023-46cf-8dde-46ec29ee8e99: 34 internal nodes; 2.0 s; peak memory 338 MiB.
2026-09-25T13:23:21Z INFO [269/500] 12ffed92-2cab-4d30-bf45-6a1d6a5002b2: 47 internal nodes; 2.7 s; peak memory 338 MiB.
2026-09-25T13:23:23Z INFO [270/500] 130001a7-d970-48cc-9899-05b9437806d6: 61 internal nodes; 2.1 s; peak memory 338 MiB.
2026-09-25T13:23:25Z INFO [271/500] 13000e39-6ec6-48e1-86f2-bca82ea8c778: 31 internal nodes; 1.6 s; peak memory 338 MiB.
2026-09-25T13:23:26Z INFO [272/500] 1302646c-1c56-4cc0-be83-caa6838a6715: 17 internal nodes; 1.1 s; peak memory 338 MiB.
2026-09-25T13:23:27Z INFO [273/500] 1302882a-e449-4b68-b48a-c3a43ab08633: 34 internal nodes; 1.1 s; peak memory 338 MiB.
2026-09-25T13:23:28Z INFO [274/500] 1302e650-d44c-431b-8e80-9210a43bccbc: 17 internal nodes; 1.1 s; peak memory 338 MiB.
2026-09-25T13:23:46Z INFO [275/500] 13046f00-798d-4066-aa0c-b788a87b1fc5: 417 internal nodes; 18.4 s; peak memory 338 MiB.
2026-09-25T13:23:47Z INFO [276/500] 13049077-ac4a-4ed9-90d7-ac9516bfe020: 119 internal nodes; 1.4 s; peak memory 338 MiB.
2026-09-25T13:23:50Z INFO [277/500] 13049d47-d2a7-4dbe-9b51-25b7c6da1012: 67 internal nodes; 2.9 s; peak memory 338 MiB.
2026-09-25T13:23:54Z INFO [278/500] 1304a1f4-deac-4e6a-b53e-e1d788f0631c: 41 internal nodes; 3.8 s; peak memory 338 MiB.
2026-09-25T13:23:56Z INFO [279/500] 1304e5f7-dbcc-4f35-86b5-ddaf2a820f21: 30 internal nodes; 2.2 s; peak memory 338 MiB.
2026-09-25T13:23:59Z INFO [280/500] 13062a45-8833-4e79-939c-1fe893750b6c: 40 internal nodes; 3.1 s; peak memory 338 MiB.
2026-09-25T13:24:01Z INFO [281/500] 1307f2ed-e99a-4977-996f-255a7d2cb85f: 26 internal nodes; 1.8 s; peak memory 338 MiB.
2026-09-25T13:24:03Z INFO [282/500] 1308070c-b622-4e4c-830b-2e0bc46eccd5: 69 internal nodes; 1.7 s; peak memory 338 MiB.
2026-09-25T13:24:04Z INFO [283/500] 130982a2-b2b1-48fc-a712-45c0804ad55f: 13 internal nodes; 0.9 s; peak memory 338 MiB.
2026-09-25T13:24:05Z INFO [284/500] 1309ece1-9d93-4f3a-af21-fec53d48ce2f: 38 internal nodes; 1.2 s; peak memory 338 MiB.
2026-09-25T13:24:06Z INFO [285/500] 130a84af-f5ee-44aa-a9f7-b9b5b501f557: 17 internal nodes; 1.1 s; peak memory 338 MiB.
2026-09-25T13:24:08Z INFO [286/500] 130abe3a-4556-4777-abf7-3129bcbde3ce: 53 internal nodes; 1.8 s; peak memory 338 MiB.
2026-09-25T13:24:09Z INFO [287/500] 130b1b22-cea1-4a65-bf9b-c43d0c4cf856: 27 internal nodes; 1.2 s; peak memory 338 MiB.
2026-09-25T13:24:11Z INFO [288/500] 130bdfc3-5029-4a29-815f-bfe5a1061041: 53 internal nodes; 1.7 s; peak memory 338 MiB.
2026-09-25T13:24:14Z INFO [289/500] 130c6bf2-4591-4ce9-8ada-76eb7d8f3711: 43 internal nodes; 3.5 s; peak memory 338 MiB.
2026-09-25T13:24:17Z INFO [290/500] 130d2405-4d91-48fe-bb20-277c316b95f3: 38 internal nodes; 2.9 s; peak memory 338 MiB.
2026-09-25T13:24:19Z INFO [291/500] 130d2d5b-0a99-4d26-82e1-156312ca4a55: 29 internal nodes; 1.8 s; peak memory 338 MiB.
2026-09-25T13:24:20Z INFO [292/500] 130d5aa5-62a4-4cde-9077-01ff0ff50610: 58 internal nodes; 1.1 s; peak memory 338 MiB.
2026-09-25T13:24:22Z INFO [293/500] 130dbebc-58cf-4d19-b977-6c9ed9555ec7: 44 internal nodes; 2.1 s; peak memory 338 MiB.
2026-09-25T13:24:24Z INFO [294/500] 130ee92e-851c-498c-a84d-06556389f5f8: 17 internal nodes; 1.4 s; peak memory 338 MiB.
2026-09-25T13:24:25Z INFO [295/500] 130f32f7-09a3-4186-b7fe-5a741666be82: 11 internal nodes; 1.1 s; peak memory 338 MiB.
2026-09-25T13:24:26Z INFO [296/500] 130f8426-28fa-4e25-822b-76dc78999569: 27 internal nodes; 1.5 s; peak memory 338 MiB.
2026-09-25T13:24:28Z INFO [297/500] 130fcca2-2680-4116-b2b3-5c9da671cf82: 24 internal nodes; 1.9 s; peak memory 338 MiB.
2026-09-25T13:24:32Z INFO [298/500] 130ff2ec-5d4d-4ea7-8af8-1ee202267554: 46 internal nodes; 3.6 s; peak memory 338 MiB.
2026-09-25T13:24:33Z INFO [299/500] 13110cb6-def4-49eb-984a-d5a3b3904f3f: 22 internal nodes; 1.3 s; peak memory 338 MiB.
2026-09-25T13:24:34Z INFO [300/500] 1311a519-c43d-484b-b5e5-a7c996475368: 17 internal nodes; 1.2 s; peak memory 338 MiB.
2026-09-25T13:24:34Z INFO [300/500] 1311a519-c43d-484b-b5e5-a7c996475368: checkpointed 55269 records.
2026-09-25T13:24:36Z INFO [301/500] 1311aa58-fb5f-42cd-9723-89e03532921a: 27 internal nodes; 1.3 s; peak memory 338 MiB.
2026-09-25T13:24:42Z INFO [302/500] 1311b285-efa3-454e-8c22-d02c50b02ffe: 54 internal nodes; 6.2 s; peak memory 338 MiB.
2026-09-25T13:24:44Z INFO [303/500] 13124ff4-b292-4edf-acbd-aaeedc18252a: 53 internal nodes; 1.8 s; peak memory 338 MiB.
2026-09-25T13:24:45Z INFO [304/500] 1312da9d-132e-4733-a03f-1d8d2f822da7: 17 internal nodes; 1.0 s; peak memory 338 MiB.
2026-09-25T13:24:46Z INFO [305/500] 1312dfc4-6a32-4a11-847b-199e8a5ea08e: 17 internal nodes; 1.0 s; peak memory 338 MiB.
2026-09-25T13:24:49Z INFO [306/500] 1312e72f-5b4f-40a2-9b68-b30441e6f5e2: 31 internal nodes; 3.2 s; peak memory 338 MiB.
2026-09-25T13:24:50Z INFO [307/500] 1313989f-22b0-4d80-aecd-766a7eba7d18: 17 internal nodes; 1.1 s; peak memory 338 MiB.
2026-09-25T13:24:51Z INFO [308/500] 1313afb6-b54e-48e1-8b7a-fae3228a07bc: 19 internal nodes; 1.3 s; peak memory 338 MiB.
2026-09-25T13:24:54Z INFO [309/500] 1313bd0e-1b24-41da-a61e-91549a8dbbaf: 46 internal nodes; 2.8 s; peak memory 338 MiB.
2026-09-25T13:24:57Z INFO [310/500] 131420cc-ff11-4e09-b5b6-4fc2706ba502: 66 internal nodes; 2.6 s; peak memory 338 MiB.
2026-09-25T13:24:58Z INFO [311/500] 131473f2-c188-4a9e-b631-ad5a7d128172: 31 internal nodes; 1.6 s; peak memory 338 MiB.
2026-09-25T13:25:03Z INFO [312/500] 131517ff-a86e-47f1-9c30-20dce2bb2b4f: 112 internal nodes; 4.8 s; peak memory 338 MiB.
2026-09-25T13:25:04Z INFO [313/500] 13154155-a0c8-46b6-ac0b-bb5319b08293: 27 internal nodes; 1.2 s; peak memory 338 MiB.
2026-09-25T13:25:06Z INFO [314/500] 1315c6b3-b5aa-41c6-ab0b-1cf552ae7449: 55 internal nodes; 1.5 s; peak memory 338 MiB.
2026-09-25T13:25:07Z INFO [315/500] 1316509e-3c06-46f6-9749-410898ef3fca: 27 internal nodes; 1.3 s; peak memory 338 MiB.
2026-09-25T13:25:09Z INFO [316/500] 1317caab-c8e9-4280-b130-b531d020b56d: 53 internal nodes; 1.5 s; peak memory 338 MiB.
2026-09-25T13:25:14Z INFO [317/500] 1318124b-84e4-4b0c-be3b-abbad4480601: 54 internal nodes; 5.6 s; peak memory 338 MiB.
2026-09-25T13:25:15Z INFO [318/500] 13184245-6daa-4994-8908-8ed50e04f68d: 11 internal nodes; 0.9 s; peak memory 338 MiB.
2026-09-25T13:25:17Z INFO [319/500] 13189e55-cc18-4655-b726-8829b0390d4f: 31 internal nodes; 2.0 s; peak memory 338 MiB.
2026-09-25T13:25:20Z INFO [320/500] 131a0d9b-b608-49ed-89e5-74096eb1974e: 55 internal nodes; 2.9 s; peak memory 338 MiB.
2026-09-25T13:25:21Z INFO [321/500] 131a2b94-b89b-476d-8af6-ddb03fc0f3b3: 11 internal nodes; 0.8 s; peak memory 338 MiB.
2026-09-25T13:25:29Z INFO [322/500] 131a69cf-985d-4bfc-85dd-c00dce32ca68: 165 internal nodes; 8.6 s; peak memory 338 MiB.
2026-09-25T13:25:30Z INFO [323/500] 131aa9a8-1a13-46ad-9960-be5eae7dec19: 17 internal nodes; 1.1 s; peak memory 338 MiB.
2026-09-25T13:25:41Z INFO [324/500] 131c2da1-9735-4947-88a5-27a58ee35f22: 44 internal nodes; 10.2 s; peak memory 338 MiB.
2026-09-25T13:25:42Z INFO [325/500] 131c9766-8389-4114-a42e-89e61b5a0090: 17 internal nodes; 1.0 s; peak memory 338 MiB.
2026-09-25T13:25:44Z INFO [326/500] 131e35b0-c1e1-4234-8571-998ada030e3f: 122 internal nodes; 2.0 s; peak memory 338 MiB.
2026-09-25T13:25:45Z INFO [327/500] 131e42b3-a6a7-4a8a-8b03-9e5a21589a0e: 27 internal nodes; 1.4 s; peak memory 338 MiB.
2026-09-25T13:25:46Z INFO [328/500] 131ec1a3-f226-4f90-b4e4-1b96f7732b8e: 27 internal nodes; 1.3 s; peak memory 338 MiB.
2026-09-25T13:25:48Z INFO [329/500] 131edbae-4b55-4fa5-9cf9-199b5f8a7ec3: 31 internal nodes; 1.5 s; peak memory 338 MiB.
2026-09-25T13:25:49Z INFO [330/500] 131f0d96-0117-4461-afa9-2f9dcba7b7e4: 13 internal nodes; 0.9 s; peak memory 338 MiB.
2026-09-25T13:25:55Z INFO [331/500] 131f4407-391a-4fe7-9d86-f9091cc97ffb: 73 internal nodes; 6.2 s; peak memory 338 MiB.
2026-09-25T13:25:56Z INFO [332/500] 131f91a8-1c42-480d-9bed-651ff9a12352: 27 internal nodes; 1.4 s; peak memory 338 MiB.
2026-09-25T13:25:58Z INFO [333/500] 13208700-f2c0-4686-8f3d-abb7777845fb: 28 internal nodes; 1.3 s; peak memory 338 MiB.
2026-09-25T13:25:59Z INFO [334/500] 1321368e-d989-4082-aa0a-8032243247fa: 61 internal nodes; 1.7 s; peak memory 338 MiB.
2026-09-25T13:26:09Z INFO [335/500] 1321d775-9b23-47c3-ac26-dc196d01d887: 64 internal nodes; 10.1 s; peak memory 338 MiB.
2026-09-25T13:26:11Z INFO [336/500] 13226ca1-e33e-4fd7-a1e1-1bf68ec08834: 31 internal nodes; 1.8 s; peak memory 338 MiB.
2026-09-25T13:26:12Z INFO [337/500] 1322993b-e462-4bca-b16d-073d5eb283d0: 27 internal nodes; 1.3 s; peak memory 338 MiB.
2026-09-25T13:26:14Z INFO [338/500] 1323837a-48dc-41a5-a709-b918432bdf1e: 28 internal nodes; 2.0 s; peak memory 338 MiB.
2026-09-25T13:26:16Z INFO [339/500] 132400ca-75e1-49d9-8a8c-06babcc33c88: 29 internal nodes; 1.6 s; peak memory 338 MiB.
2026-09-25T13:26:17Z INFO [340/500] 1324c33c-1071-464e-924a-6d6901158e13: 17 internal nodes; 1.1 s; peak memory 338 MiB.
2026-09-25T13:26:18Z INFO [341/500] 132514aa-4985-4dd6-90c8-ebc6bca608be: 11 internal nodes; 0.8 s; peak memory 338 MiB.
2026-09-25T13:26:24Z INFO [342/500] 132563f6-024a-4603-9573-3bafc48ab203: 41 internal nodes; 6.6 s; peak memory 338 MiB.
2026-09-25T13:26:31Z INFO [343/500] 1325eccd-581a-4681-ada6-222a26eb910e: 137 internal nodes; 6.8 s; peak memory 338 MiB.
2026-09-25T13:26:32Z INFO [344/500] 1326c221-4330-404d-8175-a7bb5b05defe: 27 internal nodes; 1.2 s; peak memory 338 MiB.
2026-09-25T13:26:33Z INFO [345/500] 132711e3-67df-4a79-a02f-b2def8846244: 17 internal nodes; 1.0 s; peak memory 338 MiB.
2026-09-25T13:26:34Z INFO [346/500] 13276baa-eaff-4a23-af54-e1e8e323a7ee: 17 internal nodes; 1.1 s; peak memory 338 MiB.
2026-09-25T13:26:46Z INFO [347/500] 1327dc7b-5cf6-4c11-a786-152653577499: 202 internal nodes; 11.7 s; peak memory 338 MiB.
2026-09-25T13:26:47Z INFO [348/500] 1328131b-862a-464d-99ad-5631a157c736: 17 internal nodes; 1.0 s; peak memory 338 MiB.
2026-09-25T13:26:48Z INFO [349/500] 13284e24-a16c-43be-a32e-e1f358afa0dc: 17 internal nodes; 1.1 s; peak memory 338 MiB.
2026-09-25T13:26:50Z INFO [350/500] 1328ea3b-7a6a-4a9b-b9d9-e08f481e8a3d: 59 internal nodes; 2.0 s; peak memory 338 MiB.
2026-09-25T13:26:50Z INFO [350/500] 1328ea3b-7a6a-4a9b-b9d9-e08f481e8a3d: checkpointed 55319 records.
2026-09-25T13:26:51Z INFO [351/500] 1329e2ad-7e38-4ed1-b182-c26daf30cef8: 26 internal nodes; 1.0 s; peak memory 338 MiB.
2026-09-25T13:26:53Z INFO [352/500] 132ae187-989d-456c-a3ab-b49b992e3f2d: 31 internal nodes; 1.7 s; peak memory 338 MiB.
2026-09-25T13:26:56Z INFO [353/500] 132b3906-7926-4fe2-9f14-8014f440eb35: 50 internal nodes; 3.2 s; peak memory 338 MiB.
2026-09-25T13:26:57Z INFO [354/500] 132bb31e-b48f-46c9-8e0f-296a019094b0: 13 internal nodes; 0.8 s; peak memory 338 MiB.
2026-09-25T13:26:59Z INFO [355/500] 132bc948-7522-4c6e-b24b-fd650d32072e: 31 internal nodes; 1.8 s; peak memory 338 MiB.
2026-09-25T13:27:00Z INFO [356/500] 132c073f-d99a-4639-82c7-b05cf45f28c9: 31 internal nodes; 1.6 s; peak memory 338 MiB.
2026-09-25T13:27:02Z INFO [357/500] 132c7cdf-4917-4c6c-9902-06d54edd9afe: 17 internal nodes; 1.1 s; peak memory 339 MiB.
2026-09-25T13:27:04Z INFO [358/500] 132cd478-2171-4389-a438-f12e5727868d: 44 internal nodes; 2.8 s; peak memory 339 MiB.
2026-09-25T13:27:05Z INFO [359/500] 132d158d-0b25-437b-a863-46fc3e83faf4: 13 internal nodes; 0.9 s; peak memory 339 MiB.
2026-09-25T13:27:07Z INFO [360/500] 132d25e9-29d0-421a-af3f-ba4677612e79: 31 internal nodes; 1.6 s; peak memory 339 MiB.
2026-09-25T13:29:14Z INFO [361/500] 132d3971-d875-4643-a319-2fce1c7097ff: 93 internal nodes; 127.0 s; peak memory 380 MiB.
2026-09-25T13:29:15Z INFO [362/500] 132d8a62-8b59-448e-9406-74b0ba6f7f11: 27 internal nodes; 1.3 s; peak memory 380 MiB.
2026-09-25T13:29:22Z INFO [363/500] 132d98c8-58ad-4438-b6e8-69f8fe9bfd77: 189 internal nodes; 7.1 s; peak memory 380 MiB.
2026-09-25T13:29:23Z INFO [364/500] 132e56fe-426b-41a6-b8d2-94963baca254: 17 internal nodes; 1.1 s; peak memory 380 MiB.
2026-09-25T13:29:24Z INFO [365/500] 132ed6e0-ae79-41c3-84f1-ce2e8eaa73e2: 17 internal nodes; 1.1 s; peak memory 380 MiB.
2026-09-25T13:29:26Z INFO [366/500] 132f3cdd-973c-4b07-a7e6-8de1c971b3f1: 27 internal nodes; 1.2 s; peak memory 380 MiB.
2026-09-25T13:29:27Z INFO [367/500] 132fa71f-6171-4d2f-965d-25a826581910: 17 internal nodes; 1.1 s; peak memory 380 MiB.
2026-09-25T13:29:36Z INFO [368/500] 132ff72a-6593-4422-bb74-3e2acae44777: 182 internal nodes; 9.3 s; peak memory 380 MiB.
2026-09-25T13:29:37Z INFO [369/500] 1331ddc4-d12f-4482-bed2-b9d0246c39e2: 27 internal nodes; 1.3 s; peak memory 380 MiB.
2026-09-25T13:29:38Z INFO [370/500] 13321900-e432-40b8-bb4c-70565c607693: 17 internal nodes; 1.0 s; peak memory 380 MiB.
2026-09-25T13:29:44Z INFO [371/500] 133287e3-7b41-4819-960f-9c0599850b2d: 73 internal nodes; 5.4 s; peak memory 380 MiB.
2026-09-25T13:29:45Z INFO [372/500] 1332c4b2-2907-4595-a433-7cb1e2f07d54: 17 internal nodes; 0.9 s; peak memory 380 MiB.
2026-09-25T13:29:59Z INFO [373/500] 13332673-e223-4ff7-8dc2-d10acc8ae25e: 310 internal nodes; 14.8 s; peak memory 380 MiB.
2026-09-25T13:30:08Z INFO [374/500] 133377b5-82c1-468f-a617-a9f59598720a: 177 internal nodes; 8.6 s; peak memory 380 MiB.
2026-09-25T13:30:09Z INFO [375/500] 1333d056-141b-4ed7-9c17-865c4d980df6: 23 internal nodes; 1.0 s; peak memory 380 MiB.
2026-09-25T13:30:14Z INFO [376/500] 13347044-a1de-40f4-bf60-b64a32c483d6: 73 internal nodes; 5.2 s; peak memory 380 MiB.
2026-09-25T13:30:15Z INFO [377/500] 13347a44-d8fb-4925-885e-f378f4998093: 26 internal nodes; 0.7 s; peak memory 380 MiB.
2026-09-25T13:30:16Z INFO [378/500] 13350433-6224-4f23-9214-b8e640a09eeb: 16 internal nodes; 0.9 s; peak memory 380 MiB.
2026-09-25T13:30:17Z INFO [379/500] 13352c56-0fb7-457b-b7e5-03008fc5acb8: 11 internal nodes; 0.9 s; peak memory 380 MiB.
2026-09-25T13:30:18Z INFO [380/500] 13355de8-702f-4465-a604-ee53c7e6bcd7: 27 internal nodes; 1.1 s; peak memory 380 MiB.
2026-09-25T13:30:19Z INFO [381/500] 13358e63-ce3b-46aa-b556-d94c3a6430cc: 17 internal nodes; 1.1 s; peak memory 380 MiB.
2026-09-25T13:30:20Z INFO [382/500] 1335b49b-c8a4-4422-bc57-5500bc69530d: 17 internal nodes; 1.0 s; peak memory 380 MiB.
2026-09-25T13:30:21Z INFO [383/500] 1336aeca-06c4-4e5d-bea2-94de67909469: 90 internal nodes; 1.2 s; peak memory 380 MiB.
2026-09-25T13:30:23Z INFO [384/500] 1336d605-a605-4cc3-922d-6a3161c733cd: 31 internal nodes; 1.5 s; peak memory 380 MiB.
2026-09-25T13:30:31Z INFO [385/500] 1336e85a-664f-4bd1-b862-88bb403a79a5: 120 internal nodes; 8.8 s; peak memory 380 MiB.
2026-09-25T13:30:38Z INFO [386/500] 13372674-ebe0-472e-b042-41cfbff806ae: 72 internal nodes; 6.4 s; peak memory 380 MiB.
2026-09-25T13:30:39Z INFO [387/500] 1337811b-ff4e-4a65-9de2-4f35cf167fec: 115 internal nodes; 1.2 s; peak memory 380 MiB.
2026-09-25T13:30:45Z INFO [388/500] 1338a2a2-738a-4650-86e8-7c3a7c4bbf59: 120 internal nodes; 6.4 s; peak memory 380 MiB.
2026-09-25T13:30:47Z INFO [389/500] 1339c06e-ba2f-4633-8b31-4447dc0d4d6a: 56 internal nodes; 1.5 s; peak memory 380 MiB.
2026-09-25T13:30:49Z INFO [390/500] 1339d433-6452-4d26-a39e-4df6f2f7ff6a: 31 internal nodes; 2.0 s; peak memory 380 MiB.
2026-09-25T13:30:50Z INFO [391/500] 133b2e8e-dc3d-427b-89c6-a60510a60577: 17 internal nodes; 1.1 s; peak memory 380 MiB.
2026-09-25T13:30:51Z INFO [392/500] 133be2e7-4109-4abf-8cd1-a1f838c13a7f: 62 internal nodes; 1.4 s; peak memory 380 MiB.
2026-09-25T13:30:54Z INFO [393/500] 133ca552-47dc-4026-88f9-5f45dbb6eb31: 60 internal nodes; 2.6 s; peak memory 380 MiB.
2026-09-25T13:30:55Z INFO [394/500] 133d20da-8438-42f2-8bfd-37df11912a0e: 17 internal nodes; 1.0 s; peak memory 380 MiB.
2026-09-25T13:31:06Z INFO [395/500] 133d5c83-793a-4799-b7f8-f1603d3c74ef: 67 internal nodes; 10.6 s; peak memory 380 MiB.
2026-09-25T13:31:07Z INFO [396/500] 133d789c-97fc-4040-b65d-fb335713981e: 25 internal nodes; 1.7 s; peak memory 380 MiB.
2026-09-25T13:31:08Z INFO [397/500] 133d92a8-50b6-4d38-9446-ee1d1fd3de58: 11 internal nodes; 0.8 s; peak memory 380 MiB.
2026-09-25T13:31:09Z INFO [398/500] 133e077f-8ffe-4461-9f90-798eed447623: 17 internal nodes; 1.0 s; peak memory 380 MiB.
2026-09-25T13:31:10Z INFO [399/500] 133e1d65-eab6-414d-af9c-e70c2b4c942b: 11 internal nodes; 0.6 s; peak memory 380 MiB.
2026-09-25T13:31:11Z INFO [400/500] 133e6384-ec85-4826-945e-4ce42a36be4f: 120 internal nodes; 1.4 s; peak memory 380 MiB.
2026-09-25T13:31:11Z INFO [400/500] 133e6384-ec85-4826-945e-4ce42a36be4f: checkpointed 55369 records.
2026-09-25T13:31:13Z INFO [401/500] 133fb86c-53a9-46e6-9947-816b7083860e: 31 internal nodes; 1.4 s; peak memory 380 MiB.
2026-09-25T13:31:14Z INFO [402/500] 133fedf3-469a-4d4f-a579-8c1f0eb48d88: 22 internal nodes; 0.9 s; peak memory 380 MiB.
2026-09-25T13:31:15Z INFO [403/500] 1340de89-59ad-43ff-9c7a-29e188046316: 17 internal nodes; 1.1 s; peak memory 380 MiB.
2026-09-25T13:31:18Z INFO [404/500] 1341ee69-285a-43c5-9cd1-c1c5b6b25de6: 46 internal nodes; 3.1 s; peak memory 380 MiB.
2026-09-25T13:31:19Z INFO [405/500] 1341f32e-5346-4652-87d0-ea9d3a860118: 27 internal nodes; 1.2 s; peak memory 380 MiB.
2026-09-25T13:31:20Z INFO [406/500] 134222dc-5f83-424c-8b18-ee29552bb29e: 17 internal nodes; 1.0 s; peak memory 380 MiB.
2026-09-25T13:31:21Z INFO [407/500] 1342c5e7-8ac8-40d0-9bb0-78b7e6a8f2e1: 17 internal nodes; 1.0 s; peak memory 380 MiB.
2026-09-25T13:31:23Z INFO [408/500] 1343af82-9920-4df9-99df-46057e71fd85: 25 internal nodes; 1.7 s; peak memory 380 MiB.
2026-09-25T13:31:31Z INFO [409/500] 13440302-5655-4044-a60e-b638a2c42f0e: 251 internal nodes; 8.1 s; peak memory 380 MiB.
2026-09-25T13:31:32Z INFO [410/500] 13446798-634d-42ad-8dfe-dd10227711db: 31 internal nodes; 1.6 s; peak memory 380 MiB.
2026-09-25T13:31:35Z INFO [411/500] 1344e805-b9df-4845-b34f-bc73827144c6: 46 internal nodes; 3.1 s; peak memory 380 MiB.
2026-09-25T13:31:37Z INFO [412/500] 1345aa6f-5bbb-41c0-89b0-886f1026f942: 17 internal nodes; 1.1 s; peak memory 380 MiB.
2026-09-25T13:31:38Z INFO [413/500] 1346fc67-5609-4f0a-aab8-c38d2374e563: 31 internal nodes; 1.4 s; peak memory 380 MiB.
2026-09-25T13:31:39Z INFO [414/500] 1347f5a0-10bd-404e-8124-1a83809ca62e: 13 internal nodes; 0.8 s; peak memory 380 MiB.
2026-09-25T13:31:41Z INFO [415/500] 13489159-0362-40fd-9946-608385885878: 36 internal nodes; 2.2 s; peak memory 380 MiB.
2026-09-25T13:31:42Z INFO [416/500] 1348aad8-5e4a-4205-9e9d-e9490b40af4b: 13 internal nodes; 1.0 s; peak memory 380 MiB.
2026-09-25T13:31:45Z INFO [417/500] 1348d149-d519-4d66-afcd-666597d7046f: 44 internal nodes; 2.4 s; peak memory 380 MiB.
2026-09-25T13:32:00Z INFO [418/500] 13490d95-7eb3-4aca-af6f-9e75fd300a64: 349 internal nodes; 15.1 s; peak memory 380 MiB.
2026-09-25T13:32:03Z INFO [419/500] 1349577e-a787-490c-abdf-b93d1699da73: 46 internal nodes; 3.5 s; peak memory 380 MiB.
2026-09-25T13:32:04Z INFO [420/500] 13497038-5c9e-4ffd-b571-73c50720c8ad: 17 internal nodes; 1.1 s; peak memory 380 MiB.
2026-09-25T13:32:07Z INFO [421/500] 134a1706-dace-4558-a715-9a58be65c6ac: 44 internal nodes; 2.7 s; peak memory 380 MiB.
2026-09-25T13:32:09Z INFO [422/500] 134a1df7-173f-466b-b9b4-8508a2c91cf7: 72 internal nodes; 1.8 s; peak memory 380 MiB.
2026-09-25T13:32:10Z INFO [423/500] 134bda01-6404-4110-83a2-d5cd444aa125: 31 internal nodes; 1.2 s; peak memory 380 MiB.
2026-09-25T13:32:11Z INFO [424/500] 134bda46-6495-4488-9465-734e55d44598: 27 internal nodes; 1.2 s; peak memory 380 MiB.
2026-09-25T13:32:12Z INFO [425/500] 134c7a08-2dd3-4f3f-8cc1-fa6b661c693d: 17 internal nodes; 1.0 s; peak memory 380 MiB.
2026-09-25T13:32:18Z INFO [426/500] 134ca0a3-592f-48bf-82da-3f7b1d72f8ae: 73 internal nodes; 5.9 s; peak memory 380 MiB.
2026-09-25T13:32:29Z INFO [427/500] 134cec99-4b00-4c18-8f32-4f6ab9475a80: 249 internal nodes; 10.8 s; peak memory 380 MiB.
2026-09-25T13:32:30Z INFO [428/500] 134db831-b647-4847-bbe3-4687dfa0687b: 27 internal nodes; 1.3 s; peak memory 380 MiB.
2026-09-25T13:32:37Z INFO [429/500] 134e1d66-eeb1-4601-923e-dba0a40b8b7f: 55 internal nodes; 6.3 s; peak memory 380 MiB.
2026-09-25T13:32:38Z INFO [430/500] 134fc9e1-5ec1-46b1-8778-033b0330bde2: 17 internal nodes; 1.0 s; peak memory 380 MiB.
2026-09-25T13:33:34Z INFO [431/500] 134ffa36-b21d-45ba-9193-a3fea7932bac: 534 internal nodes; 56.2 s; peak memory 380 MiB.
2026-09-25T13:33:35Z INFO [432/500] 135081aa-c435-4f03-819d-6ceec138c35f: 115 internal nodes; 1.3 s; peak memory 380 MiB.
2026-09-25T13:33:48Z INFO [433/500] 1350bdbb-8288-497b-b244-fc368c60130b: 241 internal nodes; 13.0 s; peak memory 380 MiB.
2026-09-25T13:33:50Z INFO [434/500] 13518f67-480e-4d51-8058-79c97618d23a: 57 internal nodes; 1.9 s; peak memory 380 MiB.
2026-09-25T13:33:52Z INFO [435/500] 135190e5-0956-44bb-9105-6a8e3a64dd9e: 31 internal nodes; 1.5 s; peak memory 380 MiB.
2026-09-25T13:33:58Z INFO [436/500] 13521e18-20cc-4e3c-97e0-9747eefa4438: 133 internal nodes; 6.5 s; peak memory 380 MiB.
2026-09-25T13:33:59Z INFO [437/500] 13536168-0fc7-4531-b2b2-f338dbb90989: 22 internal nodes; 1.4 s; peak memory 380 MiB.
2026-09-25T13:34:01Z INFO [438/500] 13537a30-43d6-415f-b485-9b550cd3bf0f: 27 internal nodes; 1.2 s; peak memory 380 MiB.
2026-09-25T13:34:02Z INFO [439/500] 13548573-6b53-4d0a-bfa8-28f6dabe10da: 29 internal nodes; 1.6 s; peak memory 380 MiB.
2026-09-25T13:34:10Z INFO [440/500] 1354a6e7-c14a-45f2-9524-e91f887958a5: 183 internal nodes; 8.3 s; peak memory 380 MiB.
2026-09-25T13:34:12Z INFO [441/500] 13552f75-57e8-4eb9-a11b-a64c8e47e71f: 27 internal nodes; 1.3 s; peak memory 380 MiB.
2026-09-25T13:34:13Z INFO [442/500] 13557aa6-67d0-4c0f-b426-d1e691510f2b: 17 internal nodes; 1.1 s; peak memory 380 MiB.
2026-09-25T13:34:23Z INFO [443/500] 13558250-827d-476e-91a0-5e785e4c4a91: 317 internal nodes; 9.9 s; peak memory 380 MiB.
2026-09-25T13:34:24Z INFO [444/500] 13566458-8c3a-412b-a510-e5f0738b30a5: 35 internal nodes; 1.5 s; peak memory 380 MiB.
2026-09-25T13:34:25Z INFO [445/500] 1357a3b1-ad3f-424d-ba68-1fbc41ab731e: 27 internal nodes; 1.1 s; peak memory 380 MiB.
2026-09-25T13:34:31Z INFO [446/500] 13580b84-482a-4dd7-aae9-39e351cc5da6: 157 internal nodes; 6.0 s; peak memory 380 MiB.
2026-09-25T13:34:32Z INFO [447/500] 13592204-e51a-4574-b4e2-ca5eb6b1f04e: 29 internal nodes; 1.1 s; peak memory 380 MiB.
2026-09-25T13:34:34Z INFO [448/500] 13597728-96b8-4162-adc6-cb4d96757c48: 27 internal nodes; 1.2 s; peak memory 380 MiB.
2026-09-25T13:34:36Z INFO [449/500] 1359dbba-3c27-4a16-be24-dd268740c3aa: 29 internal nodes; 2.0 s; peak memory 380 MiB.
2026-09-25T13:34:37Z INFO [450/500] 135a25e1-c660-4de9-8b50-d00534c17b22: 31 internal nodes; 1.5 s; peak memory 380 MiB.
2026-09-25T13:34:37Z INFO [450/500] 135a25e1-c660-4de9-8b50-d00534c17b22: checkpointed 55419 records.
2026-09-25T13:34:45Z INFO [451/500] 135ac248-8271-48dc-a17d-da3f91fb5a4e: 176 internal nodes; 7.4 s; peak memory 380 MiB.
2026-09-25T13:34:52Z INFO [452/500] 135b31cf-78a0-4252-8650-47d1a758246b: 177 internal nodes; 6.7 s; peak memory 380 MiB.
2026-09-25T13:34:52Z INFO [453/500] 135b433a-072f-4cfc-8f8e-926140066453: 24 internal nodes; 0.9 s; peak memory 380 MiB.
2026-09-25T13:34:53Z INFO [454/500] 135d873f-bd14-488e-ad6c-5e767947df6c: 11 internal nodes; 0.7 s; peak memory 380 MiB.
2026-09-25T13:34:54Z INFO [455/500] 135e8a53-9053-47ec-b879-88e98b5af2db: 29 internal nodes; 1.3 s; peak memory 380 MiB.
2026-09-25T13:34:56Z INFO [456/500] 135ea621-5f44-4b42-8e73-521081d01843: 31 internal nodes; 1.9 s; peak memory 380 MiB.
2026-09-25T13:34:58Z INFO [457/500] 135f7bf0-4b9f-45de-874a-172056846045: 19 internal nodes; 1.2 s; peak memory 380 MiB.
2026-09-25T13:34:59Z INFO [458/500] 135f9756-c6bb-47d7-bc90-b09781dea543: 17 internal nodes; 1.2 s; peak memory 380 MiB.
2026-09-25T13:35:00Z INFO [459/500] 135fb9c6-093c-4427-9cd3-41bb12bc2dec: 27 internal nodes; 1.1 s; peak memory 380 MiB.
2026-09-25T13:35:01Z INFO [460/500] 13612bf9-fbb3-4032-8b20-b97d98e78c69: 31 internal nodes; 1.5 s; peak memory 380 MiB.
2026-09-25T13:35:03Z INFO [461/500] 13616f02-4361-478e-86d5-b56dd1b8b2b9: 27 internal nodes; 1.2 s; peak memory 380 MiB.
2026-09-25T13:35:05Z INFO [462/500] 13617848-c39b-420b-844b-5b01f89f276c: 44 internal nodes; 2.8 s; peak memory 380 MiB.
2026-09-25T13:36:38Z INFO [463/500] 136244be-d3d2-4b5a-aa86-28b4e1c05c4d: 1094 internal nodes; 92.1 s; peak memory 380 MiB.
2026-09-25T13:36:39Z INFO [464/500] 13626ca0-4141-4b86-b4b3-83e24fadc75e: 27 internal nodes; 1.2 s; peak memory 380 MiB.
2026-09-25T13:36:40Z INFO [465/500] 1362946e-9065-4064-ae94-bb061cfb848d: 25 internal nodes; 0.8 s; peak memory 380 MiB.
2026-09-25T13:36:41Z INFO [466/500] 13634d0c-86a6-47f0-8fbd-33590f38afdc: 27 internal nodes; 1.2 s; peak memory 380 MiB.
2026-09-25T13:36:42Z INFO [467/500] 13646c31-dd74-4767-b67b-d5d92d236eea: 17 internal nodes; 1.0 s; peak memory 380 MiB.
2026-09-25T13:36:43Z INFO [468/500] 1364a858-40d0-428d-827d-449e117692c9: 17 internal nodes; 1.0 s; peak memory 380 MiB.
2026-09-25T13:36:44Z INFO [469/500] 1364e21e-bb47-405b-a1a1-e7f376ff9001: 17 internal nodes; 1.1 s; peak memory 380 MiB.
2026-09-25T13:36:46Z INFO [470/500] 1364fcf5-c8ad-4720-a4f8-ec942f57c236: 95 internal nodes; 1.8 s; peak memory 380 MiB.
2026-09-25T13:36:47Z INFO [471/500] 1365cad7-90fd-4143-bf0b-5d787e532604: 24 internal nodes; 1.1 s; peak memory 380 MiB.
2026-09-25T13:37:03Z INFO [472/500] 1365d89e-ab13-4abc-a787-e4781aa7de7e: 2899 internal nodes; 16.3 s; peak memory 380 MiB.
2026-09-25T13:37:08Z INFO [473/500] 1365ddf9-b66d-4b9e-874f-971127c08d77: 53 internal nodes; 4.4 s; peak memory 380 MiB.
2026-09-25T13:37:09Z INFO [474/500] 1367ce85-c6b0-46bb-99c1-908881151440: 31 internal nodes; 1.4 s; peak memory 380 MiB.
2026-09-25T13:37:10Z INFO [475/500] 136843bd-7f18-49ab-9c96-05e435a3f838: 31 internal nodes; 1.0 s; peak memory 380 MiB.
2026-09-25T13:37:12Z INFO [476/500] 13685c7f-a790-4ca5-b792-a60bd5b24c53: 32 internal nodes; 1.8 s; peak memory 380 MiB.
2026-09-25T13:37:13Z INFO [477/500] 1369e729-d2de-4b9b-8e24-30fd6def7656: 17 internal nodes; 1.0 s; peak memory 380 MiB.
2026-09-25T13:37:54Z INFO [478/500] 136acd98-ca4b-4021-aeec-ddf8d8024de9: 2905 internal nodes; 40.9 s; peak memory 380 MiB.
2026-09-25T13:37:57Z INFO [479/500] 136ad2bb-8f55-41fc-942f-8672d0b99824: 55 internal nodes; 3.1 s; peak memory 380 MiB.
2026-09-25T13:37:59Z INFO [480/500] 136ae4aa-8bf5-4e21-a8d0-582b1d9043c3: 65 internal nodes; 2.2 s; peak memory 380 MiB.
2026-09-25T13:38:00Z INFO [481/500] 136b087e-ac58-473d-8f77-a5b8a45a0e81: 27 internal nodes; 1.3 s; peak memory 380 MiB.
2026-09-25T13:38:02Z INFO [482/500] 136ba91b-3833-46d4-8010-d517b14d12bf: 27 internal nodes; 1.2 s; peak memory 380 MiB.
2026-09-25T13:38:03Z INFO [483/500] 136c04dd-2924-49eb-b048-9e2c1d9c75c7: 27 internal nodes; 1.3 s; peak memory 380 MiB.
2026-09-25T13:38:04Z INFO [484/500] 136c5383-c88f-4fe7-8b76-73df824bbc96: 26 internal nodes; 0.7 s; peak memory 380 MiB.
2026-09-25T13:38:05Z INFO [485/500] 136c90af-bc56-4e0f-ac28-f839862a63e9: 17 internal nodes; 1.1 s; peak memory 380 MiB.
2026-09-25T13:38:06Z INFO [486/500] 136c9f39-54f8-43c3-80a6-8816dfd5edcd: 27 internal nodes; 1.4 s; peak memory 380 MiB.
2026-09-25T13:38:16Z INFO [487/500] 136d4bc0-18da-4926-a055-d52d3001a8db: 235 internal nodes; 10.2 s; peak memory 380 MiB.
2026-09-25T13:38:18Z INFO [488/500] 136d57ef-1f23-4e69-8c55-e5efb7d5c81b: 118 internal nodes; 1.6 s; peak memory 380 MiB.
2026-09-25T13:38:18Z INFO [489/500] 136d95e2-9b84-4d05-94c6-5aec6de75020: 22 internal nodes; 0.7 s; peak memory 380 MiB.
2026-09-25T13:38:20Z INFO [490/500] 136e884d-825d-4541-83d2-88bebbabf671: 65 internal nodes; 1.8 s; peak memory 380 MiB.
2026-09-25T13:38:25Z INFO [491/500] 136f0bf1-7035-404a-bfb6-b24b95b0a9f7: 47 internal nodes; 4.3 s; peak memory 380 MiB.
2026-09-25T13:38:26Z INFO [492/500] 13703ed8-7fba-485a-a628-f352f3735ad9: 11 internal nodes; 1.1 s; peak memory 380 MiB.
2026-09-25T13:38:29Z INFO [493/500] 13711ba7-e5dd-4a97-b5e2-3d7fd3d6c423: 29 internal nodes; 2.9 s; peak memory 380 MiB.
2026-09-25T13:38:30Z INFO [494/500] 13716166-81b6-4d54-a446-247bafe03c5c: 29 internal nodes; 1.0 s; peak memory 380 MiB.
2026-09-25T13:38:32Z INFO [495/500] 137164bf-2230-4bd6-9019-54f437b5d166: 44 internal nodes; 2.9 s; peak memory 380 MiB.
2026-09-25T13:38:34Z INFO [496/500] 13716b5c-04b4-4799-a7ca-d5a6df354e93: 17 internal nodes; 1.2 s; peak memory 380 MiB.
2026-09-25T13:38:35Z INFO [497/500] 137237d4-eaa3-4f1f-ab54-da77ac3e8769: 29 internal nodes; 1.5 s; peak memory 380 MiB.
2026-09-25T13:38:37Z INFO [498/500] 137298ee-7cb7-44eb-aecf-95ef819c4c90: 58 internal nodes; 1.9 s; peak memory 380 MiB.
2026-09-25T13:38:39Z INFO [499/500] 13734058-9fcb-4e75-a19b-534da6b45692: 28 internal nodes; 1.8 s; peak memory 380 MiB.
2026-09-25T13:38:40Z INFO [500/500] 13753607-5a7c-45ee-b43d-04b3cbd35c36: 17 internal nodes; 1.1 s; peak memory 380 MiB.
2026-09-25T13:38:40Z INFO [500/500] 13753607-5a7c-45ee-b43d-04b3cbd35c36: checkpointed 55469 records.
2026-09-25T13:38:40Z INFO Wrote 55469 records to /tmp/derivatives/valid_nwb_file_to_out_degrees.jsonl (495 new, 5 failed) in 29.3 min (peak memory 380 MiB).
