2026-09-27T13:27:21Z INFO Logging to /tmp/logs/update_2026-09-27T13-27-21Z.log.
2026-09-27T13:27:21Z INFO Update valid-nwb-file-to-out-degrees (base directory /tmp).
2026-09-27T13:27:21Z INFO Processing 500 items (56954 already recorded).
2026-09-27T13:27:23Z WARNING 024ef50f-ac6f-49ea-806b-93ef4b5e8644: failed while reading the NWB file (KeyError: 'Unable to synchronously open object (component not found)')
2026-09-27T13:27:23Z WARNING [1/500] 024ef50f-ac6f-49ea-806b-93ef4b5e8644: leaving unrecorded for a later run to retry.
2026-09-27T13:27:24Z WARNING 09073220-fbea-45d2-9a39-2cc61fcdc2a1: failed while reading the NWB file (KeyError: 'Unable to synchronously open object (component not found)')
2026-09-27T13:27:24Z WARNING [2/500] 09073220-fbea-45d2-9a39-2cc61fcdc2a1: leaving unrecorded for a later run to retry.
2026-09-27T13:27:25Z INFO [3/500] 091545b4-23a3-4800-9610-758f48780822: 25 internal nodes; 1.0 s; peak memory 117 MiB.
2026-09-27T13:27:27Z WARNING 0dec427d-4db4-44c3-988a-c37959ceaff3: failed while reading the NWB file (KeyError: 'Unable to synchronously open object (component not found)')
2026-09-27T13:27:27Z WARNING [4/500] 0dec427d-4db4-44c3-988a-c37959ceaff3: leaving unrecorded for a later run to retry.
2026-09-27T13:27:28Z WARNING 0f7396ad-67ec-468a-b6a6-5599cb507f54: failed while reading the NWB file (KeyError: 'Unable to synchronously open object (component not found)')
2026-09-27T13:27:28Z WARNING [5/500] 0f7396ad-67ec-468a-b6a6-5599cb507f54: leaving unrecorded for a later run to retry.
2026-09-27T13:27:29Z WARNING 1066b3ba-83d9-4cb3-bfe3-ecf8539e2334: failed while reading the NWB file (KeyError: 'Unable to synchronously open object (component not found)')
2026-09-27T13:27:29Z WARNING [6/500] 1066b3ba-83d9-4cb3-bfe3-ecf8539e2334: leaving unrecorded for a later run to retry.
2026-09-27T13:27:32Z INFO [7/500] 12c7b0dc-8bc3-4346-b173-8b9a02f7b0fe: 36 internal nodes; 2.9 s; peak memory 125 MiB.
2026-09-27T13:27:37Z INFO [8/500] 16912c78-c7dd-40ce-b135-b5dbadced021: 26 internal nodes; 5.1 s; peak memory 130 MiB.
2026-09-27T13:27:38Z INFO [9/500] 169201ed-5d1f-4719-9ec5-56024c1bafea: 17 internal nodes; 0.9 s; peak memory 130 MiB.
2026-09-27T13:27:39Z INFO [10/500] 1692cda1-57c6-4fef-8b7d-8aef7f0ba431: 18 internal nodes; 1.1 s; peak memory 130 MiB.
2026-09-27T13:27:41Z INFO [11/500] 16932f8e-827f-4eb3-b735-17b3bad6efae: 28 internal nodes; 1.7 s; peak memory 130 MiB.
2026-09-27T13:27:41Z INFO [12/500] 16933fec-c09b-437e-a1cc-d8c38c8608b7: 18 internal nodes; 0.8 s; peak memory 130 MiB.
2026-09-27T13:27:46Z INFO [13/500] 1693b920-f7ec-4d09-98fe-251f70590c24: 73 internal nodes; 4.7 s; peak memory 130 MiB.
2026-09-27T13:27:53Z INFO [14/500] 1693fe1d-1672-4fb7-8eaa-645c4ae37885: 234 internal nodes; 7.2 s; peak memory 132 MiB.
2026-09-27T13:27:57Z INFO [15/500] 1694aaf4-4ba3-473a-8672-af9bb263b9a7: 49 internal nodes; 3.4 s; peak memory 132 MiB.
2026-09-27T13:27:58Z INFO [16/500] 16963cae-7c64-462a-9481-a8cee0695239: 17 internal nodes; 0.9 s; peak memory 132 MiB.
2026-09-27T13:27:58Z INFO [17/500] 1696876e-93d6-4366-8a9d-6715ddf21d12: 17 internal nodes; 0.8 s; peak memory 132 MiB.
2026-09-27T13:27:59Z INFO [18/500] 1696ae56-a076-4e64-89f6-f00139966b0e: 17 internal nodes; 0.9 s; peak memory 132 MiB.
2026-09-27T13:28:01Z INFO [19/500] 1697cc9f-56fd-4908-bb75-026d9f63348a: 31 internal nodes; 1.4 s; peak memory 132 MiB.
2026-09-27T13:28:01Z INFO [20/500] 169886f2-c7b6-4c6d-a109-cc5678d869b1: 22 internal nodes; 0.6 s; peak memory 132 MiB.
2026-09-27T13:28:03Z INFO [21/500] 16989c88-2631-4c49-b787-eca3f30861a0: 35 internal nodes; 1.1 s; peak memory 132 MiB.
2026-09-27T13:28:03Z INFO [22/500] 16991f81-23b1-4675-b83e-318f397652a9: 17 internal nodes; 0.8 s; peak memory 132 MiB.
2026-09-27T13:28:04Z INFO [23/500] 16993431-283e-4795-8469-8908862d06d1: 26 internal nodes; 0.7 s; peak memory 133 MiB.
2026-09-27T13:28:05Z INFO [24/500] 16993ff8-af44-447c-933d-8c2d19f59f90: 11 internal nodes; 0.6 s; peak memory 133 MiB.
2026-09-27T13:28:06Z INFO [25/500] 169a480f-cd5d-42a3-a66a-cb0b6b8040d6: 63 internal nodes; 1.3 s; peak memory 133 MiB.
2026-09-27T13:28:07Z INFO [26/500] 169a52be-69c7-4693-8c60-e29f465b13cf: 17 internal nodes; 0.8 s; peak memory 133 MiB.
2026-09-27T13:28:08Z INFO [27/500] 169ac040-16b4-4962-83ef-0402b70957bc: 26 internal nodes; 1.0 s; peak memory 133 MiB.
2026-09-27T13:28:08Z INFO [28/500] 169bd98f-49a4-41f4-a7e1-c669e4bd3e5e: 26 internal nodes; 0.6 s; peak memory 133 MiB.
2026-09-27T13:28:09Z INFO [29/500] 169be166-06e8-450f-b1d5-1b5729eecf9e: 17 internal nodes; 1.0 s; peak memory 133 MiB.
2026-09-27T13:28:12Z INFO [30/500] 169d5b01-b742-4d9b-8cba-11c341fede94: 42 internal nodes; 2.4 s; peak memory 133 MiB.
2026-09-27T13:28:14Z INFO [31/500] 169d68e8-855f-490e-adc6-39d7a7bcd8ed: 42 internal nodes; 1.8 s; peak memory 133 MiB.
2026-09-27T13:28:29Z INFO [32/500] 169df90b-08a8-4411-a79f-d492ff2b4309: 329 internal nodes; 15.1 s; peak memory 154 MiB.
2026-09-27T13:28:29Z INFO [33/500] 169e9089-101d-45d1-b541-f54b83e67bb1: 26 internal nodes; 0.7 s; peak memory 154 MiB.
2026-09-27T13:28:30Z INFO [34/500] 169f43d1-7601-47df-a939-c2ffd600f964: 27 internal nodes; 1.0 s; peak memory 154 MiB.
2026-09-27T13:28:31Z INFO [35/500] 16a0f595-79df-41de-9daf-0afe3af004b7: 23 internal nodes; 0.9 s; peak memory 154 MiB.
2026-09-27T13:28:32Z INFO [36/500] 16a16cf9-c2b3-48e9-93e4-b7518837bc63: 13 internal nodes; 0.9 s; peak memory 154 MiB.
2026-09-27T13:28:36Z INFO [37/500] 16a1f2e0-00a5-405e-b6fc-aa1624b7fe1f: 125 internal nodes; 3.9 s; peak memory 154 MiB.
2026-09-27T13:28:43Z INFO [38/500] 16a2a3b4-d973-48ed-81fa-a07d141eb8c4: 156 internal nodes; 6.6 s; peak memory 154 MiB.
2026-09-27T13:28:49Z INFO [39/500] 16a2a626-43bb-4154-935a-7a4fc82a368a: 44 internal nodes; 6.5 s; peak memory 232 MiB.
2026-09-27T13:28:51Z INFO [40/500] 16a4cc06-ff3c-4ff7-ad4b-1a96043beaa7: 44 internal nodes; 2.2 s; peak memory 232 MiB.
2026-09-27T13:29:00Z INFO [41/500] 16a52a8b-3c45-4a57-acd9-360ef7f36cee: 228 internal nodes; 9.1 s; peak memory 240 MiB.
2026-09-27T13:29:02Z INFO [42/500] 16a677fb-edfc-4669-8b49-b5310cc0f939: 61 internal nodes; 1.1 s; peak memory 240 MiB.
2026-09-27T13:29:02Z INFO [43/500] 16a68d90-eec9-40ef-a569-274a9cab3310: 17 internal nodes; 0.9 s; peak memory 240 MiB.
2026-09-27T13:29:03Z INFO [44/500] 16a6dae9-51f5-4b44-a72c-65cf3702c3d3: 17 internal nodes; 0.9 s; peak memory 240 MiB.
2026-09-27T13:29:04Z INFO [45/500] 16a7053a-ff0c-4316-971d-9405da0a2be3: 11 internal nodes; 0.5 s; peak memory 240 MiB.
2026-09-27T13:29:06Z INFO [46/500] 16a77e90-a7d4-4c71-9392-05d46085d89d: 66 internal nodes; 2.0 s; peak memory 240 MiB.
2026-09-27T13:29:08Z INFO [47/500] 16a7f4f2-dbb1-406e-aca9-34535fefe530: 72 internal nodes; 1.7 s; peak memory 240 MiB.
2026-09-27T13:29:09Z INFO [48/500] 16a9728d-5a65-4d70-973f-bd678fd9b60d: 27 internal nodes; 1.0 s; peak memory 240 MiB.
2026-09-27T13:29:10Z INFO [49/500] 16a9bb69-9d27-41f9-a133-f0c15f4de157: 17 internal nodes; 0.9 s; peak memory 240 MiB.
2026-09-27T13:29:11Z INFO [50/500] 16aa682a-6077-453f-a7f2-c24c0ce180a4: 30 internal nodes; 1.2 s; peak memory 240 MiB.
2026-09-27T13:29:11Z INFO [50/500] 16aa682a-6077-453f-a7f2-c24c0ce180a4: checkpointed 56999 records.
2026-09-27T13:29:22Z INFO [51/500] 16aa73f3-fd83-492e-be7a-03447d9c6e6d: 237 internal nodes; 10.9 s; peak memory 242 MiB.
2026-09-27T13:29:30Z INFO [52/500] 16aaa9f4-483d-46c7-a292-dd11344664d4: 63 internal nodes; 8.1 s; peak memory 242 MiB.
2026-09-27T13:29:31Z INFO [53/500] 16abb126-b57a-458d-be22-d80748d35eee: 69 internal nodes; 1.4 s; peak memory 242 MiB.
2026-09-27T13:29:32Z INFO [54/500] 16abdfe6-505f-4049-8dc1-da6a1e0c6f60: 19 internal nodes; 1.0 s; peak memory 242 MiB.
2026-09-27T13:29:33Z INFO [55/500] 16ac06a1-1323-4a25-a2bf-083c9b6a2a35: 17 internal nodes; 0.9 s; peak memory 242 MiB.
2026-09-27T13:29:35Z INFO [56/500] 16ac07a8-9b1a-42e8-af99-2f699636f421: 107 internal nodes; 1.2 s; peak memory 242 MiB.
2026-09-27T13:29:36Z INFO [57/500] 16ac52b4-6811-440c-9ea4-fe787b9825b5: 53 internal nodes; 1.3 s; peak memory 242 MiB.
2026-09-27T13:29:51Z INFO [58/500] 16ac5aed-3eaf-4f31-a677-cb2dead7a5ab: 2474 internal nodes; 14.7 s; peak memory 301 MiB.
2026-09-27T13:29:53Z INFO [59/500] 16ac8a9e-2c5f-429e-a240-0cc3d44a2fd9: 27 internal nodes; 2.1 s; peak memory 301 MiB.
2026-09-27T13:29:54Z INFO [60/500] 16ace11e-2e77-43bc-9121-b0bde92a6132: 27 internal nodes; 1.3 s; peak memory 301 MiB.
2026-09-27T13:29:57Z INFO [61/500] 16ad69d2-a6cd-4c9d-a4fa-9a41d23f8ddf: 44 internal nodes; 2.7 s; peak memory 301 MiB.
2026-09-27T13:29:58Z INFO [62/500] 16ad8799-b9d0-45cc-a15b-0ab72906bc0e: 17 internal nodes; 1.0 s; peak memory 301 MiB.
2026-09-27T13:30:06Z INFO [63/500] 16ae7b7e-e21e-43d8-9593-1806b7973adc: 67 internal nodes; 8.0 s; peak memory 301 MiB.
2026-09-27T13:30:07Z INFO [64/500] 16aee368-1e2c-4b32-9d7f-c6e90e84c689: 26 internal nodes; 1.4 s; peak memory 301 MiB.
2026-09-27T13:30:07Z INFO [65/500] 16aeeec1-0b58-4e2c-baf0-aab90648c092: 13 internal nodes; 0.5 s; peak memory 301 MiB.
2026-09-27T13:30:08Z INFO [66/500] 16afcbc6-817b-4b0b-9ea7-6cba914a368d: 17 internal nodes; 0.8 s; peak memory 301 MiB.
2026-09-27T13:30:09Z INFO [67/500] 16b01afa-4b27-4410-b2ac-224fe96075fe: 17 internal nodes; 0.8 s; peak memory 301 MiB.
2026-09-27T13:30:10Z INFO [68/500] 16b0f0eb-5824-43bc-95b3-b838b8d993b7: 30 internal nodes; 1.2 s; peak memory 301 MiB.
2026-09-27T13:30:11Z INFO [69/500] 16b11de9-aba7-4610-993f-fd129ba40953: 114 internal nodes; 0.9 s; peak memory 301 MiB.
2026-09-27T13:30:17Z INFO [70/500] 16b2453a-4b9b-46bb-b827-62f01674c02a: 140 internal nodes; 5.4 s; peak memory 301 MiB.
2026-09-27T13:30:21Z INFO [71/500] 16b34087-bbe7-4b09-b4fb-3c5e8e24ffca: 208 internal nodes; 4.8 s; peak memory 301 MiB.
2026-09-27T13:30:23Z INFO [72/500] 16b421c3-ce42-49c1-94df-31ba55c638a0: 66 internal nodes; 1.4 s; peak memory 301 MiB.
2026-09-27T13:30:33Z INFO [73/500] 16b46d12-9f77-41b3-bf0d-cf2343734ee8: 2115 internal nodes; 9.9 s; peak memory 301 MiB.
2026-09-27T13:30:33Z INFO [74/500] 16b50cab-d6dd-456f-9814-56b2b2b7ea02: 13 internal nodes; 0.7 s; peak memory 301 MiB.
2026-09-27T13:30:34Z INFO [75/500] 16b73a32-5783-4b03-af4e-a1c1e8f33380: 27 internal nodes; 0.9 s; peak memory 301 MiB.
2026-09-27T13:30:35Z INFO [76/500] 16b7c3d1-33ec-4b8c-93a6-86bc9742604f: 17 internal nodes; 0.8 s; peak memory 301 MiB.
2026-09-27T13:30:37Z INFO [77/500] 16b7f424-6f21-49f0-88eb-9c4766c30491: 69 internal nodes; 1.6 s; peak memory 301 MiB.
2026-09-27T13:30:37Z INFO [78/500] 16b82375-68a1-4484-8101-9943a777cc44: 11 internal nodes; 0.6 s; peak memory 301 MiB.
2026-09-27T13:30:39Z INFO [79/500] 16b90e8e-b40a-4dfc-9dd4-e710316a1c54: 59 internal nodes; 1.7 s; peak memory 301 MiB.
2026-09-27T13:30:40Z INFO [80/500] 16ba30e0-eefa-4892-a2b0-2e1dd931840a: 26 internal nodes; 0.7 s; peak memory 301 MiB.
2026-09-27T13:30:41Z INFO [81/500] 16ba9593-2858-4afe-aa5c-8999a7f0e206: 19 internal nodes; 0.9 s; peak memory 301 MiB.
2026-09-27T13:30:41Z INFO [82/500] 16bae64b-028a-4422-a834-b3f4b90ebcf8: 26 internal nodes; 0.6 s; peak memory 301 MiB.
2026-09-27T13:30:42Z INFO [83/500] 16bbe59f-4ad9-4500-99c6-a3066457d354: 34 internal nodes; 0.9 s; peak memory 301 MiB.
2026-09-27T13:30:43Z INFO [84/500] 16bcc519-976c-4d4e-8eed-c1a04ce4ae76: 17 internal nodes; 0.7 s; peak memory 301 MiB.
2026-09-27T13:30:44Z INFO [85/500] 16bd0b4a-17c8-40d9-bf99-6832663544e3: 11 internal nodes; 0.6 s; peak memory 301 MiB.
2026-09-27T13:30:46Z INFO [86/500] 16bf2446-8c0f-466e-bb11-8e931ace2705: 60 internal nodes; 2.0 s; peak memory 301 MiB.
2026-09-27T13:30:54Z INFO [87/500] 16bf2c73-24cf-42ad-8a5e-f782e8390333: 82 internal nodes; 8.4 s; peak memory 301 MiB.
2026-09-27T13:31:02Z INFO [88/500] 16bfb91c-409b-40be-ad76-844cddf6c15b: 269 internal nodes; 8.1 s; peak memory 301 MiB.
2026-09-27T13:31:03Z INFO [89/500] 16c0102e-bbb9-4b6d-9580-2b5aa8d50c94: 22 internal nodes; 0.7 s; peak memory 301 MiB.
2026-09-27T13:31:07Z INFO [90/500] 16c01f03-bfac-4824-a2d0-2ae887474de5: 54 internal nodes; 4.7 s; peak memory 301 MiB.
2026-09-27T13:31:08Z INFO [91/500] 16c020e5-4371-4833-b4eb-0a3ff423859c: 17 internal nodes; 0.8 s; peak memory 301 MiB.
2026-09-27T13:31:09Z INFO [92/500] 16c07316-fe2c-4d9e-830a-0e7a45c69d79: 17 internal nodes; 0.9 s; peak memory 301 MiB.
2026-09-27T13:31:10Z INFO [93/500] 16c17f6f-ec92-40b8-8000-fb305f61d4f0: 91 internal nodes; 1.3 s; peak memory 301 MiB.
2026-09-27T13:31:11Z INFO [94/500] 16c1b6a4-55f8-4e8e-a98c-c2481a55b00b: 17 internal nodes; 0.9 s; peak memory 301 MiB.
2026-09-27T13:31:12Z INFO [95/500] 16c23c14-94ec-42d5-93f9-7774421ffaaa: 27 internal nodes; 1.2 s; peak memory 301 MiB.
2026-09-27T13:31:14Z INFO [96/500] 16c23f1d-2296-47c6-8442-dd72a453dfcf: 20 internal nodes; 1.2 s; peak memory 301 MiB.
2026-09-27T13:31:22Z INFO [97/500] 16c2dc26-64f0-442a-9c44-10cb3aad1fce: 1534 internal nodes; 8.5 s; peak memory 301 MiB.
2026-09-27T13:31:23Z INFO [98/500] 16c40565-a4f7-4557-9d95-4147ae2cab64: 31 internal nodes; 1.2 s; peak memory 301 MiB.
2026-09-27T13:31:24Z INFO [99/500] 16c4487b-bef1-492d-b028-fc6377ab908e: 17 internal nodes; 0.8 s; peak memory 301 MiB.
2026-09-27T13:31:25Z INFO [100/500] 16c44dc6-7d86-4b3a-886d-3584d17aa3cd: 83 internal nodes; 1.1 s; peak memory 301 MiB.
2026-09-27T13:31:26Z INFO [100/500] 16c44dc6-7d86-4b3a-886d-3584d17aa3cd: checkpointed 57049 records.
2026-09-27T13:31:26Z INFO [101/500] 16c5f89f-fc3b-4d9f-84f6-f6798b5bb9b5: 25 internal nodes; 1.0 s; peak memory 301 MiB.
2026-09-27T13:31:28Z INFO [102/500] 16c619f7-2c31-4093-babf-1210265a6693: 18 internal nodes; 1.1 s; peak memory 301 MiB.
2026-09-27T13:31:38Z INFO [103/500] 16c6ae9f-b997-49a7-a2a2-310d791f07c5: 75 internal nodes; 10.0 s; peak memory 301 MiB.
2026-09-27T13:31:47Z INFO [104/500] 16c80807-22ed-420e-9539-f62410c31a66: 311 internal nodes; 9.9 s; peak memory 301 MiB.
2026-09-27T13:31:48Z INFO [105/500] 16c85d77-175e-4ca5-af85-4328296370db: 28 internal nodes; 0.9 s; peak memory 301 MiB.
2026-09-27T13:31:50Z INFO [106/500] 16c8882d-31b7-4cbe-8d08-ba03e727716b: 27 internal nodes; 1.2 s; peak memory 301 MiB.
2026-09-27T13:31:51Z INFO [107/500] 16c8e77d-c596-4657-a624-8d8ccd11df57: 22 internal nodes; 1.2 s; peak memory 301 MiB.
2026-09-27T13:31:52Z INFO [108/500] 16c995a3-c7fa-4d71-b7fb-180f1a4c7c70: 65 internal nodes; 1.6 s; peak memory 301 MiB.
2026-09-27T13:31:54Z INFO [109/500] 16cab77f-9800-416d-af34-608dd257a296: 26 internal nodes; 1.4 s; peak memory 301 MiB.
2026-09-27T13:31:55Z INFO [110/500] 16cad92f-174e-4811-9882-42a3e6542086: 35 internal nodes; 0.8 s; peak memory 301 MiB.
2026-09-27T13:31:55Z INFO [111/500] 16caee7a-50aa-48f7-a368-6ce885138f2a: 17 internal nodes; 0.9 s; peak memory 301 MiB.
2026-09-27T13:31:56Z INFO [112/500] 16cb5531-5962-4fe8-a7b2-12cb692849d1: 18 internal nodes; 0.9 s; peak memory 301 MiB.
2026-09-27T13:31:57Z INFO [113/500] 16cbcb21-1471-4b8b-b215-ad6f827d820d: 17 internal nodes; 0.8 s; peak memory 301 MiB.
2026-09-27T13:32:02Z INFO [114/500] 16cbcf46-73ba-40dd-8b43-89f24c8f55bc: 73 internal nodes; 4.9 s; peak memory 301 MiB.
2026-09-27T13:32:03Z INFO [115/500] 16cc31d7-97ae-41be-a1d0-1ab56f384230: 17 internal nodes; 0.9 s; peak memory 301 MiB.
2026-09-27T13:32:10Z INFO [116/500] 16cc937f-7366-4b6a-9bc5-47c399185b56: 171 internal nodes; 6.8 s; peak memory 301 MiB.
2026-09-27T13:32:11Z INFO [117/500] 16cd10c9-2f73-41b1-ba58-0962f751c754: 17 internal nodes; 1.0 s; peak memory 301 MiB.
2026-09-27T13:32:11Z INFO [118/500] 16cd6846-e588-44c4-9062-79a0a99d3e4b: 17 internal nodes; 0.9 s; peak memory 301 MiB.
2026-09-27T13:32:12Z INFO [119/500] 16cd6d0a-8b37-40b0-8525-6a315ea6c5af: 27 internal nodes; 1.0 s; peak memory 301 MiB.
2026-09-27T13:32:14Z INFO [120/500] 16cf2e66-0c05-455c-925b-904dcff95f31: 60 internal nodes; 1.1 s; peak memory 301 MiB.
2026-09-27T13:32:15Z INFO [121/500] 16cf8175-dda5-4621-8042-447cd44efaee: 27 internal nodes; 1.2 s; peak memory 301 MiB.
2026-09-27T13:32:17Z INFO [122/500] 16cf8278-d84e-4206-a5d8-2e65d4833871: 37 internal nodes; 1.9 s; peak memory 301 MiB.
2026-09-27T13:32:18Z INFO [123/500] 16d16c3f-388e-4075-b78f-5c058fbed2a6: 19 internal nodes; 0.9 s; peak memory 301 MiB.
2026-09-27T13:32:19Z INFO [124/500] 16d1a4e2-1d51-46d4-95dc-9aa696b0cb0d: 60 internal nodes; 1.4 s; peak memory 301 MiB.
2026-09-27T13:32:20Z INFO [125/500] 16d24e47-7228-40b3-b081-a8776aad8348: 31 internal nodes; 1.3 s; peak memory 301 MiB.
2026-09-27T13:32:21Z INFO [126/500] 16d3abce-c247-4f30-9294-211bc8dfedda: 17 internal nodes; 0.9 s; peak memory 301 MiB.
2026-09-27T13:32:22Z INFO [127/500] 16d47a6b-4b58-482b-838a-67867df25ffa: 13 internal nodes; 0.8 s; peak memory 301 MiB.
2026-09-27T13:32:32Z INFO [128/500] 16d4ac88-aedb-4c0b-a762-6ca1a0fb554d: 71 internal nodes; 10.3 s; peak memory 301 MiB.
2026-09-27T13:32:33Z INFO [129/500] 16d592f6-1078-4aa6-b871-0a601dd7b64d: 17 internal nodes; 1.0 s; peak memory 301 MiB.
2026-09-27T13:32:34Z INFO [130/500] 16d5f608-fa8e-4964-92c7-8be5939fc28e: 17 internal nodes; 0.9 s; peak memory 301 MiB.
2026-09-27T13:32:35Z INFO [131/500] 16d61e15-87f1-4293-867b-1808103cd7dd: 86 internal nodes; 1.1 s; peak memory 301 MiB.
2026-09-27T13:32:37Z INFO [132/500] 16d6a818-c69c-4a9d-984d-293e199b7622: 69 internal nodes; 2.0 s; peak memory 301 MiB.
2026-09-27T13:32:38Z INFO [133/500] 16d6d903-dcd1-48eb-a4aa-5d6ba1869486: 17 internal nodes; 0.9 s; peak memory 301 MiB.
2026-09-27T13:32:40Z INFO [134/500] 16d6e97d-86dc-4528-a8f2-fa0b33f56e80: 36 internal nodes; 1.4 s; peak memory 301 MiB.
2026-09-27T13:32:45Z INFO [135/500] 16d778a8-cc41-4191-bb72-4b9dd7b8ef0f: 777 internal nodes; 5.5 s; peak memory 301 MiB.
2026-09-27T13:32:46Z INFO [136/500] 16d7795d-58db-4228-b97d-4456d347f60e: 27 internal nodes; 1.2 s; peak memory 301 MiB.
2026-09-27T13:32:47Z INFO [137/500] 16d787e0-2cb8-455d-9d43-f72a71dfb74d: 13 internal nodes; 0.7 s; peak memory 301 MiB.
2026-09-27T13:32:48Z INFO [138/500] 16d7aacc-3400-406a-b849-57f0a64b6497: 19 internal nodes; 1.0 s; peak memory 301 MiB.
2026-09-27T13:32:49Z INFO [139/500] 16d7e374-ca84-4a4b-a8b2-eb23c4c7415b: 29 internal nodes; 1.2 s; peak memory 301 MiB.
2026-09-27T13:32:50Z INFO [140/500] 16d8fd0d-1e60-4253-ad56-89a9777ac2b3: 31 internal nodes; 1.1 s; peak memory 301 MiB.
2026-09-27T13:32:52Z INFO [141/500] 16d93e3d-3525-4e0e-9ef9-5b2471975a23: 72 internal nodes; 1.9 s; peak memory 301 MiB.
2026-09-27T13:32:54Z INFO [142/500] 16d94471-cacb-4a03-adda-c7cb52c3cab1: 61 internal nodes; 1.3 s; peak memory 301 MiB.
2026-09-27T13:32:54Z INFO [143/500] 16d96963-81ac-4217-bf86-929a68475f00: 18 internal nodes; 0.8 s; peak memory 301 MiB.
2026-09-27T13:32:57Z INFO [144/500] 16d9cf0d-382c-404a-8eaa-363836284c72: 42 internal nodes; 2.3 s; peak memory 301 MiB.
2026-09-27T13:32:58Z INFO [145/500] 16db6dd5-c77c-4b60-bdd3-ab891da06d5f: 37 internal nodes; 1.4 s; peak memory 301 MiB.
2026-09-27T13:32:59Z INFO [146/500] 16db90e5-57bf-4bff-9ef6-c578758f427c: 27 internal nodes; 1.0 s; peak memory 301 MiB.
2026-09-27T13:33:00Z INFO [147/500] 16dbfa46-dc76-4233-bed3-1679c1549508: 17 internal nodes; 0.9 s; peak memory 301 MiB.
2026-09-27T13:33:01Z INFO [148/500] 16ddc64e-50e8-45e0-a8eb-0f884129ce44: 17 internal nodes; 0.8 s; peak memory 301 MiB.
2026-09-27T13:33:07Z INFO [149/500] 16ddf177-7217-43f0-a72b-725024757f54: 73 internal nodes; 5.7 s; peak memory 301 MiB.
2026-09-27T13:33:08Z INFO [150/500] 16de2397-9120-4b57-b2c6-02984aafdb21: 13 internal nodes; 1.0 s; peak memory 301 MiB.
2026-09-27T13:33:08Z INFO [150/500] 16de2397-9120-4b57-b2c6-02984aafdb21: checkpointed 57099 records.
2026-09-27T13:33:09Z INFO [151/500] 16def6e8-1fb6-4004-81b8-3d9ff8747e9f: 38 internal nodes; 1.3 s; peak memory 301 MiB.
2026-09-27T13:33:12Z INFO [152/500] 16df89ea-502d-4003-8dfc-b829d5caf095: 46 internal nodes; 2.7 s; peak memory 301 MiB.
2026-09-27T13:33:13Z INFO [153/500] 16e079f9-e21e-4e2e-909a-1bf06223af7d: 17 internal nodes; 0.8 s; peak memory 301 MiB.
2026-09-27T13:33:20Z INFO [154/500] 16e17a8d-4d41-419b-b295-06522c3df631: 183 internal nodes; 7.7 s; peak memory 301 MiB.
2026-09-27T13:33:22Z INFO [155/500] 16e1bc5d-4824-492b-8763-2ce01bf98ba1: 24 internal nodes; 1.6 s; peak memory 301 MiB.
2026-09-27T13:33:23Z INFO [156/500] 16e28231-61b0-481a-9d9d-b552c90f7c18: 27 internal nodes; 1.2 s; peak memory 301 MiB.
2026-09-27T13:33:24Z INFO [157/500] 16e29c42-5ac6-4c0d-a08c-275b819a261d: 18 internal nodes; 0.8 s; peak memory 301 MiB.
2026-09-27T13:33:32Z INFO [158/500] 16e2b093-4250-4220-9b31-9869be4f783f: 89 internal nodes; 8.4 s; peak memory 301 MiB.
2026-09-27T13:33:45Z INFO [159/500] 16e4c3bc-f4f6-48ed-b123-4ea1054808ac: 244 internal nodes; 12.4 s; peak memory 301 MiB.
2026-09-27T13:33:46Z INFO [160/500] 16e5cf32-2c6b-4ac9-b681-426d98917065: 17 internal nodes; 1.0 s; peak memory 301 MiB.
2026-09-27T13:33:47Z INFO [161/500] 16e637f2-5dfa-4dc4-9117-5ae31a35147a: 17 internal nodes; 0.8 s; peak memory 301 MiB.
2026-09-27T13:33:48Z INFO [162/500] 16e643cb-6c76-4ca7-b718-d4ef6bfbc8f1: 31 internal nodes; 1.5 s; peak memory 301 MiB.
2026-09-27T13:33:49Z INFO [163/500] 16e69a3b-983e-4841-9ae9-86457bd88ef0: 28 internal nodes; 0.8 s; peak memory 301 MiB.
2026-09-27T13:33:50Z INFO [164/500] 16e7c07c-19b1-435e-832e-8178fc234c80: 27 internal nodes; 1.0 s; peak memory 301 MiB.
2026-09-27T13:34:00Z INFO [165/500] 16e7eb9e-99d8-4f16-99eb-e0e61c29f2a9: 320 internal nodes; 9.9 s; peak memory 301 MiB.
2026-09-27T13:34:01Z INFO [166/500] 16e80ca8-07be-461a-9c50-070b89f499db: 17 internal nodes; 0.9 s; peak memory 301 MiB.
2026-09-27T13:34:01Z INFO [167/500] 16e81e36-b3a5-48c3-80eb-b8915361c5bd: 11 internal nodes; 0.7 s; peak memory 301 MiB.
2026-09-27T13:34:02Z INFO [168/500] 16e8cca0-140b-4cc0-a5f3-0aa7f5a8c79c: 27 internal nodes; 1.0 s; peak memory 301 MiB.
2026-09-27T13:34:04Z INFO [169/500] 16ea4fe6-d1aa-495a-a5f7-024722ca01d2: 63 internal nodes; 1.5 s; peak memory 301 MiB.
2026-09-27T13:34:05Z INFO [170/500] 16eb6ae8-137a-4acc-a079-5ddc9398abb4: 11 internal nodes; 0.9 s; peak memory 301 MiB.
2026-09-27T13:34:06Z INFO [171/500] 16eb7138-1f93-4d61-a9ae-fe479ca33a3b: 31 internal nodes; 1.1 s; peak memory 301 MiB.
2026-09-27T13:34:07Z INFO [172/500] 16ede2e0-0f09-4e1b-a324-1fd6ec9e79bb: 17 internal nodes; 0.9 s; peak memory 301 MiB.
2026-09-27T13:34:07Z INFO [173/500] 16eeb847-250b-4ace-b945-cf7808e25d79: 19 internal nodes; 0.6 s; peak memory 301 MiB.
2026-09-27T13:34:08Z INFO [174/500] 16eef399-f66e-4e5f-be03-f057c3e4ddf9: 11 internal nodes; 0.7 s; peak memory 301 MiB.
2026-09-27T13:34:09Z INFO [175/500] 16f08fdd-e5f4-4443-ac1b-6db452b6966a: 31 internal nodes; 1.3 s; peak memory 301 MiB.
2026-09-27T13:34:14Z INFO [176/500] 16f0df83-5c5f-483c-8931-44fbbfa1e553: 73 internal nodes; 4.6 s; peak memory 301 MiB.
2026-09-27T13:34:15Z INFO [177/500] 16f1cff3-d741-408b-85d4-d053b14f0db8: 63 internal nodes; 1.3 s; peak memory 301 MiB.
2026-09-27T13:34:16Z INFO [178/500] 16f22901-6602-4315-b000-a04ba27af32d: 27 internal nodes; 1.1 s; peak memory 301 MiB.
2026-09-27T13:34:17Z INFO [179/500] 16f2cb0b-adbb-4a47-a070-eaad1870c8b1: 27 internal nodes; 0.9 s; peak memory 301 MiB.
2026-09-27T13:34:19Z INFO [180/500] 16f33f21-5e81-489d-a9dc-084d0530b758: 44 internal nodes; 2.3 s; peak memory 301 MiB.
2026-09-27T13:34:20Z INFO [181/500] 16f446b7-ebaa-4fae-af14-d27e8f7bf9c7: 12 internal nodes; 0.9 s; peak memory 301 MiB.
2026-09-27T13:34:21Z INFO [182/500] 16f4671f-26e3-437a-a970-367c0be4cef4: 11 internal nodes; 0.6 s; peak memory 301 MiB.
2026-09-27T13:34:24Z INFO [183/500] 16f47af7-849f-485f-af66-c67e409c18b9: 53 internal nodes; 3.3 s; peak memory 301 MiB.
2026-09-27T13:34:27Z INFO [184/500] 16f52aa3-38e1-46da-8ba9-9cfd234b7ef6: 44 internal nodes; 2.3 s; peak memory 301 MiB.
2026-09-27T13:34:28Z INFO [185/500] 16f6461d-b7f0-41d1-94c5-39ea5c75b4d1: 32 internal nodes; 1.6 s; peak memory 301 MiB.
2026-09-27T13:34:30Z INFO [186/500] 16f66b04-b30e-428e-afdd-a1f99955be58: 38 internal nodes; 1.4 s; peak memory 301 MiB.
2026-09-27T13:34:36Z INFO [187/500] 16f7e9ff-9004-4578-aeb7-c1326d42efe2: 177 internal nodes; 6.0 s; peak memory 301 MiB.
2026-09-27T13:34:36Z INFO [188/500] 16f8367a-1052-4c1c-a7f1-eb1f095f9f09: 17 internal nodes; 0.9 s; peak memory 301 MiB.
2026-09-27T13:34:37Z INFO [189/500] 16f8cec3-9bab-42c3-ba5a-f107cc391f67: 17 internal nodes; 0.9 s; peak memory 301 MiB.
2026-09-27T13:34:38Z INFO [190/500] 16f90fcc-12ca-4751-9dc1-2149ba05bbe8: 27 internal nodes; 1.1 s; peak memory 301 MiB.
2026-09-27T13:34:41Z INFO [191/500] 16f9e56a-17c0-4f2d-a392-4bb485a83210: 50 internal nodes; 2.4 s; peak memory 301 MiB.
2026-09-27T13:34:42Z INFO [192/500] 16f9e809-b5e1-416e-9862-7d6a82af7d20: 116 internal nodes; 1.3 s; peak memory 301 MiB.
2026-09-27T13:34:51Z INFO [193/500] 16f9f41f-0113-44b2-80dd-01d923123b56: 236 internal nodes; 8.4 s; peak memory 301 MiB.
2026-09-27T13:34:51Z INFO [194/500] 16f9f73f-3126-4f24-9683-ce378efe026a: 13 internal nodes; 1.0 s; peak memory 301 MiB.
2026-09-27T13:34:53Z INFO [195/500] 16fa010d-e0c1-48fd-99b5-1279722bf410: 66 internal nodes; 1.8 s; peak memory 301 MiB.
2026-09-27T13:34:56Z INFO [196/500] 16fa029b-ab60-46e4-9e9c-28dd645c5b27: 41 internal nodes; 3.0 s; peak memory 301 MiB.
2026-09-27T13:34:57Z INFO [197/500] 16fa4f83-dc82-4ec2-a796-f944c3726b9a: 17 internal nodes; 0.9 s; peak memory 301 MiB.
2026-09-27T13:35:05Z INFO [198/500] 16fb1213-350d-4db4-971a-0e94fb57d72b: 157 internal nodes; 7.5 s; peak memory 301 MiB.
2026-09-27T13:35:10Z INFO [199/500] 16fb38f4-3f4b-4e96-97d3-2fa66fdc43c6: 203 internal nodes; 4.9 s; peak memory 301 MiB.
2026-09-27T13:35:11Z INFO [200/500] 16fb8007-aec4-45d9-b78d-dedb56c37d00: 17 internal nodes; 1.0 s; peak memory 301 MiB.
2026-09-27T13:35:11Z INFO [200/500] 16fb8007-aec4-45d9-b78d-dedb56c37d00: checkpointed 57149 records.
2026-09-27T13:35:12Z INFO [201/500] 16fc44e0-6966-491f-933f-cef16968da75: 17 internal nodes; 0.9 s; peak memory 301 MiB.
2026-09-27T13:35:13Z INFO [202/500] 16fd4e6c-c480-43ad-b426-f61c593adea4: 30 internal nodes; 1.3 s; peak memory 301 MiB.
2026-09-27T13:35:14Z INFO [203/500] 16fd70c6-a7ef-47eb-bd4a-6df522f3d67e: 17 internal nodes; 0.8 s; peak memory 301 MiB.
2026-09-27T13:35:15Z INFO [204/500] 16fdb0c0-f9e5-4d51-8f8e-5ca279baba3a: 27 internal nodes; 1.6 s; peak memory 301 MiB.
2026-09-27T13:35:16Z INFO [205/500] 16fdbd6a-e3b3-498a-9196-bcb990a52556: 19 internal nodes; 0.8 s; peak memory 301 MiB.
2026-09-27T13:35:18Z INFO [206/500] 16fe7e1e-c790-459e-9099-daed4010b0c3: 28 internal nodes; 1.4 s; peak memory 301 MiB.
2026-09-27T13:35:18Z INFO [207/500] 16ff3aea-778a-4b5d-ae23-5f1f4db21850: 27 internal nodes; 0.9 s; peak memory 301 MiB.
2026-09-27T13:35:25Z INFO [208/500] 16ffd493-2317-4c10-9c87-394c2df5db8a: 73 internal nodes; 6.1 s; peak memory 301 MiB.
2026-09-27T13:35:25Z INFO [209/500] 16fffe19-d6cd-4ad9-a9e8-30269dc13588: 11 internal nodes; 0.6 s; peak memory 301 MiB.
2026-09-27T13:35:26Z INFO [210/500] 17011937-0226-45e9-b0a9-579caba4ea29: 17 internal nodes; 0.8 s; peak memory 301 MiB.
2026-09-27T13:35:27Z INFO [211/500] 170184de-f5da-4c4c-9ae1-d7a0c7c2677d: 95 internal nodes; 1.4 s; peak memory 301 MiB.
2026-09-27T13:35:29Z INFO [212/500] 1701da6e-8645-4a86-958c-ceddfb0137fe: 31 internal nodes; 1.1 s; peak memory 301 MiB.
2026-09-27T13:35:29Z INFO [213/500] 17029fe3-8f60-40e7-9ddd-1035859daa16: 17 internal nodes; 0.8 s; peak memory 301 MiB.
2026-09-27T13:35:31Z INFO [214/500] 1704fe19-0dcd-4f9a-bae0-d6213529cbbb: 27 internal nodes; 1.3 s; peak memory 301 MiB.
2026-09-27T13:35:33Z INFO [215/500] 17050b63-db6d-41d9-bf32-27cee314e462: 42 internal nodes; 2.4 s; peak memory 301 MiB.
2026-09-27T13:35:35Z INFO [216/500] 17055fb1-ca02-4958-86c1-86ed28876dff: 26 internal nodes; 1.6 s; peak memory 301 MiB.
2026-09-27T13:35:35Z INFO [217/500] 17068cf4-6744-4a9f-a446-9d420d85126a: 11 internal nodes; 0.5 s; peak memory 301 MiB.
2026-09-27T13:35:42Z INFO [218/500] 17081cf1-c2d7-4af3-802f-1d60ab0549e7: 106 internal nodes; 7.2 s; peak memory 301 MiB.
2026-09-27T13:35:53Z INFO [219/500] 1708ca32-6bcd-49e4-aa28-70e66147126a: 2206 internal nodes; 10.4 s; peak memory 301 MiB.
2026-09-27T13:35:54Z INFO [220/500] 17094b4b-415f-4d7a-aa3f-af21230de64b: 17 internal nodes; 0.9 s; peak memory 301 MiB.
2026-09-27T13:35:56Z INFO [221/500] 17098bc5-a014-40f7-95ae-97853ca6b46b: 44 internal nodes; 2.6 s; peak memory 301 MiB.
2026-09-27T13:35:58Z INFO [222/500] 170b8624-8516-487c-9ef9-9529362b156d: 31 internal nodes; 1.6 s; peak memory 301 MiB.
2026-09-27T13:35:59Z INFO [223/500] 170c1f24-1255-463b-b928-72009feed337: 27 internal nodes; 1.2 s; peak memory 301 MiB.
2026-09-27T13:36:00Z INFO [224/500] 170c5f6f-e9e5-4a8b-be87-4eba8e51a20c: 27 internal nodes; 1.0 s; peak memory 301 MiB.
2026-09-27T13:36:07Z INFO [225/500] 170d31a2-3418-4216-a82b-c20299e66d5c: 206 internal nodes; 7.3 s; peak memory 301 MiB.
2026-09-27T13:36:09Z INFO [226/500] 170f93e8-9674-4592-9b06-2b5d8435d432: 31 internal nodes; 1.8 s; peak memory 301 MiB.
2026-09-27T13:36:10Z INFO [227/500] 17100db0-b419-45ae-a347-21800721a944: 53 internal nodes; 1.3 s; peak memory 301 MiB.
2026-09-27T13:36:15Z INFO [228/500] 17109dc8-fcdc-417f-8aee-4f645f84fc77: 73 internal nodes; 4.5 s; peak memory 301 MiB.
2026-09-27T13:36:20Z INFO [229/500] 1710edf3-97d6-4efa-9865-c57a34183ab5: 41 internal nodes; 4.9 s; peak memory 301 MiB.
2026-09-27T13:36:21Z INFO [230/500] 171100c8-e4e8-4d63-ab03-865228e54cfd: 27 internal nodes; 1.1 s; peak memory 301 MiB.
2026-09-27T13:36:22Z INFO [231/500] 17113eae-9ef4-4536-8c96-a12423645bf0: 26 internal nodes; 0.7 s; peak memory 301 MiB.
2026-09-27T13:36:23Z INFO [232/500] 17115e37-7354-44f9-ace8-9cbff3061192: 27 internal nodes; 1.0 s; peak memory 301 MiB.
2026-09-27T13:36:23Z INFO [233/500] 171292b5-c2ee-4a9c-a1a2-ef02c2e6f145: 18 internal nodes; 0.6 s; peak memory 301 MiB.
2026-09-27T13:36:24Z INFO [234/500] 1712c77f-16e6-4a7f-b15c-5fa0217300be: 27 internal nodes; 0.7 s; peak memory 301 MiB.
2026-09-27T13:36:25Z INFO [235/500] 17131c89-7c3a-41c5-8f92-eb371f8f8afb: 21 internal nodes; 1.0 s; peak memory 301 MiB.
2026-09-27T13:36:26Z INFO [236/500] 17133e1c-056e-41db-9934-b24494781d57: 13 internal nodes; 1.0 s; peak memory 301 MiB.
2026-09-27T13:36:27Z INFO [237/500] 171397db-e006-4b58-9cf7-d8810b6f04f7: 17 internal nodes; 1.0 s; peak memory 301 MiB.
2026-09-27T13:36:28Z INFO [238/500] 17147897-4caa-49f1-90e8-654edc8a4b29: 31 internal nodes; 1.3 s; peak memory 301 MiB.
2026-09-27T13:36:29Z INFO [239/500] 17149afa-4cc8-4065-b139-b4a2808e8138: 17 internal nodes; 0.9 s; peak memory 301 MiB.
2026-09-27T13:36:30Z INFO [240/500] 1714b1aa-2494-4cfd-bb3d-f8a6950ef6c2: 23 internal nodes; 1.3 s; peak memory 301 MiB.
2026-09-27T13:36:32Z INFO [241/500] 1714f4ce-3812-4771-99e3-6ea5753c84f1: 37 internal nodes; 1.5 s; peak memory 301 MiB.
2026-09-27T13:36:35Z INFO [242/500] 17158e27-dcf4-4eca-8f41-21e74c9bade9: 41 internal nodes; 3.0 s; peak memory 301 MiB.
2026-09-27T13:36:37Z INFO [243/500] 1715a5bd-7b74-49df-bdaa-2d2019b5faee: 44 internal nodes; 2.1 s; peak memory 301 MiB.
2026-09-27T13:36:38Z INFO [244/500] 1716a054-38ea-41e6-ad84-ce8bdc47a376: 15 internal nodes; 0.8 s; peak memory 301 MiB.
2026-09-27T13:36:39Z INFO [245/500] 171840ed-4e94-4306-b6e4-e070ab3775d9: 63 internal nodes; 1.6 s; peak memory 301 MiB.
2026-09-27T13:36:40Z INFO [246/500] 17186424-f2e1-44fd-bebf-3f2e084da439: 90 internal nodes; 1.0 s; peak memory 301 MiB.
2026-09-27T13:36:41Z INFO [247/500] 17187e5b-e245-4a49-a096-b999bed0f326: 17 internal nodes; 0.9 s; peak memory 301 MiB.
2026-09-27T13:36:42Z INFO [248/500] 17193646-8dc3-4d4b-9f02-f248839bedec: 19 internal nodes; 1.0 s; peak memory 301 MiB.
2026-09-27T13:36:43Z INFO [249/500] 1719a697-9128-42af-aa5c-d6d14f4572b4: 27 internal nodes; 1.2 s; peak memory 301 MiB.
2026-09-27T13:36:44Z INFO [250/500] 171a0054-487a-491d-8040-69abee83dbbf: 27 internal nodes; 1.0 s; peak memory 301 MiB.
2026-09-27T13:36:45Z INFO [250/500] 171a0054-487a-491d-8040-69abee83dbbf: checkpointed 57199 records.
2026-09-27T13:36:46Z INFO [251/500] 171b88cd-5b76-40ce-9536-934574578c9a: 30 internal nodes; 1.2 s; peak memory 301 MiB.
2026-09-27T13:36:51Z INFO [252/500] 171c4bbf-d8df-40a9-8093-0a03dc44d11b: 55 internal nodes; 5.2 s; peak memory 301 MiB.
2026-09-27T13:36:52Z INFO [253/500] 171ca904-d97e-4a47-8b38-42f8e38dbdf0: 31 internal nodes; 1.3 s; peak memory 301 MiB.
2026-09-27T13:36:53Z INFO [254/500] 171d031e-5c9d-478e-a969-ba003a36e6cd: 17 internal nodes; 0.9 s; peak memory 301 MiB.
2026-09-27T13:36:56Z INFO [255/500] 171e489c-7ef0-4a69-9d57-7121588af18a: 46 internal nodes; 3.1 s; peak memory 301 MiB.
2026-09-27T13:36:57Z INFO [256/500] 171ec691-9ed0-4016-9a9d-9376032c104a: 26 internal nodes; 0.7 s; peak memory 301 MiB.
2026-09-27T13:36:58Z INFO [257/500] 171f0e82-fb45-4d84-b18f-9fca6e2c8b49: 27 internal nodes; 1.1 s; peak memory 301 MiB.
2026-09-27T13:36:59Z INFO [258/500] 171f4560-e698-4574-9556-edd93a013b81: 17 internal nodes; 0.9 s; peak memory 301 MiB.
2026-09-27T13:37:00Z INFO [259/500] 171fd9b3-2a95-46e5-84be-1a372ee1ad7f: 17 internal nodes; 0.7 s; peak memory 301 MiB.
2026-09-27T13:37:04Z INFO [260/500] 172043c8-e41c-4ee9-90b2-a6d6ee168c5c: 112 internal nodes; 4.6 s; peak memory 301 MiB.
2026-09-27T13:37:06Z INFO [261/500] 17208a1b-6da6-4dc5-81af-71179c2976cd: 59 internal nodes; 1.9 s; peak memory 301 MiB.
2026-09-27T13:37:08Z INFO [262/500] 1721c212-3163-479b-8a40-56ed13ee3515: 30 internal nodes; 1.5 s; peak memory 301 MiB.
2026-09-27T13:37:08Z INFO [263/500] 1721fc30-aa14-445b-ac63-b95985abc6cb: 17 internal nodes; 0.8 s; peak memory 301 MiB.
2026-09-27T13:37:18Z INFO [264/500] 1722020f-21ab-4599-878f-0e255d5af4b3: 166 internal nodes; 9.9 s; peak memory 301 MiB.
2026-09-27T13:37:19Z INFO [265/500] 17221292-7ba5-4aaa-9a1b-5775ac9fbbb1: 27 internal nodes; 1.1 s; peak memory 301 MiB.
2026-09-27T13:37:23Z INFO [266/500] 17223b2a-4faa-4ae5-9133-0db64b3283a5: 35 internal nodes; 3.4 s; peak memory 301 MiB.
2026-09-27T13:37:25Z INFO [267/500] 17224634-aaae-4708-a49f-c2257f4fdcff: 44 internal nodes; 2.3 s; peak memory 301 MiB.
2026-09-27T13:37:26Z INFO [268/500] 17228ad9-3a4c-4a18-a1e0-f9303784ae22: 53 internal nodes; 1.2 s; peak memory 301 MiB.
2026-09-27T13:37:27Z INFO [269/500] 172306ee-bb05-4579-a3bb-b064cce18429: 21 internal nodes; 0.7 s; peak memory 301 MiB.
2026-09-27T13:37:30Z INFO [270/500] 172393e2-312b-4f1f-a9a4-78fc9140a34e: 46 internal nodes; 2.8 s; peak memory 301 MiB.
2026-09-27T13:37:31Z INFO [271/500] 1723e3df-9fb1-4bf2-b36d-0e38f3ee9bd5: 27 internal nodes; 1.0 s; peak memory 301 MiB.
2026-09-27T13:37:33Z INFO [272/500] 17241e2a-a8be-4db1-ad7b-bb0b0e09c58f: 49 internal nodes; 2.2 s; peak memory 301 MiB.
2026-09-27T13:37:34Z INFO [273/500] 17248d33-e3b6-4a4f-92ab-815cb69f1282: 26 internal nodes; 1.4 s; peak memory 301 MiB.
2026-09-27T13:37:36Z INFO [274/500] 17249c89-ea94-45d4-8cb6-fa83b8f0bda8: 31 internal nodes; 1.2 s; peak memory 301 MiB.
2026-09-27T13:37:36Z INFO [275/500] 1725975c-6aa2-402b-a469-d46b313a3e02: 11 internal nodes; 0.7 s; peak memory 301 MiB.
2026-09-27T13:37:37Z INFO [276/500] 1725f7b1-6fea-4109-968a-ac5adf30431e: 27 internal nodes; 0.9 s; peak memory 301 MiB.
2026-09-27T13:37:38Z INFO [277/500] 17260770-3a27-437f-b2e8-32d332b8e864: 115 internal nodes; 1.2 s; peak memory 301 MiB.
2026-09-27T13:37:39Z INFO [278/500] 17265442-a5a0-4193-9ae4-f3e025656626: 17 internal nodes; 0.9 s; peak memory 301 MiB.
2026-09-27T13:37:41Z INFO [279/500] 1726df88-4747-4fd0-b075-3f7c784f6401: 39 internal nodes; 1.4 s; peak memory 301 MiB.
2026-09-27T13:37:42Z INFO [280/500] 1726f7ce-09c4-4d39-b4d3-634bee7f5f60: 59 internal nodes; 1.6 s; peak memory 301 MiB.
2026-09-27T13:37:43Z INFO [281/500] 1727fc6d-75da-4398-99a1-ad240946640d: 17 internal nodes; 1.0 s; peak memory 301 MiB.
2026-09-27T13:37:44Z INFO [282/500] 17286f8a-8fdd-4fb2-acce-c2c451ddadc2: 17 internal nodes; 0.9 s; peak memory 301 MiB.
2026-09-27T13:37:45Z INFO [283/500] 17290a20-3e67-4c1d-bc25-0b45e4bd338a: 17 internal nodes; 0.9 s; peak memory 301 MiB.
2026-09-27T13:37:46Z INFO [284/500] 1729deff-f342-437d-afb7-28d9ed874aac: 27 internal nodes; 1.2 s; peak memory 301 MiB.
2026-09-27T13:37:48Z INFO [285/500] 1729e202-d0d3-49e0-ab7a-58cac6943046: 39 internal nodes; 1.6 s; peak memory 301 MiB.
2026-09-27T13:37:48Z INFO [286/500] 172a6c39-bd1d-4c89-ab81-609b69b3e025: 26 internal nodes; 0.7 s; peak memory 301 MiB.
2026-09-27T13:37:49Z INFO [287/500] 172ac043-753a-43c8-a17d-f7488c7829f2: 17 internal nodes; 0.9 s; peak memory 301 MiB.
2026-09-27T13:37:50Z INFO [288/500] 172acc37-a58d-4465-8a23-1f6656965b3a: 19 internal nodes; 0.7 s; peak memory 301 MiB.
2026-09-27T13:38:39Z INFO [289/500] 172ba2f3-da01-4ba2-a5bd-f21b3aceb99a: 3099 internal nodes; 48.8 s; peak memory 365 MiB.
2026-09-27T13:38:40Z INFO [290/500] 172c4d66-27b6-4f5a-bef9-8dad968a65c7: 27 internal nodes; 1.0 s; peak memory 365 MiB.
2026-09-27T13:38:41Z INFO [291/500] 172c9a2a-ee35-4d29-9077-ead7501f47ca: 22 internal nodes; 1.1 s; peak memory 365 MiB.
2026-09-27T13:38:43Z INFO [292/500] 172ccb81-748c-4bfd-bba6-ce21d9eb42d4: 59 internal nodes; 1.8 s; peak memory 365 MiB.
2026-09-27T13:38:44Z INFO [293/500] 172ce6f1-6e72-4e15-932a-c0e3a5648971: 63 internal nodes; 1.2 s; peak memory 365 MiB.
2026-09-27T13:38:53Z INFO [294/500] 172ceecd-3a5f-46b1-bd77-fe478accb087: 254 internal nodes; 9.2 s; peak memory 365 MiB.
2026-09-27T13:38:54Z INFO [295/500] 172de3c7-0d94-4e5d-952c-de3b0178ac84: 27 internal nodes; 1.0 s; peak memory 365 MiB.
2026-09-27T13:39:07Z INFO [296/500] 172e369f-8474-4e16-8c96-c4326354f587: 137 internal nodes; 13.3 s; peak memory 365 MiB.
2026-09-27T13:39:09Z INFO [297/500] 172e600e-c068-4fb3-bcab-4e757d027d29: 90 internal nodes; 1.3 s; peak memory 365 MiB.
2026-09-27T13:39:10Z INFO [298/500] 172ee144-ce7b-4a02-865c-b596b457f99f: 59 internal nodes; 1.5 s; peak memory 365 MiB.
2026-09-27T13:39:12Z INFO [299/500] 172f2506-1805-4eeb-94ae-4681eedd4de9: 29 internal nodes; 1.5 s; peak memory 365 MiB.
2026-09-27T13:39:13Z INFO [300/500] 172fcfc5-7055-4044-b8a8-7943e6edeff6: 29 internal nodes; 1.5 s; peak memory 365 MiB.
2026-09-27T13:39:13Z INFO [300/500] 172fcfc5-7055-4044-b8a8-7943e6edeff6: checkpointed 57249 records.
2026-09-27T13:39:14Z INFO [301/500] 172fda0b-bcc2-4f71-a62c-5a0f248f4e07: 17 internal nodes; 0.9 s; peak memory 365 MiB.
2026-09-27T13:39:15Z INFO [302/500] 172ffc57-8992-4013-b10b-fff16f654c02: 116 internal nodes; 1.0 s; peak memory 365 MiB.
2026-09-27T13:39:16Z INFO [303/500] 173096b7-ae08-4a18-b239-376fe9f50b27: 20 internal nodes; 0.6 s; peak memory 365 MiB.
2026-09-27T13:39:17Z INFO [304/500] 17317ef3-195f-4ad5-9944-9376571019f2: 31 internal nodes; 1.3 s; peak memory 365 MiB.
2026-09-27T13:39:18Z INFO [305/500] 1731d9eb-a003-411f-9d49-bb4fe3efc290: 28 internal nodes; 1.2 s; peak memory 365 MiB.
2026-09-27T13:39:19Z INFO [306/500] 1731db14-c2cf-4f46-b2ec-b96f89aaf992: 19 internal nodes; 0.9 s; peak memory 365 MiB.
2026-09-27T13:39:20Z INFO [307/500] 17324745-9786-4f63-92e4-50e77ab9d5c8: 27 internal nodes; 1.1 s; peak memory 365 MiB.
2026-09-27T13:39:22Z INFO [308/500] 1733411d-95fc-48e2-ad3c-c88c4a616fdf: 66 internal nodes; 1.7 s; peak memory 365 MiB.
2026-09-27T13:39:27Z INFO [309/500] 17339942-54df-4bbe-b8b1-414961634e4d: 67 internal nodes; 5.0 s; peak memory 365 MiB.
2026-09-27T13:39:29Z INFO [310/500] 17344193-29ce-49ae-9394-bacbe8e9a369: 103 internal nodes; 1.4 s; peak memory 365 MiB.
2026-09-27T13:39:37Z INFO [311/500] 173444cb-2ed5-4183-b1fe-0f27619b2eac: 114 internal nodes; 8.7 s; peak memory 365 MiB.
2026-09-27T13:39:38Z INFO [312/500] 1734d3dd-c6e7-4ae2-86b6-d5abb5b1a770: 27 internal nodes; 1.2 s; peak memory 365 MiB.
2026-09-27T13:39:40Z INFO [313/500] 1734e4fd-5ff7-46ef-9425-e5e4204ab250: 26 internal nodes; 1.1 s; peak memory 365 MiB.
2026-09-27T13:39:41Z INFO [314/500] 17353a21-fd0b-498a-844e-7ab8b2c9e9c7: 17 internal nodes; 1.0 s; peak memory 365 MiB.
2026-09-27T13:39:42Z INFO [315/500] 173584ec-0dac-40e2-a40d-e4ea9ea05dc2: 22 internal nodes; 1.1 s; peak memory 365 MiB.
2026-09-27T13:39:43Z INFO [316/500] 17358a6f-54f1-4c86-b6bf-489ea491804e: 54 internal nodes; 1.4 s; peak memory 365 MiB.
2026-09-27T13:39:44Z INFO [317/500] 17358f1d-c00a-4664-83c0-734fc21023ad: 16 internal nodes; 0.8 s; peak memory 365 MiB.
2026-09-27T13:39:45Z INFO [318/500] 1735ab16-6d27-43c2-b53a-735f64a85a00: 24 internal nodes; 0.9 s; peak memory 365 MiB.
2026-09-27T13:39:46Z INFO [319/500] 1735ff13-b985-4c7c-b1f8-a96bd32c1c4a: 39 internal nodes; 1.5 s; peak memory 365 MiB.
2026-09-27T13:39:47Z INFO [320/500] 173635a7-89c4-418a-a457-53241f9f1be7: 27 internal nodes; 1.2 s; peak memory 365 MiB.
2026-09-27T13:39:51Z INFO [321/500] 173738bc-35c8-451c-b9c4-ef15df1937f6: 51 internal nodes; 3.3 s; peak memory 365 MiB.
2026-09-27T13:39:52Z INFO [322/500] 1737adef-5dbd-49ff-ad02-683a730ae4ea: 27 internal nodes; 1.1 s; peak memory 365 MiB.
2026-09-27T13:39:53Z INFO [323/500] 1737ae8f-c394-4d73-a87d-2407b5d9b906: 58 internal nodes; 1.2 s; peak memory 365 MiB.
2026-09-27T13:39:54Z INFO [324/500] 1737f622-2fb7-4705-a373-3858055c24fa: 17 internal nodes; 1.0 s; peak memory 365 MiB.
2026-09-27T13:39:55Z INFO [325/500] 17385c2e-dded-424f-bc26-885c1ba1804d: 27 internal nodes; 1.3 s; peak memory 365 MiB.
2026-09-27T13:39:56Z INFO [326/500] 1738d236-1f53-4cc7-a087-3f3601b367c2: 27 internal nodes; 1.2 s; peak memory 365 MiB.
2026-09-27T13:39:57Z INFO [327/500] 173924d7-69fe-47e3-a2a8-cb74d48f1689: 17 internal nodes; 0.9 s; peak memory 365 MiB.
2026-09-27T13:39:58Z INFO [328/500] 1739c7c0-7795-44ad-ab52-c4b8f3dcb7d1: 19 internal nodes; 0.9 s; peak memory 365 MiB.
2026-09-27T13:39:59Z INFO [329/500] 1739fdcf-0dc0-4abd-9a42-95e2ae549a9b: 27 internal nodes; 1.2 s; peak memory 365 MiB.
2026-09-27T13:40:00Z INFO [330/500] 173b4a0d-2edd-425c-baba-6bcd5278e8cf: 19 internal nodes; 0.9 s; peak memory 365 MiB.
2026-09-27T13:40:01Z INFO [331/500] 173b8857-7f73-4282-9b33-26a7d54d3030: 17 internal nodes; 0.8 s; peak memory 365 MiB.
2026-09-27T13:40:02Z INFO [332/500] 173c6f93-9e8c-4d84-a484-239f3dfc2870: 35 internal nodes; 1.3 s; peak memory 365 MiB.
2026-09-27T13:40:08Z INFO [333/500] 173d8b10-e1e7-4e17-b102-6b0cf4d35052: 73 internal nodes; 5.4 s; peak memory 365 MiB.
2026-09-27T13:40:09Z INFO [334/500] 173e45ec-d063-4525-bc28-eec98b0a3ea6: 27 internal nodes; 1.1 s; peak memory 365 MiB.
2026-09-27T13:40:11Z INFO [335/500] 173f09e8-371f-4c6e-a7a5-788de1cdf61a: 66 internal nodes; 2.0 s; peak memory 365 MiB.
2026-09-27T13:40:12Z INFO [336/500] 17411fc8-c79d-475c-b9a8-7d27a616617b: 27 internal nodes; 1.0 s; peak memory 365 MiB.
2026-09-27T13:40:13Z INFO [337/500] 17413abc-f7c6-4e71-aee0-becf82d43dd0: 17 internal nodes; 0.9 s; peak memory 365 MiB.
2026-09-27T13:40:14Z INFO [338/500] 17418c6f-d854-4f97-8694-25cbb176ed40: 37 internal nodes; 1.6 s; peak memory 365 MiB.
2026-09-27T13:40:16Z INFO [339/500] 1742111c-6734-4b94-a7f2-cce609ff91c2: 31 internal nodes; 1.2 s; peak memory 365 MiB.
2026-09-27T13:40:19Z INFO [340/500] 1742374d-394b-40c6-a670-e69860488c5e: 46 internal nodes; 2.9 s; peak memory 365 MiB.
2026-09-27T13:40:19Z INFO [341/500] 174245c9-1910-4ddc-9d03-0808efd2781f: 17 internal nodes; 0.8 s; peak memory 365 MiB.
2026-09-27T13:40:20Z INFO [342/500] 17426d2a-2cfb-4765-ab65-0ede727896dd: 17 internal nodes; 0.8 s; peak memory 365 MiB.
2026-09-27T13:40:21Z INFO [343/500] 17429a7a-c505-4781-9443-d9ef7ec9d4d8: 17 internal nodes; 0.9 s; peak memory 365 MiB.
2026-09-27T13:40:42Z INFO [344/500] 1742c1bb-c394-4018-a0f2-69402235074d: 1465 internal nodes; 20.9 s; peak memory 365 MiB.
2026-09-27T13:40:44Z INFO [345/500] 1743330d-5443-44fe-b46b-dedba702dc26: 44 internal nodes; 2.5 s; peak memory 365 MiB.
2026-09-27T13:40:45Z INFO [346/500] 1743a0a0-4c99-464c-b711-f79eafa0472f: 11 internal nodes; 0.7 s; peak memory 365 MiB.
2026-09-27T13:40:46Z INFO [347/500] 1743ee28-007e-4d51-8dae-4430019bca44: 17 internal nodes; 1.0 s; peak memory 365 MiB.
2026-09-27T13:40:48Z INFO [348/500] 17448ffd-481a-4380-a415-2abf7e8f0590: 67 internal nodes; 1.5 s; peak memory 365 MiB.
2026-09-27T13:40:49Z INFO [349/500] 1744a051-3428-41a7-a24a-199dccc44a70: 65 internal nodes; 1.4 s; peak memory 365 MiB.
2026-09-27T13:40:50Z INFO [350/500] 174506ab-a9c4-4854-b3b4-4592959178f7: 19 internal nodes; 0.8 s; peak memory 365 MiB.
2026-09-27T13:40:50Z INFO [350/500] 174506ab-a9c4-4854-b3b4-4592959178f7: checkpointed 57299 records.
2026-09-27T13:40:51Z INFO [351/500] 17456f5f-8db0-45e7-94fa-bae54aef1347: 17 internal nodes; 0.7 s; peak memory 365 MiB.
2026-09-27T13:40:52Z INFO [352/500] 17469923-9946-4879-a32d-8c87c38571d9: 27 internal nodes; 1.0 s; peak memory 365 MiB.
2026-09-27T13:40:53Z INFO [353/500] 1746d035-05a3-4c26-a971-31afe742204d: 27 internal nodes; 1.2 s; peak memory 365 MiB.
2026-09-27T13:40:54Z INFO [354/500] 174735ac-7ef8-49f8-9506-9fcc36015940: 27 internal nodes; 1.1 s; peak memory 365 MiB.
2026-09-27T13:40:55Z INFO [355/500] 17475810-a23a-4864-8c44-aad2a71d1e8d: 17 internal nodes; 0.9 s; peak memory 365 MiB.
2026-09-27T13:40:56Z INFO [356/500] 1747a2e1-b2f8-479a-8c4f-9464a2b22cb7: 17 internal nodes; 0.8 s; peak memory 365 MiB.
2026-09-27T13:40:57Z INFO [357/500] 17490736-6323-4153-90a1-268711a68d2b: 62 internal nodes; 1.6 s; peak memory 365 MiB.
2026-09-27T13:41:00Z INFO [358/500] 17491cf2-0326-4a39-ab3f-3cd5099a2cc0: 44 internal nodes; 2.3 s; peak memory 365 MiB.
2026-09-27T13:41:01Z INFO [359/500] 174957c6-0923-467c-b37e-9670e33f0694: 31 internal nodes; 1.7 s; peak memory 365 MiB.
2026-09-27T13:41:03Z INFO [360/500] 174a76b1-d5ac-45f5-a83b-69fce9dc5302: 60 internal nodes; 1.5 s; peak memory 365 MiB.
2026-09-27T13:41:04Z INFO [361/500] 174a8088-9edb-46df-a2de-2c5d2597e367: 30 internal nodes; 1.1 s; peak memory 365 MiB.
2026-09-27T13:41:05Z INFO [362/500] 174abd3b-f56a-426e-841c-0bdb3bd6b002: 31 internal nodes; 1.2 s; peak memory 365 MiB.
2026-09-27T13:41:06Z INFO [363/500] 174afe4b-0c89-4df4-9975-2a4ffbb8344a: 11 internal nodes; 0.7 s; peak memory 365 MiB.
2026-09-27T13:41:07Z INFO [364/500] 174aff1d-173f-460a-9a48-480c5c9190b3: 17 internal nodes; 0.8 s; peak memory 365 MiB.
2026-09-27T13:41:08Z INFO [365/500] 174c0234-b406-47ea-a257-076d1585ff25: 60 internal nodes; 1.3 s; peak memory 365 MiB.
2026-09-27T13:41:09Z INFO [366/500] 174cccef-0cd8-4a7a-b90a-c28e893e188a: 26 internal nodes; 0.6 s; peak memory 365 MiB.
2026-09-27T13:41:09Z INFO [367/500] 174d4867-d96f-4328-9c56-a232ea02ca7b: 22 internal nodes; 0.6 s; peak memory 365 MiB.
2026-09-27T13:41:11Z INFO [368/500] 174dd84e-039e-4196-bcad-b514f3047a7f: 20 internal nodes; 1.6 s; peak memory 365 MiB.
2026-09-27T13:41:12Z INFO [369/500] 174e2644-0526-4721-a092-d5eb00467300: 17 internal nodes; 1.0 s; peak memory 365 MiB.
2026-09-27T13:41:13Z INFO [370/500] 174e4ab8-5843-40a0-af04-8d94c3d1b1a1: 27 internal nodes; 1.0 s; peak memory 365 MiB.
2026-09-27T13:41:13Z INFO [371/500] 174e9c78-5c13-435b-b801-fb70528703bf: 27 internal nodes; 0.6 s; peak memory 365 MiB.
2026-09-27T13:41:15Z INFO [372/500] 174ebe82-20c3-4818-ba61-5c8f69c5336a: 27 internal nodes; 1.1 s; peak memory 365 MiB.
2026-09-27T13:41:16Z INFO [373/500] 174f63a5-c5f0-4b08-afa3-81fc4c96187e: 27 internal nodes; 1.1 s; peak memory 365 MiB.
2026-09-27T13:41:18Z INFO [374/500] 174f7808-425e-4d21-a3ae-55016da10f55: 44 internal nodes; 2.3 s; peak memory 365 MiB.
2026-09-27T13:41:20Z INFO [375/500] 174fe02d-7691-4d9c-bcb9-72eec206077d: 44 internal nodes; 2.5 s; peak memory 365 MiB.
2026-09-27T13:41:21Z INFO [376/500] 17519afe-ada3-40ca-b7d6-b77a0e87b4d1: 23 internal nodes; 0.7 s; peak memory 365 MiB.
2026-09-27T13:41:22Z INFO [377/500] 1751e552-d913-4758-b068-46fc3e022084: 90 internal nodes; 1.0 s; peak memory 365 MiB.
2026-09-27T13:41:23Z INFO [378/500] 17527cd0-256a-408c-8d26-1bd9f4258e02: 17 internal nodes; 0.7 s; peak memory 365 MiB.
2026-09-27T13:41:31Z INFO [379/500] 1752a113-1aea-467a-883e-360d1534637e: 180 internal nodes; 7.9 s; peak memory 365 MiB.
2026-09-27T13:41:32Z INFO [380/500] 17531c8b-e09f-4c14-9538-6e7836e774e2: 34 internal nodes; 1.0 s; peak memory 365 MiB.
2026-09-27T13:41:32Z INFO [381/500] 17541a02-d7cc-424d-92e1-35944db9f35f: 21 internal nodes; 0.6 s; peak memory 365 MiB.
2026-09-27T13:41:34Z INFO [382/500] 175465b1-32ef-43ee-89e8-95a6e251dd8b: 91 internal nodes; 1.4 s; peak memory 365 MiB.
2026-09-27T13:41:35Z INFO [383/500] 1754b3b7-5a2d-44df-8abb-7b6705f21e65: 23 internal nodes; 0.9 s; peak memory 365 MiB.
2026-09-27T13:41:44Z INFO [384/500] 1754b917-b57a-4954-b9d9-4d45675c2565: 74 internal nodes; 9.4 s; peak memory 365 MiB.
2026-09-27T13:41:47Z INFO [385/500] 1754c04b-393e-4c1f-8fdf-8468edf0d471: 32 internal nodes; 3.1 s; peak memory 365 MiB.
2026-09-27T13:41:55Z INFO [386/500] 1755329d-ad0d-4fa2-9d2e-befddcef5878: 50 internal nodes; 8.0 s; peak memory 366 MiB.
2026-09-27T13:41:56Z INFO [387/500] 17554888-9dee-4858-a8d6-e8e20385909e: 17 internal nodes; 0.9 s; peak memory 366 MiB.
2026-09-27T13:41:57Z INFO [388/500] 17555eb3-a487-4925-8212-afd1a785c1be: 31 internal nodes; 1.6 s; peak memory 366 MiB.
2026-09-27T13:41:59Z INFO [389/500] 17562f12-864d-4098-a42b-fbd02d405607: 65 internal nodes; 1.7 s; peak memory 366 MiB.
2026-09-27T13:42:00Z INFO [390/500] 17564ab3-fc55-4c9a-9eca-1cfe412fef06: 27 internal nodes; 1.1 s; peak memory 366 MiB.
2026-09-27T13:42:02Z INFO [391/500] 1757b058-dd1b-49e0-a40a-87e29c95798c: 27 internal nodes; 1.2 s; peak memory 366 MiB.
2026-09-27T13:42:03Z INFO [392/500] 1757d268-13f6-419d-aaec-c7aab7d3c46c: 61 internal nodes; 1.1 s; peak memory 366 MiB.
2026-09-27T13:42:05Z INFO [393/500] 1757fcd7-ccc7-46d4-a2df-a7de1c841bb5: 44 internal nodes; 2.2 s; peak memory 366 MiB.
2026-09-27T13:42:06Z INFO [394/500] 1758e77c-d612-422c-a799-f35ac518ef6f: 63 internal nodes; 1.3 s; peak memory 366 MiB.
2026-09-27T13:42:14Z INFO [395/500] 175982f5-2112-4367-b36b-0c75e961dbee: 189 internal nodes; 7.8 s; peak memory 366 MiB.
2026-09-27T13:42:15Z INFO [396/500] 1759a385-a27f-41dd-b142-caec0e4d6853: 13 internal nodes; 0.8 s; peak memory 366 MiB.
2026-09-27T13:42:20Z INFO [397/500] 1759aac4-6cce-4c76-9ace-fe0d6263ae14: 55 internal nodes; 5.2 s; peak memory 366 MiB.
2026-09-27T13:42:23Z INFO [398/500] 1759b6ca-7f21-4f35-822f-ebbfa84f5810: 43 internal nodes; 3.4 s; peak memory 366 MiB.
2026-09-27T13:42:24Z INFO [399/500] 175a8c75-4dc4-4d5d-8b3b-91e39fee896b: 27 internal nodes; 1.0 s; peak memory 366 MiB.
2026-09-27T13:42:26Z INFO [400/500] 175b2dad-be0a-4f0a-a132-b246e7685aad: 31 internal nodes; 1.2 s; peak memory 366 MiB.
2026-09-27T13:42:26Z INFO [400/500] 175b2dad-be0a-4f0a-a132-b246e7685aad: checkpointed 57349 records.
2026-09-27T13:42:27Z INFO [401/500] 175b3df1-c3ce-4927-97cc-a3c638123b72: 55 internal nodes; 1.2 s; peak memory 366 MiB.
2026-09-27T13:42:29Z INFO [402/500] 175b924a-1ba3-4b79-b5ec-7819929bc346: 54 internal nodes; 1.5 s; peak memory 366 MiB.
2026-09-27T13:42:30Z INFO [403/500] 175c8695-cfb8-4267-991d-3a20b0f9b0c9: 22 internal nodes; 1.0 s; peak memory 366 MiB.
2026-09-27T13:42:31Z INFO [404/500] 175ca259-439b-438e-a4de-dbd176ac2ad5: 24 internal nodes; 1.6 s; peak memory 366 MiB.
2026-09-27T13:42:32Z INFO [405/500] 175caf5f-be42-4086-bc8e-b188ab601097: 17 internal nodes; 0.9 s; peak memory 366 MiB.
2026-09-27T13:42:33Z INFO [406/500] 175d049a-b523-4ee8-b653-e6cf0465153f: 17 internal nodes; 0.9 s; peak memory 366 MiB.
2026-09-27T13:42:34Z INFO [407/500] 175df589-1ea4-4aa5-9180-b0df305fe7bb: 55 internal nodes; 1.3 s; peak memory 366 MiB.
2026-09-27T13:42:35Z INFO [408/500] 175e7e2c-f6e2-4618-bcf3-c68581b5b13d: 18 internal nodes; 0.8 s; peak memory 366 MiB.
2026-09-27T13:42:40Z INFO [409/500] 175e8731-2543-45df-b6a9-97e77feda718: 177 internal nodes; 5.1 s; peak memory 366 MiB.
2026-09-27T13:42:41Z INFO [410/500] 175ed717-e5e5-470b-9b59-e969d2d84335: 6 internal nodes; 0.7 s; peak memory 366 MiB.
2026-09-27T13:42:46Z INFO [411/500] 175f0876-7c47-4cd2-bd5c-9e6cd4e2ca2a: 41 internal nodes; 5.6 s; peak memory 366 MiB.
2026-09-27T13:42:49Z INFO [412/500] 175f22db-c219-4667-8c26-bded68d5c13d: 40 internal nodes; 2.6 s; peak memory 366 MiB.
2026-09-27T13:42:50Z INFO [413/500] 175f374d-ea9e-4e03-8bdf-4a84d17181ca: 11 internal nodes; 0.7 s; peak memory 366 MiB.
2026-09-27T13:42:55Z INFO [414/500] 175f8208-4482-4910-9e3c-6ef1e6aca07b: 61 internal nodes; 5.1 s; peak memory 366 MiB.
2026-09-27T13:42:56Z INFO [415/500] 1761636c-1b99-4d27-8a03-57351bff3cef: 17 internal nodes; 0.9 s; peak memory 366 MiB.
2026-09-27T13:42:56Z INFO [416/500] 1761e0de-2194-4982-a1c2-ff1a3f678224: 17 internal nodes; 0.9 s; peak memory 366 MiB.
2026-09-27T13:43:00Z INFO [417/500] 17622f60-43b3-4255-b374-9a33cd33bbb3: 109 internal nodes; 4.1 s; peak memory 366 MiB.
2026-09-27T13:43:02Z INFO [418/500] 1762a692-9277-4fb0-b579-9f8dab3899e3: 26 internal nodes; 1.1 s; peak memory 366 MiB.
2026-09-27T13:43:07Z INFO [419/500] 176324a3-6a79-44f0-a069-059aa9df9aa3: 68 internal nodes; 5.4 s; peak memory 366 MiB.
2026-09-27T13:43:09Z INFO [420/500] 1763d30e-1b3a-45d3-a0fc-15d83b03c242: 67 internal nodes; 1.8 s; peak memory 366 MiB.
2026-09-27T13:43:13Z INFO [421/500] 176487cd-2202-40c0-a792-77155657088c: 73 internal nodes; 4.0 s; peak memory 366 MiB.
2026-09-27T13:43:13Z INFO [422/500] 1765021c-6035-4154-b448-8e9d64aab579: 11 internal nodes; 0.7 s; peak memory 366 MiB.
2026-09-27T13:43:14Z INFO [423/500] 17652a82-f9f8-4523-b0a1-dac27b494d01: 17 internal nodes; 0.8 s; peak memory 366 MiB.
2026-09-27T13:43:16Z INFO [424/500] 17654cec-4dc5-4e81-975d-304f1a8ff7e2: 44 internal nodes; 2.3 s; peak memory 366 MiB.
2026-09-27T13:43:18Z INFO [425/500] 17657de4-da99-4816-b2ad-a3e763b0a0d9: 119 internal nodes; 1.2 s; peak memory 366 MiB.
2026-09-27T13:43:19Z INFO [426/500] 17663eef-3cff-43e8-ac5a-ad2a010f6569: 27 internal nodes; 1.1 s; peak memory 366 MiB.
2026-09-27T13:43:20Z INFO [427/500] 176678bd-da74-4357-9d5a-f2310a6e169d: 17 internal nodes; 0.8 s; peak memory 366 MiB.
2026-09-27T13:43:26Z INFO [428/500] 17671def-c778-4d5a-be06-2b29871a4c98: 228 internal nodes; 6.1 s; peak memory 366 MiB.
2026-09-27T13:43:27Z INFO [429/500] 1768952a-5a89-4975-9513-14fef4d32e5b: 30 internal nodes; 1.3 s; peak memory 366 MiB.
2026-09-27T13:43:28Z INFO [430/500] 1768e430-8c7d-4994-98a7-09bb72819ac6: 27 internal nodes; 1.1 s; peak memory 366 MiB.
2026-09-27T13:43:29Z INFO [431/500] 17690fb6-89df-4eaf-9c8d-a6412aa6267c: 29 internal nodes; 1.3 s; peak memory 366 MiB.
2026-09-27T13:43:30Z INFO [432/500] 176969f1-3efa-4127-accb-adeca12d6165: 18 internal nodes; 0.7 s; peak memory 366 MiB.
2026-09-27T13:43:36Z INFO [433/500] 17699963-e94f-4134-b867-15b516a7aff4: 150 internal nodes; 6.2 s; peak memory 366 MiB.
2026-09-27T13:43:37Z INFO [434/500] 176a4169-3f41-4c64-a801-f6ce090c6940: 17 internal nodes; 0.9 s; peak memory 366 MiB.
2026-09-27T13:43:39Z INFO [435/500] 176ac97f-71c0-43de-9f4b-a64c3c66c658: 31 internal nodes; 1.4 s; peak memory 366 MiB.
2026-09-27T13:43:40Z INFO [436/500] 176b13e6-37ac-4bc2-9035-64531e8e8aef: 31 internal nodes; 1.4 s; peak memory 366 MiB.
2026-09-27T13:43:41Z INFO [437/500] 176b5466-5310-4ade-81c8-d4cb72852b6b: 17 internal nodes; 0.9 s; peak memory 366 MiB.
2026-09-27T13:43:42Z INFO [438/500] 176b584c-be42-4ce2-98e9-89830806f3e1: 62 internal nodes; 1.4 s; peak memory 366 MiB.
2026-09-27T13:43:43Z INFO [439/500] 176bbbf4-f5c5-4c84-8fd0-d7cd108faa72: 17 internal nodes; 0.7 s; peak memory 366 MiB.
2026-09-27T13:43:44Z INFO [440/500] 176bc9ca-876b-44e7-b6fa-f083f07c1058: 17 internal nodes; 0.9 s; peak memory 366 MiB.
2026-09-27T13:43:46Z INFO [441/500] 176c0b52-d34f-4545-badc-9c4db071a32f: 69 internal nodes; 1.9 s; peak memory 366 MiB.
2026-09-27T13:43:54Z INFO [442/500] 176c4111-9a62-4de3-9003-0303080072d6: 44 internal nodes; 7.9 s; peak memory 366 MiB.
2026-09-27T13:43:55Z INFO [443/500] 176c5877-bfb4-457d-bedb-6a14c4fd6af3: 18 internal nodes; 1.2 s; peak memory 366 MiB.
2026-09-27T13:43:56Z INFO [444/500] 176d25f3-2117-4ebf-8729-bd9135e7a45a: 18 internal nodes; 0.8 s; peak memory 366 MiB.
2026-09-27T13:43:57Z INFO [445/500] 176d671a-7263-4cca-a802-107469f1cb3f: 27 internal nodes; 1.1 s; peak memory 366 MiB.
2026-09-27T13:43:58Z INFO [446/500] 176e4780-b9e8-4ba8-b8a1-dd5ab82cbc69: 27 internal nodes; 1.1 s; peak memory 366 MiB.
2026-09-27T13:43:59Z INFO [447/500] 176edfbc-a791-47ea-bd37-d19560d02423: 17 internal nodes; 0.9 s; peak memory 366 MiB.
2026-09-27T13:44:00Z INFO [448/500] 176ef890-88f0-41d1-85ff-a51252fc1e71: 27 internal nodes; 1.0 s; peak memory 366 MiB.
2026-09-27T13:44:02Z INFO [449/500] 17702ecd-a722-4639-a672-1a7d66ff564a: 44 internal nodes; 2.2 s; peak memory 366 MiB.
2026-09-27T13:44:04Z INFO [450/500] 17702f42-0b01-4971-a0d7-51eadb7681c7: 44 internal nodes; 2.2 s; peak memory 366 MiB.
2026-09-27T13:44:04Z INFO [450/500] 17702f42-0b01-4971-a0d7-51eadb7681c7: checkpointed 57399 records.
2026-09-27T13:44:05Z INFO [451/500] 17703948-c2de-4133-a16d-78fc88e167ec: 17 internal nodes; 0.9 s; peak memory 366 MiB.
2026-09-27T13:44:06Z INFO [452/500] 17703a6f-05cd-4db3-a229-106098459c58: 27 internal nodes; 1.0 s; peak memory 366 MiB.
2026-09-27T13:44:12Z INFO [453/500] 17703f76-1989-4643-8011-ce50dbf5bca4: 83 internal nodes; 6.0 s; peak memory 366 MiB.
2026-09-27T13:44:13Z INFO [454/500] 17704cfd-e58d-4570-bf94-11f828b6ecfc: 27 internal nodes; 1.0 s; peak memory 366 MiB.
2026-09-27T13:44:15Z INFO [455/500] 17718ef7-4bd2-4384-ad2d-2d3bdb72f88b: 27 internal nodes; 2.1 s; peak memory 366 MiB.
2026-09-27T13:44:16Z INFO [456/500] 1771ff2f-777a-4694-97b5-26dda565f771: 27 internal nodes; 1.0 s; peak memory 366 MiB.
2026-09-27T13:44:17Z INFO [457/500] 17722154-f63d-4a35-a4db-4d49e2bda26a: 17 internal nodes; 1.0 s; peak memory 366 MiB.
2026-09-27T13:44:18Z INFO [458/500] 1772968a-03b7-4c9e-9bd2-61c0e4235c64: 17 internal nodes; 0.7 s; peak memory 366 MiB.
2026-09-27T13:44:20Z INFO [459/500] 1773b210-6336-4c96-a985-a0fd762ea209: 44 internal nodes; 2.2 s; peak memory 366 MiB.
2026-09-27T13:44:21Z INFO [460/500] 17747a4a-1b67-48fd-919f-983c0f98fa96: 26 internal nodes; 1.0 s; peak memory 366 MiB.
2026-09-27T13:44:22Z INFO [461/500] 1774998a-9a88-4050-bb27-3c7ad2bb12fa: 17 internal nodes; 0.8 s; peak memory 366 MiB.
2026-09-27T13:44:23Z INFO [462/500] 17750d2c-914d-450b-84ba-28989d0f134b: 17 internal nodes; 0.9 s; peak memory 366 MiB.
2026-09-27T13:44:31Z INFO [463/500] 1775445e-c121-4eac-b54b-16de1af42003: 193 internal nodes; 7.9 s; peak memory 366 MiB.
2026-09-27T13:44:33Z INFO [464/500] 1776188c-42ae-498f-823b-18691ef0cd30: 67 internal nodes; 1.9 s; peak memory 366 MiB.
2026-09-27T13:44:54Z INFO [465/500] 17763943-6084-4187-8fb8-17adeb832764: 315 internal nodes; 21.6 s; peak memory 366 MiB.
2026-09-27T13:44:58Z INFO [466/500] 1776513a-faed-4f4f-88ad-565bcc03c7c4: 45 internal nodes; 3.5 s; peak memory 366 MiB.
2026-09-27T13:44:59Z INFO [467/500] 1776f4f9-d480-4ee0-9eda-95d0bce514f9: 17 internal nodes; 0.9 s; peak memory 366 MiB.
2026-09-27T13:45:00Z INFO [468/500] 1777b6c7-cb44-4ac1-97ad-655e6e10d22f: 27 internal nodes; 1.1 s; peak memory 366 MiB.
2026-09-27T13:45:02Z INFO [469/500] 17782de7-8455-4fcb-9420-5dbc4ea7d2b2: 46 internal nodes; 2.5 s; peak memory 366 MiB.
2026-09-27T13:45:04Z INFO [470/500] 17785d3e-8ed7-4db2-9f28-588364e65a2b: 91 internal nodes; 1.5 s; peak memory 366 MiB.
2026-09-27T13:45:05Z INFO [471/500] 17788298-b53f-46ae-a7a2-5cb06820f528: 24 internal nodes; 1.5 s; peak memory 366 MiB.
2026-09-27T13:45:07Z INFO [472/500] 177894b3-95d7-4394-8fe5-dc88ac2c54fd: 31 internal nodes; 1.5 s; peak memory 366 MiB.
2026-09-27T13:45:08Z INFO [473/500] 1778c79e-d7e5-4391-98f0-b563a49f0a86: 17 internal nodes; 1.0 s; peak memory 366 MiB.
2026-09-27T13:45:09Z INFO [474/500] 1778e498-44f5-405b-9118-c8e42ab3b075: 31 internal nodes; 1.0 s; peak memory 366 MiB.
2026-09-27T13:45:10Z INFO [475/500] 17791f3f-c0e6-4f33-8d7b-1c9ac0a60f77: 17 internal nodes; 0.8 s; peak memory 366 MiB.
2026-09-27T13:45:11Z INFO [476/500] 17796791-96e0-4ba1-a137-1eeb0a58933a: 31 internal nodes; 0.9 s; peak memory 366 MiB.
2026-09-27T13:45:12Z INFO [477/500] 177aa4f3-0e46-40f8-9d0e-db1872edd7c3: 13 internal nodes; 1.0 s; peak memory 366 MiB.
2026-09-27T13:45:13Z INFO [478/500] 177b1bb7-4182-41a3-88a7-96cd968f5b2f: 24 internal nodes; 1.3 s; peak memory 366 MiB.
2026-09-27T13:45:14Z INFO [479/500] 177bda24-065b-41bb-afca-d4684d651a23: 28 internal nodes; 1.2 s; peak memory 366 MiB.
2026-09-27T13:45:15Z INFO [480/500] 177c3cbd-b746-4083-b918-282683c4615c: 17 internal nodes; 1.0 s; peak memory 366 MiB.
2026-09-27T13:45:21Z INFO [481/500] 177c5855-9243-4768-b10d-7fe8873faf42: 214 internal nodes; 5.9 s; peak memory 366 MiB.
2026-09-27T13:45:22Z INFO [482/500] 177c6d96-23b9-49af-8fa8-db704aecc95d: 17 internal nodes; 1.0 s; peak memory 366 MiB.
2026-09-27T13:45:27Z INFO [483/500] 177d4947-e4d2-4847-9d83-285b36fff615: 713 internal nodes; 4.8 s; peak memory 366 MiB.
2026-09-27T13:45:28Z INFO [484/500] 177d874c-a242-4348-913e-430651d86329: 31 internal nodes; 1.4 s; peak memory 366 MiB.
2026-09-27T13:45:30Z INFO [485/500] 177deb08-17b6-4850-bcd2-6f8c57edd74d: 31 internal nodes; 1.3 s; peak memory 366 MiB.
2026-09-27T13:45:35Z INFO [486/500] 177debb8-c0f1-408b-a4ab-f8f24a5173ba: 59 internal nodes; 5.5 s; peak memory 366 MiB.
2026-09-27T13:45:36Z INFO [487/500] 177e0dee-d5f7-4741-98e9-e8b039684098: 26 internal nodes; 0.8 s; peak memory 366 MiB.
2026-09-27T13:45:37Z INFO [488/500] 177f2bea-1c5b-488a-ad05-8cca8560d1c6: 31 internal nodes; 1.4 s; peak memory 366 MiB.
2026-09-27T13:45:40Z INFO [489/500] 177f7b74-5962-4e5e-9da7-d1eb85768bc0: 90 internal nodes; 2.7 s; peak memory 366 MiB.
2026-09-27T13:45:42Z INFO [490/500] 177fc3a1-4676-452e-84c2-631c2c670cf0: 22 internal nodes; 1.9 s; peak memory 366 MiB.
2026-09-27T13:45:43Z INFO [491/500] 177fff86-b327-470b-8891-fb72067db502: 27 internal nodes; 1.1 s; peak memory 366 MiB.
2026-09-27T13:45:44Z INFO [492/500] 17806a2e-ffa3-46a9-b019-e25ca0e90a46: 31 internal nodes; 1.5 s; peak memory 366 MiB.
2026-09-27T13:45:45Z INFO [493/500] 17808437-15f2-40ce-ac68-219336eb3c30: 17 internal nodes; 0.8 s; peak memory 366 MiB.
2026-09-27T13:45:46Z INFO [494/500] 1780b6a3-f6dd-4055-923c-de7e1dfd878a: 17 internal nodes; 0.9 s; peak memory 366 MiB.
2026-09-27T13:45:49Z INFO [495/500] 178120f2-35ce-44e5-af31-ada54664257b: 51 internal nodes; 2.6 s; peak memory 366 MiB.
2026-09-27T13:45:49Z INFO [496/500] 178123bb-57f6-47f3-961d-e7db7c3b41b3: 17 internal nodes; 0.8 s; peak memory 366 MiB.
2026-09-27T13:45:50Z INFO [497/500] 178161e0-161c-4f1d-ae8b-8d171fd0d51f: 17 internal nodes; 0.8 s; peak memory 366 MiB.
2026-09-27T13:45:51Z INFO [498/500] 1781a24c-316c-44ba-a6fe-a7cb3f303a62: 17 internal nodes; 0.7 s; peak memory 366 MiB.
2026-09-27T13:45:52Z INFO [499/500] 1782281c-507e-4f1d-a376-c805f9157276: 30 internal nodes; 1.3 s; peak memory 366 MiB.
2026-09-27T13:45:54Z INFO [500/500] 17822e59-af8e-4939-aa7c-5bb1398d7e7f: 31 internal nodes; 1.5 s; peak memory 366 MiB.
2026-09-27T13:45:54Z INFO [500/500] 17822e59-af8e-4939-aa7c-5bb1398d7e7f: checkpointed 57449 records.
2026-09-27T13:45:54Z INFO Wrote 57449 records to /tmp/derivatives/valid_nwb_file_to_out_degrees.jsonl (495 new, 5 failed) in 18.5 min (peak memory 366 MiB).
