2026-09-24T13:04:38Z INFO Logging to /tmp/logs/update_2026-09-24T13-04-38Z.log.
2026-09-24T13:04:38Z INFO Update valid-nwb-file-to-out-degrees (base directory /tmp).
2026-09-24T13:04:38Z INFO Processing 500 items (53984 already recorded).
2026-09-24T13:04:40Z INFO [1/500] 004dcca0-34c8-4b04-8229-bb49b3d00a29: 24 internal nodes; 1.8 s; peak memory 112 MiB.
2026-09-24T13:04:42Z INFO [2/500] 00cec8b0-5164-4a3a-a02c-946d70edfb6b: 27 internal nodes; 2.3 s; peak memory 114 MiB.
2026-09-24T13:04:44Z INFO [3/500] 018d6083-942f-4322-948a-5416034d58b0: 27 internal nodes; 2.2 s; peak memory 114 MiB.
2026-09-24T13:04:46Z INFO [4/500] 019f7ec4-5618-4756-8fd4-f19708b07477: 27 internal nodes; 2.1 s; peak memory 114 MiB.
2026-09-24T13:04:48Z WARNING 024ef50f-ac6f-49ea-806b-93ef4b5e8644: failed while reading the NWB file (KeyError: 'Unable to synchronously open object (component not found)')
2026-09-24T13:04:48Z WARNING [5/500] 024ef50f-ac6f-49ea-806b-93ef4b5e8644: leaving unrecorded for a later run to retry.
2026-09-24T13:04:51Z INFO [6/500] 02a91933-a207-4f1f-828e-1884d7d1ca6d: 27 internal nodes; 2.6 s; peak memory 115 MiB.
2026-09-24T13:04:53Z INFO [7/500] 02c7245a-55cc-4225-9a80-1763a746f953: 24 internal nodes; 1.9 s; peak memory 115 MiB.
2026-09-24T13:04:55Z INFO [8/500] 0347b886-5145-4ff5-b921-7ddb454bbd7a: 27 internal nodes; 2.5 s; peak memory 116 MiB.
2026-09-24T13:04:58Z INFO [9/500] 045e19bf-4aef-45d1-81ec-7f9ad0d28c62: 23 internal nodes; 2.3 s; peak memory 116 MiB.
2026-09-24T13:04:59Z INFO [10/500] 05676ec9-7f1c-4840-8939-05161b45a42c: 23 internal nodes; 1.7 s; peak memory 116 MiB.
2026-09-24T13:05:01Z INFO [11/500] 062eaefe-3055-4a5d-9558-32662cbc1f93: 26 internal nodes; 2.0 s; peak memory 116 MiB.
2026-09-24T13:05:04Z INFO [12/500] 06a5808d-5e32-4eb4-be2e-67c9d09659d8: 22 internal nodes; 2.2 s; peak memory 117 MiB.
2026-09-24T13:05:06Z INFO [13/500] 072c019d-53f2-4cc1-b181-ec9218dcf84d: 27 internal nodes; 2.2 s; peak memory 118 MiB.
2026-09-24T13:05:08Z INFO [14/500] 0874236c-84ca-4a13-8c5a-00aea7f2dbbf: 22 internal nodes; 2.0 s; peak memory 118 MiB.
2026-09-24T13:05:09Z INFO [15/500] 08d66869-7fa3-4e85-93dc-143a69068a57: 24 internal nodes; 1.7 s; peak memory 118 MiB.
2026-09-24T13:05:11Z WARNING 09073220-fbea-45d2-9a39-2cc61fcdc2a1: failed while reading the NWB file (KeyError: 'Unable to synchronously open object (component not found)')
2026-09-24T13:05:11Z WARNING [16/500] 09073220-fbea-45d2-9a39-2cc61fcdc2a1: leaving unrecorded for a later run to retry.
2026-09-24T13:05:13Z INFO [17/500] 091525e3-b436-4d91-b3ef-0bd761356383: 24 internal nodes; 2.0 s; peak memory 118 MiB.
2026-09-24T13:05:15Z INFO [18/500] 09d932df-3e9d-4b8f-af27-95b57bea2495: 27 internal nodes; 2.1 s; peak memory 119 MiB.
2026-09-24T13:05:17Z INFO [19/500] 0a61a66c-eafa-45eb-9f9d-5eca1dcf6e91: 26 internal nodes; 2.0 s; peak memory 119 MiB.
2026-09-24T13:05:19Z INFO [20/500] 0a73ada3-fef1-4414-9aa5-41e6ec146645: 26 internal nodes; 2.2 s; peak memory 119 MiB.
2026-09-24T13:05:22Z INFO [21/500] 0bbe4ddd-6289-4caa-8ad9-70bfc9f9bdc3: 26 internal nodes; 2.1 s; peak memory 119 MiB.
2026-09-24T13:05:23Z INFO [22/500] 0bc50623-3a3d-4aac-a63b-09643095843c: 24 internal nodes; 2.0 s; peak memory 119 MiB.
2026-09-24T13:05:26Z INFO [23/500] 0c2f9cb4-2971-450c-b5fe-6d105c2d387d: 26 internal nodes; 2.2 s; peak memory 119 MiB.
2026-09-24T13:05:28Z INFO [24/500] 0c55c2b0-4277-47ea-94c1-3598a129cbd5: 27 internal nodes; 2.5 s; peak memory 119 MiB.
2026-09-24T13:05:30Z INFO [25/500] 0ca67967-0dd6-4297-8206-bf3d0619b47e: 27 internal nodes; 2.1 s; peak memory 119 MiB.
2026-09-24T13:05:32Z INFO [26/500] 0cc674f1-2ea7-483f-b709-f849f624b9c2: 24 internal nodes; 1.8 s; peak memory 119 MiB.
2026-09-24T13:05:34Z INFO [27/500] 0ccdca3f-8e47-4108-b9e6-e63ab7b44eb6: 24 internal nodes; 1.7 s; peak memory 119 MiB.
2026-09-24T13:05:36Z INFO [28/500] 0d72160e-3cf8-46e9-bd53-ee54e128f1ce: 27 internal nodes; 2.5 s; peak memory 119 MiB.
2026-09-24T13:05:38Z INFO [29/500] 0d935ecf-80f5-44fe-be6d-298b7f163f29: 27 internal nodes; 2.2 s; peak memory 119 MiB.
2026-09-24T13:05:40Z WARNING 0dec427d-4db4-44c3-988a-c37959ceaff3: failed while reading the NWB file (KeyError: 'Unable to synchronously open object (component not found)')
2026-09-24T13:05:40Z WARNING [30/500] 0dec427d-4db4-44c3-988a-c37959ceaff3: leaving unrecorded for a later run to retry.
2026-09-24T13:05:43Z INFO [31/500] 0eea9aad-258e-4bb3-ad83-b2246152fedb: 27 internal nodes; 3.0 s; peak memory 120 MiB.
2026-09-24T13:05:45Z WARNING 0f7396ad-67ec-468a-b6a6-5599cb507f54: failed while reading the NWB file (KeyError: 'Unable to synchronously open object (component not found)')
2026-09-24T13:05:45Z WARNING [32/500] 0f7396ad-67ec-468a-b6a6-5599cb507f54: leaving unrecorded for a later run to retry.
2026-09-24T13:05:46Z WARNING 1066b3ba-83d9-4cb3-bfe3-ecf8539e2334: failed while reading the NWB file (KeyError: 'Unable to synchronously open object (component not found)')
2026-09-24T13:05:46Z WARNING [33/500] 1066b3ba-83d9-4cb3-bfe3-ecf8539e2334: leaving unrecorded for a later run to retry.
2026-09-24T13:05:48Z INFO [34/500] 107ada9d-9086-400d-90c3-75caeaa64ba1: 31 internal nodes; 1.8 s; peak memory 120 MiB.
2026-09-24T13:06:05Z INFO [35/500] 107be61a-e96e-4030-ab88-5a5700d1211c: 137 internal nodes; 16.4 s; peak memory 142 MiB.
2026-09-24T13:06:06Z INFO [36/500] 107d8c59-a8cf-41c7-b6f7-ab0507a80977: 18 internal nodes; 1.1 s; peak memory 142 MiB.
2026-09-24T13:06:09Z INFO [37/500] 107e23f8-679a-43f8-8d05-b868f6dc0b8a: 44 internal nodes; 2.7 s; peak memory 142 MiB.
2026-09-24T13:06:10Z INFO [38/500] 107e71e7-a57a-4c16-ad68-3d02bb243800: 30 internal nodes; 1.6 s; peak memory 142 MiB.
2026-09-24T13:06:11Z INFO [39/500] 107ed871-8dcc-47a1-a139-4f11dc432bb8: 17 internal nodes; 1.2 s; peak memory 142 MiB.
2026-09-24T13:06:12Z INFO [40/500] 107f286c-4cbb-4fd5-8bab-c6c36bd8a01a: 11 internal nodes; 0.8 s; peak memory 142 MiB.
2026-09-24T13:06:23Z INFO [41/500] 107ff394-0d1f-4773-98b1-e068b053033f: 237 internal nodes; 10.8 s; peak memory 142 MiB.
2026-09-24T13:06:25Z INFO [42/500] 1081dc00-f182-4862-98f6-bc21894fd0a1: 67 internal nodes; 1.6 s; peak memory 142 MiB.
2026-09-24T13:06:26Z INFO [43/500] 1082468e-861c-4f74-b4f6-28f6d16a2a8b: 27 internal nodes; 1.4 s; peak memory 142 MiB.
2026-09-24T13:06:29Z INFO [44/500] 1082e055-4b5b-4085-8997-9b7869860a94: 44 internal nodes; 3.0 s; peak memory 142 MiB.
2026-09-24T13:06:30Z INFO [45/500] 10837b5e-05ee-4b2f-93aa-516f4e467c91: 17 internal nodes; 1.0 s; peak memory 142 MiB.
2026-09-24T13:06:32Z INFO [46/500] 1084e7d9-bcbc-4ddc-83ad-eb099445d35a: 30 internal nodes; 1.7 s; peak memory 142 MiB.
2026-09-24T13:06:33Z INFO [47/500] 10857552-d43f-4cf9-b16d-90fa1c9d29e7: 17 internal nodes; 1.0 s; peak memory 142 MiB.
2026-09-24T13:06:34Z INFO [48/500] 10862265-2744-4737-917e-9e5473010913: 119 internal nodes; 1.4 s; peak memory 142 MiB.
2026-09-24T13:06:35Z INFO [49/500] 108634f6-53c8-46a0-940b-87a7c37c4c0b: 27 internal nodes; 1.4 s; peak memory 142 MiB.
2026-09-24T13:06:36Z INFO [50/500] 10863cb1-d616-41ba-a14c-ba7a9e803973: 17 internal nodes; 1.0 s; peak memory 142 MiB.
2026-09-24T13:06:37Z INFO [50/500] 10863cb1-d616-41ba-a14c-ba7a9e803973: checkpointed 54029 records.
2026-09-24T13:06:38Z INFO [51/500] 1086b1ec-5d0c-4c74-806c-bfbf2d982328: 27 internal nodes; 1.3 s; peak memory 142 MiB.
2026-09-24T13:06:47Z INFO [52/500] 1087ac09-3f72-4ac4-bd18-43fedf92ed85: 217 internal nodes; 8.7 s; peak memory 142 MiB.
2026-09-24T13:06:48Z INFO [53/500] 1087b643-fd7a-4624-b503-6b98696d554c: 31 internal nodes; 1.5 s; peak memory 142 MiB.
2026-09-24T13:06:50Z INFO [54/500] 1087f44e-c903-4ad0-9dfd-d8b7f6fb9102: 69 internal nodes; 2.1 s; peak memory 142 MiB.
2026-09-24T13:06:52Z INFO [55/500] 10887294-08c8-4c45-8af2-e6746f88898a: 27 internal nodes; 1.4 s; peak memory 142 MiB.
2026-09-24T13:06:53Z INFO [56/500] 10891924-62f7-4699-911e-93b624110ef9: 17 internal nodes; 1.1 s; peak memory 142 MiB.
2026-09-24T13:06:54Z INFO [57/500] 10894618-9a39-4020-be06-5b738be2d570: 29 internal nodes; 1.7 s; peak memory 142 MiB.
2026-09-24T13:06:56Z INFO [58/500] 108975d8-941f-40e3-a62d-6bccf4efd67a: 31 internal nodes; 1.9 s; peak memory 142 MiB.
2026-09-24T13:06:58Z INFO [59/500] 108a1ed6-999a-491f-a08a-5935eecd376f: 18 internal nodes; 1.4 s; peak memory 142 MiB.
2026-09-24T13:06:59Z INFO [60/500] 108a6bb9-f8b4-4541-b25f-3f4bc74c8f3f: 19 internal nodes; 1.3 s; peak memory 142 MiB.
2026-09-24T13:07:01Z INFO [61/500] 108c2bb1-bd5e-44dc-9a53-7300b7893d44: 26 internal nodes; 1.9 s; peak memory 142 MiB.
2026-09-24T13:07:07Z INFO [62/500] 108e7fc9-3f8b-498c-937e-f8052af01e56: 70 internal nodes; 6.0 s; peak memory 142 MiB.
2026-09-24T13:07:08Z INFO [63/500] 108ec01d-89dd-4c24-a2a7-1ec6f839c855: 18 internal nodes; 1.1 s; peak memory 142 MiB.
2026-09-24T13:07:09Z INFO [64/500] 108fb671-1286-4735-a69d-e603e5e5b52e: 37 internal nodes; 1.4 s; peak memory 142 MiB.
2026-09-24T13:07:11Z INFO [65/500] 108fe7e4-9bac-453c-8f5a-58495d3042d8: 17 internal nodes; 1.3 s; peak memory 142 MiB.
2026-09-24T13:07:12Z INFO [66/500] 109145ef-715a-44a2-a1dd-6002331615bb: 30 internal nodes; 1.7 s; peak memory 142 MiB.
2026-09-24T13:07:14Z INFO [67/500] 109155b8-c518-4634-b7e9-9aa2d24af367: 17 internal nodes; 1.3 s; peak memory 142 MiB.
2026-09-24T13:07:15Z INFO [68/500] 10915ab6-c512-44b0-8c06-11becc4a19bf: 17 internal nodes; 1.0 s; peak memory 142 MiB.
2026-09-24T13:07:24Z INFO [69/500] 10918efe-342a-4f58-a9cc-d5a0f2e32617: 182 internal nodes; 9.2 s; peak memory 145 MiB.
2026-09-24T13:07:25Z INFO [70/500] 10920998-3854-4d9f-b19b-6986c03ea424: 17 internal nodes; 1.2 s; peak memory 145 MiB.
2026-09-24T13:07:26Z INFO [71/500] 10922858-7654-4a3c-83fd-80aa20a604a6: 17 internal nodes; 1.3 s; peak memory 145 MiB.
2026-09-24T13:07:33Z INFO [72/500] 10925d72-d70a-4ce3-8343-d921df09be71: 177 internal nodes; 6.6 s; peak memory 145 MiB.
2026-09-24T13:07:34Z INFO [73/500] 1093c8a4-f697-4d97-9aaf-2ff14a9375a8: 11 internal nodes; 0.8 s; peak memory 145 MiB.
2026-09-24T13:07:35Z INFO [74/500] 10949770-010b-4e86-9c76-f278503ca379: 17 internal nodes; 1.1 s; peak memory 145 MiB.
2026-09-24T13:07:36Z INFO [75/500] 1094f4c9-327d-40e9-8515-007a2ce30117: 90 internal nodes; 1.4 s; peak memory 145 MiB.
2026-09-24T13:07:41Z INFO [76/500] 109689e9-7b9c-411f-b645-a04908809b15: 132 internal nodes; 5.0 s; peak memory 145 MiB.
2026-09-24T13:07:43Z INFO [77/500] 10970300-be6a-4aa5-9fcf-d5c482ce2f5f: 17 internal nodes; 1.2 s; peak memory 145 MiB.
2026-09-24T13:07:46Z INFO [78/500] 109723ec-28b6-42f0-a913-20e1dc1cce56: 41 internal nodes; 3.6 s; peak memory 145 MiB.
2026-09-24T13:07:47Z INFO [79/500] 109786b5-3e84-41ed-99a8-afc7dd23ddb1: 17 internal nodes; 1.2 s; peak memory 145 MiB.
2026-09-24T13:07:49Z INFO [80/500] 109837e5-0670-42e0-a544-cee5db2ad581: 13 internal nodes; 1.4 s; peak memory 145 MiB.
2026-09-24T13:07:50Z INFO [81/500] 109882b1-0a3b-406e-b351-f450aa916eec: 27 internal nodes; 1.4 s; peak memory 145 MiB.
2026-09-24T13:07:52Z INFO [82/500] 10996919-9440-46c6-b4fd-b3e689ae1aae: 17 internal nodes; 1.6 s; peak memory 145 MiB.
2026-09-24T13:07:53Z INFO [83/500] 1099b4c6-2859-4eb5-a99e-a5c18a248ce9: 27 internal nodes; 1.4 s; peak memory 145 MiB.
2026-09-24T13:07:54Z INFO [84/500] 109ae38b-469d-45d0-b8ae-be81834e5ae2: 115 internal nodes; 1.3 s; peak memory 145 MiB.
2026-09-24T13:09:01Z INFO [85/500] 109b1715-f211-4e37-b21b-fe6b4f4dd1a5: 2456 internal nodes; 66.1 s; peak memory 323 MiB.
2026-09-24T13:09:05Z INFO [86/500] 109b55a9-93a8-4d81-8090-f915f5671f68: 49 internal nodes; 4.0 s; peak memory 323 MiB.
2026-09-24T13:09:06Z INFO [87/500] 109bae78-5993-419f-a7fa-3d5ac8b5f7fd: 38 internal nodes; 1.2 s; peak memory 323 MiB.
2026-09-24T13:09:07Z INFO [88/500] 109c8284-d098-4032-aad8-797822ed7ff5: 11 internal nodes; 0.9 s; peak memory 323 MiB.
2026-09-24T13:09:08Z INFO [89/500] 109d276b-9792-414c-8e79-5ce57275f4dc: 37 internal nodes; 1.7 s; peak memory 323 MiB.
2026-09-24T13:09:10Z INFO [90/500] 109d4b5f-e5f0-439f-a667-0ca67cc1b8f8: 26 internal nodes; 1.7 s; peak memory 323 MiB.
2026-09-24T13:09:11Z INFO [91/500] 109d7e76-96db-4b66-ac4f-4bf987ff8357: 11 internal nodes; 1.3 s; peak memory 323 MiB.
2026-09-24T13:09:13Z INFO [92/500] 109db6a7-500b-4e59-83ca-8422c27137cf: 17 internal nodes; 1.2 s; peak memory 323 MiB.
2026-09-24T13:09:18Z INFO [93/500] 109e4334-020e-49a0-b260-22272359c9d2: 70 internal nodes; 5.4 s; peak memory 323 MiB.
2026-09-24T13:09:19Z INFO [94/500] 109ecae3-f48e-4c04-b737-e685344b07cc: 27 internal nodes; 1.3 s; peak memory 323 MiB.
2026-09-24T13:09:38Z INFO [95/500] 109f6ebf-60df-4c56-b65b-ed7b1ae0777d: 488 internal nodes; 19.0 s; peak memory 323 MiB.
2026-09-24T13:09:40Z INFO [96/500] 10a05d6a-e3dd-4d83-9c8d-513ff44e1b38: 31 internal nodes; 1.7 s; peak memory 323 MiB.
2026-09-24T13:09:41Z INFO [97/500] 10a18410-dc7f-4cc3-8e48-fb7699fbd0e3: 17 internal nodes; 0.8 s; peak memory 323 MiB.
2026-09-24T13:09:42Z INFO [98/500] 10a24716-dfa1-41d2-b657-181cb25f777a: 17 internal nodes; 1.1 s; peak memory 323 MiB.
2026-09-24T13:09:44Z INFO [99/500] 10a250a8-04d2-4f64-8d29-f89f61880248: 69 internal nodes; 2.3 s; peak memory 323 MiB.
2026-09-24T13:09:51Z INFO [100/500] 10a2e8e1-dd7f-4899-a3c1-f79984d8c9f7: 47 internal nodes; 6.8 s; peak memory 323 MiB.
2026-09-24T13:09:51Z INFO [100/500] 10a2e8e1-dd7f-4899-a3c1-f79984d8c9f7: checkpointed 54079 records.
2026-09-24T13:10:10Z INFO [101/500] 10a350fe-5d6d-4e83-8f55-d08890264d09: 172 internal nodes; 18.7 s; peak memory 323 MiB.
2026-09-24T13:10:28Z INFO [102/500] 10a3610a-dbc1-4ada-9022-184ead82033f: 187 internal nodes; 17.7 s; peak memory 323 MiB.
2026-09-24T13:10:29Z INFO [103/500] 10a3cc81-a0c2-4951-aec2-b85b407e5d0b: 27 internal nodes; 1.7 s; peak memory 323 MiB.
2026-09-24T13:10:30Z INFO [104/500] 10a4c048-cf9d-48dd-a979-f584c3349a95: 19 internal nodes; 1.2 s; peak memory 323 MiB.
2026-09-24T13:10:32Z INFO [105/500] 10a50d7b-f975-4177-ab0a-ef3674069c55: 31 internal nodes; 1.9 s; peak memory 323 MiB.
2026-09-24T13:10:39Z INFO [106/500] 10a52ff8-70db-4b7c-adc4-9cb044581cfc: 161 internal nodes; 7.1 s; peak memory 323 MiB.
2026-09-24T13:10:41Z INFO [107/500] 10a60ca7-3d04-431c-b4b0-1493adca10ac: 27 internal nodes; 1.3 s; peak memory 323 MiB.
2026-09-24T13:10:42Z INFO [108/500] 10a6e602-8848-4a4f-9a42-1695ac087f09: 17 internal nodes; 1.2 s; peak memory 323 MiB.
2026-09-24T13:10:43Z INFO [109/500] 10a786bb-b4b1-4589-a498-ff75b1a0de67: 17 internal nodes; 1.1 s; peak memory 323 MiB.
2026-09-24T13:11:43Z INFO [110/500] 10a7b805-db0a-4991-99a4-605881d45b93: 106 internal nodes; 60.0 s; peak memory 323 MiB.
2026-09-24T13:11:45Z INFO [111/500] 10a876a6-3d06-4dba-a842-716f43c8f0a6: 29 internal nodes; 2.2 s; peak memory 323 MiB.
2026-09-24T13:11:47Z INFO [112/500] 10a8a491-0dbf-4018-894f-e1eefdb1f22c: 69 internal nodes; 2.1 s; peak memory 323 MiB.
2026-09-24T13:11:49Z INFO [113/500] 10a90a62-1f05-4be6-80ce-7b05a90aeb22: 27 internal nodes; 1.5 s; peak memory 323 MiB.
2026-09-24T13:11:50Z INFO [114/500] 10a924d1-de72-4143-860e-55c76d7d0d82: 31 internal nodes; 1.4 s; peak memory 323 MiB.
2026-09-24T13:11:52Z INFO [115/500] 10a943a3-cba0-4270-a7a5-04ce1c512012: 31 internal nodes; 1.3 s; peak memory 323 MiB.
2026-09-24T13:11:53Z INFO [116/500] 10a94972-79a6-4793-990e-1e3a48232458: 27 internal nodes; 1.8 s; peak memory 323 MiB.
2026-09-24T13:11:55Z INFO [117/500] 10a95db0-86f5-4773-a8df-b80a8991d266: 23 internal nodes; 1.2 s; peak memory 323 MiB.
2026-09-24T13:11:56Z INFO [118/500] 10a99bed-287d-432f-93de-9ec98d925048: 31 internal nodes; 1.9 s; peak memory 323 MiB.
2026-09-24T13:11:59Z INFO [119/500] 10aa45f0-7b83-4ae5-8f09-33e1974d351f: 63 internal nodes; 2.5 s; peak memory 323 MiB.
2026-09-24T13:12:00Z INFO [120/500] 10ab8ef3-3e39-4688-8ed8-c75614062898: 25 internal nodes; 1.1 s; peak memory 323 MiB.
2026-09-24T13:12:02Z INFO [121/500] 10ab9fea-0fad-4c8e-9bb3-8c0690d66fb8: 20 internal nodes; 2.0 s; peak memory 323 MiB.
2026-09-24T13:12:03Z INFO [122/500] 10ac1a40-6918-4eea-b80c-d887bad92ae9: 17 internal nodes; 1.4 s; peak memory 323 MiB.
2026-09-24T13:12:09Z INFO [123/500] 10ac24fa-5825-4aea-9812-b5f3eeada411: 73 internal nodes; 6.0 s; peak memory 323 MiB.
2026-09-24T13:12:11Z INFO [124/500] 10ac8d87-44d4-4a9c-99f9-6048925f1047: 17 internal nodes; 1.1 s; peak memory 323 MiB.
2026-09-24T13:12:13Z INFO [125/500] 10acb369-9b00-4445-820d-874ff9756c83: 66 internal nodes; 2.1 s; peak memory 323 MiB.
2026-09-24T13:12:14Z INFO [126/500] 10ad1677-82fd-4be8-9240-dcf4305483c3: 26 internal nodes; 1.4 s; peak memory 323 MiB.
2026-09-24T13:12:15Z INFO [127/500] 10ad37b2-a0a5-4dc6-9fe0-a6f7a50d1e3e: 17 internal nodes; 1.1 s; peak memory 323 MiB.
2026-09-24T13:12:17Z INFO [128/500] 10ad5dc7-ec27-4cce-a60f-c4faa4100509: 27 internal nodes; 1.5 s; peak memory 323 MiB.
2026-09-24T13:12:19Z INFO [129/500] 10ad84ef-aa40-462c-a687-07f78cb285a7: 58 internal nodes; 1.9 s; peak memory 323 MiB.
2026-09-24T13:12:20Z INFO [130/500] 10addf21-e956-4991-a805-6a196122da65: 27 internal nodes; 1.3 s; peak memory 323 MiB.
2026-09-24T13:12:21Z INFO [131/500] 10adf08a-31f4-47f7-b3ff-5147ded50ae8: 23 internal nodes; 1.3 s; peak memory 323 MiB.
2026-09-24T13:12:22Z INFO [132/500] 10aef2ad-6e1e-4ba7-95f2-410cec75f270: 17 internal nodes; 1.0 s; peak memory 323 MiB.
2026-09-24T13:12:23Z INFO [133/500] 10b018b3-cbd6-4c39-8b1f-02545f968f18: 11 internal nodes; 0.8 s; peak memory 323 MiB.
2026-09-24T13:12:24Z INFO [134/500] 10b0a30f-7ca7-49bc-8748-cfe5e1c6b41f: 17 internal nodes; 1.1 s; peak memory 323 MiB.
2026-09-24T13:12:40Z INFO [135/500] 10b1cc33-842b-4278-9a94-581e9ff5cf48: 326 internal nodes; 15.7 s; peak memory 323 MiB.
2026-09-24T13:12:41Z INFO [136/500] 10b252bd-c35e-4404-9299-7e8f908d2701: 31 internal nodes; 1.7 s; peak memory 323 MiB.
2026-09-24T13:12:42Z INFO [137/500] 10b260b0-f641-485c-8c85-d0a453c41511: 11 internal nodes; 1.0 s; peak memory 323 MiB.
2026-09-24T13:12:45Z INFO [138/500] 10b46a95-6809-4a74-8ac5-c76422b8ed35: 53 internal nodes; 2.4 s; peak memory 323 MiB.
2026-09-24T13:12:46Z INFO [139/500] 10b55d33-e928-4cee-bad2-87297214a656: 27 internal nodes; 1.4 s; peak memory 323 MiB.
2026-09-24T13:12:48Z INFO [140/500] 10b57a8c-21b0-4db6-b29a-fc37059fa6ff: 27 internal nodes; 1.4 s; peak memory 323 MiB.
2026-09-24T13:12:56Z INFO [141/500] 10b68a32-6a7d-49a6-97cd-db75be278318: 189 internal nodes; 8.2 s; peak memory 323 MiB.
2026-09-24T13:12:57Z INFO [142/500] 10b76568-d37f-487e-bedf-9ffec6fb5826: 11 internal nodes; 0.8 s; peak memory 323 MiB.
2026-09-24T13:12:58Z INFO [143/500] 10b7a74f-8377-459d-8373-5c1865a13086: 27 internal nodes; 1.4 s; peak memory 323 MiB.
2026-09-24T13:13:00Z INFO [144/500] 10b7da6c-f107-47be-96a0-762428173316: 27 internal nodes; 1.5 s; peak memory 323 MiB.
2026-09-24T13:13:01Z INFO [145/500] 10b80e1c-2bd7-4461-8bb4-6076df6db724: 59 internal nodes; 1.6 s; peak memory 323 MiB.
2026-09-24T13:13:02Z INFO [146/500] 10b89f37-59e3-4373-b7a5-1f720e92552b: 27 internal nodes; 1.3 s; peak memory 323 MiB.
2026-09-24T13:13:04Z INFO [147/500] 10b8a17d-affb-409c-b982-b31c227a0ce1: 17 internal nodes; 1.1 s; peak memory 323 MiB.
2026-09-24T13:13:05Z INFO [148/500] 10b94771-8302-4c5a-8e5a-103d23b6885b: 61 internal nodes; 1.6 s; peak memory 323 MiB.
2026-09-24T13:13:06Z INFO [149/500] 10b9dfdd-3534-4acd-aab0-91ddb6d4e8e7: 17 internal nodes; 1.1 s; peak memory 323 MiB.
2026-09-24T13:13:08Z INFO [150/500] 10bac657-1a4e-4311-9927-de5270d3f488: 115 internal nodes; 1.3 s; peak memory 323 MiB.
2026-09-24T13:13:08Z INFO [150/500] 10bac657-1a4e-4311-9927-de5270d3f488: checkpointed 54129 records.
2026-09-24T13:13:10Z INFO [151/500] 10baf779-6190-4e5a-ada9-4a38561f6c75: 31 internal nodes; 1.8 s; peak memory 323 MiB.
2026-09-24T13:13:23Z INFO [152/500] 10bb6c77-c07e-40f7-a757-a888cf74f859: 71 internal nodes; 13.0 s; peak memory 323 MiB.
2026-09-24T13:13:31Z INFO [153/500] 10bc82bc-bff0-4a7b-a211-9e646a1a052a: 192 internal nodes; 8.8 s; peak memory 323 MiB.
2026-09-24T13:15:25Z INFO [154/500] 10bc872b-5417-4364-89b8-f24c221af3d7: 11804 internal nodes; 113.3 s; peak memory 728 MiB.
2026-09-24T13:15:28Z INFO [155/500] 10bd4984-fe2d-4ea7-a756-7ecf0b63ae3d: 46 internal nodes; 3.9 s; peak memory 728 MiB.
2026-09-24T13:15:30Z INFO [156/500] 10bd4ed4-fd94-4e18-9bfb-bc244460cec2: 13 internal nodes; 1.3 s; peak memory 728 MiB.
2026-09-24T13:15:32Z INFO [157/500] 10bd564a-0216-4c74-a53d-9f9a76cc622e: 27 internal nodes; 2.3 s; peak memory 728 MiB.
2026-09-24T13:15:34Z INFO [158/500] 10bdf545-1353-4293-a45f-8aa0d69d6aa0: 31 internal nodes; 1.8 s; peak memory 728 MiB.
2026-09-24T13:15:35Z INFO [159/500] 10be0ba6-6a8a-49be-89de-b9be039d012e: 17 internal nodes; 1.3 s; peak memory 728 MiB.
2026-09-24T13:15:36Z INFO [160/500] 10be6e12-2126-42e8-8bd8-3b805cddef7e: 17 internal nodes; 1.2 s; peak memory 728 MiB.
2026-09-24T13:15:37Z INFO [161/500] 10be8d0f-dd52-4a9e-8fa6-ccef99f65484: 17 internal nodes; 1.1 s; peak memory 728 MiB.
2026-09-24T13:15:39Z INFO [162/500] 10beb84b-915f-47ff-a688-63a74b26919f: 17 internal nodes; 1.1 s; peak memory 728 MiB.
2026-09-24T13:15:40Z INFO [163/500] 10bee475-1ff0-49dd-8793-08341149034e: 27 internal nodes; 1.3 s; peak memory 728 MiB.
2026-09-24T13:15:41Z INFO [164/500] 10c0626f-deb1-4721-ad8f-a42454b2cae0: 17 internal nodes; 1.4 s; peak memory 728 MiB.
2026-09-24T13:15:48Z INFO [165/500] 10c09141-f929-4248-96bf-0df69eb1aff4: 131 internal nodes; 7.1 s; peak memory 728 MiB.
2026-09-24T13:15:50Z INFO [166/500] 10c126dc-82aa-4a9f-add8-1187c584adc7: 37 internal nodes; 1.7 s; peak memory 728 MiB.
2026-09-24T13:15:51Z INFO [167/500] 10c1622a-7b27-465c-a0f5-74277f13e97e: 27 internal nodes; 1.3 s; peak memory 728 MiB.
2026-09-24T13:15:58Z INFO [168/500] 10c1b92c-92d2-45c9-9f24-d9e9f560671d: 73 internal nodes; 6.5 s; peak memory 728 MiB.
2026-09-24T13:16:01Z INFO [169/500] 10c2225a-e450-447f-9f5c-415b3f38b8d2: 44 internal nodes; 3.1 s; peak memory 728 MiB.
2026-09-24T13:16:03Z INFO [170/500] 10c23f50-a889-4e6f-97ab-9c665e01e9a2: 31 internal nodes; 1.7 s; peak memory 728 MiB.
2026-09-24T13:16:04Z INFO [171/500] 10c263e1-016c-4629-9878-8a420acfd7da: 19 internal nodes; 1.4 s; peak memory 728 MiB.
2026-09-24T13:16:13Z INFO [172/500] 10c33128-7ee2-4a7a-8316-0d0a721af464: 66 internal nodes; 8.8 s; peak memory 728 MiB.
2026-09-24T13:16:14Z INFO [173/500] 10c3aa50-c1e1-4746-9125-13f67eb8d49b: 17 internal nodes; 1.3 s; peak memory 728 MiB.
2026-09-24T13:16:16Z INFO [174/500] 10c45119-8170-4dec-94f7-1ac65ecebb90: 28 internal nodes; 1.6 s; peak memory 728 MiB.
2026-09-24T13:16:17Z INFO [175/500] 10c5a40e-6ecb-488a-906c-ad5bd297b31d: 17 internal nodes; 1.1 s; peak memory 728 MiB.
2026-09-24T13:16:24Z INFO [176/500] 10c5afdd-9e2d-4858-b5b2-1ad2bd273b63: 61 internal nodes; 7.3 s; peak memory 728 MiB.
2026-09-24T13:16:30Z INFO [177/500] 10c62505-9955-4d20-984e-956e0a860145: 68 internal nodes; 6.3 s; peak memory 728 MiB.
2026-09-24T13:16:37Z INFO [178/500] 10c69522-84af-468b-8d9e-2c77bd203358: 73 internal nodes; 6.3 s; peak memory 728 MiB.
2026-09-24T13:16:38Z INFO [179/500] 10c6f29b-44f6-4d4c-aeae-f1ecee22023c: 17 internal nodes; 1.3 s; peak memory 728 MiB.
2026-09-24T13:16:45Z INFO [180/500] 10c77839-0ec9-4b72-ad30-7c866d5be50d: 47 internal nodes; 6.7 s; peak memory 728 MiB.
2026-09-24T13:16:55Z INFO [181/500] 10c803d2-f8bd-44af-b94c-93628e3e6b7f: 114 internal nodes; 10.7 s; peak memory 728 MiB.
2026-09-24T13:16:58Z INFO [182/500] 10c80d65-a105-48e7-bf54-4736142be19d: 45 internal nodes; 2.9 s; peak memory 728 MiB.
2026-09-24T13:17:00Z INFO [183/500] 10c95e9a-7e41-42d4-aca8-366bcbce4949: 29 internal nodes; 1.4 s; peak memory 728 MiB.
2026-09-24T13:17:02Z INFO [184/500] 10c95fdd-42e2-45ae-87e6-8ab23f9a593b: 27 internal nodes; 2.2 s; peak memory 728 MiB.
2026-09-24T13:17:08Z INFO [185/500] 10cab119-ca20-4fb6-bb8c-533b50a93826: 119 internal nodes; 5.9 s; peak memory 728 MiB.
2026-09-24T13:17:09Z INFO [186/500] 10cb11a1-cc0e-4b04-a4a9-97836658d33b: 27 internal nodes; 1.4 s; peak memory 728 MiB.
2026-09-24T13:17:16Z INFO [187/500] 10cc898e-a7eb-4a3b-9196-b875096b232e: 177 internal nodes; 7.2 s; peak memory 728 MiB.
2026-09-24T13:17:18Z INFO [188/500] 10cd2971-cece-4596-aa26-186faa31d3d5: 13 internal nodes; 1.3 s; peak memory 728 MiB.
2026-09-24T13:17:42Z INFO [189/500] 10cd51e4-1c01-4ca3-8603-4966d4be979b: 136 internal nodes; 24.7 s; peak memory 728 MiB.
2026-09-24T13:17:45Z INFO [190/500] 10ce2fef-64f7-4030-945e-32f58f2d663c: 72 internal nodes; 2.4 s; peak memory 728 MiB.
2026-09-24T13:17:46Z INFO [191/500] 10d0b5e3-2e9f-4620-81bc-2a91aa1724d9: 17 internal nodes; 1.0 s; peak memory 728 MiB.
2026-09-24T13:17:58Z INFO [192/500] 10d13e84-1072-47b2-8910-075b440b8997: 68 internal nodes; 12.2 s; peak memory 728 MiB.
2026-09-24T13:18:05Z INFO [193/500] 10d1bd9d-3abf-4dad-abf1-789abac5e4fa: 142 internal nodes; 7.0 s; peak memory 728 MiB.
2026-09-24T13:18:06Z INFO [194/500] 10d1c8f1-b45f-405a-9e6a-29f9cb2bd1b0: 25 internal nodes; 0.9 s; peak memory 728 MiB.
2026-09-24T13:18:07Z INFO [195/500] 10d20c0b-7913-49da-bcd3-0fab7cbcbce4: 23 internal nodes; 1.3 s; peak memory 728 MiB.
2026-09-24T13:18:08Z INFO [196/500] 10d27456-2817-4c65-92ba-4bb109cce220: 17 internal nodes; 1.1 s; peak memory 728 MiB.
2026-09-24T13:18:21Z INFO [197/500] 10d27abe-5550-4377-9558-456e973e13d4: 59 internal nodes; 12.6 s; peak memory 728 MiB.
2026-09-24T13:18:23Z INFO [198/500] 10d27b10-c6bf-4efe-8888-c97051724d97: 72 internal nodes; 2.1 s; peak memory 728 MiB.
2026-09-24T13:18:25Z INFO [199/500] 10d28e71-7619-42f2-8a5d-c5adbbe72391: 26 internal nodes; 1.8 s; peak memory 728 MiB.
2026-09-24T13:18:26Z INFO [200/500] 10d2bf09-784e-4c4f-bd31-d8dd54807a99: 17 internal nodes; 1.1 s; peak memory 728 MiB.
2026-09-24T13:18:26Z INFO [200/500] 10d2bf09-784e-4c4f-bd31-d8dd54807a99: checkpointed 54179 records.
2026-09-24T13:18:27Z INFO [201/500] 10d2d3e2-abc3-4276-83bf-8b2e727cf997: 17 internal nodes; 1.1 s; peak memory 728 MiB.
2026-09-24T13:18:28Z INFO [202/500] 10d2f549-c4c7-46d5-a4e3-0d76b5d042a6: 17 internal nodes; 1.1 s; peak memory 728 MiB.
2026-09-24T13:18:31Z INFO [203/500] 10d489bc-7dd7-4a23-9742-c9f4982450a2: 44 internal nodes; 2.9 s; peak memory 728 MiB.
2026-09-24T13:18:38Z INFO [204/500] 10d4c9e8-67de-46fb-ad38-e16f1e9207e5: 100 internal nodes; 6.4 s; peak memory 728 MiB.
2026-09-24T13:18:39Z INFO [205/500] 10d4e558-25cf-42f6-907f-5d131825d9a4: 27 internal nodes; 1.5 s; peak memory 728 MiB.
2026-09-24T13:18:40Z INFO [206/500] 10d5545e-3aeb-4a58-b699-70399b8a74f9: 27 internal nodes; 1.4 s; peak memory 728 MiB.
2026-09-24T13:18:49Z INFO [207/500] 10d5cebb-c6c5-45e9-9832-8127e2d639bf: 163 internal nodes; 8.5 s; peak memory 728 MiB.
2026-09-24T13:18:52Z INFO [208/500] 10d72323-f2cd-4df3-8295-290261f509e3: 40 internal nodes; 3.0 s; peak memory 728 MiB.
2026-09-24T13:18:53Z INFO [209/500] 10d834b6-0201-46ad-84c1-c2b8abad8158: 19 internal nodes; 1.4 s; peak memory 728 MiB.
2026-09-24T13:18:54Z INFO [210/500] 10d858cc-3b34-4243-9fcb-b9103b4b2e88: 17 internal nodes; 1.0 s; peak memory 728 MiB.
2026-09-24T13:18:56Z INFO [211/500] 10d9568a-8d0f-48f9-b710-7888e0af7d5d: 31 internal nodes; 1.9 s; peak memory 728 MiB.
2026-09-24T13:18:58Z INFO [212/500] 10d96039-6634-4b40-991b-1943d858a19d: 63 internal nodes; 1.6 s; peak memory 728 MiB.
2026-09-24T13:19:00Z INFO [213/500] 10d9bc02-74ab-402e-ac14-d807c6d5cbef: 31 internal nodes; 1.9 s; peak memory 728 MiB.
2026-09-24T13:19:01Z INFO [214/500] 10d9fc9e-50b8-4312-bed7-5a0fe18cc39a: 27 internal nodes; 1.2 s; peak memory 728 MiB.
2026-09-24T13:19:07Z INFO [215/500] 10da5baa-93da-4231-b0ce-7c7175a9925f: 54 internal nodes; 6.2 s; peak memory 728 MiB.
2026-09-24T13:19:08Z INFO [216/500] 10da9e8b-9723-42ff-9e3a-458623918f4e: 27 internal nodes; 1.2 s; peak memory 728 MiB.
2026-09-24T13:19:10Z INFO [217/500] 10dab54f-f097-4574-bf33-ac8d47a00e56: 17 internal nodes; 1.1 s; peak memory 728 MiB.
2026-09-24T13:19:26Z INFO [218/500] 10dada62-f0c0-4c85-b536-1e4e2e8c77c6: 233 internal nodes; 16.7 s; peak memory 728 MiB.
2026-09-24T13:19:27Z INFO [219/500] 10dbd649-ebd2-4dff-841e-7009b85fe353: 18 internal nodes; 1.2 s; peak memory 728 MiB.
2026-09-24T13:19:29Z INFO [220/500] 10dc7724-bd98-43ff-b22a-110abcfdb303: 17 internal nodes; 1.3 s; peak memory 728 MiB.
2026-09-24T13:19:31Z INFO [221/500] 10dcc047-e3a7-4af6-a859-d4768b884125: 45 internal nodes; 2.8 s; peak memory 728 MiB.
2026-09-24T13:19:34Z INFO [222/500] 10dd2b1f-1aa8-49ac-aa59-08f2ccfb412f: 44 internal nodes; 2.9 s; peak memory 728 MiB.
2026-09-24T13:19:37Z INFO [223/500] 10dd60e4-843c-4ebb-8109-52903eee9e85: 37 internal nodes; 2.2 s; peak memory 728 MiB.
2026-09-24T13:19:42Z INFO [224/500] 10dd8524-737f-41e2-9026-5045c74ae632: 52 internal nodes; 5.5 s; peak memory 728 MiB.
2026-09-24T13:19:44Z INFO [225/500] 10de1718-c4af-41ca-b16f-f4ed2e60968b: 20 internal nodes; 1.5 s; peak memory 728 MiB.
2026-09-24T13:19:56Z INFO [226/500] 10df3632-ece9-483e-aa22-d1886fbc9b7f: 255 internal nodes; 12.7 s; peak memory 728 MiB.
2026-09-24T13:19:58Z INFO [227/500] 10e0ff74-3f81-4710-8210-ecd94fae833e: 41 internal nodes; 1.6 s; peak memory 728 MiB.
2026-09-24T13:20:00Z INFO [228/500] 10e17085-9209-4f3a-95de-7ab80470c774: 66 internal nodes; 1.8 s; peak memory 728 MiB.
2026-09-24T13:20:12Z INFO [229/500] 10e181d3-583b-4e05-ab13-a216a50fa551: 70 internal nodes; 12.2 s; peak memory 728 MiB.
2026-09-24T13:20:18Z INFO [230/500] 10e1f4c6-8bed-4d9b-a4e6-d48900069d9e: 73 internal nodes; 5.9 s; peak memory 728 MiB.
2026-09-24T13:20:19Z INFO [231/500] 10e427ed-1958-4dbf-b16c-02003887e428: 31 internal nodes; 1.6 s; peak memory 728 MiB.
2026-09-24T13:20:20Z INFO [232/500] 10e43dfb-88ee-4f31-a224-901a03f63dc7: 17 internal nodes; 1.0 s; peak memory 728 MiB.
2026-09-24T13:20:22Z INFO [233/500] 10e76c3f-f36e-432b-9c23-8cac0cd76167: 31 internal nodes; 1.7 s; peak memory 728 MiB.
2026-09-24T13:20:23Z INFO [234/500] 10e78344-55d9-45fb-93f6-95f2259b19f9: 17 internal nodes; 1.2 s; peak memory 728 MiB.
2026-09-24T13:20:25Z INFO [235/500] 10e79aac-b89e-4d3b-b357-3526b0bd3d49: 116 internal nodes; 1.8 s; peak memory 728 MiB.
2026-09-24T13:20:26Z INFO [236/500] 10e7bb69-db77-4ead-8be0-1e202fa0a810: 17 internal nodes; 1.1 s; peak memory 728 MiB.
2026-09-24T13:20:28Z INFO [237/500] 10e7fb59-bcce-49b0-9fba-114e0271f597: 13 internal nodes; 1.6 s; peak memory 728 MiB.
2026-09-24T13:20:29Z INFO [238/500] 10e81bea-c4b7-4d12-a50e-131c500ba6c1: 27 internal nodes; 1.3 s; peak memory 728 MiB.
2026-09-24T13:20:31Z INFO [239/500] 10e81da0-21fe-4233-be83-382ab6326320: 31 internal nodes; 1.7 s; peak memory 728 MiB.
2026-09-24T13:20:32Z INFO [240/500] 10e89006-736c-43ac-a1e3-0be61a35f1a2: 17 internal nodes; 1.0 s; peak memory 728 MiB.
2026-09-24T13:20:33Z INFO [241/500] 10ea15d0-f884-4c8e-8d02-7928d2abd8ea: 11 internal nodes; 0.9 s; peak memory 728 MiB.
2026-09-24T13:20:35Z INFO [242/500] 10ea4ef5-6a71-457d-afa0-8819d7ef7726: 37 internal nodes; 2.1 s; peak memory 728 MiB.
2026-09-24T13:20:46Z INFO [243/500] 10eb2efc-744c-48ac-a518-1ce20bcba6b9: 219 internal nodes; 10.9 s; peak memory 728 MiB.
2026-09-24T13:20:47Z INFO [244/500] 10ebad13-2e07-4a4f-817f-ff5cba863e97: 13 internal nodes; 1.2 s; peak memory 728 MiB.
2026-09-24T13:20:48Z INFO [245/500] 10ebd607-49c6-412f-b54a-f9d2038f039f: 18 internal nodes; 1.4 s; peak memory 728 MiB.
2026-09-24T13:20:49Z INFO [246/500] 10ec5d5b-8461-4439-a47d-e59d137a962a: 23 internal nodes; 1.3 s; peak memory 728 MiB.
2026-09-24T13:20:51Z INFO [247/500] 10ec78b9-2647-4a1f-b41a-226052cbdd3a: 18 internal nodes; 1.2 s; peak memory 728 MiB.
2026-09-24T13:20:52Z INFO [248/500] 10ed2569-a1df-451b-90f0-c2f4250801b3: 27 internal nodes; 1.4 s; peak memory 728 MiB.
2026-09-24T13:20:53Z INFO [249/500] 10edea5e-3b6a-4462-99a2-70c210154433: 18 internal nodes; 1.1 s; peak memory 728 MiB.
2026-09-24T13:20:59Z INFO [250/500] 10ee88c9-7fc8-4882-be44-9b1fab3c74eb: 70 internal nodes; 5.8 s; peak memory 728 MiB.
2026-09-24T13:20:59Z INFO [250/500] 10ee88c9-7fc8-4882-be44-9b1fab3c74eb: checkpointed 54229 records.
2026-09-24T13:21:00Z INFO [251/500] 10eea603-0faa-40c2-83fc-11dbc0246578: 27 internal nodes; 1.4 s; peak memory 728 MiB.
2026-09-24T13:21:02Z INFO [252/500] 10ef76fd-d7cb-45cd-82d8-d41f9148e9da: 17 internal nodes; 1.2 s; peak memory 728 MiB.
2026-09-24T13:21:03Z INFO [253/500] 10ef858a-0e8c-4c87-857f-6c32edf47b80: 27 internal nodes; 1.4 s; peak memory 728 MiB.
2026-09-24T13:21:05Z INFO [254/500] 10efb5ed-f4ca-4742-a8be-9eea4e2cd50e: 28 internal nodes; 1.7 s; peak memory 728 MiB.
2026-09-24T13:21:06Z INFO [255/500] 10f1c071-fe44-4fac-b3af-83596e8705e8: 53 internal nodes; 1.6 s; peak memory 728 MiB.
2026-09-24T13:21:08Z INFO [256/500] 10f1ee32-f8f3-4e9c-bb3c-3788f8ac48a8: 32 internal nodes; 1.7 s; peak memory 728 MiB.
2026-09-24T13:21:10Z INFO [257/500] 10f1f773-b196-4b4d-80aa-98cf371203a9: 28 internal nodes; 1.6 s; peak memory 728 MiB.
2026-09-24T13:21:12Z INFO [258/500] 10f29c41-58e4-4761-b709-e614b119f8a1: 72 internal nodes; 2.5 s; peak memory 728 MiB.
2026-09-24T13:21:14Z INFO [259/500] 10f2cb2a-19da-484d-a181-ba87dd900f95: 66 internal nodes; 1.6 s; peak memory 728 MiB.
2026-09-24T13:21:23Z INFO [260/500] 10f351f7-26a3-4bb2-9f93-31cb4c074869: 48 internal nodes; 9.2 s; peak memory 730 MiB.
2026-09-24T13:21:57Z INFO [261/500] 10f589cc-a5a6-4d48-b547-ce05bf8f8969: 267 internal nodes; 33.8 s; peak memory 730 MiB.
2026-09-24T13:21:58Z INFO [262/500] 10f5bd66-78cb-4ee5-b866-7e812c68f95f: 31 internal nodes; 1.8 s; peak memory 730 MiB.
2026-09-24T13:22:00Z INFO [263/500] 10f6b5a5-1c7c-4cfe-bad5-2f7bd15c8e1e: 17 internal nodes; 1.2 s; peak memory 730 MiB.
2026-09-24T13:22:01Z INFO [264/500] 10f6df6d-4fa1-495b-bea3-0ac38c98a0c7: 19 internal nodes; 1.3 s; peak memory 730 MiB.
2026-09-24T13:22:02Z INFO [265/500] 10f71536-d109-4ecc-a171-f81568b25be2: 18 internal nodes; 1.5 s; peak memory 730 MiB.
2026-09-24T13:22:10Z INFO [266/500] 10f82ca6-8a40-42eb-ad5f-4a983dd74e7b: 62 internal nodes; 7.8 s; peak memory 730 MiB.
2026-09-24T13:22:12Z INFO [267/500] 10f85ba3-1598-4868-b185-21f9c88bc116: 27 internal nodes; 1.3 s; peak memory 730 MiB.
2026-09-24T13:22:13Z INFO [268/500] 10f9bbdc-c66b-496e-8f5b-63ab76db9504: 17 internal nodes; 1.1 s; peak memory 730 MiB.
2026-09-24T13:22:14Z INFO [269/500] 10f9f739-c32d-43c9-b320-e0670a8ad6db: 26 internal nodes; 1.2 s; peak memory 730 MiB.
2026-09-24T13:22:15Z INFO [270/500] 10fa28c9-c4dd-4452-826b-00c15fd30957: 19 internal nodes; 1.2 s; peak memory 730 MiB.
2026-09-24T13:22:21Z INFO [271/500] 10fa3695-18be-477c-892d-081c7603adec: 73 internal nodes; 6.1 s; peak memory 730 MiB.
2026-09-24T13:22:23Z INFO [272/500] 10fa3b9a-d3d0-4b04-8ebf-c6996aafde97: 29 internal nodes; 1.5 s; peak memory 730 MiB.
2026-09-24T13:22:26Z INFO [273/500] 10fadef3-7d38-495a-be0a-c2c7fe5cc582: 44 internal nodes; 2.9 s; peak memory 730 MiB.
2026-09-24T13:22:28Z INFO [274/500] 10fb170f-2a5c-4510-8e3d-dbb4d892bf9b: 29 internal nodes; 2.4 s; peak memory 730 MiB.
2026-09-24T13:22:29Z INFO [275/500] 10fc3634-694f-4185-b272-36f90ebe84ec: 28 internal nodes; 1.1 s; peak memory 730 MiB.
2026-09-24T13:22:30Z INFO [276/500] 10fc5c11-9210-42a0-a451-dc41575a5a36: 17 internal nodes; 1.3 s; peak memory 730 MiB.
2026-09-24T13:22:32Z INFO [277/500] 10fc8a38-982a-43da-8d37-f73c72cf2223: 66 internal nodes; 2.1 s; peak memory 730 MiB.
2026-09-24T13:23:20Z INFO [278/500] 10fc9065-8942-45c9-aa75-1ec102f09a62: 2469 internal nodes; 47.1 s; peak memory 730 MiB.
2026-09-24T13:23:21Z INFO [279/500] 10fcc4c9-1cd6-4aab-948f-f3ba063ed0d7: 23 internal nodes; 1.3 s; peak memory 730 MiB.
2026-09-24T13:23:22Z INFO [280/500] 10fdd593-4791-4056-a9ce-1d2e1047c293: 18 internal nodes; 0.9 s; peak memory 730 MiB.
2026-09-24T13:23:44Z INFO [281/500] 10fe80f9-ba1d-4a3c-9b19-125f82a99194: 606 internal nodes; 22.4 s; peak memory 730 MiB.
2026-09-24T13:23:46Z INFO [282/500] 110111dc-0ada-4bf2-a906-edb792f0a0b4: 18 internal nodes; 1.3 s; peak memory 730 MiB.
2026-09-24T13:23:47Z INFO [283/500] 11014c03-bc80-474e-9fcd-790542c71235: 17 internal nodes; 1.1 s; peak memory 730 MiB.
2026-09-24T13:23:48Z INFO [284/500] 11018df0-95fb-4749-a468-026fe7f83057: 27 internal nodes; 1.5 s; peak memory 730 MiB.
2026-09-24T13:23:50Z INFO [285/500] 1102bf79-f1ea-4f33-8a50-a149b84cc941: 63 internal nodes; 1.6 s; peak memory 730 MiB.
2026-09-24T13:23:51Z INFO [286/500] 110352dd-c975-40ec-8692-44514852f6ea: 27 internal nodes; 1.5 s; peak memory 730 MiB.
2026-09-24T13:23:52Z INFO [287/500] 11037bd7-db35-4a26-9398-c8559d80df39: 17 internal nodes; 1.1 s; peak memory 730 MiB.
2026-09-24T13:23:54Z INFO [288/500] 110396c5-4199-459b-ab6d-e04c6c73fda9: 53 internal nodes; 1.5 s; peak memory 730 MiB.
2026-09-24T13:24:04Z INFO [289/500] 1103a605-bf22-41cb-bc3f-e2de2172cf23: 165 internal nodes; 10.1 s; peak memory 730 MiB.
2026-09-24T13:24:06Z INFO [290/500] 1103eb85-5038-49dd-8624-b4658b6b04ca: 65 internal nodes; 1.7 s; peak memory 730 MiB.
2026-09-24T13:24:07Z INFO [291/500] 1105bc53-1037-4407-8423-1e851758a844: 27 internal nodes; 1.6 s; peak memory 730 MiB.
2026-09-24T13:24:09Z INFO [292/500] 1105c3e5-ad8b-436c-8e40-39925c7e9845: 17 internal nodes; 1.2 s; peak memory 730 MiB.
2026-09-24T13:24:10Z INFO [293/500] 1106370f-3b4f-4278-83cd-fd3bbd99d9a3: 95 internal nodes; 1.7 s; peak memory 730 MiB.
2026-09-24T13:24:12Z INFO [294/500] 110725c6-69dc-4a70-a960-fce3977e136e: 120 internal nodes; 1.8 s; peak memory 730 MiB.
2026-09-24T13:24:14Z INFO [295/500] 11083dba-f6b6-450d-9709-0ac34e362564: 37 internal nodes; 2.0 s; peak memory 730 MiB.
2026-09-24T13:24:15Z INFO [296/500] 1109ab42-2cf6-4645-85f1-1df9906d80e2: 17 internal nodes; 1.2 s; peak memory 730 MiB.
2026-09-24T13:24:24Z INFO [297/500] 110ad363-48d9-4bdf-bb32-d28a164d76fa: 182 internal nodes; 9.2 s; peak memory 730 MiB.
2026-09-24T13:24:30Z INFO [298/500] 110ae4a0-1448-4832-9da4-88d08b46785e: 73 internal nodes; 5.6 s; peak memory 730 MiB.
2026-09-24T13:24:31Z INFO [299/500] 110bfa1d-2ec8-45fe-aab1-3bf68e892548: 29 internal nodes; 1.5 s; peak memory 730 MiB.
2026-09-24T13:24:34Z INFO [300/500] 110caba3-417f-4598-b626-8daab050bd79: 39 internal nodes; 2.2 s; peak memory 730 MiB.
2026-09-24T13:24:34Z INFO [300/500] 110caba3-417f-4598-b626-8daab050bd79: checkpointed 54279 records.
2026-09-24T13:24:36Z INFO [301/500] 110cd4f5-66ae-41ec-95d3-ced960e574ce: 27 internal nodes; 1.6 s; peak memory 730 MiB.
2026-09-24T13:24:37Z INFO [302/500] 110e221b-b718-49e1-bb7a-1001067dac3b: 69 internal nodes; 1.9 s; peak memory 730 MiB.
2026-09-24T13:24:39Z INFO [303/500] 110f80c9-3acf-4ea1-a475-22c03d8fcd01: 27 internal nodes; 1.5 s; peak memory 730 MiB.
2026-09-24T13:24:41Z INFO [304/500] 110fdbb4-f11b-42b7-9c99-2bace46b52a1: 20 internal nodes; 1.9 s; peak memory 730 MiB.
2026-09-24T13:24:42Z INFO [305/500] 11104d68-9759-49ae-bb0b-f415c9b891de: 19 internal nodes; 1.3 s; peak memory 730 MiB.
2026-09-24T13:24:43Z INFO [306/500] 1110a489-3e46-4b0c-b5e4-6bd70f314114: 19 internal nodes; 1.2 s; peak memory 730 MiB.
2026-09-24T13:24:45Z INFO [307/500] 11112029-3b69-4810-ad13-a2a26d7e93fc: 24 internal nodes; 1.6 s; peak memory 730 MiB.
2026-09-24T13:24:46Z INFO [308/500] 11119d72-61fa-4eca-9451-39d02ea3b11d: 31 internal nodes; 1.6 s; peak memory 730 MiB.
2026-09-24T13:24:52Z INFO [309/500] 11120944-3fce-409e-ad6c-d9337693b8fd: 112 internal nodes; 5.3 s; peak memory 730 MiB.
2026-09-24T13:24:53Z INFO [310/500] 11127f73-740e-486d-b563-191656573fef: 23 internal nodes; 1.7 s; peak memory 730 MiB.
2026-09-24T13:24:55Z INFO [311/500] 1112f1d2-2d9a-4bdf-ae88-44b8bcf2ab9c: 26 internal nodes; 1.7 s; peak memory 730 MiB.
2026-09-24T13:24:56Z INFO [312/500] 11131a0a-47b6-427c-8f2e-dbc021e9a892: 17 internal nodes; 1.2 s; peak memory 730 MiB.
2026-09-24T13:24:57Z INFO [313/500] 1113823e-92c3-451e-b1fb-8efa9e6dd449: 17 internal nodes; 1.2 s; peak memory 730 MiB.
2026-09-24T13:24:59Z INFO [314/500] 11138c0c-a5a9-4480-8bd1-4aeb384a7c5e: 19 internal nodes; 1.1 s; peak memory 730 MiB.
2026-09-24T13:25:00Z INFO [315/500] 11143276-b466-4ec0-97ae-bcc07c6ae750: 27 internal nodes; 1.5 s; peak memory 730 MiB.
2026-09-24T13:25:02Z INFO [316/500] 11150156-d82f-4f90-8069-621782ece431: 25 internal nodes; 1.8 s; peak memory 730 MiB.
2026-09-24T13:25:03Z INFO [317/500] 1115a797-ddc1-4976-9332-fc9da35d5c69: 17 internal nodes; 0.9 s; peak memory 730 MiB.
2026-09-24T13:25:04Z INFO [318/500] 1116066b-b03e-4d5c-8e1b-2411aa92e9f9: 18 internal nodes; 1.1 s; peak memory 730 MiB.
2026-09-24T13:25:05Z INFO [319/500] 111635df-d933-44a9-801d-efc6f9043ebb: 17 internal nodes; 1.0 s; peak memory 730 MiB.
2026-09-24T13:25:06Z INFO [320/500] 111659d5-517b-4131-bf0c-11d7f4922320: 17 internal nodes; 1.0 s; peak memory 730 MiB.
2026-09-24T13:25:07Z INFO [321/500] 1116fa33-78af-42cb-aaf9-eaff80d299b3: 27 internal nodes; 1.3 s; peak memory 730 MiB.
2026-09-24T13:25:09Z INFO [322/500] 11171e59-7696-4d27-8827-0bbc18e7a0f9: 28 internal nodes; 1.8 s; peak memory 730 MiB.
2026-09-24T13:25:10Z INFO [323/500] 11175479-c503-40d2-8486-55167daa2c44: 15 internal nodes; 1.2 s; peak memory 730 MiB.
2026-09-24T13:25:16Z INFO [324/500] 1118c407-0c5c-4c97-b34f-63b99fcc990d: 54 internal nodes; 6.3 s; peak memory 730 MiB.
2026-09-24T13:25:18Z INFO [325/500] 11192c53-2b7f-48c2-8ffc-e008bc9c9235: 17 internal nodes; 1.1 s; peak memory 730 MiB.
2026-09-24T13:25:19Z INFO [326/500] 11193579-9ee6-4205-aea9-43ebf93ca22a: 17 internal nodes; 1.1 s; peak memory 730 MiB.
2026-09-24T13:25:20Z INFO [327/500] 111a18a4-f912-40cf-9060-46b5e653bbb1: 17 internal nodes; 1.1 s; peak memory 730 MiB.
2026-09-24T13:25:23Z INFO [328/500] 111b7e53-c123-402a-a3b6-707b5973a960: 44 internal nodes; 2.8 s; peak memory 730 MiB.
2026-09-24T13:25:42Z INFO [329/500] 111bb4fc-f5ea-40a0-a0aa-e6617b0a676d: 300 internal nodes; 19.2 s; peak memory 730 MiB.
2026-09-24T13:25:43Z INFO [330/500] 111bb9d6-cc32-47c7-868f-9f71d2eab7bf: 22 internal nodes; 1.0 s; peak memory 730 MiB.
2026-09-24T13:25:44Z INFO [331/500] 111c1e6c-e1aa-4e4f-8852-88a3d3c14d93: 17 internal nodes; 1.1 s; peak memory 730 MiB.
2026-09-24T13:25:47Z INFO [332/500] 111cd801-b4e6-43ed-bfd3-aa3a48cc2481: 56 internal nodes; 2.7 s; peak memory 730 MiB.
2026-09-24T13:25:48Z INFO [333/500] 111dec7d-fd60-4f36-a1d3-f2bd60df74f2: 24 internal nodes; 1.2 s; peak memory 730 MiB.
2026-09-24T13:25:49Z INFO [334/500] 111e2ffd-9c88-4c2d-955d-55fcd198c1c4: 22 internal nodes; 1.4 s; peak memory 730 MiB.
2026-09-24T13:25:50Z INFO [335/500] 111e8f49-9684-4706-9a03-2a9afea4f298: 15 internal nodes; 1.2 s; peak memory 730 MiB.
2026-09-24T13:25:52Z INFO [336/500] 111eafa4-477c-40b1-aa86-ac56175ada6f: 90 internal nodes; 1.5 s; peak memory 730 MiB.
2026-09-24T13:25:53Z INFO [337/500] 111ee66b-d724-44c0-a6c1-97b67bfa6532: 17 internal nodes; 1.1 s; peak memory 730 MiB.
2026-09-24T13:25:54Z INFO [338/500] 111fd7a6-b2e4-42a8-b86b-b6475e660c0a: 27 internal nodes; 1.3 s; peak memory 730 MiB.
2026-09-24T13:25:56Z INFO [339/500] 11223744-df8a-493f-8087-a6e19034e717: 90 internal nodes; 1.3 s; peak memory 730 MiB.
2026-09-24T13:25:58Z INFO [340/500] 1122423f-2c69-4ecd-acaf-eaf3469937ae: 37 internal nodes; 1.9 s; peak memory 730 MiB.
2026-09-24T13:26:17Z INFO [341/500] 1122e627-ee5f-4e6e-823c-f9bd66b2a4fa: 23 internal nodes; 19.4 s; peak memory 730 MiB.
2026-09-24T13:26:18Z INFO [342/500] 11238af0-7a0d-47b0-9ac1-136eeb5e711b: 17 internal nodes; 1.1 s; peak memory 730 MiB.
2026-09-24T13:26:20Z INFO [343/500] 11248fec-4279-4545-b7df-99e1bd75cfac: 91 internal nodes; 1.6 s; peak memory 730 MiB.
2026-09-24T13:26:21Z INFO [344/500] 1125cab0-dfbd-4d26-8bf5-72f9ebade82d: 25 internal nodes; 1.0 s; peak memory 730 MiB.
2026-09-24T13:26:22Z INFO [345/500] 112615da-c4a5-4c4a-b8df-8616bb7896f7: 13 internal nodes; 1.2 s; peak memory 730 MiB.
2026-09-24T13:26:23Z INFO [346/500] 11269669-52e3-4ee4-a79c-09f29df8da2f: 27 internal nodes; 1.3 s; peak memory 730 MiB.
2026-09-24T13:26:24Z INFO [347/500] 11269dbd-8def-4d2c-8565-91bcceadaf99: 13 internal nodes; 0.9 s; peak memory 730 MiB.
2026-09-24T13:26:25Z INFO [348/500] 1126a903-2e29-4a0c-b2e3-ef27cc7b7dae: 17 internal nodes; 1.2 s; peak memory 730 MiB.
2026-09-24T13:26:26Z INFO [349/500] 11271ebb-5fb1-423a-bb6d-106c5bb36dd0: 17 internal nodes; 1.1 s; peak memory 730 MiB.
2026-09-24T13:26:28Z INFO [350/500] 11273913-4e94-4501-b466-d5ec53a71e3c: 22 internal nodes; 1.2 s; peak memory 730 MiB.
2026-09-24T13:26:28Z INFO [350/500] 11273913-4e94-4501-b466-d5ec53a71e3c: checkpointed 54329 records.
2026-09-24T13:26:37Z INFO [351/500] 11277121-b52e-4d64-9450-4d8d2fce0311: 193 internal nodes; 9.3 s; peak memory 730 MiB.
2026-09-24T13:26:46Z INFO [352/500] 1127a7ce-bf3e-456c-80e3-c673121e7f5f: 66 internal nodes; 8.5 s; peak memory 730 MiB.
2026-09-24T13:26:47Z INFO [353/500] 1127d366-4639-4f2d-9332-d6df4f2c8d12: 31 internal nodes; 1.3 s; peak memory 730 MiB.
2026-09-24T13:26:48Z INFO [354/500] 112832b9-29b4-419b-9ac2-54a4a465de05: 27 internal nodes; 1.4 s; peak memory 730 MiB.
2026-09-24T13:26:50Z INFO [355/500] 112843ec-1fb6-4748-a09b-a8ae968fd095: 60 internal nodes; 1.6 s; peak memory 730 MiB.
2026-09-24T13:26:51Z INFO [356/500] 112889ef-33e4-4a18-9f0f-dbaab43f6d4f: 18 internal nodes; 1.1 s; peak memory 730 MiB.
2026-09-24T13:26:53Z INFO [357/500] 11290759-8d6b-422a-86c4-439c82c999ad: 54 internal nodes; 1.5 s; peak memory 730 MiB.
2026-09-24T13:26:54Z INFO [358/500] 112918dc-9772-47cf-961a-93479f74b0b5: 27 internal nodes; 1.5 s; peak memory 730 MiB.
2026-09-24T13:26:56Z INFO [359/500] 112a3380-89d0-407c-9884-0767c71372a3: 58 internal nodes; 2.2 s; peak memory 730 MiB.
2026-09-24T13:27:03Z INFO [360/500] 112b1603-e284-4fe9-94a0-408dd2307a38: 61 internal nodes; 7.1 s; peak memory 730 MiB.
2026-09-24T13:27:09Z INFO [361/500] 112b3241-b650-4ba0-a887-06a94eb4c8bc: 139 internal nodes; 6.1 s; peak memory 730 MiB.
2026-09-24T13:27:13Z INFO [362/500] 112b642d-ec46-41bb-8467-a9e9ca367795: 47 internal nodes; 3.4 s; peak memory 730 MiB.
2026-09-24T13:27:25Z INFO [363/500] 112be15f-0093-492a-81e4-865d09b4422c: 218 internal nodes; 12.0 s; peak memory 730 MiB.
2026-09-24T13:27:26Z INFO [364/500] 112c270d-40ab-4a1b-afd9-c64e229e5870: 13 internal nodes; 1.2 s; peak memory 730 MiB.
2026-09-24T13:27:32Z INFO [365/500] 112c2c0e-4543-48a0-ac0b-d028c638d19d: 73 internal nodes; 6.3 s; peak memory 730 MiB.
2026-09-24T13:27:34Z INFO [366/500] 112cb808-7090-43a4-9acb-478af07d470f: 29 internal nodes; 1.7 s; peak memory 730 MiB.
2026-09-24T13:27:35Z INFO [367/500] 112cf70d-48b3-4a58-984f-e0207e27d5cc: 17 internal nodes; 1.2 s; peak memory 730 MiB.
2026-09-24T13:27:37Z INFO [368/500] 112d3ed8-fbe0-4449-a47b-875fdee36532: 19 internal nodes; 1.3 s; peak memory 730 MiB.
2026-09-24T13:27:40Z INFO [369/500] 112d6300-c2c5-4d28-bdef-49835ca451ae: 60 internal nodes; 3.3 s; peak memory 730 MiB.
2026-09-24T13:27:41Z INFO [370/500] 112d7099-1f02-476a-9626-7399e12a0e2c: 11 internal nodes; 0.9 s; peak memory 730 MiB.
2026-09-24T13:27:42Z INFO [371/500] 112e5735-800d-4092-9fb4-a1866b19e945: 17 internal nodes; 1.1 s; peak memory 730 MiB.
2026-09-24T13:27:43Z INFO [372/500] 112e5ca6-6fb6-445e-8824-6fb399da9ccc: 17 internal nodes; 1.1 s; peak memory 730 MiB.
2026-09-24T13:27:53Z INFO [373/500] 112f0c31-81a7-4eb7-9f55-9d95fea946b2: 66 internal nodes; 9.7 s; peak memory 730 MiB.
2026-09-24T13:27:55Z INFO [374/500] 1130bd5f-9257-473e-9fba-5a4158faa973: 58 internal nodes; 2.0 s; peak memory 730 MiB.
2026-09-24T13:27:56Z INFO [375/500] 1130ed04-d1cf-4b09-9a8f-c80d356b2656: 39 internal nodes; 1.8 s; peak memory 730 MiB.
2026-09-24T13:27:57Z INFO [376/500] 11332d78-9020-4ba7-89e8-1dade6eaab49: 11 internal nodes; 0.9 s; peak memory 730 MiB.
2026-09-24T13:27:59Z INFO [377/500] 11339d80-72df-4be1-acbb-f7f9f33c5ea2: 33 internal nodes; 2.0 s; peak memory 730 MiB.
2026-09-24T13:28:01Z INFO [378/500] 1133b01e-6c09-403d-b137-f48fe18124f8: 27 internal nodes; 1.6 s; peak memory 730 MiB.
2026-09-24T13:28:03Z INFO [379/500] 1134b1bf-3eb9-45d5-acf7-c16ea6551f73: 31 internal nodes; 2.3 s; peak memory 730 MiB.
2026-09-24T13:28:05Z INFO [380/500] 1134ba22-48ff-456a-a4a2-89d9a934dadf: 31 internal nodes; 2.0 s; peak memory 730 MiB.
2026-09-24T13:28:06Z INFO [381/500] 113584a5-80f8-494e-93e1-d4a47dee2456: 13 internal nodes; 1.1 s; peak memory 730 MiB.
2026-09-24T13:28:08Z INFO [382/500] 113684a7-6e89-4094-9104-af9952b1162f: 11 internal nodes; 1.3 s; peak memory 730 MiB.
2026-09-24T13:28:09Z INFO [383/500] 1136a9a4-2443-4f64-9526-d8d55999403a: 31 internal nodes; 1.8 s; peak memory 730 MiB.
2026-09-24T13:28:15Z INFO [384/500] 1136bb64-4d82-46b0-af21-ea9d5041cf35: 281 internal nodes; 5.8 s; peak memory 730 MiB.
2026-09-24T13:28:16Z INFO [385/500] 1137a66f-18d5-47a4-89a1-5f5925abf855: 17 internal nodes; 1.1 s; peak memory 730 MiB.
2026-09-24T13:28:17Z INFO [386/500] 1138d4fd-6777-44b4-b69e-5d6c75b28569: 17 internal nodes; 1.0 s; peak memory 730 MiB.
2026-09-24T13:28:22Z INFO [387/500] 113a3eca-fcd0-4e52-81db-e779766e375e: 97 internal nodes; 4.5 s; peak memory 730 MiB.
2026-09-24T13:28:23Z INFO [388/500] 113a5f8c-2ad5-4c38-ba4b-16572a84d938: 19 internal nodes; 1.1 s; peak memory 730 MiB.
2026-09-24T13:28:24Z INFO [389/500] 113ab541-ee75-4df7-97ef-4e8af4c0c1f2: 26 internal nodes; 1.3 s; peak memory 730 MiB.
2026-09-24T13:28:25Z INFO [390/500] 113ad38a-4df7-411b-808c-f28c66dc6d07: 17 internal nodes; 1.1 s; peak memory 730 MiB.
2026-09-24T13:28:26Z INFO [391/500] 113b72cb-937b-4422-b6d2-c578451def2a: 17 internal nodes; 1.1 s; peak memory 730 MiB.
2026-09-24T13:28:28Z INFO [392/500] 113b9dce-7b96-4968-9ddd-4d4585e53ae4: 17 internal nodes; 1.2 s; peak memory 730 MiB.
2026-09-24T13:28:29Z INFO [393/500] 113be62e-7929-4650-94f7-3ef4aebcce79: 18 internal nodes; 1.1 s; peak memory 730 MiB.
2026-09-24T13:28:30Z INFO [394/500] 113c8170-0934-487b-befe-713bc3c33ca1: 19 internal nodes; 1.2 s; peak memory 730 MiB.
2026-09-24T13:28:36Z INFO [395/500] 113c9f79-ea83-48da-a0da-0fe064e20d12: 152 internal nodes; 6.0 s; peak memory 730 MiB.
2026-09-24T13:28:37Z INFO [396/500] 113cd57e-2b38-4b65-a79d-4c389803f19a: 27 internal nodes; 1.6 s; peak memory 730 MiB.
2026-09-24T13:28:39Z INFO [397/500] 113d28bf-1978-4453-ad70-470a74422bba: 25 internal nodes; 1.7 s; peak memory 730 MiB.
2026-09-24T13:28:45Z INFO [398/500] 113e0faa-5bff-46cc-b801-a14ece3088e1: 95 internal nodes; 6.3 s; peak memory 730 MiB.
2026-09-24T13:28:47Z INFO [399/500] 113e8c36-c70a-49ae-8c1a-2bb13d24a133: 22 internal nodes; 1.6 s; peak memory 730 MiB.
2026-09-24T13:28:49Z INFO [400/500] 113ee642-6f75-4419-ab63-e51eb92c95ca: 25 internal nodes; 1.5 s; peak memory 730 MiB.
2026-09-24T13:28:49Z INFO [400/500] 113ee642-6f75-4419-ab63-e51eb92c95ca: checkpointed 54379 records.
2026-09-24T13:28:51Z INFO [401/500] 11404c9f-97d9-4dea-b641-1fe28e785eaf: 65 internal nodes; 1.8 s; peak memory 730 MiB.
2026-09-24T13:28:52Z INFO [402/500] 11405314-abdd-4b76-8a3e-eb6aecc5135e: 21 internal nodes; 1.3 s; peak memory 730 MiB.
2026-09-24T13:28:53Z INFO [403/500] 114109c4-5576-42be-8d19-491c0e397049: 17 internal nodes; 1.2 s; peak memory 730 MiB.
2026-09-24T13:28:55Z INFO [404/500] 11419b3b-99a0-4f1d-911b-b1bd47ebcf20: 26 internal nodes; 1.9 s; peak memory 730 MiB.
2026-09-24T13:28:56Z INFO [405/500] 1141fbfb-f13b-4df2-8503-2e91a27af724: 119 internal nodes; 1.5 s; peak memory 730 MiB.
2026-09-24T13:28:58Z INFO [406/500] 1142f6cd-6d60-49b2-a9e9-e230082b89eb: 17 internal nodes; 1.2 s; peak memory 730 MiB.
2026-09-24T13:28:59Z INFO [407/500] 1142f9e8-b8e0-4457-bb8a-4ea1c65c2142: 27 internal nodes; 1.3 s; peak memory 730 MiB.
2026-09-24T13:29:00Z INFO [408/500] 1142fe0b-a545-4dcb-941b-c5d5dd0235c7: 19 internal nodes; 0.8 s; peak memory 730 MiB.
2026-09-24T13:29:01Z INFO [409/500] 114335f7-8365-41ab-ad9c-6018ef83bb70: 17 internal nodes; 1.1 s; peak memory 730 MiB.
2026-09-24T13:29:02Z INFO [410/500] 1143b5e0-4ea9-4ed2-80dd-750ab4b55509: 19 internal nodes; 1.5 s; peak memory 730 MiB.
2026-09-24T13:29:03Z INFO [411/500] 11442762-0e9d-4d0d-8f08-41b76510a47d: 17 internal nodes; 1.1 s; peak memory 730 MiB.
2026-09-24T13:29:06Z INFO [412/500] 114520a1-c6ee-452c-8fdd-744cfcd5785b: 32 internal nodes; 2.2 s; peak memory 730 MiB.
2026-09-24T13:29:07Z INFO [413/500] 11456ed0-5b34-49cc-b031-105939592921: 17 internal nodes; 1.1 s; peak memory 730 MiB.
2026-09-24T13:29:08Z INFO [414/500] 1145d0c1-5d01-4173-a00f-d086bc3a179b: 19 internal nodes; 1.0 s; peak memory 730 MiB.
2026-09-24T13:29:09Z INFO [415/500] 11460355-214b-4b8c-b7cc-71fbff1588e1: 27 internal nodes; 1.4 s; peak memory 730 MiB.
2026-09-24T13:29:11Z INFO [416/500] 1146d6fd-c499-4b37-8f80-70830ff9b659: 116 internal nodes; 1.5 s; peak memory 730 MiB.
2026-09-24T13:29:19Z INFO [417/500] 1146f2d3-4c14-4a48-8db9-077071735053: 115 internal nodes; 8.6 s; peak memory 730 MiB.
2026-09-24T13:29:21Z INFO [418/500] 114757d1-e973-4106-b6d2-ece6437dde27: 31 internal nodes; 1.7 s; peak memory 730 MiB.
2026-09-24T13:29:22Z INFO [419/500] 114779e3-aceb-4810-a368-c8c9693b9be7: 17 internal nodes; 1.2 s; peak memory 730 MiB.
2026-09-24T13:29:24Z INFO [420/500] 11478520-4825-46fd-ad1d-2e79f077feb9: 31 internal nodes; 1.7 s; peak memory 730 MiB.
2026-09-24T13:29:27Z INFO [421/500] 114832a9-5f14-4f9c-84ff-27cb0069ddca: 44 internal nodes; 2.8 s; peak memory 730 MiB.
2026-09-24T13:29:28Z INFO [422/500] 114969e2-1c67-4412-9966-a9cf82815aba: 26 internal nodes; 0.9 s; peak memory 730 MiB.
2026-09-24T13:29:34Z INFO [423/500] 114a30ee-f373-4b2c-a0e3-9b4b1824ec6e: 136 internal nodes; 6.2 s; peak memory 730 MiB.
2026-09-24T13:29:35Z INFO [424/500] 114ab2ce-eaa4-447c-95b8-e43b7d590d11: 19 internal nodes; 1.4 s; peak memory 730 MiB.
2026-09-24T13:29:37Z INFO [425/500] 114afb88-a128-4b52-aa93-8e1fbe7d9b57: 21 internal nodes; 1.6 s; peak memory 730 MiB.
2026-09-24T13:29:38Z INFO [426/500] 114b473f-4039-4ca4-b3b0-435b15b7372c: 21 internal nodes; 1.2 s; peak memory 730 MiB.
2026-09-24T13:29:39Z INFO [427/500] 114ba2fb-e1b0-4bbb-a088-b2a307079407: 17 internal nodes; 1.3 s; peak memory 730 MiB.
2026-09-24T13:29:45Z INFO [428/500] 114c464e-f942-44f4-8dec-ef3c480815b1: 115 internal nodes; 6.0 s; peak memory 730 MiB.
2026-09-24T13:29:46Z INFO [429/500] 114c6513-f978-4930-884f-77a2c26f960d: 17 internal nodes; 1.0 s; peak memory 730 MiB.
2026-09-24T13:29:51Z INFO [430/500] 114c7e99-5858-4608-9469-bcd8348d8933: 50 internal nodes; 4.8 s; peak memory 730 MiB.
2026-09-24T13:29:54Z INFO [431/500] 114c809b-8d69-45bf-9aab-0762f783ab75: 44 internal nodes; 3.1 s; peak memory 730 MiB.
2026-09-24T13:29:56Z INFO [432/500] 114cd714-9748-4a47-b13e-e71864c38adf: 22 internal nodes; 2.4 s; peak memory 730 MiB.
2026-09-24T13:29:58Z INFO [433/500] 114de751-01bb-4bef-9b0a-2e0ab6bf2c62: 26 internal nodes; 1.9 s; peak memory 730 MiB.
2026-09-24T13:30:00Z INFO [434/500] 114e41aa-4d3b-4807-b6d4-ffbb7f779f96: 31 internal nodes; 1.9 s; peak memory 730 MiB.
2026-09-24T13:30:01Z INFO [435/500] 114f62d4-bb1a-4f54-9e09-91250185d9be: 20 internal nodes; 0.8 s; peak memory 730 MiB.
2026-09-24T13:30:03Z INFO [436/500] 114f65cc-12ef-4c4b-a1c8-4c5d18191e9d: 31 internal nodes; 1.6 s; peak memory 730 MiB.
2026-09-24T13:30:05Z INFO [437/500] 11509c07-8d7c-4f1c-89a7-be458dbab909: 118 internal nodes; 1.9 s; peak memory 730 MiB.
2026-09-24T13:30:06Z INFO [438/500] 11536767-73da-4041-a0d4-1104d8ed395c: 17 internal nodes; 1.1 s; peak memory 730 MiB.
2026-09-24T13:30:07Z INFO [439/500] 1153bd82-ac32-45f0-9e2b-056034bb4ed7: 15 internal nodes; 1.0 s; peak memory 730 MiB.
2026-09-24T13:30:08Z INFO [440/500] 1153e014-fa5e-4dea-bb68-d08538c35923: 17 internal nodes; 1.1 s; peak memory 730 MiB.
2026-09-24T13:30:09Z INFO [441/500] 11540b90-7b4a-46bf-8fed-3ee910d2e11d: 17 internal nodes; 1.2 s; peak memory 730 MiB.
2026-09-24T13:30:10Z INFO [442/500] 11554ed8-8110-42f8-a221-91d6c77b36d5: 17 internal nodes; 1.2 s; peak memory 730 MiB.
2026-09-24T13:30:11Z INFO [443/500] 11561752-c1d5-4577-a599-c4323546f151: 17 internal nodes; 1.1 s; peak memory 730 MiB.
2026-09-24T13:30:14Z INFO [444/500] 115629f2-88c8-40c5-8d0a-ae7753022aee: 41 internal nodes; 2.6 s; peak memory 730 MiB.
2026-09-24T13:30:15Z INFO [445/500] 115729c9-1608-4365-bc60-1b763c5cecc8: 27 internal nodes; 1.3 s; peak memory 730 MiB.
2026-09-24T13:30:16Z INFO [446/500] 1157395f-7df7-4599-96e9-5c9515f46039: 18 internal nodes; 1.1 s; peak memory 730 MiB.
2026-09-24T13:30:18Z INFO [447/500] 1157a182-1fef-4069-8ea6-36948293342a: 31 internal nodes; 1.7 s; peak memory 730 MiB.
2026-09-24T13:30:19Z INFO [448/500] 1157cbf6-5cc9-4518-8112-28a6d9c830ee: 17 internal nodes; 1.2 s; peak memory 730 MiB.
2026-09-24T13:30:21Z INFO [449/500] 1157f7f8-c5de-4698-a26f-aaf29d410e78: 59 internal nodes; 2.2 s; peak memory 730 MiB.
2026-09-24T13:30:29Z INFO [450/500] 1158bb7b-769a-4f15-85be-6cb204a9a663: 73 internal nodes; 7.1 s; peak memory 730 MiB.
2026-09-24T13:30:29Z INFO [450/500] 1158bb7b-769a-4f15-85be-6cb204a9a663: checkpointed 54429 records.
2026-09-24T13:30:30Z INFO [451/500] 11596081-0863-49ad-87c4-4436233caf78: 28 internal nodes; 1.2 s; peak memory 730 MiB.
2026-09-24T13:30:41Z INFO [452/500] 115a6769-135c-41f8-82b3-44312a41285b: 212 internal nodes; 11.1 s; peak memory 730 MiB.
2026-09-24T13:30:42Z INFO [453/500] 115b1568-9f8f-471b-8eea-5c4c58957f66: 17 internal nodes; 1.1 s; peak memory 730 MiB.
2026-09-24T13:30:43Z INFO [454/500] 115b488c-c296-4a37-89e7-70ac972ce00d: 26 internal nodes; 0.8 s; peak memory 730 MiB.
2026-09-24T13:30:54Z INFO [455/500] 115bb519-5535-4d32-aaff-d83c3f43195a: 167 internal nodes; 10.8 s; peak memory 730 MiB.
2026-09-24T13:31:01Z INFO [456/500] 115bcfd3-c891-4c04-89d3-c81492de6d31: 177 internal nodes; 7.4 s; peak memory 730 MiB.
2026-09-24T13:31:02Z INFO [457/500] 115c05a6-b8e1-4c04-964f-d7ee0a09a473: 17 internal nodes; 1.1 s; peak memory 730 MiB.
2026-09-24T13:31:03Z INFO [458/500] 115dc2ae-557e-45a4-a3da-06e0bb4cbd11: 17 internal nodes; 1.2 s; peak memory 730 MiB.
2026-09-24T13:31:09Z INFO [459/500] 115e1944-1eab-4185-b74f-61cf13280511: 113 internal nodes; 5.4 s; peak memory 730 MiB.
2026-09-24T13:31:20Z INFO [460/500] 115e3191-0593-41d9-aaf2-aba9a5112af9: 224 internal nodes; 11.5 s; peak memory 730 MiB.
2026-09-24T13:31:22Z INFO [461/500] 1160d91e-1081-4359-abbc-471c625ff3b4: 38 internal nodes; 1.8 s; peak memory 730 MiB.
2026-09-24T13:31:26Z INFO [462/500] 1160f0ae-2d4c-45eb-90dc-e294fc026465: 44 internal nodes; 3.5 s; peak memory 730 MiB.
2026-09-24T13:31:29Z INFO [463/500] 116200c1-7c0c-4a5e-9818-b03680c5f757: 32 internal nodes; 2.9 s; peak memory 730 MiB.
2026-09-24T13:31:36Z INFO [464/500] 11627e66-1657-46f5-8760-2283ca17ddec: 134 internal nodes; 7.1 s; peak memory 730 MiB.
2026-09-24T13:31:37Z INFO [465/500] 1162b4bd-8fde-4cd9-9921-3119b6654b2f: 17 internal nodes; 1.1 s; peak memory 730 MiB.
2026-09-24T13:31:38Z INFO [466/500] 1162b9c7-57dd-4b4f-9a12-e72be07bb0b4: 17 internal nodes; 1.2 s; peak memory 730 MiB.
2026-09-24T13:31:42Z INFO [467/500] 116318c7-7603-4f9f-a033-0fd0de2b7dd0: 51 internal nodes; 4.5 s; peak memory 730 MiB.
2026-09-24T13:31:44Z INFO [468/500] 11633790-4a12-444e-9b48-2a7ec8967b57: 17 internal nodes; 1.3 s; peak memory 730 MiB.
2026-09-24T13:31:45Z INFO [469/500] 1164308b-9274-4642-9126-2a29cc298840: 17 internal nodes; 1.1 s; peak memory 730 MiB.
2026-09-24T13:31:52Z INFO [470/500] 11644031-fe25-4bbd-867b-50a29f33e339: 155 internal nodes; 7.4 s; peak memory 730 MiB.
2026-09-24T13:31:54Z INFO [471/500] 1164cde0-d0b8-4783-b0ed-9975f0fd9726: 119 internal nodes; 1.5 s; peak memory 730 MiB.
2026-09-24T13:31:55Z INFO [472/500] 11652ff4-b460-4b23-a210-4e76fea7ad71: 17 internal nodes; 1.3 s; peak memory 730 MiB.
2026-09-24T13:31:56Z INFO [473/500] 116536dc-13b3-4982-9823-83b54aa3948d: 25 internal nodes; 1.2 s; peak memory 730 MiB.
2026-09-24T13:32:11Z INFO [474/500] 11655e33-9773-4755-b728-6622a80e7683: 83 internal nodes; 15.3 s; peak memory 730 MiB.
2026-09-24T13:32:19Z INFO [475/500] 1165c201-662e-4dae-981f-afa49f6abe93: 59 internal nodes; 8.1 s; peak memory 730 MiB.
2026-09-24T13:32:20Z INFO [476/500] 116603d1-d92f-46a1-bd61-94fa54283c37: 17 internal nodes; 1.0 s; peak memory 730 MiB.
2026-09-24T13:32:22Z INFO [477/500] 11666a56-8626-484a-8322-40ed710e5cda: 27 internal nodes; 1.4 s; peak memory 730 MiB.
2026-09-24T13:32:23Z INFO [478/500] 1167b175-f43a-4f6e-9186-4df766f115d6: 13 internal nodes; 1.2 s; peak memory 730 MiB.
2026-09-24T13:32:24Z INFO [479/500] 1167f993-6192-4854-8470-0a2f2d47a228: 17 internal nodes; 1.0 s; peak memory 730 MiB.
2026-09-24T13:32:48Z INFO [480/500] 116949e9-68f3-4cdd-b096-1ebdfb60ed8a: 1705 internal nodes; 24.1 s; peak memory 730 MiB.
2026-09-24T13:32:50Z INFO [481/500] 11696b4a-770b-4dd0-b936-0781a08d9902: 27 internal nodes; 1.5 s; peak memory 730 MiB.
2026-09-24T13:32:51Z INFO [482/500] 1169e791-66bd-41ee-82fe-2f86225684aa: 26 internal nodes; 0.9 s; peak memory 730 MiB.
2026-09-24T13:32:52Z INFO [483/500] 116b5b61-a12e-4c86-9613-a1cd2243aa82: 31 internal nodes; 1.8 s; peak memory 730 MiB.
2026-09-24T13:32:54Z INFO [484/500] 116b689d-8007-4d92-a192-32dee153b7f0: 17 internal nodes; 1.3 s; peak memory 730 MiB.
2026-09-24T13:32:55Z INFO [485/500] 116c3f8c-ff9f-476c-afbd-c74274062050: 29 internal nodes; 1.7 s; peak memory 730 MiB.
2026-09-24T13:32:58Z INFO [486/500] 116c43cf-499f-49a0-90c1-8f71d85e2ba4: 31 internal nodes; 3.0 s; peak memory 730 MiB.
2026-09-24T13:33:00Z INFO [487/500] 116cd393-7e41-48ff-9c38-3009c17fc6c6: 61 internal nodes; 2.0 s; peak memory 730 MiB.
2026-09-24T13:33:02Z INFO [488/500] 116cf83d-e467-43f2-987d-98020d795792: 27 internal nodes; 1.3 s; peak memory 730 MiB.
2026-09-24T13:33:03Z INFO [489/500] 116d4d6a-a328-4a98-96a3-02475412be3b: 27 internal nodes; 1.6 s; peak memory 730 MiB.
2026-09-24T13:33:06Z INFO [490/500] 116e736d-2a45-464b-bc69-239511e12428: 44 internal nodes; 2.8 s; peak memory 730 MiB.
2026-09-24T13:33:07Z INFO [491/500] 116f548d-3e1b-4033-86a4-a17ba42910c2: 17 internal nodes; 1.2 s; peak memory 730 MiB.
2026-09-24T13:33:09Z INFO [492/500] 116fa3e3-a15a-45a0-b4d3-80f7181b1877: 53 internal nodes; 1.5 s; peak memory 730 MiB.
2026-09-24T13:33:09Z INFO [493/500] 116fc459-0e0c-41d6-be68-d50d79dd74d8: 11 internal nodes; 0.8 s; peak memory 730 MiB.
2026-09-24T13:33:11Z INFO [494/500] 116fc720-915e-4c2b-8226-33e1f2457f69: 17 internal nodes; 1.1 s; peak memory 730 MiB.
2026-09-24T13:33:12Z INFO [495/500] 11709443-0a5c-47a0-ab90-d00788ca69ec: 18 internal nodes; 1.0 s; peak memory 730 MiB.
2026-09-24T13:33:13Z INFO [496/500] 1170f2a5-5a06-4227-984c-b0b2bc5cbb29: 17 internal nodes; 1.1 s; peak memory 730 MiB.
2026-09-24T13:33:20Z INFO [497/500] 1171b52c-a4fc-477c-bb09-3f2de4da9827: 73 internal nodes; 7.0 s; peak memory 730 MiB.
2026-09-24T13:33:21Z INFO [498/500] 11736a14-abc5-4ddf-bae3-d52906836457: 19 internal nodes; 1.2 s; peak memory 730 MiB.
2026-09-24T13:33:22Z INFO [499/500] 11736d95-28d8-4a7b-bff0-ab0394305811: 13 internal nodes; 1.0 s; peak memory 730 MiB.
2026-09-24T13:33:23Z INFO [500/500] 117373db-88b4-4e6d-85ca-9b2396c1e63a: 17 internal nodes; 1.1 s; peak memory 730 MiB.
2026-09-24T13:33:23Z INFO [500/500] 117373db-88b4-4e6d-85ca-9b2396c1e63a: checkpointed 54479 records.
2026-09-24T13:33:23Z INFO Wrote 54479 records to /tmp/derivatives/valid_nwb_file_to_out_degrees.jsonl (495 new, 5 failed) in 28.8 min (peak memory 730 MiB).
