2026-09-28T16:20:06Z INFO Logging to /tmp/logs/update_2026-09-28T16-20-06Z.log.
2026-09-28T16:20:06Z INFO Update valid-nwb-file-to-out-degrees (base directory /tmp).
2026-09-28T16:20:07Z INFO Processing 500 items (57943 already recorded).
2026-09-28T16:20:08Z WARNING 024ef50f-ac6f-49ea-806b-93ef4b5e8644: failed while reading the NWB file (KeyError: 'Unable to synchronously open object (component not found)')
2026-09-28T16:20:08Z WARNING [1/500] 024ef50f-ac6f-49ea-806b-93ef4b5e8644: leaving unrecorded for a later run to retry.
2026-09-28T16:20:13Z INFO [2/500] 054bc9d6-9835-43c2-91a0-c060a9605ee6: 60 internal nodes; 5.1 s; peak memory 124 MiB.
2026-09-28T16:20:19Z INFO [3/500] 071d5795-5830-4d4e-a0b4-b6a26756d30f: 60 internal nodes; 6.0 s; peak memory 126 MiB.
2026-09-28T16:20:24Z INFO [4/500] 07b5e410-2894-4ac0-9b49-dc9b83aca4b5: 60 internal nodes; 5.1 s; peak memory 127 MiB.
2026-09-28T16:20:25Z WARNING 09073220-fbea-45d2-9a39-2cc61fcdc2a1: failed while reading the NWB file (KeyError: 'Unable to synchronously open object (component not found)')
2026-09-28T16:20:25Z WARNING [5/500] 09073220-fbea-45d2-9a39-2cc61fcdc2a1: leaving unrecorded for a later run to retry.
2026-09-28T16:20:26Z WARNING 0dec427d-4db4-44c3-988a-c37959ceaff3: failed while reading the NWB file (KeyError: 'Unable to synchronously open object (component not found)')
2026-09-28T16:20:26Z WARNING [6/500] 0dec427d-4db4-44c3-988a-c37959ceaff3: leaving unrecorded for a later run to retry.
2026-09-28T16:20:27Z WARNING 0f7396ad-67ec-468a-b6a6-5599cb507f54: failed while reading the NWB file (KeyError: 'Unable to synchronously open object (component not found)')
2026-09-28T16:20:27Z WARNING [7/500] 0f7396ad-67ec-468a-b6a6-5599cb507f54: leaving unrecorded for a later run to retry.
2026-09-28T16:20:28Z WARNING 1066b3ba-83d9-4cb3-bfe3-ecf8539e2334: failed while reading the NWB file (KeyError: 'Unable to synchronously open object (component not found)')
2026-09-28T16:20:28Z WARNING [8/500] 1066b3ba-83d9-4cb3-bfe3-ecf8539e2334: leaving unrecorded for a later run to retry.
2026-09-28T16:20:28Z WARNING 17a546c4-6425-4c56-a43e-9f9f272d299c: failed while reading the NWB file (KeyError: 'Unable to synchronously open object (component not found)')
2026-09-28T16:20:28Z WARNING [9/500] 17a546c4-6425-4c56-a43e-9f9f272d299c: leaving unrecorded for a later run to retry.
2026-09-28T16:20:29Z INFO [10/500] 18a19c92-34e2-43d9-b75b-3ca69f18160b: 19 internal nodes; 0.8 s; peak memory 127 MiB.
2026-09-28T16:20:31Z INFO [11/500] 18a22984-02ea-44fa-9590-1a7df0c7b4f4: 20 internal nodes; 1.8 s; peak memory 127 MiB.
2026-09-28T16:20:33Z INFO [12/500] 18a26cfc-1b42-42c9-a493-c3a56f7991e3: 60 internal nodes; 1.7 s; peak memory 127 MiB.
2026-09-28T16:20:33Z INFO [13/500] 18a28a00-f7dd-4967-9c79-1273532b71b0: 16 internal nodes; 0.6 s; peak memory 127 MiB.
2026-09-28T16:20:35Z INFO [14/500] 18a46611-369e-44d3-9913-97b92da5fd9b: 46 internal nodes; 2.2 s; peak memory 127 MiB.
2026-09-28T16:20:36Z INFO [15/500] 18a587df-21f3-4eed-8d00-3f95df9c43ed: 116 internal nodes; 0.9 s; peak memory 127 MiB.
2026-09-28T16:20:42Z INFO [16/500] 18a62cf0-5f54-42ab-83c0-0fabe0b316d8: 198 internal nodes; 5.3 s; peak memory 134 MiB.
2026-09-28T16:20:48Z INFO [17/500] 18a63c17-ebd0-4656-bb0c-6b7325007822: 263 internal nodes; 5.8 s; peak memory 142 MiB.
2026-09-28T16:20:49Z INFO [18/500] 18a76b64-c597-4abe-9354-0519d683eb00: 35 internal nodes; 1.0 s; peak memory 142 MiB.
2026-09-28T16:20:49Z INFO [19/500] 18a85e74-ee87-4c73-b17f-194ff44d531f: 17 internal nodes; 0.7 s; peak memory 142 MiB.
2026-09-28T16:20:50Z INFO [20/500] 18a9ddb8-63b8-4e8b-a67b-aff86ea52ea2: 27 internal nodes; 0.8 s; peak memory 142 MiB.
2026-09-28T16:20:51Z INFO [21/500] 18a9fdfc-9d6d-4b8f-b0a3-6eb821fcea60: 27 internal nodes; 1.0 s; peak memory 142 MiB.
2026-09-28T16:20:57Z INFO [22/500] 18aa24f6-1f9d-4737-a5a9-c3c1a9203af1: 189 internal nodes; 5.5 s; peak memory 142 MiB.
2026-09-28T16:20:57Z INFO [23/500] 18aaf2ea-051d-43e8-9f4e-6e20d5c1523e: 62 internal nodes; 1.0 s; peak memory 142 MiB.
2026-09-28T16:20:59Z INFO [24/500] 18abc709-1efd-4e4f-bb67-354b11b9ec5d: 59 internal nodes; 1.8 s; peak memory 142 MiB.
2026-09-28T16:21:00Z INFO [25/500] 18abe5b7-3edf-4c7f-aea1-bcee89fa3049: 90 internal nodes; 0.9 s; peak memory 142 MiB.
2026-09-28T16:21:01Z INFO [26/500] 18ac4c30-f468-486e-9119-352385202bdb: 19 internal nodes; 0.9 s; peak memory 142 MiB.
2026-09-28T16:21:02Z INFO [27/500] 18adbc0a-4ac5-4138-a2d9-a7a2dde52b18: 17 internal nodes; 0.8 s; peak memory 142 MiB.
2026-09-28T16:21:02Z INFO [28/500] 18aeec16-d712-44e7-9735-d8ec874fbffa: 19 internal nodes; 0.7 s; peak memory 142 MiB.
2026-09-28T16:21:03Z INFO [29/500] 18af5016-b4c5-4654-b695-ec42e323564e: 116 internal nodes; 0.7 s; peak memory 142 MiB.
2026-09-28T16:21:04Z INFO [30/500] 18b15c4b-1034-4fd0-bf8d-8834ccf49ef1: 90 internal nodes; 0.9 s; peak memory 142 MiB.
2026-09-28T16:21:08Z INFO [31/500] 18b1e921-a1d1-4692-88d1-7e283ead9e8a: 84 internal nodes; 4.5 s; peak memory 142 MiB.
2026-09-28T16:21:09Z INFO [32/500] 18b270d7-bbe9-4b4b-9c8c-ce8c3e0ad41c: 31 internal nodes; 1.0 s; peak memory 142 MiB.
2026-09-28T16:21:10Z INFO [33/500] 18b29c0b-08bb-40c3-9b5d-3f34e2d2af70: 17 internal nodes; 0.7 s; peak memory 142 MiB.
2026-09-28T16:21:11Z INFO [34/500] 18b2bc97-7a1b-4151-8ba0-1cf9b317b6cd: 18 internal nodes; 0.9 s; peak memory 142 MiB.
2026-09-28T16:21:12Z INFO [35/500] 18b4e024-bd84-4e3e-8d79-b46029c1815b: 19 internal nodes; 0.5 s; peak memory 142 MiB.
2026-09-28T16:21:13Z INFO [36/500] 18b4f46e-90fb-4e3c-baff-7ebaf5dd19d2: 24 internal nodes; 1.2 s; peak memory 142 MiB.
2026-09-28T16:21:14Z INFO [37/500] 18b5d6a7-3bd2-45ba-8ca2-5af2661f061e: 27 internal nodes; 0.8 s; peak memory 142 MiB.
2026-09-28T16:21:14Z INFO [38/500] 18b63bb8-8ab5-40be-8fbd-82674e214741: 15 internal nodes; 0.6 s; peak memory 142 MiB.
2026-09-28T16:21:15Z INFO [39/500] 18b765de-4932-4d09-b84c-a8404ff5d5e3: 31 internal nodes; 1.1 s; peak memory 142 MiB.
2026-09-28T16:21:17Z INFO [40/500] 18b7f86a-9d11-4741-908c-49a9daacd675: 46 internal nodes; 1.8 s; peak memory 142 MiB.
2026-09-28T16:21:18Z INFO [41/500] 18b8aadf-8563-41f5-859d-0bd0e6490a38: 11 internal nodes; 0.5 s; peak memory 142 MiB.
2026-09-28T16:21:19Z INFO [42/500] 18b93c72-784e-4012-8313-90d65cc4b883: 61 internal nodes; 1.0 s; peak memory 142 MiB.
2026-09-28T16:21:19Z INFO [43/500] 18b9472d-4543-4fd6-b43d-2ab8f4d355ea: 62 internal nodes; 0.9 s; peak memory 142 MiB.
2026-09-28T16:21:21Z INFO [44/500] 18b986e1-7aa7-4659-8c59-913b5b885d85: 41 internal nodes; 1.5 s; peak memory 142 MiB.
2026-09-28T16:21:22Z INFO [45/500] 18b9d716-468c-4971-bc03-d260ffabb7ad: 27 internal nodes; 0.9 s; peak memory 142 MiB.
2026-09-28T16:21:23Z INFO [46/500] 18ba99f0-db02-4446-869d-7e455067df8d: 24 internal nodes; 0.9 s; peak memory 142 MiB.
2026-09-28T16:21:24Z INFO [47/500] 18bb545c-2390-45c6-9fb9-23b353e6d468: 31 internal nodes; 1.0 s; peak memory 142 MiB.
2026-09-28T16:21:25Z INFO [48/500] 18bc0049-b9f0-4b7b-bac4-13f610521fe9: 31 internal nodes; 0.9 s; peak memory 142 MiB.
2026-09-28T16:21:25Z INFO [49/500] 18bc656f-9d46-4efd-aaba-52d33b9e0b93: 17 internal nodes; 0.7 s; peak memory 142 MiB.
2026-09-28T16:21:27Z INFO [50/500] 18bc904f-e895-40d2-8233-62bcbe468404: 19 internal nodes; 1.3 s; peak memory 142 MiB.
2026-09-28T16:21:27Z INFO [50/500] 18bc904f-e895-40d2-8233-62bcbe468404: checkpointed 57987 records.
2026-09-28T16:21:28Z INFO [51/500] 18bca6af-561e-4f8b-92ac-3e72355002d7: 27 internal nodes; 0.7 s; peak memory 142 MiB.
2026-09-28T16:21:28Z INFO [52/500] 18bca925-124a-421b-b583-0c1e837b847d: 31 internal nodes; 0.8 s; peak memory 142 MiB.
2026-09-28T16:21:33Z INFO [53/500] 18be17c7-3607-4012-b6e7-34a27d89b095: 1359 internal nodes; 4.6 s; peak memory 152 MiB.
2026-09-28T16:21:34Z INFO [54/500] 18bf4512-52c1-492d-902f-3747e0a3618d: 28 internal nodes; 1.0 s; peak memory 152 MiB.
2026-09-28T16:21:39Z INFO [55/500] 18bf5f0d-2031-4104-8f0b-b212c2f2a221: 177 internal nodes; 5.4 s; peak memory 154 MiB.
2026-09-28T16:21:40Z INFO [56/500] 18c051ff-b483-485f-9a51-8c5be2c3e355: 27 internal nodes; 1.0 s; peak memory 154 MiB.
2026-09-28T16:21:41Z INFO [57/500] 18c07149-46cb-4013-ac76-40cd6974fcdd: 35 internal nodes; 0.8 s; peak memory 154 MiB.
2026-09-28T16:21:42Z INFO [58/500] 18c08f35-fd9f-49c2-870c-6a5afd753a82: 90 internal nodes; 0.9 s; peak memory 154 MiB.
2026-09-28T16:21:43Z INFO [59/500] 18c125c8-4a4c-4cec-98e3-ff1496362e58: 29 internal nodes; 0.9 s; peak memory 154 MiB.
2026-09-28T16:21:44Z INFO [60/500] 18c172c2-dea8-4151-9494-c069a75664f3: 27 internal nodes; 0.8 s; peak memory 154 MiB.
2026-09-28T16:21:45Z INFO [61/500] 18c240c7-1447-4fed-ab90-3fb2e2541bc9: 27 internal nodes; 0.9 s; peak memory 154 MiB.
2026-09-28T16:21:46Z INFO [62/500] 18c3072a-0dce-4cbe-a06f-4907c6c3b7dd: 119 internal nodes; 0.8 s; peak memory 154 MiB.
2026-09-28T16:21:47Z INFO [63/500] 18c3e21d-62fd-4465-b9b9-ffe55b64def8: 55 internal nodes; 1.5 s; peak memory 154 MiB.
2026-09-28T16:21:48Z INFO [64/500] 18c425ba-8e9c-4140-b92d-1a3b7e54abd0: 17 internal nodes; 0.7 s; peak memory 154 MiB.
2026-09-28T16:21:48Z INFO [65/500] 18c47a86-fc52-4aa6-a7f2-d921f296d2fa: 17 internal nodes; 0.6 s; peak memory 154 MiB.
2026-09-28T16:21:49Z INFO [66/500] 18c49790-c2d6-4fe2-a08c-b0065e985347: 17 internal nodes; 0.8 s; peak memory 154 MiB.
2026-09-28T16:21:50Z INFO [67/500] 18c4a14e-0cf3-459d-a6a4-89e2680da199: 114 internal nodes; 0.7 s; peak memory 154 MiB.
2026-09-28T16:21:51Z INFO [68/500] 18c55003-8029-4064-9521-082922039b65: 65 internal nodes; 1.3 s; peak memory 154 MiB.
2026-09-28T16:21:52Z INFO [69/500] 18c70108-dc21-41a0-9137-9edeef91b03d: 29 internal nodes; 0.8 s; peak memory 154 MiB.
2026-09-28T16:21:53Z INFO [70/500] 18c72c34-9dca-4c92-a6a5-345f7ea7083e: 18 internal nodes; 1.0 s; peak memory 154 MiB.
2026-09-28T16:22:25Z INFO [71/500] 18c7fa25-2492-4ffe-9c1f-a9d152493e9c: 232 internal nodes; 31.9 s; peak memory 178 MiB.
2026-09-28T16:22:27Z INFO [72/500] 18c85e7a-f55d-47f5-a2d7-0a881496b0bc: 53 internal nodes; 2.6 s; peak memory 178 MiB.
2026-09-28T16:22:29Z INFO [73/500] 18c91dba-6ed1-4246-8947-d9196dc133c2: 72 internal nodes; 1.6 s; peak memory 178 MiB.
2026-09-28T16:22:30Z INFO [74/500] 18c922a3-516b-4469-8cb7-14de86cc123a: 31 internal nodes; 0.8 s; peak memory 178 MiB.
2026-09-28T16:22:30Z INFO [75/500] 18c95557-6868-458d-b352-fc833ba3b306: 17 internal nodes; 0.6 s; peak memory 178 MiB.
2026-09-28T16:22:31Z INFO [76/500] 18ca0eae-1425-490e-b240-6b045b5284e8: 27 internal nodes; 1.0 s; peak memory 178 MiB.
2026-09-28T16:22:33Z INFO [77/500] 18ca61d0-d53e-43b2-8379-df7ff18417b4: 44 internal nodes; 2.0 s; peak memory 178 MiB.
2026-09-28T16:22:34Z INFO [78/500] 18cab741-c42c-4927-a2ea-f30ba56263ea: 17 internal nodes; 0.7 s; peak memory 178 MiB.
2026-09-28T16:22:35Z INFO [79/500] 18cada7f-ab80-4408-81bc-efea7198c594: 31 internal nodes; 0.9 s; peak memory 178 MiB.
2026-09-28T16:22:36Z INFO [80/500] 18cb008d-7b69-43b7-84f9-ae4b0568833b: 17 internal nodes; 0.7 s; peak memory 178 MiB.
2026-09-28T16:22:36Z INFO [81/500] 18cbb56d-53da-420f-9e07-c4c9081320a3: 56 internal nodes; 0.9 s; peak memory 178 MiB.
2026-09-28T16:22:37Z INFO [82/500] 18cc2044-1ffb-4388-b6c0-b0b8eab109ab: 17 internal nodes; 0.6 s; peak memory 178 MiB.
2026-09-28T16:22:38Z INFO [83/500] 18cd3b72-ccb1-457c-b8fd-4616e8bbc744: 17 internal nodes; 0.7 s; peak memory 178 MiB.
2026-09-28T16:22:40Z INFO [84/500] 18cd567d-dbe6-47a2-a002-11ad5b2f7633: 44 internal nodes; 1.9 s; peak memory 178 MiB.
2026-09-28T16:22:40Z INFO [85/500] 18cd66b2-ef7c-4e09-bf27-d9560e2626f4: 27 internal nodes; 0.9 s; peak memory 178 MiB.
2026-09-28T16:22:42Z INFO [86/500] 18ce4fd7-87dd-414b-bc4a-b60df6419265: 44 internal nodes; 1.8 s; peak memory 178 MiB.
2026-09-28T16:22:43Z INFO [87/500] 18ceeeb0-3ac0-4964-abe8-001641837af5: 26 internal nodes; 0.5 s; peak memory 178 MiB.
2026-09-28T16:22:44Z INFO [88/500] 18d06ab8-c4bd-4a36-bd97-0e43518bd794: 29 internal nodes; 1.1 s; peak memory 178 MiB.
2026-09-28T16:22:52Z INFO [89/500] 18d3a4d9-9de9-43d8-abff-0f73588c941e: 259 internal nodes; 7.9 s; peak memory 178 MiB.
2026-09-28T16:22:52Z INFO [90/500] 18d3fed6-37eb-45c5-a276-529631001171: 17 internal nodes; 0.5 s; peak memory 178 MiB.
2026-09-28T16:22:55Z INFO [91/500] 18d3ff94-9801-4892-ae8a-6eb23ed25baf: 90 internal nodes; 2.2 s; peak memory 178 MiB.
2026-09-28T16:22:56Z INFO [92/500] 18d47db2-c507-4ef0-bbe6-ffbf2c88486a: 69 internal nodes; 1.2 s; peak memory 178 MiB.
2026-09-28T16:22:56Z INFO [93/500] 18d4bc1b-9fa2-4d38-871e-7c2235c42cdf: 27 internal nodes; 0.7 s; peak memory 178 MiB.
2026-09-28T16:22:57Z INFO [94/500] 18d4d822-fbf2-4adb-b03d-cb7e1eed75f2: 13 internal nodes; 0.5 s; peak memory 178 MiB.
2026-09-28T16:22:58Z INFO [95/500] 18d52b1d-1753-426c-8aaa-be851b37a002: 26 internal nodes; 1.6 s; peak memory 178 MiB.
2026-09-28T16:22:59Z INFO [96/500] 18d560f0-ad05-4ccd-8085-273320969350: 31 internal nodes; 0.9 s; peak memory 178 MiB.
2026-09-28T16:23:00Z INFO [97/500] 18d5a328-b66d-40ee-9d08-3df8e6f73923: 17 internal nodes; 0.8 s; peak memory 178 MiB.
2026-09-28T16:23:01Z INFO [98/500] 18d5a85a-8e35-4dc7-8cef-1def012f2768: 26 internal nodes; 0.8 s; peak memory 178 MiB.
2026-09-28T16:23:02Z INFO [99/500] 18d5dfd1-1b25-4277-9712-d84ebcc82135: 17 internal nodes; 0.6 s; peak memory 178 MiB.
2026-09-28T16:23:02Z INFO [100/500] 18d60e3b-8883-485e-9da3-7b6c0ea06452: 17 internal nodes; 0.7 s; peak memory 178 MiB.
2026-09-28T16:23:02Z INFO [100/500] 18d60e3b-8883-485e-9da3-7b6c0ea06452: checkpointed 58037 records.
2026-09-28T16:23:10Z INFO [101/500] 18d64569-606e-4a96-92a6-8425adb5ba6a: 89 internal nodes; 7.2 s; peak memory 178 MiB.
2026-09-28T16:23:10Z INFO [102/500] 18d6ac0d-017d-4788-aea0-05e21d7239d6: 17 internal nodes; 0.6 s; peak memory 178 MiB.
2026-09-28T16:23:11Z INFO [103/500] 18d78307-dc7e-4a6c-88c1-cbe698992268: 13 internal nodes; 0.5 s; peak memory 178 MiB.
2026-09-28T16:23:11Z INFO [104/500] 18d85e24-2c2d-43cb-b63a-cc038e3aa2a1: 17 internal nodes; 0.5 s; peak memory 178 MiB.
2026-09-28T16:23:12Z INFO [105/500] 18d86620-6dce-46e5-909c-ce85ad943647: 17 internal nodes; 0.6 s; peak memory 178 MiB.
2026-09-28T16:23:13Z INFO [106/500] 18d8b9a0-087e-459d-a959-fcd76bbf3f4d: 61 internal nodes; 1.3 s; peak memory 178 MiB.
2026-09-28T16:23:14Z INFO [107/500] 18d9713a-1684-4ce4-9639-0a5db43a383b: 17 internal nodes; 0.6 s; peak memory 178 MiB.
2026-09-28T16:23:19Z INFO [108/500] 18d98344-dbf8-486e-871b-297ec4dbd2c2: 190 internal nodes; 5.9 s; peak memory 178 MiB.
2026-09-28T16:23:20Z INFO [109/500] 18da2525-886a-4087-a1e1-fafcde23789a: 27 internal nodes; 0.7 s; peak memory 178 MiB.
2026-09-28T16:23:21Z INFO [110/500] 18da5252-9d2a-492c-af77-4a2de1aef69c: 17 internal nodes; 0.8 s; peak memory 178 MiB.
2026-09-28T16:23:22Z INFO [111/500] 18da981d-3c6d-481e-a212-15b453cd40b5: 39 internal nodes; 1.3 s; peak memory 178 MiB.
2026-09-28T16:23:25Z INFO [112/500] 18dc5a4f-9780-48a4-8e9b-d8520ba4eba7: 45 internal nodes; 2.2 s; peak memory 178 MiB.
2026-09-28T16:23:25Z INFO [113/500] 18dd4d87-8123-44bf-bbd1-fdaef419f18d: 6 internal nodes; 0.4 s; peak memory 178 MiB.
2026-09-28T16:23:26Z INFO [114/500] 18ddec35-20d7-4e3b-b1cd-5aa05f7eeaad: 32 internal nodes; 1.2 s; peak memory 178 MiB.
2026-09-28T16:23:27Z INFO [115/500] 18de84e9-6462-40d1-ac72-613856b53e78: 27 internal nodes; 1.0 s; peak memory 178 MiB.
2026-09-28T16:23:28Z INFO [116/500] 18df0293-e65c-4992-bbcc-d1191d152013: 15 internal nodes; 0.6 s; peak memory 178 MiB.
2026-09-28T16:23:28Z INFO [117/500] 18df230c-a6c3-47ff-83ea-2e7df68a007a: 17 internal nodes; 0.6 s; peak memory 178 MiB.
2026-09-28T16:23:29Z INFO [118/500] 18df98bc-0354-485e-b543-6eade5a772bc: 17 internal nodes; 0.5 s; peak memory 178 MiB.
2026-09-28T16:23:29Z INFO [119/500] 18e02d24-a29c-4545-ac54-cf8ac29e134f: 26 internal nodes; 0.5 s; peak memory 178 MiB.
2026-09-28T16:23:31Z INFO [120/500] 18e099e9-e065-4307-b988-a03f2b75805f: 44 internal nodes; 1.7 s; peak memory 178 MiB.
2026-09-28T16:23:32Z INFO [121/500] 18e1b913-184e-4b0c-b434-712ea284a035: 11 internal nodes; 0.5 s; peak memory 178 MiB.
2026-09-28T16:23:32Z INFO [122/500] 18e1ea87-4c03-4c71-a2c8-b7310c84a62a: 17 internal nodes; 0.8 s; peak memory 178 MiB.
2026-09-28T16:23:36Z INFO [123/500] 18e2044a-b8df-4d65-9654-73296a918113: 158 internal nodes; 4.0 s; peak memory 178 MiB.
2026-09-28T16:23:37Z INFO [124/500] 18e265db-e131-4b49-9e28-51ffa6488dfa: 90 internal nodes; 0.9 s; peak memory 178 MiB.
2026-09-28T16:23:39Z INFO [125/500] 18e2ea51-d1fe-49cd-bb0e-25c463757d73: 56 internal nodes; 1.9 s; peak memory 178 MiB.
2026-09-28T16:23:40Z INFO [126/500] 18e38190-eb3f-442e-bd09-59613e55b839: 17 internal nodes; 0.7 s; peak memory 178 MiB.
2026-09-28T16:23:41Z INFO [127/500] 18e381c5-790f-486b-9537-0ca04cfc4235: 27 internal nodes; 0.7 s; peak memory 178 MiB.
2026-09-28T16:23:45Z INFO [128/500] 18e3f6db-5105-4757-9766-933de9f9c88d: 207 internal nodes; 4.4 s; peak memory 178 MiB.
2026-09-28T16:23:46Z INFO [129/500] 18e46d7e-3a3d-46e3-9a9d-59d93a720067: 17 internal nodes; 0.7 s; peak memory 178 MiB.
2026-09-28T16:23:47Z INFO [130/500] 18e53777-e309-4b81-810b-42f376165451: 28 internal nodes; 1.2 s; peak memory 178 MiB.
2026-09-28T16:23:48Z INFO [131/500] 18e6b5bf-b092-401d-98bb-ab17b41a6486: 67 internal nodes; 1.4 s; peak memory 178 MiB.
2026-09-28T16:23:50Z INFO [132/500] 18e6b6f1-fb46-4f0e-b987-986fc6ba5fad: 39 internal nodes; 1.4 s; peak memory 178 MiB.
2026-09-28T16:23:50Z INFO [133/500] 18e6c881-fb73-49ec-9e0f-f9c66fed4593: 29 internal nodes; 0.9 s; peak memory 178 MiB.
2026-09-28T16:23:51Z INFO [134/500] 18e6d106-c545-4611-9c9c-c2f360bce859: 13 internal nodes; 0.6 s; peak memory 178 MiB.
2026-09-28T16:23:52Z INFO [135/500] 18e6f3c3-0dd7-484e-8b71-093d27cfb9e0: 15 internal nodes; 0.6 s; peak memory 178 MiB.
2026-09-28T16:23:52Z INFO [136/500] 18e77985-d753-419d-a501-74b6d57ab463: 31 internal nodes; 0.8 s; peak memory 178 MiB.
2026-09-28T16:23:58Z INFO [137/500] 18e7d0f7-b8d6-4046-90be-d4deefd87ecc: 256 internal nodes; 5.8 s; peak memory 178 MiB.
2026-09-28T16:23:59Z INFO [138/500] 18e80d77-8ca3-41c4-b748-10e2dd87405b: 26 internal nodes; 0.5 s; peak memory 178 MiB.
2026-09-28T16:24:00Z INFO [139/500] 18e9709c-bf61-4847-b75a-ab0562655c29: 17 internal nodes; 0.8 s; peak memory 178 MiB.
2026-09-28T16:24:00Z INFO [140/500] 18e98fd0-08c6-4cc2-8668-b54598f74c6d: 17 internal nodes; 0.9 s; peak memory 178 MiB.
2026-09-28T16:24:02Z INFO [141/500] 18e99adc-1a2d-40fc-a8f4-4949d81db5f0: 66 internal nodes; 1.5 s; peak memory 178 MiB.
2026-09-28T16:24:03Z INFO [142/500] 18e9a01b-87e2-4e17-b7ca-a88876a63803: 60 internal nodes; 1.0 s; peak memory 178 MiB.
2026-09-28T16:24:07Z INFO [143/500] 18e9af08-dd35-4479-aa16-84861a774e80: 135 internal nodes; 3.7 s; peak memory 178 MiB.
2026-09-28T16:24:08Z INFO [144/500] 18e9b468-39eb-4cbd-b700-cc06b430066d: 44 internal nodes; 1.5 s; peak memory 178 MiB.
2026-09-28T16:24:10Z INFO [145/500] 18ea8280-f581-4e76-a98f-efc80dfd4c57: 57 internal nodes; 1.4 s; peak memory 178 MiB.
2026-09-28T16:24:10Z INFO [146/500] 18eb4614-ac2b-4dc5-8aca-0487c65d93a9: 11 internal nodes; 0.7 s; peak memory 178 MiB.
2026-09-28T16:24:14Z INFO [147/500] 18ebcc72-56dc-491d-98cd-c871d0d386a5: 68 internal nodes; 3.4 s; peak memory 178 MiB.
2026-09-28T16:24:14Z INFO [148/500] 18ec058c-9157-4f78-a9ea-88b01a9f6856: 29 internal nodes; 0.7 s; peak memory 178 MiB.
2026-09-28T16:24:19Z INFO [149/500] 18edd663-2986-4d90-b32f-24ca798b78cd: 73 internal nodes; 4.3 s; peak memory 178 MiB.
2026-09-28T16:24:20Z INFO [150/500] 18edff27-9a06-46f7-a517-76ab6d6e5028: 29 internal nodes; 1.1 s; peak memory 178 MiB.
2026-09-28T16:24:20Z INFO [150/500] 18edff27-9a06-46f7-a517-76ab6d6e5028: checkpointed 58087 records.
2026-09-28T16:24:21Z INFO [151/500] 18eea337-30ab-4289-8ae9-0f6e472ac8b4: 17 internal nodes; 0.7 s; peak memory 178 MiB.
2026-09-28T16:24:21Z INFO [152/500] 18ef382e-8c9b-435d-8a4a-d43ab472e9ab: 27 internal nodes; 0.7 s; peak memory 178 MiB.
2026-09-28T16:24:22Z INFO [153/500] 18efea65-18e5-42d5-9e26-849f739b78a9: 31 internal nodes; 0.9 s; peak memory 178 MiB.
2026-09-28T16:24:23Z INFO [154/500] 18f09206-0fa7-442a-b0f6-418cf8591259: 31 internal nodes; 1.1 s; peak memory 178 MiB.
2026-09-28T16:24:25Z INFO [155/500] 18f0f5f4-4bdd-463c-a2f7-c3372c2d8326: 44 internal nodes; 1.7 s; peak memory 178 MiB.
2026-09-28T16:24:25Z INFO [156/500] 18f15c9d-583c-485d-9a41-a8f357de0d74: 11 internal nodes; 0.4 s; peak memory 178 MiB.
2026-09-28T16:24:26Z INFO [157/500] 18f18157-6db9-4041-a627-3136dbe4ab39: 29 internal nodes; 0.9 s; peak memory 178 MiB.
2026-09-28T16:24:27Z INFO [158/500] 18f1aabd-7dd3-4cb3-8b68-f9f63d02a4dd: 17 internal nodes; 0.7 s; peak memory 178 MiB.
2026-09-28T16:24:28Z INFO [159/500] 18f241ba-b939-47a0-9714-1afb34c934eb: 31 internal nodes; 1.0 s; peak memory 178 MiB.
2026-09-28T16:24:39Z INFO [160/500] 18f25c66-1bee-4d99-bd0c-2299a4d6fd03: 249 internal nodes; 11.2 s; peak memory 178 MiB.
2026-09-28T16:24:40Z INFO [161/500] 18f26f39-1aa7-4c38-a70b-6acbc5250d32: 17 internal nodes; 0.7 s; peak memory 178 MiB.
2026-09-28T16:24:41Z INFO [162/500] 18f2e345-4540-456a-8097-cfdf0425c5b0: 17 internal nodes; 0.7 s; peak memory 178 MiB.
2026-09-28T16:24:42Z INFO [163/500] 18f42d37-4435-4299-a58e-169ec9703cd7: 26 internal nodes; 1.2 s; peak memory 178 MiB.
2026-09-28T16:24:42Z INFO [164/500] 18f452c3-21b0-4cd9-88bc-032e97c2d63c: 17 internal nodes; 0.7 s; peak memory 178 MiB.
2026-09-28T16:24:46Z INFO [165/500] 18f4c4ff-221c-424c-9175-c9a5423cd749: 70 internal nodes; 3.8 s; peak memory 178 MiB.
2026-09-28T16:24:47Z INFO [166/500] 18f51c15-2f47-4463-bc28-78b91c8b4396: 17 internal nodes; 0.7 s; peak memory 178 MiB.
2026-09-28T16:24:48Z INFO [167/500] 18f55a6f-b6a8-47c2-a356-262f07c50e1b: 42 internal nodes; 1.5 s; peak memory 178 MiB.
2026-09-28T16:24:50Z INFO [168/500] 18f67678-575a-466b-af9e-cdfd57218afa: 44 internal nodes; 1.7 s; peak memory 178 MiB.
2026-09-28T16:24:51Z INFO [169/500] 18f6d1d4-bdad-49cf-b732-e8e6d8d50b71: 11 internal nodes; 0.5 s; peak memory 178 MiB.
2026-09-28T16:24:56Z INFO [170/500] 18f6f978-16b9-4217-877a-2a871fd0b9fd: 201 internal nodes; 5.6 s; peak memory 178 MiB.
2026-09-28T16:24:57Z INFO [171/500] 18f7fe1c-9804-4c2a-8bc7-1509f1341ed5: 58 internal nodes; 1.2 s; peak memory 178 MiB.
2026-09-28T16:24:58Z INFO [172/500] 18f8689d-8ed3-413c-9b1b-46127c725fba: 18 internal nodes; 0.5 s; peak memory 178 MiB.
2026-09-28T16:24:59Z INFO [173/500] 18f8aa6f-df50-43aa-b052-97e223a029e4: 27 internal nodes; 0.8 s; peak memory 178 MiB.
2026-09-28T16:24:59Z INFO [174/500] 18f8b791-4814-4e00-b742-6c3574d0b726: 27 internal nodes; 0.7 s; peak memory 178 MiB.
2026-09-28T16:25:01Z INFO [175/500] 18f8df71-bf71-4645-9785-e6fc50d9cd8a: 67 internal nodes; 1.4 s; peak memory 178 MiB.
2026-09-28T16:25:07Z INFO [176/500] 18f901ad-7b80-4d21-beb8-8421caa3dcdd: 228 internal nodes; 5.8 s; peak memory 178 MiB.
2026-09-28T16:25:08Z INFO [177/500] 18f9b397-a4c9-4e6c-b7fe-00d2dd479372: 31 internal nodes; 1.0 s; peak memory 178 MiB.
2026-09-28T16:25:10Z INFO [178/500] 18f9f05d-39d4-47e0-80fc-8fc4704fccc9: 46 internal nodes; 2.5 s; peak memory 178 MiB.
2026-09-28T16:25:11Z INFO [179/500] 18fa4f2f-4bb9-4013-8004-22ef3a502feb: 63 internal nodes; 0.9 s; peak memory 178 MiB.
2026-09-28T16:25:12Z INFO [180/500] 18fa6d92-427f-4a33-aa35-21b8eccfae8f: 18 internal nodes; 0.6 s; peak memory 178 MiB.
2026-09-28T16:25:15Z INFO [181/500] 18faafb1-d06e-4d97-aadb-0ecd24eacdd2: 70 internal nodes; 3.8 s; peak memory 178 MiB.
2026-09-28T16:25:16Z INFO [182/500] 18fb2a50-399a-42e2-af6e-7714d70c3fbb: 17 internal nodes; 0.6 s; peak memory 178 MiB.
2026-09-28T16:25:17Z INFO [183/500] 18fd7d6f-642c-4d1f-86b5-ddd68a2382ee: 17 internal nodes; 0.7 s; peak memory 178 MiB.
2026-09-28T16:25:18Z INFO [184/500] 18fe048a-20c6-423b-9513-06f79c9d70ad: 42 internal nodes; 1.6 s; peak memory 178 MiB.
2026-09-28T16:25:19Z INFO [185/500] 18fe051e-d573-4b9e-aa00-6efb6c19050e: 26 internal nodes; 0.6 s; peak memory 178 MiB.
2026-09-28T16:25:20Z INFO [186/500] 18fe3ca4-d46f-44ed-b507-af464c1c3f4e: 17 internal nodes; 0.8 s; peak memory 178 MiB.
2026-09-28T16:25:21Z INFO [187/500] 18fe6cd2-2e0b-4f60-9f7d-f96d648ae01a: 31 internal nodes; 0.9 s; peak memory 178 MiB.
2026-09-28T16:25:23Z INFO [188/500] 18ff746a-82bc-4fcd-807d-8596d1dfac80: 42 internal nodes; 1.9 s; peak memory 178 MiB.
2026-09-28T16:25:24Z INFO [189/500] 1900cf47-90fd-407c-9795-4b11548a9874: 23 internal nodes; 1.2 s; peak memory 178 MiB.
2026-09-28T16:25:25Z INFO [190/500] 1901ce3b-a9cb-42f0-93ec-0eec4d696eea: 17 internal nodes; 0.9 s; peak memory 178 MiB.
2026-09-28T16:25:25Z INFO [191/500] 1901f99f-2b02-4071-832f-bd2f4d25f9f4: 18 internal nodes; 0.6 s; peak memory 178 MiB.
2026-09-28T16:25:29Z INFO [192/500] 19020333-dbc8-4e43-b372-a9ec2ffc1b29: 114 internal nodes; 3.5 s; peak memory 178 MiB.
2026-09-28T16:25:30Z INFO [193/500] 19041e1b-b175-4d79-ad7d-bf48dec2dc44: 17 internal nodes; 0.8 s; peak memory 178 MiB.
2026-09-28T16:25:30Z INFO [194/500] 19047d2a-20f5-4ad2-ad01-1b9ff0e6f067: 13 internal nodes; 0.5 s; peak memory 178 MiB.
2026-09-28T16:25:31Z INFO [195/500] 1904eef1-0672-4bd9-9af1-f9105064f169: 27 internal nodes; 0.9 s; peak memory 178 MiB.
2026-09-28T16:25:32Z INFO [196/500] 19063072-3a35-44ec-beab-12361dbcd79a: 27 internal nodes; 1.0 s; peak memory 178 MiB.
2026-09-28T16:25:33Z INFO [197/500] 1906bcb6-1e68-43d2-8eb3-caa0f0a0ffd6: 26 internal nodes; 0.5 s; peak memory 178 MiB.
2026-09-28T16:25:33Z INFO [198/500] 19071c5c-f6f6-40e0-8ca6-b058fbdf71cf: 24 internal nodes; 0.8 s; peak memory 178 MiB.
2026-09-28T16:25:34Z INFO [199/500] 19074b82-7a70-4110-97af-5b366d7e9ef2: 27 internal nodes; 0.8 s; peak memory 178 MiB.
2026-09-28T16:25:51Z INFO [200/500] 190782de-3dd8-49c5-b850-8dea11a982c0: 1580 internal nodes; 16.9 s; peak memory 232 MiB.
2026-09-28T16:25:51Z INFO [200/500] 190782de-3dd8-49c5-b850-8dea11a982c0: checkpointed 58137 records.
2026-09-28T16:25:52Z INFO [201/500] 1907931b-c2eb-4b7d-8bc5-4c9518edfe7b: 30 internal nodes; 1.2 s; peak memory 232 MiB.
2026-09-28T16:25:54Z INFO [202/500] 1907b687-824f-4c72-a8a3-c808fb7f3859: 29 internal nodes; 1.1 s; peak memory 232 MiB.
2026-09-28T16:25:58Z INFO [203/500] 1908a448-47bd-488e-b5dc-e4d2e639eefd: 133 internal nodes; 4.4 s; peak memory 232 MiB.
2026-09-28T16:25:59Z INFO [204/500] 1908fe4d-4e2e-4611-99ed-31aa18dd87be: 27 internal nodes; 0.8 s; peak memory 232 MiB.
2026-09-28T16:26:07Z INFO [205/500] 190988f7-73ff-4090-81d6-1ea71b972f50: 258 internal nodes; 8.7 s; peak memory 232 MiB.
2026-09-28T16:26:08Z INFO [206/500] 19098fbc-b40d-4036-b325-2eba2de2652e: 13 internal nodes; 0.8 s; peak memory 232 MiB.
2026-09-28T16:26:11Z INFO [207/500] 1909cc09-30d4-4ea6-8296-de5ce937bc76: 46 internal nodes; 2.3 s; peak memory 232 MiB.
2026-09-28T16:26:11Z INFO [208/500] 1909e5f0-c3ef-4151-b185-dd8da845d55f: 31 internal nodes; 0.9 s; peak memory 232 MiB.
2026-09-28T16:26:12Z INFO [209/500] 190a0899-4fa8-48d6-bd97-29545c3d7761: 28 internal nodes; 0.7 s; peak memory 232 MiB.
2026-09-28T16:26:13Z INFO [210/500] 190a7c60-f5af-4f58-acd3-d883014a573e: 31 internal nodes; 0.8 s; peak memory 232 MiB.
2026-09-28T16:26:14Z INFO [211/500] 190ac0dc-e8fe-4a85-baf8-d9a93e34e78e: 17 internal nodes; 0.6 s; peak memory 232 MiB.
2026-09-28T16:26:14Z INFO [212/500] 190b9fb0-368d-40bf-9b95-031619f550c8: 17 internal nodes; 0.7 s; peak memory 232 MiB.
2026-09-28T16:26:16Z INFO [213/500] 190be370-f11d-46f4-8b62-f5cf930f5e62: 44 internal nodes; 2.0 s; peak memory 232 MiB.
2026-09-28T16:26:19Z INFO [214/500] 190c2f8e-5e3a-458a-91dd-e5af4a51afed: 152 internal nodes; 2.8 s; peak memory 232 MiB.
2026-09-28T16:26:20Z INFO [215/500] 190c92b4-e6ea-4575-a938-d0ccd1be9285: 27 internal nodes; 0.5 s; peak memory 232 MiB.
2026-09-28T16:26:20Z INFO [216/500] 190cec6f-49f9-4a09-b3c5-8e4fa6f74a60: 19 internal nodes; 0.6 s; peak memory 232 MiB.
2026-09-28T16:26:21Z INFO [217/500] 190d6582-e9d2-4552-9917-66107d276e82: 28 internal nodes; 0.9 s; peak memory 232 MiB.
2026-09-28T16:26:22Z INFO [218/500] 190d7a77-2598-4950-9c25-69aef266bd71: 17 internal nodes; 0.6 s; peak memory 232 MiB.
2026-09-28T16:26:23Z INFO [219/500] 190d7d52-e2d6-459d-835d-6a77701922cd: 27 internal nodes; 0.7 s; peak memory 232 MiB.
2026-09-28T16:26:23Z INFO [220/500] 190f4740-33d3-44b4-9037-c498be6fc4b2: 26 internal nodes; 0.7 s; peak memory 232 MiB.
2026-09-28T16:26:28Z INFO [221/500] 191035b2-7e3a-4bf7-aefb-e071e877296c: 204 internal nodes; 4.8 s; peak memory 232 MiB.
2026-09-28T16:26:29Z INFO [222/500] 19103d86-a7b1-4855-911f-9b8006217a4c: 17 internal nodes; 0.6 s; peak memory 232 MiB.
2026-09-28T16:26:29Z INFO [223/500] 1910431f-f4a6-4c58-8621-78f2b9d4be52: 13 internal nodes; 0.9 s; peak memory 232 MiB.
2026-09-28T16:26:31Z INFO [224/500] 19104555-1d4e-480a-b80d-7b59dda7de97: 44 internal nodes; 1.7 s; peak memory 232 MiB.
2026-09-28T16:26:32Z INFO [225/500] 1910dd30-5055-4fce-8761-2a3d1c9e9714: 27 internal nodes; 0.9 s; peak memory 232 MiB.
2026-09-28T16:26:33Z INFO [226/500] 1910e908-d146-4791-a47e-cd7ca600c85c: 22 internal nodes; 0.5 s; peak memory 232 MiB.
2026-09-28T16:26:33Z INFO [227/500] 1910ef64-4d7a-42de-8dee-6707c8a0096d: 27 internal nodes; 0.7 s; peak memory 232 MiB.
2026-09-28T16:26:34Z INFO [228/500] 19124186-14e9-47f7-98d9-531f715e3abc: 27 internal nodes; 0.8 s; peak memory 232 MiB.
2026-09-28T16:26:43Z INFO [229/500] 1912ed8c-8b80-480d-b10f-3de3393dc2f1: 316 internal nodes; 9.0 s; peak memory 232 MiB.
2026-09-28T16:26:44Z INFO [230/500] 1913ec1c-a08e-4e11-a680-fcfcd27a1deb: 27 internal nodes; 0.8 s; peak memory 232 MiB.
2026-09-28T16:26:44Z INFO [231/500] 1913f36b-f57d-48f2-99d3-5dc2dbbfd29d: 25 internal nodes; 0.6 s; peak memory 232 MiB.
2026-09-28T16:26:46Z INFO [232/500] 1914242f-ff06-4ed6-ab19-3ab3484dc508: 27 internal nodes; 1.9 s; peak memory 232 MiB.
2026-09-28T16:26:47Z INFO [233/500] 1914e12a-e975-44aa-a0ce-122e13e0200e: 13 internal nodes; 0.5 s; peak memory 232 MiB.
2026-09-28T16:26:48Z INFO [234/500] 1915da6b-ea34-4f87-a4c7-f96b55c39a12: 17 internal nodes; 0.6 s; peak memory 232 MiB.
2026-09-28T16:26:50Z INFO [235/500] 19160665-bea2-450b-854e-9fbcfe8f0e8e: 27 internal nodes; 2.1 s; peak memory 232 MiB.
2026-09-28T16:26:54Z INFO [236/500] 1916baf4-2783-490c-a74d-97749be1fc8e: 62 internal nodes; 4.6 s; peak memory 232 MiB.
2026-09-28T16:26:55Z INFO [237/500] 19191d7c-daaa-4a7a-800f-280ce09684ed: 25 internal nodes; 0.9 s; peak memory 232 MiB.
2026-09-28T16:26:59Z INFO [238/500] 1919291a-6a4f-44d3-b216-6ea4faebadde: 177 internal nodes; 3.4 s; peak memory 232 MiB.
2026-09-28T16:26:59Z INFO [239/500] 191a76c8-faad-4280-bb99-74b840641450: 27 internal nodes; 0.9 s; peak memory 232 MiB.
2026-09-28T16:27:00Z INFO [240/500] 191b10f1-f979-4270-9013-0b423b2b41b9: 27 internal nodes; 0.8 s; peak memory 232 MiB.
2026-09-28T16:27:02Z INFO [241/500] 191bac72-cb97-4957-af92-66c2bd3d4dad: 50 internal nodes; 1.9 s; peak memory 232 MiB.
2026-09-28T16:27:03Z INFO [242/500] 191bb381-c313-41b6-bec9-e47eaec44980: 55 internal nodes; 0.9 s; peak memory 232 MiB.
2026-09-28T16:27:05Z INFO [243/500] 191c90a1-3377-4fbc-8b58-1737f74a1a78: 67 internal nodes; 1.9 s; peak memory 232 MiB.
2026-09-28T16:27:09Z INFO [244/500] 191dbfb6-44f3-40ee-812d-5593ec46c7b3: 162 internal nodes; 4.4 s; peak memory 232 MiB.
2026-09-28T16:27:10Z INFO [245/500] 191ee120-cb84-4992-8049-96f6d51e7b57: 37 internal nodes; 1.1 s; peak memory 232 MiB.
2026-09-28T16:27:11Z INFO [246/500] 191f1295-6811-4a90-b6a7-05968dca15eb: 31 internal nodes; 0.9 s; peak memory 232 MiB.
2026-09-28T16:27:13Z INFO [247/500] 191f1b85-64c1-4a20-a5c9-65e7c9212803: 67 internal nodes; 2.1 s; peak memory 232 MiB.
2026-09-28T16:27:14Z INFO [248/500] 191f4c2e-253d-4d12-8fe3-d039b90f707d: 27 internal nodes; 0.7 s; peak memory 232 MiB.
2026-09-28T16:27:15Z INFO [249/500] 192037c1-8bb4-4b9e-9281-73e815d5ec74: 31 internal nodes; 1.0 s; peak memory 232 MiB.
2026-09-28T16:27:17Z INFO [250/500] 19208ee8-174a-4f6a-b084-e16029b8bd86: 44 internal nodes; 1.7 s; peak memory 232 MiB.
2026-09-28T16:27:17Z INFO [250/500] 19208ee8-174a-4f6a-b084-e16029b8bd86: checkpointed 58187 records.
2026-09-28T16:27:18Z INFO [251/500] 19209e18-8d3c-4992-9c07-0ab58e9c7f07: 17 internal nodes; 1.0 s; peak memory 232 MiB.
2026-09-28T16:27:19Z INFO [252/500] 19215aaa-cbfd-4d37-9357-757d18ea09e2: 29 internal nodes; 0.8 s; peak memory 232 MiB.
2026-09-28T16:27:21Z INFO [253/500] 1921869e-1bb7-4e66-9909-368edb54f245: 67 internal nodes; 2.1 s; peak memory 232 MiB.
2026-09-28T16:27:22Z INFO [254/500] 192200b9-a16e-44ab-b31a-984829643fd9: 47 internal nodes; 1.6 s; peak memory 232 MiB.
2026-09-28T16:27:24Z INFO [255/500] 1922b87e-4add-4db0-bc0e-6daa640a37fb: 24 internal nodes; 1.2 s; peak memory 232 MiB.
2026-09-28T16:27:26Z INFO [256/500] 1922b90d-380b-421c-bbed-21bfae7188fe: 46 internal nodes; 2.3 s; peak memory 232 MiB.
2026-09-28T16:27:27Z INFO [257/500] 1925554c-e3ef-40c6-9376-b96a3980ac9b: 19 internal nodes; 0.7 s; peak memory 232 MiB.
2026-09-28T16:27:29Z INFO [258/500] 19267d5d-e603-4314-901d-05d13ffd7f47: 44 internal nodes; 1.9 s; peak memory 232 MiB.
2026-09-28T16:27:29Z INFO [259/500] 1926cbd7-ab3a-4623-9c6b-684c1bb54b03: 17 internal nodes; 0.7 s; peak memory 232 MiB.
2026-09-28T16:27:30Z INFO [260/500] 1927051e-5b2a-4988-8221-7787a7911768: 18 internal nodes; 0.9 s; peak memory 232 MiB.
2026-09-28T16:27:38Z INFO [261/500] 19270bb8-15d9-4b0c-86ab-beece111f18e: 412 internal nodes; 8.2 s; peak memory 232 MiB.
2026-09-28T16:27:40Z INFO [262/500] 19271bb4-7809-4bd6-8796-917b862e09ea: 30 internal nodes; 1.6 s; peak memory 232 MiB.
2026-09-28T16:27:41Z INFO [263/500] 1928462d-331a-4edb-a18b-06af0991e51a: 17 internal nodes; 0.9 s; peak memory 232 MiB.
2026-09-28T16:27:43Z INFO [264/500] 192894a2-634d-4484-b608-7063c3dc734a: 59 internal nodes; 1.6 s; peak memory 232 MiB.
2026-09-28T16:27:43Z INFO [265/500] 19289c90-44b0-43e5-8ad3-c11ec7c233b3: 23 internal nodes; 0.4 s; peak memory 232 MiB.
2026-09-28T16:27:44Z INFO [266/500] 192a0c4a-d2b8-4234-94e5-d7f68ede2fea: 116 internal nodes; 0.9 s; peak memory 232 MiB.
2026-09-28T16:27:45Z INFO [267/500] 192a891e-30d2-4e1c-a060-50e5475c00f0: 19 internal nodes; 0.7 s; peak memory 232 MiB.
2026-09-28T16:27:46Z INFO [268/500] 192abb33-46b4-4651-8d38-03491f64dc52: 31 internal nodes; 0.9 s; peak memory 232 MiB.
2026-09-28T16:27:46Z INFO [269/500] 192b88c4-ec49-4b0b-bd73-2b26296b9b31: 11 internal nodes; 0.6 s; peak memory 232 MiB.
2026-09-28T16:27:47Z INFO [270/500] 192b8d9a-b917-4e30-a6bc-5edac78ba112: 90 internal nodes; 0.8 s; peak memory 232 MiB.
2026-09-28T16:27:54Z INFO [271/500] 192bae2f-fd22-4079-bc3a-8728b1fd0679: 259 internal nodes; 7.5 s; peak memory 232 MiB.
2026-09-28T16:27:55Z INFO [272/500] 192dc0cf-6d84-41e8-8028-2b2e1dc6e09a: 31 internal nodes; 0.9 s; peak memory 232 MiB.
2026-09-28T16:27:56Z INFO [273/500] 192dc6d5-caba-4a8c-9e7a-3a87f69925a4: 29 internal nodes; 1.0 s; peak memory 232 MiB.
2026-09-28T16:27:57Z INFO [274/500] 192e1fae-9606-4e82-a276-a35d1af8f92c: 27 internal nodes; 0.7 s; peak memory 232 MiB.
2026-09-28T16:27:59Z INFO [275/500] 192f5705-209a-49d1-98d9-6d8a40917ccd: 40 internal nodes; 2.3 s; peak memory 232 MiB.
2026-09-28T16:28:00Z INFO [276/500] 192fb397-5234-4354-8c24-e3f24d90dc63: 23 internal nodes; 0.7 s; peak memory 232 MiB.
2026-09-28T16:28:01Z INFO [277/500] 19315b85-a96f-4126-81a3-3c29e0f0a072: 19 internal nodes; 0.7 s; peak memory 232 MiB.
2026-09-28T16:28:02Z INFO [278/500] 19316f02-86cf-4269-ae6a-4572081b2a49: 72 internal nodes; 1.3 s; peak memory 232 MiB.
2026-09-28T16:28:03Z INFO [279/500] 19322f2b-d40c-4703-aa92-cd919a067859: 56 internal nodes; 0.8 s; peak memory 232 MiB.
2026-09-28T16:28:05Z INFO [280/500] 193254c7-338b-4590-b1a7-643937cfd44e: 67 internal nodes; 2.0 s; peak memory 232 MiB.
2026-09-28T16:28:08Z INFO [281/500] 19325b59-7b44-4915-bd0f-22431884954a: 73 internal nodes; 3.5 s; peak memory 232 MiB.
2026-09-28T16:28:09Z INFO [282/500] 19327802-0d4d-42b8-bcce-f726f1bc7b1f: 11 internal nodes; 0.5 s; peak memory 232 MiB.
2026-09-28T16:28:14Z INFO [283/500] 1932a898-ec7b-4e02-a137-690e3a06cf94: 66 internal nodes; 5.3 s; peak memory 232 MiB.
2026-09-28T16:28:15Z INFO [284/500] 1932f5d2-4cd3-4547-9f65-850159eba260: 13 internal nodes; 0.6 s; peak memory 232 MiB.
2026-09-28T16:28:16Z INFO [285/500] 19330299-4c59-497f-a9c1-e0283f2b9af7: 29 internal nodes; 0.7 s; peak memory 232 MiB.
2026-09-28T16:28:16Z INFO [286/500] 1934bc35-a717-428e-bfb8-4b7acda6950c: 11 internal nodes; 0.4 s; peak memory 232 MiB.
2026-09-28T16:28:20Z INFO [287/500] 19355151-db5c-40d7-9ccf-eb1ce7344ec4: 54 internal nodes; 4.4 s; peak memory 232 MiB.
2026-09-28T16:28:29Z INFO [288/500] 1935b8ca-ab45-43b6-9ed3-87017bea04ed: 1270 internal nodes; 8.2 s; peak memory 232 MiB.
2026-09-28T16:28:33Z INFO [289/500] 19361608-7c7d-4357-940b-5f385216fd19: 47 internal nodes; 4.7 s; peak memory 232 MiB.
2026-09-28T16:28:34Z INFO [290/500] 1937609b-70fe-49b0-8e78-0631377c3d52: 30 internal nodes; 1.0 s; peak memory 232 MiB.
2026-09-28T16:28:35Z INFO [291/500] 19377bea-cdc4-4d75-b3a4-49dae88521d4: 20 internal nodes; 0.5 s; peak memory 232 MiB.
2026-09-28T16:28:35Z INFO [292/500] 1938885b-edf7-48bb-a65c-5d03fd676dc4: 22 internal nodes; 0.6 s; peak memory 232 MiB.
2026-09-28T16:28:36Z INFO [293/500] 19392fe6-52fa-4809-a838-e0a23811ef33: 17 internal nodes; 0.6 s; peak memory 232 MiB.
2026-09-28T16:28:37Z INFO [294/500] 193987fe-d8f5-409b-98ce-e7ab0ddf70ee: 27 internal nodes; 0.7 s; peak memory 232 MiB.
2026-09-28T16:28:38Z INFO [295/500] 19399c3f-149c-4325-b1a6-e3eeb2f7fd1d: 31 internal nodes; 1.1 s; peak memory 232 MiB.
2026-09-28T16:28:42Z INFO [296/500] 1939e757-875e-4ae2-9f33-6eb50c65a7d8: 73 internal nodes; 4.4 s; peak memory 232 MiB.
2026-09-28T16:28:43Z INFO [297/500] 193a04c3-8c85-4637-8831-8f400b4c0bc3: 13 internal nodes; 0.5 s; peak memory 232 MiB.
2026-09-28T16:28:43Z INFO [298/500] 193a960a-4cfb-413d-b060-4df584f9dc12: 27 internal nodes; 0.8 s; peak memory 232 MiB.
2026-09-28T16:28:44Z INFO [299/500] 193c2caa-edb3-4655-8334-8d844cacb68f: 13 internal nodes; 0.8 s; peak memory 232 MiB.
2026-09-28T16:28:47Z INFO [300/500] 193cf5fe-8770-421a-8d41-41907e9fb374: 46 internal nodes; 2.4 s; peak memory 232 MiB.
2026-09-28T16:28:47Z INFO [300/500] 193cf5fe-8770-421a-8d41-41907e9fb374: checkpointed 58237 records.
2026-09-28T16:28:51Z INFO [301/500] 193e8bb2-ddca-4083-a311-23f756540fc3: 52 internal nodes; 4.2 s; peak memory 232 MiB.
2026-09-28T16:28:58Z INFO [302/500] 193ef16e-85a0-4b24-8104-f5e44e39c5b1: 273 internal nodes; 6.8 s; peak memory 232 MiB.
2026-09-28T16:28:59Z INFO [303/500] 193f6aff-eaf4-42c7-8056-02d322fdbd6e: 27 internal nodes; 0.8 s; peak memory 232 MiB.
2026-09-28T16:29:00Z INFO [304/500] 19405d16-21b7-4748-b29b-b5a80be95ed0: 72 internal nodes; 1.2 s; peak memory 232 MiB.
2026-09-28T16:29:00Z INFO [305/500] 1941b8d2-1799-4f6d-b394-6444e6df925f: 119 internal nodes; 0.7 s; peak memory 232 MiB.
2026-09-28T16:29:02Z INFO [306/500] 1943bb6c-0c50-40ae-80c5-1038aa482c08: 72 internal nodes; 1.3 s; peak memory 232 MiB.
2026-09-28T16:29:03Z INFO [307/500] 1944d161-a9f3-4498-a2f6-060e0fa6c3c4: 17 internal nodes; 0.7 s; peak memory 232 MiB.
2026-09-28T16:29:04Z INFO [308/500] 1946fc86-526f-4d5a-a0be-886ea9c09f2f: 90 internal nodes; 1.0 s; peak memory 232 MiB.
2026-09-28T16:29:07Z INFO [309/500] 19492b0e-f08f-48e1-8e55-cbe416d3d43a: 164 internal nodes; 3.6 s; peak memory 232 MiB.
2026-09-28T16:29:08Z INFO [310/500] 1949cbce-0c6f-4b77-ad79-c96bb72ddcb7: 17 internal nodes; 0.5 s; peak memory 232 MiB.
2026-09-28T16:29:10Z INFO [311/500] 194a3f0e-1b64-418b-a62e-422589139507: 25 internal nodes; 1.8 s; peak memory 232 MiB.
2026-09-28T16:29:10Z INFO [312/500] 194a97dd-1b21-4099-8eef-87beca01f59c: 17 internal nodes; 0.7 s; peak memory 232 MiB.
2026-09-28T16:29:11Z INFO [313/500] 194aaee1-abd9-41f5-90b1-4679ee4b8125: 32 internal nodes; 0.9 s; peak memory 232 MiB.
2026-09-28T16:29:12Z INFO [314/500] 194bb8fe-d4d0-4c46-bd53-3657442e86e1: 17 internal nodes; 0.7 s; peak memory 232 MiB.
2026-09-28T16:29:13Z INFO [315/500] 194c7191-a8dd-4b46-be23-69465b56fe21: 19 internal nodes; 0.8 s; peak memory 232 MiB.
2026-09-28T16:29:16Z INFO [316/500] 194d5544-613c-4923-9d41-47331b63d45e: 114 internal nodes; 3.0 s; peak memory 232 MiB.
2026-09-28T16:29:17Z INFO [317/500] 194d9801-ad6a-44b9-9046-7c760e1ead5c: 23 internal nodes; 1.0 s; peak memory 232 MiB.
2026-09-28T16:29:17Z INFO [318/500] 194defc8-6bb2-4012-a369-2bcde648cf12: 19 internal nodes; 0.6 s; peak memory 232 MiB.
2026-09-28T16:29:18Z INFO [319/500] 194f211d-e6ce-4a90-81ea-f06ee30bab14: 27 internal nodes; 1.0 s; peak memory 232 MiB.
2026-09-28T16:29:25Z INFO [320/500] 194f38f2-0c3f-469e-8b98-147cbc176e37: 330 internal nodes; 7.2 s; peak memory 232 MiB.
2026-09-28T16:29:35Z INFO [321/500] 194f5c68-c82d-4ee7-9ea0-7d89453065dc: 159 internal nodes; 9.7 s; peak memory 232 MiB.
2026-09-28T16:29:36Z INFO [322/500] 1950517e-daa8-4e8d-a0f9-74a6d76ed261: 17 internal nodes; 0.8 s; peak memory 232 MiB.
2026-09-28T16:29:37Z INFO [323/500] 195083d2-2c23-4a58-8d1b-da3930a4285e: 18 internal nodes; 0.9 s; peak memory 232 MiB.
2026-09-28T16:29:38Z INFO [324/500] 1950851a-082f-4ed9-a3c2-2035f0fd02b1: 13 internal nodes; 0.9 s; peak memory 232 MiB.
2026-09-28T16:29:38Z INFO [325/500] 1950bbff-9dd6-4be1-bd5c-415b4f2e91b8: 19 internal nodes; 0.7 s; peak memory 232 MiB.
2026-09-28T16:29:39Z INFO [326/500] 1951225b-94e6-4ec2-99c3-6cbaacb5596d: 27 internal nodes; 0.7 s; peak memory 232 MiB.
2026-09-28T16:29:40Z INFO [327/500] 19513291-45fa-44bc-adda-0a93d9b14e1b: 55 internal nodes; 0.8 s; peak memory 232 MiB.
2026-09-28T16:29:42Z INFO [328/500] 19529b7e-7179-4696-ac0a-3751e5c233dc: 27 internal nodes; 1.5 s; peak memory 232 MiB.
2026-09-28T16:29:42Z INFO [329/500] 1952d630-def1-469b-b768-b0b1470dd6de: 15 internal nodes; 0.5 s; peak memory 232 MiB.
2026-09-28T16:29:43Z INFO [330/500] 195355ac-8595-43c9-8b8b-d5d67c34a5aa: 17 internal nodes; 0.9 s; peak memory 232 MiB.
2026-09-28T16:29:44Z INFO [331/500] 1955284f-efc1-4962-8209-197223950343: 61 internal nodes; 1.1 s; peak memory 232 MiB.
2026-09-28T16:29:45Z INFO [332/500] 195582f1-aa6e-4aa2-8d29-63fc05e796ab: 69 internal nodes; 1.4 s; peak memory 232 MiB.
2026-09-28T16:29:47Z INFO [333/500] 19562e8c-6a92-4a72-9e1a-77953bd3014d: 44 internal nodes; 1.6 s; peak memory 232 MiB.
2026-09-28T16:29:47Z INFO [334/500] 1956b75a-dafc-46a4-b67f-0ae71a196fea: 11 internal nodes; 0.4 s; peak memory 232 MiB.
2026-09-28T16:29:48Z INFO [335/500] 1956c4bb-68b0-4ded-ab6a-235ee7d004ce: 27 internal nodes; 0.6 s; peak memory 232 MiB.
2026-09-28T16:29:49Z INFO [336/500] 1956fa3e-32a5-4d82-849e-ed44588510bd: 72 internal nodes; 1.1 s; peak memory 232 MiB.
2026-09-28T16:29:51Z INFO [337/500] 195790d9-be9f-4897-ae30-832056b2dc61: 65 internal nodes; 1.6 s; peak memory 232 MiB.
2026-09-28T16:29:52Z INFO [338/500] 1957df46-9e89-4eb9-b596-1a82eab33f47: 115 internal nodes; 0.9 s; peak memory 232 MiB.
2026-09-28T16:29:52Z INFO [339/500] 19584798-6e4d-400c-a73e-ba6f02e50b3d: 27 internal nodes; 0.8 s; peak memory 232 MiB.
2026-09-28T16:29:53Z INFO [340/500] 1958a48a-3ee7-4629-b953-b06542111225: 16 internal nodes; 0.7 s; peak memory 232 MiB.
2026-09-28T16:29:54Z INFO [341/500] 1958e17f-5a91-4285-8421-b0b93978f321: 29 internal nodes; 0.7 s; peak memory 232 MiB.
2026-09-28T16:29:54Z INFO [342/500] 19599c86-3182-42d9-9e3d-c9a79d94092d: 27 internal nodes; 0.6 s; peak memory 232 MiB.
2026-09-28T16:30:00Z INFO [343/500] 1959e8be-108f-4435-b51f-5c18a35a8cca: 114 internal nodes; 5.4 s; peak memory 232 MiB.
2026-09-28T16:31:12Z INFO [344/500] 195a378b-7680-4d4a-86e0-7e2b2f0f206f: 709 internal nodes; 72.0 s; peak memory 232 MiB.
2026-09-28T16:31:14Z INFO [345/500] 195a474b-fea4-4b3b-94c9-5ab64049f89e: 46 internal nodes; 2.3 s; peak memory 232 MiB.
2026-09-28T16:31:15Z INFO [346/500] 195b020b-8a0e-4cc3-94a3-33208af51f3f: 27 internal nodes; 0.6 s; peak memory 232 MiB.
2026-09-28T16:31:16Z INFO [347/500] 195b50fb-7272-4544-ae0a-14e3e712c800: 17 internal nodes; 1.2 s; peak memory 232 MiB.
2026-09-28T16:31:17Z INFO [348/500] 195cd9be-5eea-467e-837d-6c7d041e76d0: 17 internal nodes; 0.7 s; peak memory 232 MiB.
2026-09-28T16:31:17Z INFO [349/500] 195d810b-6bf9-488c-a60f-687fcc4c1d5c: 17 internal nodes; 0.8 s; peak memory 232 MiB.
2026-09-28T16:31:18Z INFO [350/500] 195e19b7-dd02-498d-8417-018057bbf0cd: 13 internal nodes; 0.5 s; peak memory 232 MiB.
2026-09-28T16:31:18Z INFO [350/500] 195e19b7-dd02-498d-8417-018057bbf0cd: checkpointed 58287 records.
2026-09-28T16:31:20Z INFO [351/500] 195e2c3e-9233-4d8c-9408-0409544eee54: 46 internal nodes; 2.0 s; peak memory 232 MiB.
2026-09-28T16:31:21Z INFO [352/500] 195e742e-34d4-4d67-a058-967316819008: 17 internal nodes; 0.6 s; peak memory 232 MiB.
2026-09-28T16:31:23Z INFO [353/500] 195ec690-cb02-43ff-8dda-575aa22c19cc: 128 internal nodes; 2.7 s; peak memory 232 MiB.
2026-09-28T16:31:28Z INFO [354/500] 195f217c-85f0-4896-854b-7a067882ed05: 73 internal nodes; 4.9 s; peak memory 232 MiB.
2026-09-28T16:31:29Z INFO [355/500] 19607b9f-44b2-4265-a6a1-052379785e50: 27 internal nodes; 0.7 s; peak memory 232 MiB.
2026-09-28T16:31:30Z INFO [356/500] 1960ccaf-a8c2-45ff-ae67-0ae66cfdcff7: 17 internal nodes; 0.8 s; peak memory 232 MiB.
2026-09-28T16:31:30Z INFO [357/500] 196120ec-ec7c-4df5-bf12-7255b6fddad0: 17 internal nodes; 0.6 s; peak memory 232 MiB.
2026-09-28T16:31:31Z INFO [358/500] 19613816-f649-4d6f-a0f6-96ab374e21de: 29 internal nodes; 0.8 s; peak memory 232 MiB.
2026-09-28T16:31:35Z INFO [359/500] 19619a4a-f4b1-43a2-a853-0b16038ba6a2: 177 internal nodes; 3.8 s; peak memory 232 MiB.
2026-09-28T16:31:36Z INFO [360/500] 1961b80f-8dd9-431b-9a75-623cfe5098f0: 17 internal nodes; 0.6 s; peak memory 232 MiB.
2026-09-28T16:31:37Z INFO [361/500] 19625356-95a5-4753-8746-b7eccad042bc: 25 internal nodes; 1.2 s; peak memory 232 MiB.
2026-09-28T16:31:41Z INFO [362/500] 1962c062-fd37-4f22-8a86-3b3c924f2c84: 66 internal nodes; 4.4 s; peak memory 232 MiB.
2026-09-28T16:31:42Z INFO [363/500] 19634aaf-eb9b-4a7b-9e69-5c0db653bae1: 27 internal nodes; 0.8 s; peak memory 232 MiB.
2026-09-28T16:31:48Z INFO [364/500] 19638b70-cc42-4ad5-8163-867fb4834397: 268 internal nodes; 5.8 s; peak memory 232 MiB.
2026-09-28T16:31:48Z INFO [365/500] 1963af06-74ec-46c2-a011-6f752c65e46f: 17 internal nodes; 0.6 s; peak memory 232 MiB.
2026-09-28T16:31:49Z INFO [366/500] 1963c0a1-36a1-4d96-b479-f47001728219: 22 internal nodes; 0.9 s; peak memory 232 MiB.
2026-09-28T16:31:50Z INFO [367/500] 19641809-5685-4c04-981d-13fd8f27b324: 25 internal nodes; 0.5 s; peak memory 232 MiB.
2026-09-28T16:31:54Z INFO [368/500] 19652768-5cbe-42a0-b637-2c48aa2789d5: 41 internal nodes; 4.7 s; peak memory 232 MiB.
2026-09-28T16:31:55Z INFO [369/500] 1965b753-f016-4277-841c-6f017015fa17: 23 internal nodes; 1.0 s; peak memory 232 MiB.
2026-09-28T16:31:56Z INFO [370/500] 1966595f-94f6-42bd-8bfc-bf22559752ea: 17 internal nodes; 0.6 s; peak memory 232 MiB.
2026-09-28T16:31:57Z INFO [371/500] 1967470f-269a-47a4-a39a-7a3bc74a3683: 27 internal nodes; 0.7 s; peak memory 232 MiB.
2026-09-28T16:31:58Z INFO [372/500] 1967ff29-4dfe-4fb2-9fc7-43df205d8ad9: 115 internal nodes; 0.8 s; peak memory 232 MiB.
2026-09-28T16:31:58Z INFO [373/500] 1969c75b-4cb0-40b4-8c68-55848e7a0cb7: 17 internal nodes; 0.6 s; peak memory 232 MiB.
2026-09-28T16:31:59Z INFO [374/500] 1969cbba-6614-4b5f-aed7-afc325520ab6: 17 internal nodes; 0.7 s; peak memory 232 MiB.
2026-09-28T16:32:00Z INFO [375/500] 196a1550-d76a-4b53-870d-55be5440cf62: 23 internal nodes; 1.3 s; peak memory 232 MiB.
2026-09-28T16:32:01Z INFO [376/500] 196a8845-5df0-443c-b8e1-6046f104f9e8: 17 internal nodes; 0.6 s; peak memory 232 MiB.
2026-09-28T16:32:01Z INFO [377/500] 196af3a4-abc7-429e-84e7-ed368e555dc6: 19 internal nodes; 0.6 s; peak memory 232 MiB.
2026-09-28T16:32:02Z INFO [378/500] 196b9a66-e5eb-4b7c-a7c3-cfc1d4a1eed7: 26 internal nodes; 0.4 s; peak memory 232 MiB.
2026-09-28T16:32:06Z INFO [379/500] 196bdb9d-0591-4fcf-a5d4-6ab9a6b2189d: 171 internal nodes; 4.5 s; peak memory 232 MiB.
2026-09-28T16:32:08Z INFO [380/500] 196c1450-8484-4809-9d44-9376a4b28ea7: 40 internal nodes; 1.8 s; peak memory 232 MiB.
2026-09-28T16:32:09Z INFO [381/500] 196c3d83-fcbb-4bce-8849-bb4740423f4e: 115 internal nodes; 0.7 s; peak memory 232 MiB.
2026-09-28T16:32:12Z INFO [382/500] 196d6aad-b13b-45e9-9e1d-de3a008ad9cf: 73 internal nodes; 3.0 s; peak memory 232 MiB.
2026-09-28T16:32:13Z INFO [383/500] 196d8b19-af25-4a2c-b582-10a0ed75087b: 63 internal nodes; 0.9 s; peak memory 232 MiB.
2026-09-28T16:32:13Z INFO [384/500] 196e0297-8976-47ed-8229-d69f5cc311cd: 31 internal nodes; 0.8 s; peak memory 232 MiB.
2026-09-28T16:32:14Z INFO [385/500] 196f3af9-619e-4c79-9d25-638eefa89853: 30 internal nodes; 1.0 s; peak memory 232 MiB.
2026-09-28T16:32:15Z INFO [386/500] 19708001-b147-4c25-b131-b525de1e6a1d: 13 internal nodes; 0.8 s; peak memory 232 MiB.
2026-09-28T16:32:16Z INFO [387/500] 1971b24d-aead-4133-bdcd-dedfa85950bb: 86 internal nodes; 0.8 s; peak memory 232 MiB.
2026-09-28T16:32:17Z INFO [388/500] 1971e724-9367-4772-926e-bfdd842d6a43: 14 internal nodes; 0.6 s; peak memory 232 MiB.
2026-09-28T16:32:18Z INFO [389/500] 197210bd-98e6-4586-97f7-653cdce9c0a4: 41 internal nodes; 1.9 s; peak memory 232 MiB.
2026-09-28T16:32:20Z INFO [390/500] 19737b61-627a-436f-9542-ef305bf8d531: 31 internal nodes; 1.4 s; peak memory 232 MiB.
2026-09-28T16:32:20Z INFO [391/500] 197460a2-f96c-4187-8815-7e62a4a3c428: 17 internal nodes; 0.7 s; peak memory 232 MiB.
2026-09-28T16:32:21Z INFO [392/500] 19746c69-a4c1-4f22-b190-0c8aa409431e: 11 internal nodes; 0.5 s; peak memory 232 MiB.
2026-09-28T16:32:22Z INFO [393/500] 197489d6-803d-4b97-b714-e0f40576c881: 26 internal nodes; 1.1 s; peak memory 232 MiB.
2026-09-28T16:32:23Z INFO [394/500] 19751cb2-f18d-4cff-858c-3c8c7e97b07e: 27 internal nodes; 0.8 s; peak memory 232 MiB.
2026-09-28T16:32:24Z INFO [395/500] 19756565-abfe-4a94-a553-410847aeb226: 25 internal nodes; 0.7 s; peak memory 232 MiB.
2026-09-28T16:32:24Z INFO [396/500] 19759755-2f24-4c76-a0b1-bbde80f3a847: 18 internal nodes; 0.7 s; peak memory 232 MiB.
2026-09-28T16:32:26Z INFO [397/500] 1975e8e7-6b1c-4975-b6f4-0ec47b517166: 54 internal nodes; 2.0 s; peak memory 232 MiB.
2026-09-28T16:32:27Z INFO [398/500] 1975f897-2591-4d9c-b4b6-9f7c00f38b75: 18 internal nodes; 0.7 s; peak memory 232 MiB.
2026-09-28T16:32:28Z INFO [399/500] 19768e6c-e4bc-4424-a3f2-1765094363fa: 37 internal nodes; 1.0 s; peak memory 232 MiB.
2026-09-28T16:32:29Z INFO [400/500] 19769177-336c-4391-a660-314fbec79d90: 17 internal nodes; 0.7 s; peak memory 232 MiB.
2026-09-28T16:32:29Z INFO [400/500] 19769177-336c-4391-a660-314fbec79d90: checkpointed 58337 records.
2026-09-28T16:32:30Z INFO [401/500] 1976a2c3-c510-4113-9cfc-f37731c506e1: 116 internal nodes; 1.0 s; peak memory 232 MiB.
2026-09-28T16:32:38Z INFO [402/500] 19773a6a-9fe1-4178-83d4-69d828b2b474: 394 internal nodes; 8.0 s; peak memory 232 MiB.
2026-09-28T16:32:39Z INFO [403/500] 1977bca3-bb5c-46bf-90f7-34e74cce2e75: 119 internal nodes; 0.9 s; peak memory 232 MiB.
2026-09-28T16:32:40Z INFO [404/500] 1977cc0a-dc57-4c21-a2ef-fff977c2c0e3: 27 internal nodes; 0.8 s; peak memory 232 MiB.
2026-09-28T16:32:40Z INFO [405/500] 19781d73-7500-4b05-a162-805d2197e9da: 18 internal nodes; 0.6 s; peak memory 232 MiB.
2026-09-28T16:32:41Z INFO [406/500] 19792c66-a432-4b92-a7e3-fa474beeec22: 31 internal nodes; 0.8 s; peak memory 232 MiB.
2026-09-28T16:32:42Z INFO [407/500] 19792c7a-c9a5-4794-8dc2-cf6c1ffd86de: 44 internal nodes; 1.4 s; peak memory 232 MiB.
2026-09-28T16:32:44Z INFO [408/500] 197a1737-f068-4e09-a5a7-f32068622f5f: 72 internal nodes; 1.1 s; peak memory 232 MiB.
2026-09-28T16:32:44Z INFO [409/500] 197a6e49-3d64-462e-9de8-3d865715bc51: 11 internal nodes; 0.5 s; peak memory 232 MiB.
2026-09-28T16:32:45Z INFO [410/500] 197b2141-15eb-4d9a-9186-3aafdb36a024: 31 internal nodes; 0.9 s; peak memory 232 MiB.
2026-09-28T16:32:46Z INFO [411/500] 197ba4fd-a66a-43b9-bd89-24282021263d: 17 internal nodes; 0.6 s; peak memory 232 MiB.
2026-09-28T16:32:46Z INFO [412/500] 197c39ea-a371-43ff-96d2-75e00c3b78a5: 11 internal nodes; 0.4 s; peak memory 232 MiB.
2026-09-28T16:32:47Z INFO [413/500] 197c3d23-047e-4b9d-abfe-9a2363da1e1c: 29 internal nodes; 0.5 s; peak memory 232 MiB.
2026-09-28T16:32:47Z INFO [414/500] 197d3bad-8fa0-41d6-bf11-3dcf7cfcc0d3: 27 internal nodes; 0.9 s; peak memory 232 MiB.
2026-09-28T16:32:51Z INFO [415/500] 197d68c8-ecff-483f-bd71-6099a989e0a1: 140 internal nodes; 3.1 s; peak memory 232 MiB.
2026-09-28T16:32:51Z INFO [416/500] 197decfd-6f48-4d7f-a723-23a0c08f83db: 17 internal nodes; 0.8 s; peak memory 232 MiB.
2026-09-28T16:32:52Z INFO [417/500] 197e069d-b2e4-4302-9d61-166d55e52897: 37 internal nodes; 1.2 s; peak memory 232 MiB.
2026-09-28T16:32:53Z INFO [418/500] 197f82d6-a456-4aec-b75d-7290aaa79410: 31 internal nodes; 1.0 s; peak memory 232 MiB.
2026-09-28T16:32:54Z INFO [419/500] 197fa944-fbd8-4271-ae44-aaee39fa07c7: 27 internal nodes; 0.7 s; peak memory 232 MiB.
2026-09-28T16:32:55Z INFO [420/500] 197ffc42-f849-4982-9318-a5f8d44d0fb0: 17 internal nodes; 0.6 s; peak memory 232 MiB.
2026-09-28T16:32:55Z INFO [421/500] 19805616-55c8-41f8-ba3d-6a90f4ed8dea: 27 internal nodes; 0.7 s; peak memory 232 MiB.
2026-09-28T16:32:56Z INFO [422/500] 19811f9d-3bc2-4a00-9940-fb2468c3b788: 30 internal nodes; 0.8 s; peak memory 232 MiB.
2026-09-28T16:33:00Z INFO [423/500] 19817624-7ce5-45ac-9d09-6888249a1cf0: 177 internal nodes; 3.9 s; peak memory 232 MiB.
2026-09-28T16:33:01Z INFO [424/500] 1981bf75-8c25-4977-94a0-c0ee88c49663: 20 internal nodes; 0.6 s; peak memory 232 MiB.
2026-09-28T16:33:01Z INFO [425/500] 19839e0a-6879-4d00-a716-7c9115750025: 18 internal nodes; 0.5 s; peak memory 232 MiB.
2026-09-28T16:33:02Z INFO [426/500] 198464b9-82e4-4ed5-ab3c-cae8112983b1: 31 internal nodes; 0.8 s; peak memory 232 MiB.
2026-09-28T16:33:03Z INFO [427/500] 198553cd-de79-4445-89a3-090c3eb7f41a: 31 internal nodes; 1.0 s; peak memory 232 MiB.
2026-09-28T16:33:04Z INFO [428/500] 19858930-1085-44f5-9b31-154fef36f35b: 11 internal nodes; 0.5 s; peak memory 232 MiB.
2026-09-28T16:33:04Z INFO [429/500] 19858d4b-8385-4eb6-a95d-f017aa9fb4f5: 27 internal nodes; 0.8 s; peak memory 232 MiB.
2026-09-28T16:33:05Z INFO [430/500] 19863ec6-8c78-41e3-8810-ab303b94f67b: 17 internal nodes; 0.5 s; peak memory 232 MiB.
2026-09-28T16:33:06Z INFO [431/500] 198664b7-f3f4-4240-9561-5da044d95b20: 62 internal nodes; 1.1 s; peak memory 232 MiB.
2026-09-28T16:33:09Z INFO [432/500] 19873a50-bd73-41bc-8c00-3e6717cd8e5f: 20 internal nodes; 2.9 s; peak memory 232 MiB.
2026-09-28T16:33:10Z INFO [433/500] 198779ef-f747-4733-82f2-4e6aa8e6d4c7: 27 internal nodes; 0.7 s; peak memory 232 MiB.
2026-09-28T16:33:10Z INFO [434/500] 1987abf7-7659-4e8b-a9de-a8b6893e7c5c: 18 internal nodes; 0.5 s; peak memory 232 MiB.
2026-09-28T16:33:11Z INFO [435/500] 1987c976-ee20-458f-b9e4-c88dd5357c1d: 13 internal nodes; 0.8 s; peak memory 232 MiB.
2026-09-28T16:33:12Z INFO [436/500] 1988cb11-a899-499f-afcd-06fa0f279272: 116 internal nodes; 1.0 s; peak memory 232 MiB.
2026-09-28T16:33:13Z INFO [437/500] 198973bb-88ca-4ced-bba4-fe4bbd51afb5: 27 internal nodes; 0.8 s; peak memory 232 MiB.
2026-09-28T16:33:14Z INFO [438/500] 19897db7-a91d-4590-861a-7972cfed40f9: 26 internal nodes; 0.8 s; peak memory 232 MiB.
2026-09-28T16:33:17Z INFO [439/500] 1989d1ac-1be6-40cd-ad82-dd083cb41465: 120 internal nodes; 3.8 s; peak memory 232 MiB.
2026-09-28T16:33:22Z INFO [440/500] 198a2fc4-6526-4b29-a13f-f5fad43951bb: 41 internal nodes; 4.2 s; peak memory 232 MiB.
2026-09-28T16:33:32Z INFO [441/500] 198b2f28-2f5c-4b0f-965a-c38aa6918ad7: 3088 internal nodes; 10.8 s; peak memory 232 MiB.
2026-09-28T16:33:33Z INFO [442/500] 198be658-ed84-4f00-9c7d-9ab91f7050ca: 27 internal nodes; 0.5 s; peak memory 232 MiB.
2026-09-28T16:33:34Z INFO [443/500] 198c4f0d-7879-402a-9ba8-e5ca6808bfa4: 22 internal nodes; 0.9 s; peak memory 232 MiB.
2026-09-28T16:33:38Z INFO [444/500] 198cb718-d9fa-4fa1-8354-f66ae3b92fc3: 119 internal nodes; 3.9 s; peak memory 232 MiB.
2026-09-28T16:33:38Z INFO [445/500] 198d9da1-9685-400e-bb4f-86c2933870cd: 27 internal nodes; 0.8 s; peak memory 232 MiB.
2026-09-28T16:33:46Z INFO [446/500] 198dac18-4e0f-448e-8a16-c141311ea3d2: 266 internal nodes; 8.1 s; peak memory 232 MiB.
2026-09-28T16:33:47Z INFO [447/500] 198f1516-c554-41db-8a06-f383a82577d3: 90 internal nodes; 0.9 s; peak memory 232 MiB.
2026-09-28T16:33:48Z INFO [448/500] 19911255-3f4b-4d38-a584-c77f1ce15243: 119 internal nodes; 0.9 s; peak memory 232 MiB.
2026-09-28T16:33:49Z INFO [449/500] 1991333f-0637-4b1a-8fa2-ca49aceca23a: 31 internal nodes; 0.8 s; peak memory 232 MiB.
2026-09-28T16:33:50Z INFO [450/500] 1991b284-1988-450a-82ca-7748288f0adc: 38 internal nodes; 1.1 s; peak memory 232 MiB.
2026-09-28T16:33:50Z INFO [450/500] 1991b284-1988-450a-82ca-7748288f0adc: checkpointed 58387 records.
2026-09-28T16:33:51Z INFO [451/500] 1991d275-6f20-4b66-a97f-40ce3d9624b9: 17 internal nodes; 0.7 s; peak memory 232 MiB.
2026-09-28T16:33:52Z INFO [452/500] 199206a2-48fd-4cf5-851a-d0334290302a: 17 internal nodes; 0.7 s; peak memory 232 MiB.
2026-09-28T16:33:57Z INFO [453/500] 1992162b-eda1-4bc4-81de-924149b66207: 295 internal nodes; 5.5 s; peak memory 232 MiB.
2026-09-28T16:34:00Z INFO [454/500] 1992ef9e-4540-4da0-ab74-63257ee65054: 53 internal nodes; 2.6 s; peak memory 232 MiB.
2026-09-28T16:34:01Z INFO [455/500] 199426f2-9025-44cc-ac4c-d5d243f4aa23: 31 internal nodes; 0.8 s; peak memory 232 MiB.
2026-09-28T16:34:02Z INFO [456/500] 19950823-aba2-4b51-ac21-c491de3e87a2: 46 internal nodes; 1.8 s; peak memory 232 MiB.
2026-09-28T16:34:05Z INFO [457/500] 199701e7-a410-4cbf-9516-510a555e9b16: 49 internal nodes; 2.8 s; peak memory 232 MiB.
2026-09-28T16:34:07Z INFO [458/500] 1997e3d4-cfd3-43b4-9434-48bc94e463e2: 56 internal nodes; 1.9 s; peak memory 232 MiB.
2026-09-28T16:34:11Z INFO [459/500] 19991265-c9ce-4167-a4df-d4fbb216dd4d: 61 internal nodes; 3.8 s; peak memory 232 MiB.
2026-09-28T16:34:12Z INFO [460/500] 19994844-a49c-41e8-a198-46b39fe3baee: 17 internal nodes; 0.6 s; peak memory 232 MiB.
2026-09-28T16:34:12Z INFO [461/500] 19996550-ae04-4e33-81bc-45f616e8c817: 17 internal nodes; 0.7 s; peak memory 232 MiB.
2026-09-28T16:34:13Z WARNING 19998990-d06f-40db-8d07-c5121b317b6a: failed while reading the NWB file (KeyError: 'Unable to synchronously open object (component not found)')
2026-09-28T16:34:13Z WARNING [462/500] 19998990-d06f-40db-8d07-c5121b317b6a: leaving unrecorded for a later run to retry.
2026-09-28T16:34:14Z INFO [463/500] 1999bf1d-ce24-4d22-89fc-1e8816c29245: 34 internal nodes; 0.5 s; peak memory 232 MiB.
2026-09-28T16:34:14Z INFO [464/500] 199b4e12-d57a-42e1-9398-65d448dc874e: 27 internal nodes; 0.7 s; peak memory 232 MiB.
2026-09-28T16:34:16Z INFO [465/500] 199b6de3-dbed-4e35-bdd9-fedbc96daa3e: 67 internal nodes; 2.1 s; peak memory 232 MiB.
2026-09-28T16:34:17Z INFO [466/500] 199b868a-6032-4258-ac6e-c7dea99a4e6b: 13 internal nodes; 0.8 s; peak memory 232 MiB.
2026-09-28T16:34:22Z INFO [467/500] 199c88b5-4629-48f4-bc97-04e474261aa5: 195 internal nodes; 4.4 s; peak memory 232 MiB.
2026-09-28T16:34:22Z INFO [468/500] 199ce24d-aeeb-4c66-9304-e26a5372d450: 11 internal nodes; 0.5 s; peak memory 232 MiB.
2026-09-28T16:34:22Z INFO [469/500] 199ec995-1176-4869-82f4-b39435b62bb2: 27 internal nodes; 0.4 s; peak memory 232 MiB.
2026-09-28T16:34:23Z INFO [470/500] 199efbc6-384d-4c6c-882a-ca1deb9c2de5: 27 internal nodes; 0.7 s; peak memory 232 MiB.
2026-09-28T16:34:24Z INFO [471/500] 199f5b85-af94-47bf-84d3-7dfef17c793f: 27 internal nodes; 0.7 s; peak memory 232 MiB.
2026-09-28T16:34:24Z INFO [472/500] 199f7c93-36a0-4070-a602-b3c6dc45bfb5: 22 internal nodes; 0.5 s; peak memory 232 MiB.
2026-09-28T16:34:25Z INFO [473/500] 19a026db-27d0-443a-b0c1-6e946360d7c7: 11 internal nodes; 0.7 s; peak memory 232 MiB.
2026-09-28T16:34:26Z INFO [474/500] 19a03751-791f-4fcb-a96c-e900e071e8d4: 17 internal nodes; 0.7 s; peak memory 232 MiB.
2026-09-28T16:34:26Z INFO [475/500] 19a2ad5b-65b5-45be-b51d-170e1a73986a: 11 internal nodes; 0.4 s; peak memory 232 MiB.
2026-09-28T16:34:27Z INFO [476/500] 19a3a5ec-ee52-44ca-bd16-6164db0a9f36: 17 internal nodes; 0.7 s; peak memory 232 MiB.
2026-09-28T16:34:28Z INFO [477/500] 19a3c3cf-29a3-4f5c-a7f5-1652e59fbdfc: 22 internal nodes; 1.6 s; peak memory 232 MiB.
2026-09-28T16:34:29Z INFO [478/500] 19a3c4e2-1e34-4987-8b95-24ab1b4d94c0: 11 internal nodes; 0.5 s; peak memory 232 MiB.
2026-09-28T16:34:31Z INFO [479/500] 19a43529-dfd9-42c8-9948-37412e058d9b: 44 internal nodes; 1.9 s; peak memory 232 MiB.
2026-09-28T16:34:32Z INFO [480/500] 19a4a40a-dfa9-48e4-aa7c-4ed730c485d4: 17 internal nodes; 0.7 s; peak memory 232 MiB.
2026-09-28T16:34:32Z INFO [481/500] 19a64db3-b69b-4303-b4ed-5ac3f25d5da0: 27 internal nodes; 0.9 s; peak memory 232 MiB.
2026-09-28T16:34:33Z INFO [482/500] 19a67a7f-30fe-4d2c-86aa-41dfc3b62d1d: 17 internal nodes; 0.6 s; peak memory 232 MiB.
2026-09-28T16:34:36Z INFO [483/500] 19a70ac2-836f-4994-8aa5-b62364988787: 117 internal nodes; 2.9 s; peak memory 232 MiB.
2026-09-28T16:34:36Z INFO [484/500] 19a70f2b-48f5-4fec-855c-3b99836cabe6: 17 internal nodes; 0.5 s; peak memory 232 MiB.
2026-09-28T16:34:37Z INFO [485/500] 19a723a2-7e35-4122-8ffe-349fe797e3ab: 27 internal nodes; 0.8 s; peak memory 232 MiB.
2026-09-28T16:34:42Z INFO [486/500] 19a73c69-8484-4567-912d-13c1677e9564: 54 internal nodes; 4.3 s; peak memory 232 MiB.
2026-09-28T16:34:42Z INFO [487/500] 19a79a8b-d53b-4785-a5f5-7ecbae90d9a5: 58 internal nodes; 0.7 s; peak memory 232 MiB.
2026-09-28T16:34:47Z INFO [488/500] 19a83705-079f-47c1-b861-7babafa75283: 192 internal nodes; 4.8 s; peak memory 232 MiB.
2026-09-28T16:34:48Z INFO [489/500] 19a8389e-92e0-4ce8-bb70-aa579d45dd24: 29 internal nodes; 1.0 s; peak memory 232 MiB.
2026-09-28T16:34:52Z INFO [490/500] 19a8afc2-a0fc-4d40-a05c-118be4b4fe11: 100 internal nodes; 3.5 s; peak memory 232 MiB.
2026-09-28T16:34:52Z INFO [491/500] 19a8d744-f833-434a-b902-6ca45fb39d21: 86 internal nodes; 0.8 s; peak memory 232 MiB.
2026-09-28T16:34:56Z INFO [492/500] 19a9f800-c2b1-43c0-98dd-6da660a457cc: 190 internal nodes; 3.3 s; peak memory 232 MiB.
2026-09-28T16:35:02Z INFO [493/500] 19aa2ca6-80d2-43dd-ac26-94bfc965577b: 260 internal nodes; 5.8 s; peak memory 232 MiB.
2026-09-28T16:35:02Z INFO [494/500] 19aa3c47-b72d-4336-9e16-6ebe7ea76bbc: 17 internal nodes; 0.7 s; peak memory 232 MiB.
2026-09-28T16:35:03Z INFO [495/500] 19ab23ed-06f3-46cd-b442-d8f031f21795: 17 internal nodes; 0.6 s; peak memory 232 MiB.
2026-09-28T16:35:04Z INFO [496/500] 19ab7618-476e-459e-bec6-807ab704522a: 31 internal nodes; 0.9 s; peak memory 232 MiB.
2026-09-28T16:35:07Z INFO [497/500] 19acaded-ce99-41fb-81fd-613a597f04d4: 121 internal nodes; 3.5 s; peak memory 232 MiB.
2026-09-28T16:35:08Z INFO [498/500] 19aceda5-34fb-4eee-9f87-5f561bf1f094: 17 internal nodes; 0.6 s; peak memory 232 MiB.
2026-09-28T16:35:08Z INFO [499/500] 19acf3d8-0d1b-42a3-b97a-68f9a60e1edd: 17 internal nodes; 0.7 s; peak memory 232 MiB.
2026-09-28T16:35:09Z INFO [500/500] 19ae1b56-b2f2-44cc-9de0-138633137c91: 17 internal nodes; 0.8 s; peak memory 232 MiB.
2026-09-28T16:35:10Z INFO [500/500] 19ae1b56-b2f2-44cc-9de0-138633137c91: checkpointed 58436 records.
2026-09-28T16:35:10Z INFO Wrote 58436 records to /tmp/derivatives/valid_nwb_file_to_out_degrees.jsonl (493 new, 7 failed) in 15.0 min (peak memory 232 MiB).
