2026-09-22T22:35:48Z INFO Logging to /tmp/logs/update_2026-09-22T22-35-48Z.log.
2026-09-22T22:35:48Z INFO Update valid-nwb-file-to-out-degrees (base directory /tmp).
2026-09-22T22:35:48Z INFO Processing 500 items (52495 already recorded).
2026-09-22T22:35:50Z WARNING 024ef50f-ac6f-49ea-806b-93ef4b5e8644: failed while reading the NWB file (KeyError: 'Unable to synchronously open object (component not found)')
2026-09-22T22:35:50Z WARNING [1/500] 024ef50f-ac6f-49ea-806b-93ef4b5e8644: leaving unrecorded for a later run to retry.
2026-09-22T22:35:52Z WARNING 09073220-fbea-45d2-9a39-2cc61fcdc2a1: failed while reading the NWB file (KeyError: 'Unable to synchronously open object (component not found)')
2026-09-22T22:35:52Z WARNING [2/500] 09073220-fbea-45d2-9a39-2cc61fcdc2a1: leaving unrecorded for a later run to retry.
2026-09-22T22:35:53Z INFO [3/500] 0d5df3f6-9b57-4777-a223-e8755a6e06ea: 17 internal nodes; 1.2 s; peak memory 113 MiB.
2026-09-22T22:35:55Z INFO [4/500] 0d5e5534-99f7-456c-b3d1-d8317416b45f: 22 internal nodes; 1.5 s; peak memory 113 MiB.
2026-09-22T22:35:56Z INFO [5/500] 0d5f2ffb-6a24-45a3-b41f-599458d4c6dd: 13 internal nodes; 1.1 s; peak memory 113 MiB.
2026-09-22T22:35:57Z INFO [6/500] 0d5f99a5-e1be-4182-892b-3973def95ec1: 17 internal nodes; 1.2 s; peak memory 113 MiB.
2026-09-22T22:36:09Z INFO [7/500] 0d604528-3be8-4a4a-8c14-934b84c46681: 279 internal nodes; 12.3 s; peak memory 141 MiB.
2026-09-22T22:36:12Z INFO [8/500] 0d611bfc-63f2-40e7-913f-15ccd0d66c2c: 41 internal nodes; 3.3 s; peak memory 141 MiB.
2026-09-22T22:36:15Z INFO [9/500] 0d614080-921a-4980-a04e-94337e01a757: 44 internal nodes; 2.6 s; peak memory 141 MiB.
2026-09-22T22:36:16Z INFO [10/500] 0d61a7f8-720c-47b2-b54e-77cd234284cb: 11 internal nodes; 0.9 s; peak memory 141 MiB.
2026-09-22T22:36:20Z INFO [11/500] 0d63ab23-ea4d-4b8f-a627-39813dd96f6a: 46 internal nodes; 3.9 s; peak memory 141 MiB.
2026-09-22T22:36:22Z INFO [12/500] 0d63f3e5-e1a9-4cf2-8fcc-c7c3dcd16c9e: 31 internal nodes; 2.5 s; peak memory 141 MiB.
2026-09-22T22:36:24Z INFO [13/500] 0d6470f5-d544-4dc5-a9b3-f239814c5b6b: 17 internal nodes; 1.2 s; peak memory 141 MiB.
2026-09-22T22:36:38Z INFO [14/500] 0d64a48f-2b2b-4e04-8695-870a485ce42b: 344 internal nodes; 14.6 s; peak memory 145 MiB.
2026-09-22T22:36:45Z INFO [15/500] 0d64cc4a-e00e-4a3c-b317-9727e2e3860a: 73 internal nodes; 7.3 s; peak memory 145 MiB.
2026-09-22T22:36:48Z INFO [16/500] 0d654624-a83d-4273-b27d-8c1cf55e4346: 31 internal nodes; 2.1 s; peak memory 145 MiB.
2026-09-22T22:36:55Z INFO [17/500] 0d65649f-f35d-4e8c-baa5-61f88ba82859: 157 internal nodes; 7.7 s; peak memory 145 MiB.
2026-09-22T22:36:57Z INFO [18/500] 0d65c3d3-ff1c-4a22-b5b8-2c7182570e0f: 23 internal nodes; 1.3 s; peak memory 145 MiB.
2026-09-22T22:37:11Z INFO [19/500] 0d65ca0c-52e7-4a02-b7a9-e74785d065ab: 229 internal nodes; 14.7 s; peak memory 145 MiB.
2026-09-22T22:37:14Z INFO [20/500] 0d65e8f5-bdc9-45fa-8f25-c51ca02823d6: 44 internal nodes; 3.1 s; peak memory 145 MiB.
2026-09-22T22:37:17Z INFO [21/500] 0d65eaf1-b652-4913-bdf7-34ae0c4c5bce: 46 internal nodes; 2.5 s; peak memory 145 MiB.
2026-09-22T22:37:19Z INFO [22/500] 0d662d10-7843-4014-a7df-1c8b78d6a740: 63 internal nodes; 1.6 s; peak memory 145 MiB.
2026-09-22T22:37:22Z INFO [23/500] 0d66c028-681e-4e05-b053-ef09d45e238c: 55 internal nodes; 3.4 s; peak memory 145 MiB.
2026-09-22T22:37:23Z INFO [24/500] 0d66e9ee-a283-45c8-b9a2-a561936b9af1: 22 internal nodes; 1.3 s; peak memory 145 MiB.
2026-09-22T22:37:25Z INFO [25/500] 0d6701da-8791-4f9d-b6c7-f2ce207e7948: 53 internal nodes; 1.7 s; peak memory 145 MiB.
2026-09-22T22:38:28Z INFO [26/500] 0d67d939-9a07-485b-8462-424e21249b9a: 2268 internal nodes; 63.0 s; peak memory 299 MiB.
2026-09-22T22:38:29Z INFO [27/500] 0d68c233-147e-4722-8c30-41307b383e5d: 11 internal nodes; 0.9 s; peak memory 299 MiB.
2026-09-22T22:38:31Z INFO [28/500] 0d6a30a8-1351-413a-b939-d44b60e359db: 37 internal nodes; 2.3 s; peak memory 299 MiB.
2026-09-22T22:38:33Z INFO [29/500] 0d6a78c4-5351-4f9d-902e-770b6f614a6f: 27 internal nodes; 1.4 s; peak memory 299 MiB.
2026-09-22T22:38:34Z INFO [30/500] 0d6b1eac-bc27-43c7-b7f4-91f6d47f86bb: 17 internal nodes; 1.2 s; peak memory 299 MiB.
2026-09-22T22:38:40Z INFO [31/500] 0d6b4196-f2dd-489f-9f19-12ef18e8e58d: 54 internal nodes; 6.3 s; peak memory 299 MiB.
2026-09-22T22:38:41Z INFO [32/500] 0d6bc22e-4429-4226-a4e0-cca6dd2fec86: 17 internal nodes; 1.2 s; peak memory 299 MiB.
2026-09-22T22:38:42Z INFO [33/500] 0d6c1f1e-1f2b-461e-be16-e5d37db18295: 17 internal nodes; 1.0 s; peak memory 299 MiB.
2026-09-22T22:38:54Z INFO [34/500] 0d6cbcf1-2fea-4e59-ab0d-d2c889621da8: 50 internal nodes; 11.5 s; peak memory 302 MiB.
2026-09-22T22:38:55Z INFO [35/500] 0d6d0733-925f-4cc1-84cb-150c1318722d: 17 internal nodes; 1.2 s; peak memory 302 MiB.
2026-09-22T22:38:56Z INFO [36/500] 0d6e4027-4805-4852-aba5-4005bff333b5: 18 internal nodes; 1.4 s; peak memory 302 MiB.
2026-09-22T22:38:58Z INFO [37/500] 0d6f0a74-c784-4282-bbf6-c74e442c6a29: 18 internal nodes; 1.4 s; peak memory 302 MiB.
2026-09-22T22:38:59Z INFO [38/500] 0d6f5022-322d-47be-a9dd-7b245517dfb3: 27 internal nodes; 1.5 s; peak memory 302 MiB.
2026-09-22T22:39:00Z INFO [39/500] 0d6f60b8-aa1a-4ff3-892f-8bdc9e2b84a0: 18 internal nodes; 1.1 s; peak memory 302 MiB.
2026-09-22T22:39:01Z INFO [40/500] 0d6f657b-a568-4904-9292-7372b55cda33: 22 internal nodes; 0.9 s; peak memory 302 MiB.
2026-09-22T22:39:21Z INFO [41/500] 0d6f9046-7267-4bb6-92d7-72a67d90c5cb: 371 internal nodes; 20.2 s; peak memory 302 MiB.
2026-09-22T22:39:23Z INFO [42/500] 0d6fea67-017f-43b3-a9c6-c164d6725b66: 60 internal nodes; 1.9 s; peak memory 302 MiB.
2026-09-22T22:39:25Z INFO [43/500] 0d702235-6853-4956-b35c-7774e05061a4: 27 internal nodes; 1.6 s; peak memory 302 MiB.
2026-09-22T22:39:27Z INFO [44/500] 0d708c7e-d8c9-47ed-aa5f-1abac9cea870: 27 internal nodes; 2.2 s; peak memory 302 MiB.
2026-09-22T22:39:28Z INFO [45/500] 0d70a206-b77a-42c8-8556-9d0d4f7673b1: 17 internal nodes; 1.2 s; peak memory 302 MiB.
2026-09-22T22:39:30Z INFO [46/500] 0d714466-9057-49dc-b4c0-953e8b4d173d: 60 internal nodes; 1.8 s; peak memory 302 MiB.
2026-09-22T22:39:31Z INFO [47/500] 0d71a07a-6c93-44b8-bad7-7d47305f659b: 17 internal nodes; 1.1 s; peak memory 302 MiB.
2026-09-22T22:39:33Z INFO [48/500] 0d71d01e-3e5d-457f-9247-0713e3ab7406: 29 internal nodes; 2.0 s; peak memory 302 MiB.
2026-09-22T22:39:35Z INFO [49/500] 0d722d5d-73e4-4afe-8642-755196371494: 31 internal nodes; 2.1 s; peak memory 302 MiB.
2026-09-22T22:39:37Z INFO [50/500] 0d728beb-98b5-4abb-b46e-bc682f4feb03: 63 internal nodes; 1.8 s; peak memory 302 MiB.
2026-09-22T22:39:37Z INFO [50/500] 0d728beb-98b5-4abb-b46e-bc682f4feb03: checkpointed 52543 records.
2026-09-22T22:39:39Z INFO [51/500] 0d72ad0c-672a-4042-915a-0498ab503d0e: 17 internal nodes; 1.2 s; peak memory 302 MiB.
2026-09-22T22:39:40Z INFO [52/500] 0d72e81e-b3fb-4703-b690-adedb055c9e5: 17 internal nodes; 1.2 s; peak memory 302 MiB.
2026-09-22T22:39:42Z INFO [53/500] 0d737418-adb0-4089-9b4c-c25d2e69746c: 72 internal nodes; 2.4 s; peak memory 302 MiB.
2026-09-22T22:39:44Z INFO [54/500] 0d739225-22d8-4e84-bf1d-9329419d922e: 114 internal nodes; 1.4 s; peak memory 302 MiB.
2026-09-22T22:39:45Z INFO [55/500] 0d742129-9a8a-4c61-896c-75e7a53b063d: 17 internal nodes; 1.2 s; peak memory 302 MiB.
2026-09-22T22:39:49Z INFO [56/500] 0d744235-c0f2-4861-a892-f1084072cb89: 91 internal nodes; 4.4 s; peak memory 302 MiB.
2026-09-22T22:39:50Z INFO [57/500] 0d750db2-1358-4515-af0e-69bcdb8fd852: 17 internal nodes; 1.2 s; peak memory 302 MiB.
2026-09-22T22:39:53Z INFO [58/500] 0d7541eb-88fb-49eb-86b6-bdfddb456f48: 56 internal nodes; 2.8 s; peak memory 302 MiB.
2026-09-22T22:39:55Z INFO [59/500] 0d759efe-a1e1-4bed-a70f-011a819d1669: 27 internal nodes; 1.4 s; peak memory 302 MiB.
2026-09-22T22:39:58Z INFO [60/500] 0d75efd4-4e50-414a-aa34-07dcb6aad005: 44 internal nodes; 3.3 s; peak memory 302 MiB.
2026-09-22T22:39:59Z INFO [61/500] 0d76331c-bd42-4d2b-8164-6ee4d64d3d5c: 17 internal nodes; 1.2 s; peak memory 302 MiB.
2026-09-22T22:40:01Z INFO [62/500] 0d777475-ba6a-4175-8c57-ddeea6907aec: 32 internal nodes; 2.2 s; peak memory 302 MiB.
2026-09-22T22:40:11Z INFO [63/500] 0d779d08-9854-4c25-bc72-60c96eacc187: 233 internal nodes; 9.3 s; peak memory 302 MiB.
2026-09-22T22:40:12Z INFO [64/500] 0d788dff-1ac7-46f8-8087-b932e6ddf6e8: 19 internal nodes; 1.4 s; peak memory 302 MiB.
2026-09-22T22:40:13Z INFO [65/500] 0d790ba2-a91a-47a7-96f8-3b2eee965724: 11 internal nodes; 0.8 s; peak memory 302 MiB.
2026-09-22T22:40:15Z INFO [66/500] 0d79112b-ad25-44fe-b43a-51486ce02320: 31 internal nodes; 2.4 s; peak memory 302 MiB.
2026-09-22T22:40:21Z INFO [67/500] 0d7914a6-7848-490a-9fcf-030886ac33e5: 54 internal nodes; 5.4 s; peak memory 302 MiB.
2026-09-22T22:40:22Z INFO [68/500] 0d797e6c-a5c5-43e2-a34a-d902c35a6390: 118 internal nodes; 1.6 s; peak memory 302 MiB.
2026-09-22T22:40:24Z INFO [69/500] 0d7be93e-121a-47f4-95f1-03b2f878d598: 63 internal nodes; 1.7 s; peak memory 302 MiB.
2026-09-22T22:40:26Z INFO [70/500] 0d7befea-d9a6-43d4-9781-4333bc3a5dba: 58 internal nodes; 2.2 s; peak memory 302 MiB.
2026-09-22T22:40:28Z INFO [71/500] 0d7d26d5-e272-423a-b050-e76f12a076f2: 27 internal nodes; 1.6 s; peak memory 302 MiB.
2026-09-22T22:40:29Z INFO [72/500] 0d7d65c7-d6ea-4f24-b335-9513d92b02db: 11 internal nodes; 0.9 s; peak memory 302 MiB.
2026-09-22T22:40:30Z INFO [73/500] 0d7f12ba-d3e9-4771-a161-9fce5fa6da01: 114 internal nodes; 1.3 s; peak memory 302 MiB.
2026-09-22T22:40:32Z INFO [74/500] 0d80e6cb-6d0e-4760-b881-fcf8d5103493: 61 internal nodes; 1.7 s; peak memory 302 MiB.
2026-09-22T22:40:34Z INFO [75/500] 0d813ab7-39bc-402e-828b-57e6de961ebb: 24 internal nodes; 2.3 s; peak memory 302 MiB.
2026-09-22T22:40:36Z INFO [76/500] 0d81c314-5f19-44bc-84ed-1ecd0954f6bc: 53 internal nodes; 1.7 s; peak memory 302 MiB.
2026-09-22T22:40:43Z INFO [77/500] 0d8316ee-896d-48d9-83c5-20c0f2746f22: 54 internal nodes; 7.6 s; peak memory 302 MiB.
2026-09-22T22:40:54Z INFO [78/500] 0d83c8cd-a0e1-4c00-80e2-7432f72e1871: 311 internal nodes; 10.5 s; peak memory 302 MiB.
2026-09-22T22:41:07Z INFO [79/500] 0d842d23-19c7-4b66-9535-5464a6e7794b: 1800 internal nodes; 13.1 s; peak memory 302 MiB.
2026-09-22T22:41:09Z INFO [80/500] 0d842e87-65e9-4c8e-bb28-d240e5063170: 116 internal nodes; 1.9 s; peak memory 302 MiB.
2026-09-22T22:41:14Z INFO [81/500] 0d86332d-1b4d-4a8a-a2b7-411a90c67d99: 58 internal nodes; 4.9 s; peak memory 302 MiB.
2026-09-22T22:41:15Z INFO [82/500] 0d869c35-cd10-44a3-9ae5-ce3e06453935: 23 internal nodes; 1.0 s; peak memory 302 MiB.
2026-09-22T22:41:19Z INFO [83/500] 0d874907-7522-4cbd-a454-f020941adb91: 109 internal nodes; 4.6 s; peak memory 302 MiB.
2026-09-22T22:41:20Z INFO [84/500] 0d87c0af-5d18-47a1-971a-c1860dfc1ebb: 17 internal nodes; 1.2 s; peak memory 302 MiB.
2026-09-22T22:41:22Z INFO [85/500] 0d87d228-21e4-4f51-be0c-3f36a28403ea: 62 internal nodes; 1.8 s; peak memory 302 MiB.
2026-09-22T22:41:24Z INFO [86/500] 0d8848a6-e4bc-444f-8201-73914f6d667c: 31 internal nodes; 1.7 s; peak memory 302 MiB.
2026-09-22T22:41:25Z INFO [87/500] 0d8ab998-ec23-4a0b-8e45-97bb4b35c832: 17 internal nodes; 1.2 s; peak memory 302 MiB.
2026-09-22T22:41:27Z INFO [88/500] 0d8ae2b7-829c-43ba-be37-90701964a38d: 31 internal nodes; 1.5 s; peak memory 302 MiB.
2026-09-22T22:41:28Z INFO [89/500] 0d8c7c69-6591-41f2-b563-a3f52edb1619: 17 internal nodes; 1.2 s; peak memory 302 MiB.
2026-09-22T22:41:31Z INFO [90/500] 0d8cfcc7-af10-4eed-9282-2314b1e0d7d6: 50 internal nodes; 3.5 s; peak memory 302 MiB.
2026-09-22T22:41:34Z INFO [91/500] 0d8d3b65-dbb3-4c17-af8b-62fc978962b3: 37 internal nodes; 2.2 s; peak memory 302 MiB.
2026-09-22T22:41:40Z INFO [92/500] 0d8d5b13-3ab2-45cb-a1c0-89b3a0a6a2dd: 68 internal nodes; 6.6 s; peak memory 302 MiB.
2026-09-22T22:41:41Z INFO [93/500] 0d8df097-f498-4276-8368-0b66ee6cff6a: 17 internal nodes; 1.2 s; peak memory 302 MiB.
2026-09-22T22:41:42Z INFO [94/500] 0d8fa3c4-2355-4c1b-b1eb-06976cb86152: 17 internal nodes; 1.1 s; peak memory 302 MiB.
2026-09-22T22:41:44Z INFO [95/500] 0d8ff10d-a55b-49e9-bea3-ea04aed8c154: 17 internal nodes; 1.2 s; peak memory 302 MiB.
2026-09-22T22:41:45Z INFO [96/500] 0d900d07-9be8-4393-bba9-cc00cd3fb6ba: 27 internal nodes; 1.5 s; peak memory 302 MiB.
2026-09-22T22:41:47Z INFO [97/500] 0d90b745-57b1-42ac-a3b9-fefd2473c7d9: 27 internal nodes; 1.6 s; peak memory 302 MiB.
2026-09-22T22:41:49Z INFO [98/500] 0d914b0f-f518-4dcf-8401-03cf1ae13386: 27 internal nodes; 2.3 s; peak memory 302 MiB.
2026-09-22T22:41:53Z INFO [99/500] 0d915b9a-9668-43e3-8826-53b84a64de1a: 44 internal nodes; 3.8 s; peak memory 302 MiB.
2026-09-22T22:41:55Z INFO [100/500] 0d91ce85-070b-4b03-ad6f-40608f731003: 27 internal nodes; 1.6 s; peak memory 302 MiB.
2026-09-22T22:41:55Z INFO [100/500] 0d91ce85-070b-4b03-ad6f-40608f731003: checkpointed 52593 records.
2026-09-22T22:41:56Z INFO [101/500] 0d92354f-0ec8-4f60-a29e-046788965f9b: 23 internal nodes; 1.7 s; peak memory 302 MiB.
2026-09-22T22:41:58Z INFO [102/500] 0d9250b0-be36-4ee5-b83d-2eca29ffb5db: 12 internal nodes; 1.1 s; peak memory 302 MiB.
2026-09-22T22:41:59Z INFO [103/500] 0d932a27-2566-4241-bf90-f77ea91242d7: 17 internal nodes; 1.3 s; peak memory 302 MiB.
2026-09-22T22:42:00Z INFO [104/500] 0d93dfe3-b1c6-46f6-aa64-aa0d043ccfae: 11 internal nodes; 1.0 s; peak memory 302 MiB.
2026-09-22T22:42:02Z INFO [105/500] 0d944e1f-3d67-482d-90fc-e0249e57abd9: 55 internal nodes; 2.3 s; peak memory 302 MiB.
2026-09-22T22:42:03Z INFO [106/500] 0d94b94e-23e1-4bab-8432-cdee445b119a: 13 internal nodes; 1.2 s; peak memory 302 MiB.
2026-09-22T22:42:05Z INFO [107/500] 0d94d256-acc6-4cfb-93db-fb2d941fa858: 31 internal nodes; 1.6 s; peak memory 302 MiB.
2026-09-22T22:42:06Z INFO [108/500] 0d95213a-e10a-4359-9683-9dc9306cd0e6: 17 internal nodes; 1.2 s; peak memory 302 MiB.
2026-09-22T22:42:07Z INFO [109/500] 0d9521ff-59e4-45bf-b99a-395110c5c7ce: 19 internal nodes; 1.3 s; peak memory 302 MiB.
2026-09-22T22:42:09Z INFO [110/500] 0d95caa7-e65b-490c-9ab8-48385aef35a6: 17 internal nodes; 1.1 s; peak memory 302 MiB.
2026-09-22T22:42:12Z INFO [111/500] 0d96422e-4c60-4aad-b3bc-9a0a6697c6dc: 44 internal nodes; 3.2 s; peak memory 302 MiB.
2026-09-22T22:42:19Z INFO [112/500] 0d965b41-fbc5-4a35-952a-414e75f4ef2f: 57 internal nodes; 7.0 s; peak memory 302 MiB.
2026-09-22T22:42:20Z INFO [113/500] 0d9707fa-66ff-4a51-b9ec-cb57834790e2: 17 internal nodes; 1.2 s; peak memory 302 MiB.
2026-09-22T22:42:22Z INFO [114/500] 0d979193-1cce-4309-a6b9-75916e57e15f: 26 internal nodes; 1.8 s; peak memory 302 MiB.
2026-09-22T22:42:31Z INFO [115/500] 0d97f1dc-2546-4e7f-86c4-a924dd40abf7: 185 internal nodes; 9.3 s; peak memory 302 MiB.
2026-09-22T22:42:32Z INFO [116/500] 0d9810e4-6246-4cda-a0a7-4d6bb790fb57: 27 internal nodes; 1.4 s; peak memory 302 MiB.
2026-09-22T22:42:36Z INFO [117/500] 0d984ee9-1b4b-4a62-879c-627c5271bc7e: 46 internal nodes; 3.7 s; peak memory 302 MiB.
2026-09-22T22:42:37Z INFO [118/500] 0d992398-754a-4ef6-a808-8756afa5c862: 17 internal nodes; 1.2 s; peak memory 302 MiB.
2026-09-22T22:43:00Z INFO [119/500] 0d9a3a27-82ea-4e97-897f-eedcc6b1857f: 99 internal nodes; 22.2 s; peak memory 302 MiB.
2026-09-22T22:43:02Z INFO [120/500] 0d9a76fd-76fb-438c-9e72-035f2fc338eb: 44 internal nodes; 2.6 s; peak memory 302 MiB.
2026-09-22T22:43:11Z INFO [121/500] 0d9ae46d-0b31-4b8e-ad7f-101e1898e80a: 222 internal nodes; 9.0 s; peak memory 302 MiB.
2026-09-22T22:43:14Z INFO [122/500] 0d9b5882-5d06-4738-ba08-ff2be98a8b57: 44 internal nodes; 2.8 s; peak memory 302 MiB.
2026-09-22T22:43:15Z INFO [123/500] 0d9bb25e-176e-4e56-85db-4da9a68708a7: 27 internal nodes; 1.4 s; peak memory 302 MiB.
2026-09-22T22:43:17Z INFO [124/500] 0d9cecc0-629a-4e69-8c28-7154348e6e8d: 17 internal nodes; 1.2 s; peak memory 302 MiB.
2026-09-22T22:43:18Z INFO [125/500] 0d9d435e-4a3f-42dc-be22-dd0e63feaaf1: 27 internal nodes; 1.5 s; peak memory 302 MiB.
2026-09-22T22:43:19Z INFO [126/500] 0d9da1f0-66d5-4007-a360-b4f971c0573a: 17 internal nodes; 1.1 s; peak memory 302 MiB.
2026-09-22T22:43:21Z INFO [127/500] 0d9df3fd-e945-40d5-a5b0-b4b268b5ba4d: 29 internal nodes; 1.7 s; peak memory 302 MiB.
2026-09-22T22:43:23Z INFO [128/500] 0d9e0c93-570d-46db-8d35-f431e3b87ed3: 58 internal nodes; 2.4 s; peak memory 302 MiB.
2026-09-22T22:43:25Z INFO [129/500] 0d9e16e9-2828-4272-beea-8d8265f18e86: 27 internal nodes; 1.4 s; peak memory 302 MiB.
2026-09-22T22:43:27Z INFO [130/500] 0d9e35a7-d16a-45c6-b8c8-cc9dea617761: 66 internal nodes; 2.1 s; peak memory 302 MiB.
2026-09-22T22:43:28Z INFO [131/500] 0d9e75ee-53b0-4946-915c-6e685b82ef8d: 11 internal nodes; 0.9 s; peak memory 302 MiB.
2026-09-22T22:43:30Z INFO [132/500] 0d9f058d-04fc-459a-b0dd-d15ee0aafae8: 60 internal nodes; 1.9 s; peak memory 302 MiB.
2026-09-22T22:43:31Z INFO [133/500] 0d9f3acc-9c15-4c64-b5a7-acf3c0f59575: 17 internal nodes; 1.2 s; peak memory 302 MiB.
2026-09-22T22:43:32Z INFO [134/500] 0d9ffd2b-5e37-41a7-baf5-dc633ec9f753: 115 internal nodes; 1.4 s; peak memory 302 MiB.
2026-09-22T22:43:34Z INFO [135/500] 0da0593f-5522-41f4-bef6-951a859feb03: 114 internal nodes; 1.4 s; peak memory 302 MiB.
2026-09-22T22:43:35Z INFO [136/500] 0da07c4a-eb60-48a6-a63f-ccce4c5d12f6: 17 internal nodes; 1.2 s; peak memory 302 MiB.
2026-09-22T22:43:42Z INFO [137/500] 0da0ec50-40f8-4aa9-bc51-9502fdf32d1f: 100 internal nodes; 6.9 s; peak memory 302 MiB.
2026-09-22T22:43:44Z INFO [138/500] 0da1b9a5-978f-468b-9957-eb1ee443551c: 28 internal nodes; 1.9 s; peak memory 302 MiB.
2026-09-22T22:43:45Z INFO [139/500] 0da1ca6e-ef24-426a-abc8-6a2eb1f17f8e: 13 internal nodes; 1.1 s; peak memory 302 MiB.
2026-09-22T22:43:46Z INFO [140/500] 0da1fd88-8c54-4fae-bf15-eb3c8daf5d19: 31 internal nodes; 1.6 s; peak memory 302 MiB.
2026-09-22T22:43:48Z INFO [141/500] 0da2f3f8-f513-47cd-a9cf-b57b455c1852: 29 internal nodes; 2.0 s; peak memory 302 MiB.
2026-09-22T22:43:49Z INFO [142/500] 0da327cd-919e-46a6-aecc-c27bbf84fe2a: 11 internal nodes; 0.8 s; peak memory 302 MiB.
2026-09-22T22:43:50Z INFO [143/500] 0da44035-e940-4097-8253-d7f4bd247f27: 11 internal nodes; 0.8 s; peak memory 302 MiB.
2026-09-22T22:43:52Z INFO [144/500] 0da46ab7-df7d-4213-bb09-1b8d4f10501a: 58 internal nodes; 1.7 s; peak memory 302 MiB.
2026-09-22T22:43:53Z INFO [145/500] 0da68d36-e4a2-489b-b537-cfcf65d767bb: 14 internal nodes; 1.1 s; peak memory 302 MiB.
2026-09-22T22:43:54Z INFO [146/500] 0da6a22a-5364-4d30-ae8f-544bf3625b8e: 17 internal nodes; 1.1 s; peak memory 302 MiB.
2026-09-22T22:44:03Z INFO [147/500] 0da71954-f1c2-4a83-a123-c0647aa2c227: 58 internal nodes; 9.0 s; peak memory 302 MiB.
2026-09-22T22:44:15Z INFO [148/500] 0da747dd-5579-4801-963c-5afa8e1d92da: 190 internal nodes; 11.8 s; peak memory 302 MiB.
2026-09-22T22:44:16Z INFO [149/500] 0da75148-e16e-4df1-87b8-ff5f4b0dabbb: 11 internal nodes; 0.8 s; peak memory 302 MiB.
2026-09-22T22:44:18Z INFO [150/500] 0da8a16e-72f7-4949-a286-465e9633f530: 58 internal nodes; 2.3 s; peak memory 302 MiB.
2026-09-22T22:44:18Z INFO [150/500] 0da8a16e-72f7-4949-a286-465e9633f530: checkpointed 52643 records.
2026-09-22T22:44:20Z INFO [151/500] 0dad5013-08aa-4d77-89ef-1234854e559f: 27 internal nodes; 1.5 s; peak memory 302 MiB.
2026-09-22T22:44:21Z INFO [152/500] 0dae004a-a987-4fe5-a409-d1b9610cb8a3: 17 internal nodes; 1.2 s; peak memory 302 MiB.
2026-09-22T22:44:22Z INFO [153/500] 0dae3657-2d1e-4d63-9b1c-546978095227: 17 internal nodes; 1.2 s; peak memory 302 MiB.
2026-09-22T22:44:26Z INFO [154/500] 0daf09b4-5b07-4ddd-8a2c-a2d0ee623f48: 46 internal nodes; 3.9 s; peak memory 302 MiB.
2026-09-22T22:44:28Z INFO [155/500] 0dafc08c-ad8f-4a3f-837e-f936addea8f1: 31 internal nodes; 1.8 s; peak memory 302 MiB.
2026-09-22T22:44:29Z INFO [156/500] 0dafc21c-49b3-4f10-8652-1273299fcb2c: 31 internal nodes; 1.7 s; peak memory 302 MiB.
2026-09-22T22:44:44Z INFO [157/500] 0db1e35a-1320-44bc-84b0-181b784ab3b5: 295 internal nodes; 14.2 s; peak memory 302 MiB.
2026-09-22T22:44:45Z INFO [158/500] 0db26ae7-a0fe-4fcd-8749-e35a6aabda47: 27 internal nodes; 1.4 s; peak memory 302 MiB.
2026-09-22T22:44:47Z INFO [159/500] 0db2f1dd-f39a-4d3c-bedd-ab2e346b923f: 26 internal nodes; 2.1 s; peak memory 302 MiB.
2026-09-22T22:44:49Z INFO [160/500] 0db336c8-083e-4118-8671-647b7eeaeac8: 29 internal nodes; 1.6 s; peak memory 302 MiB.
2026-09-22T22:44:50Z INFO [161/500] 0db35cc6-8915-46f7-8c4d-8604da8729c5: 17 internal nodes; 1.2 s; peak memory 302 MiB.
2026-09-22T22:44:51Z INFO [162/500] 0db41acb-f57c-4304-9d5e-ee261174d621: 27 internal nodes; 1.5 s; peak memory 302 MiB.
2026-09-22T22:44:53Z INFO [163/500] 0db46cb7-b377-4de5-8164-d9f60f42ea4c: 27 internal nodes; 1.4 s; peak memory 302 MiB.
2026-09-22T22:44:55Z INFO [164/500] 0db4728e-85a3-42cc-a599-0be7b7375c7c: 31 internal nodes; 1.9 s; peak memory 302 MiB.
2026-09-22T22:44:56Z INFO [165/500] 0db4ec04-3999-45d5-8372-52636a947bed: 27 internal nodes; 1.4 s; peak memory 302 MiB.
2026-09-22T22:45:05Z INFO [166/500] 0db696a6-9e84-4f6b-8ce1-103597ee7576: 64 internal nodes; 8.9 s; peak memory 302 MiB.
2026-09-22T22:45:13Z INFO [167/500] 0db72308-66db-48a5-96bd-2fcaa73ae263: 180 internal nodes; 8.0 s; peak memory 302 MiB.
2026-09-22T22:45:14Z INFO [168/500] 0db7e6f0-a689-4393-bf6f-484110586f0c: 13 internal nodes; 1.2 s; peak memory 302 MiB.
2026-09-22T22:45:16Z INFO [169/500] 0db86312-20f6-4c28-99c7-422154702f93: 27 internal nodes; 1.6 s; peak memory 302 MiB.
2026-09-22T22:45:17Z INFO [170/500] 0db918a8-665e-4e97-a85c-31d27b6aec1d: 18 internal nodes; 0.9 s; peak memory 302 MiB.
2026-09-22T22:45:18Z INFO [171/500] 0db9223e-bd21-42d5-9ade-7977aaf03a9d: 31 internal nodes; 1.5 s; peak memory 302 MiB.
2026-09-22T22:45:19Z INFO [172/500] 0db93069-7fb4-422f-ae4a-a35822b48aad: 19 internal nodes; 1.1 s; peak memory 302 MiB.
2026-09-22T22:45:23Z INFO [173/500] 0dba6dc6-4735-4b6f-8a98-6fb5a855c309: 41 internal nodes; 3.6 s; peak memory 302 MiB.
2026-09-22T22:45:25Z INFO [174/500] 0dba8b55-6d5f-4257-980b-0b6f6c7d9f3f: 31 internal nodes; 2.0 s; peak memory 302 MiB.
2026-09-22T22:45:26Z INFO [175/500] 0dbb0403-59e4-44de-a0a5-a30dccd78864: 13 internal nodes; 0.9 s; peak memory 302 MiB.
2026-09-22T22:45:27Z INFO [176/500] 0dbb5533-facc-40c0-9c7c-11e363a300ec: 17 internal nodes; 1.2 s; peak memory 302 MiB.
2026-09-22T22:45:29Z INFO [177/500] 0dbc5aa0-1aa2-43ee-ba2d-7dd46a13b27c: 22 internal nodes; 1.7 s; peak memory 302 MiB.
2026-09-22T22:45:35Z INFO [178/500] 0dbca4c9-aee1-4cf7-b82e-ad487143d55c: 54 internal nodes; 6.8 s; peak memory 302 MiB.
2026-09-22T22:45:37Z INFO [179/500] 0dbd17b3-db36-442e-98b2-4f2284a60849: 143 internal nodes; 2.0 s; peak memory 302 MiB.
2026-09-22T22:45:39Z INFO [180/500] 0dbda80c-ddd7-40f8-80e1-edadf259c030: 17 internal nodes; 1.5 s; peak memory 302 MiB.
2026-09-22T22:45:41Z INFO [181/500] 0dbe7321-248c-41d3-8626-ee162aaa3ebe: 31 internal nodes; 2.1 s; peak memory 302 MiB.
2026-09-22T22:45:42Z INFO [182/500] 0dbf34b4-5dc0-4ad3-a9af-21d082afc25f: 17 internal nodes; 1.2 s; peak memory 302 MiB.
2026-09-22T22:45:44Z INFO [183/500] 0dbf6025-cbcf-4529-b792-b9243724ffc1: 27 internal nodes; 1.5 s; peak memory 302 MiB.
2026-09-22T22:45:46Z INFO [184/500] 0dbf9ff8-30c3-43a2-9f3f-66dfe80eb7be: 31 internal nodes; 2.0 s; peak memory 302 MiB.
2026-09-22T22:45:47Z INFO [185/500] 0dc096d4-d417-41f6-b7bc-79c14690d3c5: 11 internal nodes; 1.0 s; peak memory 302 MiB.
2026-09-22T22:45:48Z INFO [186/500] 0dc16a70-3577-4516-b639-88fc765423dd: 29 internal nodes; 1.2 s; peak memory 302 MiB.
2026-09-22T22:45:49Z INFO [187/500] 0dc189fc-3699-408d-9f3b-4d11b9bcd87d: 27 internal nodes; 1.5 s; peak memory 302 MiB.
2026-09-22T22:45:51Z INFO [188/500] 0dc211eb-9eb8-46bb-b26e-b98e7f8b78a0: 58 internal nodes; 1.6 s; peak memory 302 MiB.
2026-09-22T22:45:52Z INFO [189/500] 0dc27840-a776-4a51-8255-e9a3c50541d9: 11 internal nodes; 0.9 s; peak memory 302 MiB.
2026-09-22T22:46:02Z INFO [190/500] 0dc31b06-daef-44c9-bac4-1694c9e6ee21: 239 internal nodes; 10.3 s; peak memory 302 MiB.
2026-09-22T22:46:03Z INFO [191/500] 0dc3715f-8604-4673-a41f-90ee7961d600: 13 internal nodes; 1.1 s; peak memory 302 MiB.
2026-09-22T22:46:04Z INFO [192/500] 0dc3773b-ea08-457a-a9e8-ff6c12d1d003: 17 internal nodes; 0.9 s; peak memory 302 MiB.
2026-09-22T22:46:05Z INFO [193/500] 0dc3da0a-6971-440b-9e03-cd3f21b5e66a: 18 internal nodes; 0.9 s; peak memory 302 MiB.
2026-09-22T22:46:07Z INFO [194/500] 0dc418ea-9fa3-4ae7-9932-169bc0b64aaa: 56 internal nodes; 1.7 s; peak memory 302 MiB.
2026-09-22T22:46:08Z INFO [195/500] 0dc41a3a-4b82-4105-b656-353bdf0bf3e7: 52 internal nodes; 1.5 s; peak memory 302 MiB.
2026-09-22T22:46:10Z INFO [196/500] 0dc4613c-6f00-4817-a6d3-9ca3d65572a2: 17 internal nodes; 1.3 s; peak memory 302 MiB.
2026-09-22T22:46:21Z INFO [197/500] 0dc48760-578a-4274-8583-3881fabb6c76: 89 internal nodes; 11.3 s; peak memory 302 MiB.
2026-09-22T22:46:22Z INFO [198/500] 0dc496a1-1dae-404b-9ea6-b7b5f0cc0ea8: 17 internal nodes; 1.2 s; peak memory 302 MiB.
2026-09-22T22:46:24Z INFO [199/500] 0dc51bea-7ea9-460f-81ed-79c4bbcff58f: 26 internal nodes; 1.7 s; peak memory 302 MiB.
2026-09-22T22:46:34Z INFO [200/500] 0dc67fec-24fe-4a74-b15f-c47743859114: 217 internal nodes; 10.2 s; peak memory 302 MiB.
2026-09-22T22:46:34Z INFO [200/500] 0dc67fec-24fe-4a74-b15f-c47743859114: checkpointed 52693 records.
2026-09-22T22:46:36Z INFO [201/500] 0dc69fcc-1702-40ef-9762-0dba0a0d7778: 21 internal nodes; 1.4 s; peak memory 302 MiB.
2026-09-22T22:46:37Z INFO [202/500] 0dc6efd5-b8c1-4a48-bdf6-dfe621410fbb: 31 internal nodes; 1.8 s; peak memory 302 MiB.
2026-09-22T22:46:39Z INFO [203/500] 0dc73ce2-6c58-4400-91d0-2d9ffa2fc662: 19 internal nodes; 1.3 s; peak memory 302 MiB.
2026-09-22T22:46:40Z INFO [204/500] 0dc7cb8f-26a8-4406-9a9b-c743f1117ec5: 27 internal nodes; 1.5 s; peak memory 302 MiB.
2026-09-22T22:46:41Z INFO [205/500] 0dc8ca45-0937-4b7a-9ab9-ad0d635874b2: 13 internal nodes; 1.1 s; peak memory 302 MiB.
2026-09-22T22:46:43Z INFO [206/500] 0dc8d2ea-7539-47da-b8f9-04434e8af3d8: 58 internal nodes; 1.6 s; peak memory 302 MiB.
2026-09-22T22:46:47Z INFO [207/500] 0dc961df-f8bb-4e5f-9f44-699981190e4e: 51 internal nodes; 4.5 s; peak memory 302 MiB.
2026-09-22T22:46:49Z INFO [208/500] 0dca53a0-148d-4c9f-ada6-5cebf2826420: 31 internal nodes; 1.6 s; peak memory 302 MiB.
2026-09-22T22:46:51Z INFO [209/500] 0dcb177e-4bd8-48d0-990e-3873d3dd7b16: 37 internal nodes; 1.9 s; peak memory 302 MiB.
2026-09-22T22:46:52Z INFO [210/500] 0dcc350f-9327-4018-9d67-ec1d1d54ab83: 17 internal nodes; 1.2 s; peak memory 302 MiB.
2026-09-22T22:46:53Z INFO [211/500] 0dcc4979-2b35-49f0-85ae-e36302fabfe1: 17 internal nodes; 1.2 s; peak memory 302 MiB.
2026-09-22T22:46:54Z INFO [212/500] 0dccb804-a4a2-4fbe-9010-86a8243e89dc: 11 internal nodes; 0.9 s; peak memory 302 MiB.
2026-09-22T22:46:55Z INFO [213/500] 0dcd6594-5ac6-4dce-ab18-d19b59bfbde0: 17 internal nodes; 1.1 s; peak memory 302 MiB.
2026-09-22T22:46:57Z INFO [214/500] 0dcdbb51-f5ba-4ece-8375-bd5827ec3091: 17 internal nodes; 1.3 s; peak memory 302 MiB.
2026-09-22T22:48:55Z INFO [215/500] 0dcea441-5f9a-4c6a-b9c6-e0531d292d63: 617 internal nodes; 118.4 s; peak memory 319 MiB.
2026-09-22T22:48:56Z INFO [216/500] 0dcee32d-f83e-4fc8-ab7e-e88806da47f2: 27 internal nodes; 1.5 s; peak memory 319 MiB.
2026-09-22T22:48:58Z INFO [217/500] 0dcfac3e-6f02-4ace-8816-b1369d9c5499: 17 internal nodes; 1.3 s; peak memory 319 MiB.
2026-09-22T22:48:59Z INFO [218/500] 0dd00704-7578-469d-a71a-74cefab4e34d: 60 internal nodes; 1.8 s; peak memory 319 MiB.
2026-09-22T22:49:01Z INFO [219/500] 0dd0b0ee-705c-44d8-8003-0e8dd0fd688e: 17 internal nodes; 1.1 s; peak memory 319 MiB.
2026-09-22T22:49:10Z INFO [220/500] 0dd0fe9f-fe1f-49ce-bba7-37ec28503b8a: 248 internal nodes; 9.3 s; peak memory 319 MiB.
2026-09-22T22:49:16Z INFO [221/500] 0dd1a198-f357-402f-bffa-fc12d02ed299: 73 internal nodes; 6.4 s; peak memory 319 MiB.
2026-09-22T22:49:17Z INFO [222/500] 0dd1b77f-410a-4bae-80c9-4b1ccdd841a6: 17 internal nodes; 1.2 s; peak memory 319 MiB.
2026-09-22T22:49:19Z INFO [223/500] 0dd1ef22-865e-4072-9f32-a21bab72f7df: 19 internal nodes; 1.3 s; peak memory 319 MiB.
2026-09-22T22:49:20Z INFO [224/500] 0dd1fa20-6b19-4b4b-b180-a56b8b25d946: 21 internal nodes; 0.9 s; peak memory 319 MiB.
2026-09-22T22:49:21Z INFO [225/500] 0dd2473d-8778-49ff-ae11-4604bb0749b4: 17 internal nodes; 1.1 s; peak memory 319 MiB.
2026-09-22T22:49:22Z INFO [226/500] 0dd2aafc-6b18-4921-a86f-a9345ac629fb: 11 internal nodes; 0.9 s; peak memory 319 MiB.
2026-09-22T22:49:24Z INFO [227/500] 0dd4b209-8445-45ee-ab8d-5842d488c926: 31 internal nodes; 2.1 s; peak memory 319 MiB.
2026-09-22T22:49:25Z INFO [228/500] 0dd54404-6551-454e-b3dd-1d160609e0c0: 27 internal nodes; 0.9 s; peak memory 319 MiB.
2026-09-22T22:49:26Z INFO [229/500] 0dd61896-f010-4aeb-96e7-198bfa0e2d00: 91 internal nodes; 1.8 s; peak memory 319 MiB.
2026-09-22T22:49:28Z INFO [230/500] 0dd72264-de59-4b68-835e-27f059e936a9: 27 internal nodes; 1.6 s; peak memory 319 MiB.
2026-09-22T22:49:41Z INFO [231/500] 0dd77c9c-2959-4997-ae02-44f4f7a036f8: 258 internal nodes; 12.7 s; peak memory 319 MiB.
2026-09-22T22:49:42Z INFO [232/500] 0dd802e1-c425-4d07-8fe3-d6e511a2c9c3: 27 internal nodes; 1.7 s; peak memory 319 MiB.
2026-09-22T22:49:43Z INFO [233/500] 0dd837ba-3ad3-4645-aa86-53deef35a89a: 17 internal nodes; 1.1 s; peak memory 319 MiB.
2026-09-22T22:49:44Z INFO [234/500] 0dd98225-48ba-40b8-a19e-5f580b4e3975: 18 internal nodes; 0.9 s; peak memory 319 MiB.
2026-09-22T22:49:46Z INFO [235/500] 0dd9b118-b99d-4c5c-b816-4ae2250a9321: 18 internal nodes; 1.1 s; peak memory 319 MiB.
2026-09-22T22:49:47Z INFO [236/500] 0dd9e8c9-fb1f-4acb-89aa-7d1e2ad98e91: 13 internal nodes; 1.4 s; peak memory 319 MiB.
2026-09-22T22:49:49Z INFO [237/500] 0ddaa92a-d52b-4f63-93f4-5cfb62802a3e: 53 internal nodes; 1.7 s; peak memory 319 MiB.
2026-09-22T22:49:50Z INFO [238/500] 0ddaec9f-a80a-477e-a4fe-7a56f665e9b4: 17 internal nodes; 1.2 s; peak memory 319 MiB.
2026-09-22T22:50:02Z INFO [239/500] 0ddb40e2-abe3-4c89-b722-61f0692b5130: 251 internal nodes; 12.6 s; peak memory 319 MiB.
2026-09-22T22:50:04Z INFO [240/500] 0ddb841b-bc37-4d67-85c3-ce71bc1de06c: 90 internal nodes; 1.7 s; peak memory 319 MiB.
2026-09-22T22:50:05Z INFO [241/500] 0ddba8b3-7b84-48f8-b77b-d7ff795d0bd0: 17 internal nodes; 1.2 s; peak memory 319 MiB.
2026-09-22T22:50:22Z INFO [242/500] 0ddbb404-861e-42d2-84c2-d58c68d9d9d4: 1006 internal nodes; 16.4 s; peak memory 319 MiB.
2026-09-22T22:50:23Z INFO [243/500] 0ddbfe92-1432-4c24-b656-82356bd3fff9: 59 internal nodes; 1.8 s; peak memory 319 MiB.
2026-09-22T22:50:25Z INFO [244/500] 0ddc2149-621a-4e86-a0ef-bba1eb0f1dc2: 13 internal nodes; 1.2 s; peak memory 319 MiB.
2026-09-22T22:50:26Z INFO [245/500] 0ddc3088-18bf-432b-a4d9-7d479c04bf9c: 27 internal nodes; 1.3 s; peak memory 319 MiB.
2026-09-22T22:50:30Z INFO [246/500] 0ddc7ab3-960a-42ea-b731-6db9fefaf77f: 46 internal nodes; 3.9 s; peak memory 319 MiB.
2026-09-22T22:50:31Z INFO [247/500] 0ddc93b1-f2ad-4cd7-856e-a3ba91d9d7d9: 17 internal nodes; 1.1 s; peak memory 319 MiB.
2026-09-22T22:50:35Z INFO [248/500] 0ddcb548-d8ca-4e0a-af8f-9dea4d2709d9: 41 internal nodes; 4.2 s; peak memory 319 MiB.
2026-09-22T22:50:43Z INFO [249/500] 0ddce02c-dac6-48ac-9d69-78a6d647a97b: 73 internal nodes; 7.4 s; peak memory 319 MiB.
2026-09-22T22:50:46Z INFO [250/500] 0dddf534-a462-4c90-ab7e-d47705341c41: 41 internal nodes; 3.2 s; peak memory 319 MiB.
2026-09-22T22:50:46Z INFO [250/500] 0dddf534-a462-4c90-ab7e-d47705341c41: checkpointed 52743 records.
2026-09-22T22:50:47Z INFO [251/500] 0dddfb2b-831b-47bf-b94b-26768ca2d1fd: 22 internal nodes; 1.0 s; peak memory 319 MiB.
2026-09-22T22:50:48Z INFO [252/500] 0dde69d3-744a-4e1e-86a4-0b2f6b025db0: 63 internal nodes; 1.6 s; peak memory 319 MiB.
2026-09-22T22:50:50Z INFO [253/500] 0ddec698-73ee-4211-83d6-467b88e346a9: 17 internal nodes; 1.2 s; peak memory 319 MiB.
2026-09-22T22:50:51Z INFO [254/500] 0de01cec-125e-4f67-8f64-5f0e9442708b: 18 internal nodes; 1.4 s; peak memory 319 MiB.
2026-09-22T22:50:52Z INFO [255/500] 0de0ad58-3b25-46ab-a77d-2efb91cf591f: 17 internal nodes; 1.2 s; peak memory 319 MiB.
2026-09-22T22:50:53Z INFO [256/500] 0de28329-eaac-4080-b0fb-3a437d250825: 17 internal nodes; 1.1 s; peak memory 319 MiB.
2026-09-22T22:50:54Z INFO [257/500] 0de3a840-a75b-4b2e-bb0b-ccb600855eb3: 17 internal nodes; 1.1 s; peak memory 319 MiB.
2026-09-22T22:50:56Z INFO [258/500] 0de4b4f3-bb96-47cb-a6e5-f3d9f617ab3a: 19 internal nodes; 1.4 s; peak memory 319 MiB.
2026-09-22T22:50:57Z INFO [259/500] 0de4ca38-e8ca-43ca-a448-d3dff4b09b3f: 17 internal nodes; 1.3 s; peak memory 319 MiB.
2026-09-22T22:50:59Z INFO [260/500] 0de56f53-ad8e-4333-833a-b7d71f4f0c7e: 30 internal nodes; 1.7 s; peak memory 319 MiB.
2026-09-22T22:51:14Z INFO [261/500] 0de5a221-3249-497f-8907-aa1624021024: 238 internal nodes; 15.1 s; peak memory 319 MiB.
2026-09-22T22:51:16Z INFO [262/500] 0de62f2a-80bf-42da-9da9-f68af72c2dc0: 65 internal nodes; 2.0 s; peak memory 319 MiB.
2026-09-22T22:51:17Z INFO [263/500] 0de63e9c-1af5-47e4-913d-4b5f67726972: 23 internal nodes; 0.9 s; peak memory 319 MiB.
2026-09-22T22:51:18Z INFO [264/500] 0de66f76-7106-48e7-ac8a-5fe2ec52ac73: 27 internal nodes; 1.5 s; peak memory 319 MiB.
2026-09-22T22:51:22Z INFO [265/500] 0de70204-863e-4f6d-ae31-74df6321996d: 46 internal nodes; 3.5 s; peak memory 319 MiB.
2026-09-22T22:51:30Z INFO [266/500] 0de7a998-390d-448e-8b9c-09f4e2260ebe: 184 internal nodes; 8.3 s; peak memory 319 MiB.
2026-09-22T22:51:33Z INFO [267/500] 0de7cf10-8e35-4d7d-9184-f2d83cda3115: 44 internal nodes; 3.1 s; peak memory 319 MiB.
2026-09-22T22:51:34Z INFO [268/500] 0de95cb7-e4fa-440c-8f79-f965ec9b14ca: 17 internal nodes; 1.2 s; peak memory 319 MiB.
2026-09-22T22:51:35Z INFO [269/500] 0de9753a-0f84-41eb-af09-594f34cac2d4: 11 internal nodes; 0.9 s; peak memory 319 MiB.
2026-09-22T22:51:37Z INFO [270/500] 0de97a5d-d3b4-49d0-bc0d-b4a1e415cff0: 67 internal nodes; 2.0 s; peak memory 319 MiB.
2026-09-22T22:51:39Z INFO [271/500] 0de9b61d-a124-4a8d-8f66-dd00638a672d: 25 internal nodes; 2.1 s; peak memory 319 MiB.
2026-09-22T22:51:43Z INFO [272/500] 0de9d9a2-7477-45a9-8432-656d935b3fdd: 44 internal nodes; 3.3 s; peak memory 319 MiB.
2026-09-22T22:51:44Z INFO [273/500] 0de9fbb7-5309-483a-9dd7-a4f79f6b0b26: 17 internal nodes; 1.1 s; peak memory 319 MiB.
2026-09-22T22:51:46Z INFO [274/500] 0dea1d5f-761e-4661-91de-6f8a7bd3303a: 29 internal nodes; 1.8 s; peak memory 319 MiB.
2026-09-22T22:51:47Z WARNING 0dec427d-4db4-44c3-988a-c37959ceaff3: failed while reading the NWB file (KeyError: 'Unable to synchronously open object (component not found)')
2026-09-22T22:51:47Z WARNING [275/500] 0dec427d-4db4-44c3-988a-c37959ceaff3: leaving unrecorded for a later run to retry.
2026-09-22T22:51:50Z INFO [276/500] 0dee1a62-4038-4228-8c58-411423a19263: 36 internal nodes; 2.5 s; peak memory 319 MiB.
2026-09-22T22:51:51Z INFO [277/500] 0deec404-d239-4790-b0bf-90b49a9e720b: 19 internal nodes; 1.5 s; peak memory 319 MiB.
2026-09-22T22:51:52Z INFO [278/500] 0deec570-906e-4ce9-af7f-d38431223a5c: 17 internal nodes; 1.1 s; peak memory 319 MiB.
2026-09-22T22:51:54Z INFO [279/500] 0def3147-eec5-4ace-92ce-dc81a896978a: 19 internal nodes; 1.2 s; peak memory 319 MiB.
2026-09-22T22:51:55Z INFO [280/500] 0df00222-802f-4aa1-899e-60f23fad356d: 90 internal nodes; 1.3 s; peak memory 319 MiB.
2026-09-22T22:51:56Z INFO [281/500] 0df15fed-0f38-4fc9-840a-fa53ac11f98f: 17 internal nodes; 1.2 s; peak memory 319 MiB.
2026-09-22T22:51:59Z INFO [282/500] 0df201dc-3148-41b6-8767-81a6c2abac5f: 56 internal nodes; 2.9 s; peak memory 319 MiB.
2026-09-22T22:52:01Z INFO [283/500] 0df23682-359d-4089-95d1-51d9f7d755e1: 27 internal nodes; 1.6 s; peak memory 319 MiB.
2026-09-22T22:52:02Z INFO [284/500] 0df2dbc8-b84a-46ce-8dcb-96bc741b760c: 16 internal nodes; 1.0 s; peak memory 319 MiB.
2026-09-22T22:52:03Z INFO [285/500] 0df31d71-7383-4988-88c5-250dc4a245cf: 20 internal nodes; 1.2 s; peak memory 319 MiB.
2026-09-22T22:52:15Z INFO [286/500] 0df356c9-40c0-479a-b821-5d7d5d58f77f: 67 internal nodes; 12.4 s; peak memory 319 MiB.
2026-09-22T22:52:17Z INFO [287/500] 0df38bd3-648c-4905-96ee-dd6103f67ea4: 27 internal nodes; 1.5 s; peak memory 319 MiB.
2026-09-22T22:52:18Z INFO [288/500] 0df4860b-c35b-4fcd-bc9c-8707f69bce91: 23 internal nodes; 1.2 s; peak memory 319 MiB.
2026-09-22T22:52:20Z INFO [289/500] 0df4c128-cd58-4601-a7b6-250fc134311b: 30 internal nodes; 2.3 s; peak memory 319 MiB.
2026-09-22T22:52:22Z INFO [290/500] 0df51055-23d0-4131-a93d-0f9cce724868: 29 internal nodes; 1.9 s; peak memory 319 MiB.
2026-09-22T22:52:23Z INFO [291/500] 0df529cc-885f-425a-9bdf-0abb9ae04d40: 17 internal nodes; 1.2 s; peak memory 319 MiB.
2026-09-22T22:52:25Z INFO [292/500] 0df5ab34-97be-45bb-a9ee-6acc461492ec: 95 internal nodes; 1.8 s; peak memory 319 MiB.
2026-09-22T22:52:44Z INFO [293/500] 0df70830-448f-45c2-8d78-00be7a8cfa3a: 142 internal nodes; 18.5 s; peak memory 319 MiB.
2026-09-22T22:52:50Z INFO [294/500] 0df766a4-8cef-4251-9cce-88faa7cd427d: 155 internal nodes; 6.7 s; peak memory 319 MiB.
2026-09-22T22:52:51Z INFO [295/500] 0df76e68-ba8f-40ee-bf9f-7a0615c04d58: 11 internal nodes; 0.8 s; peak memory 319 MiB.
2026-09-22T22:52:54Z INFO [296/500] 0df891ef-e5da-4832-a92e-8b366d4330e3: 72 internal nodes; 2.6 s; peak memory 319 MiB.
2026-09-22T22:52:55Z INFO [297/500] 0df946b9-988b-4739-b3a3-3cea36cf7e68: 21 internal nodes; 1.3 s; peak memory 319 MiB.
2026-09-22T22:52:58Z INFO [298/500] 0df9c965-ad5e-4803-99af-046eb8d3e409: 42 internal nodes; 3.1 s; peak memory 319 MiB.
2026-09-22T22:52:59Z INFO [299/500] 0dfa6f1f-8292-4237-b5d3-525c912843ff: 17 internal nodes; 1.2 s; peak memory 319 MiB.
2026-09-22T22:53:00Z INFO [300/500] 0dfaa004-7c75-4984-9c6e-3bffceb42c3f: 25 internal nodes; 0.9 s; peak memory 319 MiB.
2026-09-22T22:53:01Z INFO [300/500] 0dfaa004-7c75-4984-9c6e-3bffceb42c3f: checkpointed 52792 records.
2026-09-22T22:53:02Z INFO [301/500] 0dfbbab6-a701-4304-a196-e8af11373e1d: 27 internal nodes; 1.5 s; peak memory 319 MiB.
2026-09-22T22:53:03Z INFO [302/500] 0dfc6d30-dd3a-4de1-82c6-3f917664e855: 23 internal nodes; 0.9 s; peak memory 319 MiB.
2026-09-22T22:53:04Z INFO [303/500] 0dfc9567-0208-4af4-bd90-108b348863bb: 17 internal nodes; 1.2 s; peak memory 319 MiB.
2026-09-22T22:53:05Z INFO [304/500] 0dfd2a95-9a95-4941-8684-1664ffedadcd: 17 internal nodes; 1.2 s; peak memory 319 MiB.
2026-09-22T22:53:07Z INFO [305/500] 0dfd4ec6-3f62-44c9-91d8-ee7e9fb3722f: 27 internal nodes; 1.5 s; peak memory 319 MiB.
2026-09-22T22:53:10Z INFO [306/500] 0dfdd626-a164-43e1-82d8-aa8eebb5e3da: 55 internal nodes; 3.3 s; peak memory 319 MiB.
2026-09-22T22:53:11Z INFO [307/500] 0dff0e09-a3ee-4ab0-afb1-b7efa116da4f: 17 internal nodes; 1.2 s; peak memory 319 MiB.
2026-09-22T22:53:19Z INFO [308/500] 0dff2672-52fc-43fc-b846-fca99233671d: 41 internal nodes; 7.1 s; peak memory 319 MiB.
2026-09-22T22:53:21Z INFO [309/500] 0dffd61f-28ef-4627-bdfa-9516385df17c: 30 internal nodes; 2.5 s; peak memory 319 MiB.
2026-09-22T22:53:29Z INFO [310/500] 0e002fb4-26b9-4da1-9c2b-70aba576a206: 59 internal nodes; 7.7 s; peak memory 319 MiB.
2026-09-22T22:53:30Z INFO [311/500] 0e00a33e-28b5-4cf5-9f6c-7d82d2faad75: 27 internal nodes; 1.6 s; peak memory 319 MiB.
2026-09-22T22:53:42Z INFO [312/500] 0e013792-e6d6-4b92-b76d-7a54cc42fa7c: 253 internal nodes; 12.0 s; peak memory 319 MiB.
2026-09-22T22:53:44Z INFO [313/500] 0e016850-d300-4b93-9420-ecc381981878: 27 internal nodes; 1.5 s; peak memory 319 MiB.
2026-09-22T22:53:51Z INFO [314/500] 0e020ee0-2643-4a7b-80f9-00796fd7c5a7: 123 internal nodes; 7.3 s; peak memory 319 MiB.
2026-09-22T22:53:52Z INFO [315/500] 0e025aa2-692e-4c29-859f-1e0f0bc08782: 28 internal nodes; 1.2 s; peak memory 319 MiB.
2026-09-22T22:53:53Z INFO [316/500] 0e02853c-f55e-4b44-ab1f-7758241f803b: 13 internal nodes; 1.1 s; peak memory 319 MiB.
2026-09-22T22:54:10Z INFO [317/500] 0e02b4d8-abb3-46ea-a66e-aebbf8ec0d72: 78 internal nodes; 16.3 s; peak memory 319 MiB.
2026-09-22T22:54:14Z INFO [318/500] 0e02cc7e-d69d-4bcd-b218-d7ac59e51780: 47 internal nodes; 4.1 s; peak memory 319 MiB.
2026-09-22T22:54:15Z INFO [319/500] 0e02e327-d699-4492-8534-80b045c408a8: 27 internal nodes; 1.4 s; peak memory 319 MiB.
2026-09-22T22:54:16Z INFO [320/500] 0e032bfe-6070-47ae-a525-a0d14262a518: 26 internal nodes; 1.0 s; peak memory 319 MiB.
2026-09-22T22:54:17Z INFO [321/500] 0e044d8e-9c15-4295-a88a-5f08bc00f4e0: 11 internal nodes; 0.8 s; peak memory 319 MiB.
2026-09-22T22:54:18Z INFO [322/500] 0e04d6ca-3021-4181-b9ec-4e163e105803: 19 internal nodes; 1.2 s; peak memory 319 MiB.
2026-09-22T22:54:20Z INFO [323/500] 0e058586-55ff-4495-8903-8aa1ad8cdc82: 27 internal nodes; 1.6 s; peak memory 319 MiB.
2026-09-22T22:54:21Z INFO [324/500] 0e05a5c3-875d-4939-aa8d-bf7344f26142: 11 internal nodes; 0.9 s; peak memory 319 MiB.
2026-09-22T22:54:23Z INFO [325/500] 0e0616da-73bc-4ef9-9dd3-d9ee285baff1: 67 internal nodes; 2.0 s; peak memory 319 MiB.
2026-09-22T22:54:24Z INFO [326/500] 0e061ac6-e2b8-4066-acf4-e49250589dc1: 30 internal nodes; 1.7 s; peak memory 319 MiB.
2026-09-22T22:54:29Z INFO [327/500] 0e063671-c15e-4d55-b98a-48f58e4c1083: 49 internal nodes; 4.1 s; peak memory 319 MiB.
2026-09-22T22:54:31Z INFO [328/500] 0e06a8a0-5433-453a-a6fe-1e05bc011e22: 59 internal nodes; 2.1 s; peak memory 319 MiB.
2026-09-22T22:54:32Z INFO [329/500] 0e06aa4a-ac2d-47ce-90a0-5d8a34b37ef0: 26 internal nodes; 1.0 s; peak memory 319 MiB.
2026-09-22T22:54:40Z INFO [330/500] 0e082ce4-a1aa-466b-a850-6748ffbb0939: 195 internal nodes; 8.5 s; peak memory 319 MiB.
2026-09-22T22:54:41Z INFO [331/500] 0e08f047-5738-4d14-ac62-4a95ffdf80d6: 17 internal nodes; 1.2 s; peak memory 319 MiB.
2026-09-22T22:54:42Z INFO [332/500] 0e095f05-e118-44dd-bc41-1da5327855db: 18 internal nodes; 1.2 s; peak memory 319 MiB.
2026-09-22T22:54:43Z INFO [333/500] 0e0a4944-fe8e-4a56-9d1c-c7ad256091a6: 18 internal nodes; 0.9 s; peak memory 319 MiB.
2026-09-22T22:54:45Z INFO [334/500] 0e0b8227-1c6f-457b-896c-b4a875b433bb: 116 internal nodes; 1.7 s; peak memory 319 MiB.
2026-09-22T22:54:46Z INFO [335/500] 0e0c6bb4-d18b-4828-b503-9b608b4afb0a: 11 internal nodes; 0.8 s; peak memory 319 MiB.
2026-09-22T22:54:47Z INFO [336/500] 0e0c71cc-657c-43fc-97ef-348d96667a69: 17 internal nodes; 0.9 s; peak memory 319 MiB.
2026-09-22T22:54:48Z INFO [337/500] 0e0d718f-7653-4f1f-b636-effd9a3e4f4b: 17 internal nodes; 1.2 s; peak memory 319 MiB.
2026-09-22T22:54:49Z INFO [338/500] 0e0e2223-607b-49dc-8545-3c66a6cdc1f4: 17 internal nodes; 1.1 s; peak memory 319 MiB.
2026-09-22T22:54:50Z INFO [339/500] 0e0fbad0-c2a0-4ee1-b52f-606f7ee4fea6: 27 internal nodes; 1.3 s; peak memory 319 MiB.
2026-09-22T22:54:52Z INFO [340/500] 0e11226a-db61-4305-a104-2a808ea7e2ec: 58 internal nodes; 1.9 s; peak memory 319 MiB.
2026-09-22T22:54:54Z INFO [341/500] 0e12ea21-dda9-4298-ab20-880a93ce6e6b: 13 internal nodes; 1.2 s; peak memory 319 MiB.
2026-09-22T22:54:56Z INFO [342/500] 0e13bb95-e700-4946-906d-0b9091a3125c: 27 internal nodes; 2.1 s; peak memory 319 MiB.
2026-09-22T22:54:59Z INFO [343/500] 0e1413ff-070b-4e9e-a8b7-3f90229dd05c: 55 internal nodes; 3.8 s; peak memory 319 MiB.
2026-09-22T22:55:01Z INFO [344/500] 0e1517ca-b519-4825-ac14-0d0c1c5b7be4: 17 internal nodes; 1.3 s; peak memory 319 MiB.
2026-09-22T22:55:02Z INFO [345/500] 0e15456d-1355-41e8-8975-c72fae7f3346: 27 internal nodes; 1.5 s; peak memory 319 MiB.
2026-09-22T22:55:03Z INFO [346/500] 0e15e5df-e41d-4287-bdc3-65e267f6d507: 11 internal nodes; 1.0 s; peak memory 319 MiB.
2026-09-22T22:55:17Z INFO [347/500] 0e163890-3d8b-4567-80e1-41de136ea5c8: 223 internal nodes; 14.1 s; peak memory 319 MiB.
2026-09-22T22:55:22Z INFO [348/500] 0e165512-d789-47a8-ac43-5abb2888f513: 48 internal nodes; 4.4 s; peak memory 319 MiB.
2026-09-22T22:55:29Z INFO [349/500] 0e1834bb-c9a1-41a4-9a2d-1be568d1c336: 54 internal nodes; 7.2 s; peak memory 319 MiB.
2026-09-22T22:55:31Z INFO [350/500] 0e1843f3-df4f-40ec-9366-3b23a67f04cd: 25 internal nodes; 2.0 s; peak memory 319 MiB.
2026-09-22T22:55:31Z INFO [350/500] 0e1843f3-df4f-40ec-9366-3b23a67f04cd: checkpointed 52842 records.
2026-09-22T22:55:34Z INFO [351/500] 0e18ba97-f9c1-4b72-a6b8-9258423ad9a4: 72 internal nodes; 2.5 s; peak memory 319 MiB.
2026-09-22T22:55:35Z INFO [352/500] 0e1946e2-d951-4d8d-9a96-6b0d180e505a: 17 internal nodes; 1.2 s; peak memory 319 MiB.
2026-09-22T22:55:37Z INFO [353/500] 0e19fd34-45ec-48d6-886b-5726bf7beb94: 66 internal nodes; 2.1 s; peak memory 319 MiB.
2026-09-22T22:55:38Z INFO [354/500] 0e1a4ce8-e40e-4d53-a3eb-f15e0a48670c: 17 internal nodes; 1.1 s; peak memory 319 MiB.
2026-09-22T22:55:39Z INFO [355/500] 0e1a4ef3-4f06-4084-8624-a4ad02dd5305: 17 internal nodes; 1.2 s; peak memory 319 MiB.
2026-09-22T22:55:42Z INFO [356/500] 0e1ae94a-72e6-45f2-93d7-60955aa7ede1: 60 internal nodes; 2.7 s; peak memory 319 MiB.
2026-09-22T22:55:43Z INFO [357/500] 0e1af8e7-26d2-40c2-97cc-1364c6593cd5: 11 internal nodes; 0.8 s; peak memory 319 MiB.
2026-09-22T22:55:44Z INFO [358/500] 0e1b0ea7-ef37-48d7-a06c-dfee4de7dcf3: 17 internal nodes; 1.1 s; peak memory 319 MiB.
2026-09-22T22:55:45Z INFO [359/500] 0e1b2fd9-e9a0-4d8d-86f7-0ff8e4001455: 17 internal nodes; 1.2 s; peak memory 319 MiB.
2026-09-22T22:55:46Z INFO [360/500] 0e1be56f-efd4-4b77-af29-6c85c6799076: 17 internal nodes; 1.1 s; peak memory 319 MiB.
2026-09-22T22:55:49Z INFO [361/500] 0e1ceab5-8bae-430e-8561-b601683ac9f9: 21 internal nodes; 2.3 s; peak memory 319 MiB.
2026-09-22T22:55:54Z INFO [362/500] 0e1d604e-98d0-4bc7-9713-c1f5b7db4b89: 73 internal nodes; 6.0 s; peak memory 319 MiB.
2026-09-22T22:55:56Z INFO [363/500] 0e1d9cd9-373b-4fd2-a6a3-77a5b4295d68: 17 internal nodes; 1.2 s; peak memory 319 MiB.
2026-09-22T22:55:59Z INFO [364/500] 0e1da023-81ae-435c-8e0d-0a73842ff4f3: 46 internal nodes; 3.8 s; peak memory 319 MiB.
2026-09-22T22:56:03Z INFO [365/500] 0e1de8cd-e22a-4fb7-942e-8d00f55cb16a: 46 internal nodes; 3.7 s; peak memory 319 MiB.
2026-09-22T22:56:07Z INFO [366/500] 0e1ec4ab-5603-4773-820b-ca254131a7e9: 40 internal nodes; 3.7 s; peak memory 319 MiB.
2026-09-22T22:56:08Z INFO [367/500] 0e1ec7cd-e103-468c-90b1-449f0f4f72ed: 27 internal nodes; 1.4 s; peak memory 319 MiB.
2026-09-22T22:56:10Z INFO [368/500] 0e1f0418-4f62-4e7b-a51f-c9d88dd8f54a: 25 internal nodes; 1.5 s; peak memory 319 MiB.
2026-09-22T22:56:20Z INFO [369/500] 0e1f31ce-3011-4e34-a60e-233912423018: 200 internal nodes; 10.0 s; peak memory 319 MiB.
2026-09-22T22:56:21Z INFO [370/500] 0e1fc108-521a-47e5-a705-d843866b2cae: 13 internal nodes; 1.1 s; peak memory 319 MiB.
2026-09-22T22:56:22Z INFO [371/500] 0e207176-898c-46b1-9682-f5d519ed05e1: 17 internal nodes; 1.2 s; peak memory 319 MiB.
2026-09-22T22:56:24Z INFO [372/500] 0e21701f-2965-467e-b662-976893032ef0: 31 internal nodes; 1.6 s; peak memory 319 MiB.
2026-09-22T22:56:25Z INFO [373/500] 0e21a931-1f8c-40cc-97d4-3e271db76ec1: 16 internal nodes; 1.2 s; peak memory 319 MiB.
2026-09-22T22:56:26Z INFO [374/500] 0e21fc4c-d56d-4216-a61c-330c8fa49eff: 27 internal nodes; 1.4 s; peak memory 319 MiB.
2026-09-22T22:56:28Z INFO [375/500] 0e228d93-8cd4-4c74-886d-0b93813f7a61: 27 internal nodes; 1.9 s; peak memory 319 MiB.
2026-09-22T22:56:35Z INFO [376/500] 0e23be08-a9e7-4279-a478-50bab6162455: 61 internal nodes; 6.9 s; peak memory 319 MiB.
2026-09-22T22:56:36Z INFO [377/500] 0e25b857-dab3-4a70-9399-e2b0c862a587: 18 internal nodes; 1.1 s; peak memory 319 MiB.
2026-09-22T22:56:37Z INFO [378/500] 0e2628e5-4b96-427f-ac0b-5919012e1067: 17 internal nodes; 1.0 s; peak memory 319 MiB.
2026-09-22T22:56:38Z INFO [379/500] 0e270dec-86c9-42d0-8a32-fbbbd15d6fb3: 18 internal nodes; 1.0 s; peak memory 319 MiB.
2026-09-22T22:56:39Z INFO [380/500] 0e2713be-02a2-4204-85d0-f3fe34570019: 19 internal nodes; 1.2 s; peak memory 319 MiB.
2026-09-22T22:56:41Z INFO [381/500] 0e2751d0-14f1-43dc-9b03-2c9ac348ff9a: 55 internal nodes; 1.6 s; peak memory 319 MiB.
2026-09-22T22:56:42Z INFO [382/500] 0e293450-cf97-4fd9-8905-7164e49acc08: 17 internal nodes; 1.0 s; peak memory 319 MiB.
2026-09-22T22:57:39Z INFO [383/500] 0e299283-c8ba-467b-9bd3-ef6f8c3b190b: 3121 internal nodes; 56.7 s; peak memory 371 MiB.
2026-09-22T22:57:41Z INFO [384/500] 0e29fe43-f9b0-482a-857e-358d82643f2f: 44 internal nodes; 2.7 s; peak memory 371 MiB.
2026-09-22T22:57:44Z INFO [385/500] 0e2a0565-a2ca-4c66-b586-86c3250411af: 32 internal nodes; 2.3 s; peak memory 371 MiB.
2026-09-22T22:57:45Z INFO [386/500] 0e2c014c-2771-4ed7-8584-212bd04e7151: 27 internal nodes; 1.4 s; peak memory 371 MiB.
2026-09-22T22:57:56Z INFO [387/500] 0e2c25ad-49b7-4abb-9216-d8a544c73a18: 67 internal nodes; 11.2 s; peak memory 371 MiB.
2026-09-22T22:58:00Z INFO [388/500] 0e2d095c-6c7f-48bb-ab33-edf5c4bef6a2: 46 internal nodes; 3.6 s; peak memory 371 MiB.
2026-09-22T22:58:01Z INFO [389/500] 0e2d197b-12d1-41fe-9a82-05bb68525fec: 27 internal nodes; 1.5 s; peak memory 371 MiB.
2026-09-22T22:58:15Z INFO [390/500] 0e2d31f3-6042-4dec-afb6-a4b1723d94f5: 813 internal nodes; 13.2 s; peak memory 371 MiB.
2026-09-22T22:58:16Z INFO [391/500] 0e2db5aa-27ff-4f2a-ba77-722fc1128b6d: 27 internal nodes; 1.3 s; peak memory 371 MiB.
2026-09-22T22:58:17Z INFO [392/500] 0e2f35c6-3b48-4182-84ea-b6a0ad0deec0: 18 internal nodes; 1.4 s; peak memory 371 MiB.
2026-09-22T22:58:18Z INFO [393/500] 0e2f36d0-0a52-4345-99b8-fc58f27c6357: 17 internal nodes; 1.1 s; peak memory 371 MiB.
2026-09-22T22:58:19Z INFO [394/500] 0e2f4332-b947-4546-8ea1-c3e54390ac6a: 13 internal nodes; 1.0 s; peak memory 371 MiB.
2026-09-22T22:58:26Z INFO [395/500] 0e2fca2e-d6eb-4f69-9c28-2a7e6488bb97: 125 internal nodes; 6.4 s; peak memory 371 MiB.
2026-09-22T22:58:29Z INFO [396/500] 0e300ca4-4c2d-44e1-9182-803b1422c300: 44 internal nodes; 3.1 s; peak memory 371 MiB.
2026-09-22T22:58:30Z INFO [397/500] 0e301423-c029-4006-b0a8-d4fd22a68dce: 17 internal nodes; 1.1 s; peak memory 371 MiB.
2026-09-22T22:58:45Z INFO [398/500] 0e3189a0-6217-4e38-b5cd-11a4d8bc577f: 203 internal nodes; 14.5 s; peak memory 371 MiB.
2026-09-22T22:58:48Z INFO [399/500] 0e326f0b-bcce-4532-8ddb-4d9242138807: 48 internal nodes; 3.7 s; peak memory 371 MiB.
2026-09-22T22:58:49Z INFO [400/500] 0e338ba2-8695-444b-b8d1-4e2cae69760b: 17 internal nodes; 1.1 s; peak memory 371 MiB.
2026-09-22T22:58:49Z INFO [400/500] 0e338ba2-8695-444b-b8d1-4e2cae69760b: checkpointed 52892 records.
2026-09-22T22:58:52Z INFO [401/500] 0e33cb7f-2a0b-44a8-94c8-cd41e1994039: 42 internal nodes; 2.6 s; peak memory 371 MiB.
2026-09-22T22:59:07Z INFO [402/500] 0e3400b8-3f04-46c6-beae-5cb746f70a32: 408 internal nodes; 14.6 s; peak memory 371 MiB.
2026-09-22T22:59:08Z INFO [403/500] 0e353be6-52ab-4061-9420-8cb0458c5807: 27 internal nodes; 1.3 s; peak memory 371 MiB.
2026-09-22T22:59:09Z INFO [404/500] 0e366d55-5665-4eb6-8f98-528cf7ec3630: 17 internal nodes; 1.2 s; peak memory 371 MiB.
2026-09-22T22:59:11Z INFO [405/500] 0e368c2a-018c-4be4-bd38-392732a91938: 83 internal nodes; 1.5 s; peak memory 371 MiB.
2026-09-22T22:59:12Z INFO [406/500] 0e36dc69-b5fd-41b5-bb7a-d6110a02df19: 24 internal nodes; 1.5 s; peak memory 371 MiB.
2026-09-22T22:59:13Z INFO [407/500] 0e375f5e-e330-47d3-85a9-8067374fdc51: 17 internal nodes; 0.8 s; peak memory 371 MiB.
2026-09-22T22:59:14Z INFO [408/500] 0e37eb7c-7422-429d-8c00-59d982d786d6: 13 internal nodes; 0.7 s; peak memory 371 MiB.
2026-09-22T22:59:15Z INFO [409/500] 0e37ff52-bf20-41bb-8e6f-eba0ffa73d23: 17 internal nodes; 1.5 s; peak memory 371 MiB.
2026-09-22T22:59:25Z INFO [410/500] 0e38d7ad-9f72-4496-8237-6f17c954cf63: 192 internal nodes; 10.1 s; peak memory 371 MiB.
2026-09-22T22:59:26Z INFO [411/500] 0e38ebeb-9718-4850-a4c6-53ecd9532cf5: 27 internal nodes; 0.8 s; peak memory 371 MiB.
2026-09-22T22:59:27Z INFO [412/500] 0e3a00c8-588f-4ec8-a0eb-d9c71697d4d7: 27 internal nodes; 1.4 s; peak memory 371 MiB.
2026-09-22T22:59:29Z INFO [413/500] 0e3a9196-ea85-4dc8-8645-c1c5d32884a3: 62 internal nodes; 1.9 s; peak memory 371 MiB.
2026-09-22T22:59:33Z INFO [414/500] 0e3ad784-2d0b-48cd-a92a-d753d318355d: 50 internal nodes; 3.5 s; peak memory 371 MiB.
2026-09-22T22:59:34Z INFO [415/500] 0e3b3c93-73ed-4bec-b1df-b630617aae14: 17 internal nodes; 1.2 s; peak memory 371 MiB.
2026-09-22T22:59:47Z INFO [416/500] 0e3c6f35-d311-402d-92af-000b3df4b9bc: 134 internal nodes; 13.1 s; peak memory 371 MiB.
2026-09-22T22:59:53Z INFO [417/500] 0e3cd05d-5741-4c1d-9a36-3ef5dc868fda: 68 internal nodes; 6.3 s; peak memory 371 MiB.
2026-09-22T22:59:57Z INFO [418/500] 0e3d4a3f-80dc-4e01-a69b-8885da0fe968: 40 internal nodes; 3.3 s; peak memory 371 MiB.
2026-09-22T23:00:08Z INFO [419/500] 0e3e9c69-1be6-4ad6-90a6-90632a503dec: 87 internal nodes; 11.8 s; peak memory 371 MiB.
2026-09-22T23:00:10Z INFO [420/500] 0e3eb891-18da-4171-b5b8-e7310b34fa4b: 17 internal nodes; 1.2 s; peak memory 371 MiB.
2026-09-22T23:00:13Z INFO [421/500] 0e3f3096-6b47-411a-85f7-94f0e5f4e8f5: 44 internal nodes; 3.1 s; peak memory 371 MiB.
2026-09-22T23:00:14Z INFO [422/500] 0e3fb064-da1b-4a33-9eba-e322e8ad288d: 17 internal nodes; 0.8 s; peak memory 371 MiB.
2026-09-22T23:00:15Z INFO [423/500] 0e3fe1ca-028c-434a-a328-953aeb03d8f3: 31 internal nodes; 1.9 s; peak memory 371 MiB.
2026-09-22T23:00:17Z INFO [424/500] 0e3fe9a2-1d0b-405e-95f8-47858600ae05: 66 internal nodes; 2.0 s; peak memory 371 MiB.
2026-09-22T23:00:19Z INFO [425/500] 0e4006d8-42ab-4670-a1b0-9c1fa8ac8d87: 95 internal nodes; 1.9 s; peak memory 371 MiB.
2026-09-22T23:00:28Z INFO [426/500] 0e40773e-4512-420f-9c3e-3eb4475a76ae: 151 internal nodes; 8.7 s; peak memory 371 MiB.
2026-09-22T23:00:30Z INFO [427/500] 0e40a0bc-1764-4df3-99c7-4ec7b8ccf7fd: 27 internal nodes; 1.9 s; peak memory 371 MiB.
2026-09-22T23:00:32Z INFO [428/500] 0e41b375-3a87-4434-80a8-9360eac72754: 22 internal nodes; 2.1 s; peak memory 371 MiB.
2026-09-22T23:00:33Z INFO [429/500] 0e4202b6-927b-4ceb-8f23-f5addffa208b: 17 internal nodes; 1.3 s; peak memory 371 MiB.
2026-09-22T23:00:35Z INFO [430/500] 0e43184c-6d91-4fbb-928d-7ba5800c4fce: 27 internal nodes; 1.4 s; peak memory 371 MiB.
2026-09-22T23:00:36Z INFO [431/500] 0e435e26-2252-4fe7-b73b-006ae8fcc202: 27 internal nodes; 1.3 s; peak memory 371 MiB.
2026-09-22T23:00:46Z INFO [432/500] 0e43798e-f53f-4acc-9f92-468110ed6489: 82 internal nodes; 9.8 s; peak memory 371 MiB.
2026-09-22T23:00:47Z INFO [433/500] 0e465ebb-0233-432c-9d19-6ad7b12d6c49: 27 internal nodes; 1.5 s; peak memory 371 MiB.
2026-09-22T23:00:49Z INFO [434/500] 0e467ef8-6613-4064-89ac-7f3aeffa12d0: 17 internal nodes; 1.2 s; peak memory 371 MiB.
2026-09-22T23:00:51Z INFO [435/500] 0e48f1a0-5a87-41e1-b68e-3ee8000b943a: 31 internal nodes; 2.1 s; peak memory 371 MiB.
2026-09-22T23:00:52Z INFO [436/500] 0e4a66a5-7711-43a8-bb0f-2517bf45fd77: 17 internal nodes; 1.3 s; peak memory 371 MiB.
2026-09-22T23:01:05Z INFO [437/500] 0e4aea7f-7005-47a2-a8d3-7bdeb1aa2e9c: 155 internal nodes; 12.8 s; peak memory 371 MiB.
2026-09-22T23:01:07Z INFO [438/500] 0e4b615a-ccc0-44be-bb22-0b36a501f1e0: 44 internal nodes; 2.5 s; peak memory 371 MiB.
2026-09-22T23:01:08Z INFO [439/500] 0e4b707d-d254-40ab-a962-f0e02b8ef332: 17 internal nodes; 1.2 s; peak memory 371 MiB.
2026-09-22T23:01:10Z INFO [440/500] 0e4ba408-5d9c-4988-afd2-5b55a30ff0d6: 58 internal nodes; 1.5 s; peak memory 371 MiB.
2026-09-22T23:01:21Z INFO [441/500] 0e4bc772-a2bd-4212-84bb-ca1eeacfbc49: 63 internal nodes; 11.7 s; peak memory 371 MiB.
2026-09-22T23:01:23Z INFO [442/500] 0e4c202a-b1c1-4ef6-80ce-69dcb4a3c48e: 30 internal nodes; 1.6 s; peak memory 371 MiB.
2026-09-22T23:01:25Z INFO [443/500] 0e4dfa29-77ec-4d8f-bcdd-ed364c73c4e7: 31 internal nodes; 1.8 s; peak memory 371 MiB.
2026-09-22T23:01:26Z INFO [444/500] 0e4f0042-4bb7-4bf7-9594-60eec7bd6f7d: 27 internal nodes; 1.5 s; peak memory 371 MiB.
2026-09-22T23:01:28Z INFO [445/500] 0e4f17a5-478b-4201-b129-52fefc06a00d: 115 internal nodes; 1.5 s; peak memory 371 MiB.
2026-09-22T23:01:30Z INFO [446/500] 0e4fad6b-8e5a-4e3f-a14b-184cc117b8f9: 37 internal nodes; 1.9 s; peak memory 371 MiB.
2026-09-22T23:01:31Z INFO [447/500] 0e506e31-7ef1-4b42-b86e-95154cdcdfe3: 21 internal nodes; 0.9 s; peak memory 371 MiB.
2026-09-22T23:01:32Z INFO [448/500] 0e518fe5-794d-4c62-bc22-2c2564b40180: 27 internal nodes; 1.3 s; peak memory 371 MiB.
2026-09-22T23:01:33Z INFO [449/500] 0e52e897-504f-40d8-8181-e087a8248d9d: 17 internal nodes; 1.1 s; peak memory 371 MiB.
2026-09-22T23:01:34Z INFO [450/500] 0e5372c9-cbf1-4489-9c0e-822d3958151e: 17 internal nodes; 1.3 s; peak memory 371 MiB.
2026-09-22T23:01:35Z INFO [450/500] 0e5372c9-cbf1-4489-9c0e-822d3958151e: checkpointed 52942 records.
2026-09-22T23:01:36Z INFO [451/500] 0e54716d-89c1-40d5-9e3c-b76c63b25265: 27 internal nodes; 1.5 s; peak memory 371 MiB.
2026-09-22T23:01:39Z INFO [452/500] 0e54da42-811c-49a0-911b-08d33d776da2: 44 internal nodes; 3.0 s; peak memory 371 MiB.
2026-09-22T23:01:50Z INFO [453/500] 0e555714-9b93-4fe8-b5b5-b3036c0d41f6: 174 internal nodes; 11.3 s; peak memory 371 MiB.
2026-09-22T23:01:52Z INFO [454/500] 0e557565-3616-4dd3-b39a-b9695970ef48: 27 internal nodes; 1.3 s; peak memory 371 MiB.
2026-09-22T23:01:53Z INFO [455/500] 0e55c385-627e-42fc-a4bb-113d35084b32: 17 internal nodes; 1.3 s; peak memory 371 MiB.
2026-09-22T23:01:57Z INFO [456/500] 0e563a5e-946a-47f5-8159-39f8b1736eab: 41 internal nodes; 4.2 s; peak memory 371 MiB.
2026-09-22T23:01:59Z INFO [457/500] 0e58744e-d815-4f0e-9f5a-95661f86ec50: 17 internal nodes; 1.2 s; peak memory 371 MiB.
2026-09-22T23:02:01Z INFO [458/500] 0e58f84c-5123-4b99-8d05-6fb8f101cc59: 37 internal nodes; 2.1 s; peak memory 371 MiB.
2026-09-22T23:02:02Z INFO [459/500] 0e5923ab-4725-4af7-85ad-38c6e3e527af: 31 internal nodes; 1.7 s; peak memory 371 MiB.
2026-09-22T23:02:04Z INFO [460/500] 0e59380c-9150-45d3-807e-0984fbe725c2: 31 internal nodes; 2.0 s; peak memory 371 MiB.
2026-09-22T23:02:06Z INFO [461/500] 0e59bbc3-0516-4e17-876c-0f13724803df: 17 internal nodes; 1.2 s; peak memory 371 MiB.
2026-09-22T23:02:07Z INFO [462/500] 0e5b8be0-666a-457e-bf1c-9b51cf04402a: 27 internal nodes; 1.3 s; peak memory 371 MiB.
2026-09-22T23:02:09Z INFO [463/500] 0e5c64c3-5659-44d1-88a9-c8443c5ebb4e: 56 internal nodes; 1.8 s; peak memory 371 MiB.
2026-09-22T23:02:10Z INFO [464/500] 0e5c7433-a2d8-42d0-972d-1e0ea2a93338: 27 internal nodes; 1.5 s; peak memory 371 MiB.
2026-09-22T23:02:11Z INFO [465/500] 0e5ce98f-0cd5-487e-a16a-6cf3de2dd329: 18 internal nodes; 1.0 s; peak memory 371 MiB.
2026-09-22T23:02:18Z INFO [466/500] 0e5e3128-8fe7-467d-849a-57aa909ee312: 157 internal nodes; 6.5 s; peak memory 371 MiB.
2026-09-22T23:02:34Z INFO [467/500] 0e5e3580-8612-43e3-9b18-7bc06681af68: 251 internal nodes; 16.6 s; peak memory 371 MiB.
2026-09-22T23:02:35Z INFO [468/500] 0e5ea23e-b9c9-42b2-b855-406ecc7d43f0: 11 internal nodes; 1.0 s; peak memory 371 MiB.
2026-09-22T23:02:37Z INFO [469/500] 0e5ecfd2-53b0-4046-b845-b5c8264fc873: 31 internal nodes; 1.6 s; peak memory 371 MiB.
2026-09-22T23:02:39Z INFO [470/500] 0e5ee4de-e395-4873-956e-9e69d2466918: 31 internal nodes; 1.7 s; peak memory 371 MiB.
2026-09-22T23:02:41Z INFO [471/500] 0e5f2f69-cb60-4820-86c1-694512d5e0a5: 50 internal nodes; 2.4 s; peak memory 371 MiB.
2026-09-22T23:02:42Z INFO [472/500] 0e5f9dd0-1d19-441d-a696-fe4c20e7aabf: 17 internal nodes; 1.2 s; peak memory 371 MiB.
2026-09-22T23:02:44Z INFO [473/500] 0e6102de-23ed-4dda-9c70-12293dc38321: 30 internal nodes; 1.6 s; peak memory 371 MiB.
2026-09-22T23:03:24Z INFO [474/500] 0e61811a-1173-4aba-b4bb-15905c6d2b1d: 1869 internal nodes; 40.0 s; peak memory 371 MiB.
2026-09-22T23:03:32Z INFO [475/500] 0e62072f-00d0-467f-8ed8-db90fbd201a4: 92 internal nodes; 8.5 s; peak memory 371 MiB.
2026-09-22T23:03:36Z INFO [476/500] 0e62aa7b-e507-476d-a799-81727237e3f1: 50 internal nodes; 3.5 s; peak memory 371 MiB.
2026-09-22T23:03:37Z INFO [477/500] 0e642b5f-5b54-4763-892f-3e8162d7af90: 19 internal nodes; 1.4 s; peak memory 371 MiB.
2026-09-22T23:03:40Z INFO [478/500] 0e660b96-8120-4e51-bf0b-a71259ba9ac0: 32 internal nodes; 2.5 s; peak memory 371 MiB.
2026-09-22T23:03:41Z INFO [479/500] 0e661f57-ce00-47a4-a2c4-46ae5c7fd1c5: 13 internal nodes; 1.0 s; peak memory 371 MiB.
2026-09-22T23:03:43Z INFO [480/500] 0e66a355-aa23-40c9-9e5d-da1375def08f: 31 internal nodes; 1.7 s; peak memory 371 MiB.
2026-09-22T23:03:44Z INFO [481/500] 0e673445-c598-4286-b35b-3f9d4e0d2312: 27 internal nodes; 1.4 s; peak memory 371 MiB.
2026-09-22T23:03:45Z INFO [482/500] 0e67abfc-5cf7-4c28-acde-6d8ede0d1ab9: 17 internal nodes; 1.1 s; peak memory 371 MiB.
2026-09-22T23:03:48Z INFO [483/500] 0e694742-19d5-4fb6-b588-c2462ffde58d: 44 internal nodes; 2.8 s; peak memory 371 MiB.
2026-09-22T23:03:49Z INFO [484/500] 0e69b6b1-ef15-45ba-ab88-c0b28a7a0268: 27 internal nodes; 1.5 s; peak memory 371 MiB.
2026-09-22T23:03:59Z INFO [485/500] 0e69eba4-9cc8-40d0-a901-880e12619d28: 213 internal nodes; 9.7 s; peak memory 371 MiB.
2026-09-22T23:04:00Z INFO [486/500] 0e6a5440-6290-4fcd-b650-d541619cb3aa: 17 internal nodes; 1.3 s; peak memory 371 MiB.
2026-09-22T23:04:14Z INFO [487/500] 0e6a9bb9-2de7-41fa-b632-8964fe347c28: 1426 internal nodes; 14.1 s; peak memory 371 MiB.
2026-09-22T23:04:16Z INFO [488/500] 0e6b25c1-7209-4e64-8ec5-4c40e31751a1: 65 internal nodes; 1.9 s; peak memory 371 MiB.
2026-09-22T23:04:17Z INFO [489/500] 0e6b4e7a-269f-4b2f-a429-caa8ce24f642: 11 internal nodes; 0.9 s; peak memory 371 MiB.
2026-09-22T23:04:19Z INFO [490/500] 0e6bc7ab-a5b9-49ca-917c-ebebbec700d8: 27 internal nodes; 1.5 s; peak memory 371 MiB.
2026-09-22T23:04:20Z INFO [491/500] 0e6bcfa8-bb53-42d0-ac47-70a9059774ac: 17 internal nodes; 1.3 s; peak memory 371 MiB.
2026-09-22T23:04:21Z INFO [492/500] 0e6be0bb-910d-4a0d-8875-d21cada349f2: 17 internal nodes; 1.3 s; peak memory 371 MiB.
2026-09-22T23:04:22Z INFO [493/500] 0e6cc99c-64cf-4adf-b350-0e4d68513abf: 14 internal nodes; 1.2 s; peak memory 371 MiB.
2026-09-22T23:04:24Z INFO [494/500] 0e6db84c-47af-4602-8a2d-60e0d377de86: 19 internal nodes; 1.3 s; peak memory 371 MiB.
2026-09-22T23:04:25Z INFO [495/500] 0e6ec420-21fa-4bf1-8e85-5eed798657dc: 58 internal nodes; 1.5 s; peak memory 371 MiB.
2026-09-22T23:04:26Z INFO [496/500] 0e6f3bea-b3cc-44be-b44b-a2c263dc9b9f: 13 internal nodes; 1.3 s; peak memory 371 MiB.
2026-09-22T23:04:28Z INFO [497/500] 0e6fb932-61fe-456c-8830-dc8f16a65628: 17 internal nodes; 1.2 s; peak memory 371 MiB.
2026-09-22T23:04:29Z INFO [498/500] 0e707f95-9c60-4d90-b0b0-cf9b9a2a44ec: 27 internal nodes; 1.4 s; peak memory 371 MiB.
2026-09-22T23:04:41Z INFO [499/500] 0e70df5b-6621-449c-b39e-9404b445f207: 257 internal nodes; 12.0 s; peak memory 371 MiB.
2026-09-22T23:04:44Z INFO [500/500] 0e716a49-6c9d-43f2-805d-51c18b76d5dd: 40 internal nodes; 3.0 s; peak memory 371 MiB.
2026-09-22T23:04:44Z INFO [500/500] 0e716a49-6c9d-43f2-805d-51c18b76d5dd: checkpointed 52992 records.
2026-09-22T23:04:45Z INFO Wrote 52992 records to /tmp/derivatives/valid_nwb_file_to_out_degrees.jsonl (497 new, 3 failed) in 28.9 min (peak memory 371 MiB).
