2026-09-18T22:08:31Z INFO Logging to /tmp/logs/update_2026-09-18T22-08-31Z.log.
2026-09-18T22:08:31Z INFO Update valid-nwb-file-to-out-degrees (base directory /tmp).
2026-09-18T22:08:32Z INFO Processing 500 items (48508 already recorded).
2026-09-18T22:08:33Z WARNING 024ef50f-ac6f-49ea-806b-93ef4b5e8644: failed while reading the NWB file (KeyError: 'Unable to synchronously open object (component not found)')
2026-09-18T22:08:33Z WARNING [1/500] 024ef50f-ac6f-49ea-806b-93ef4b5e8644: leaving unrecorded for a later run to retry.
2026-09-18T22:08:35Z INFO [2/500] 051f3823-9a6d-489c-9d78-8d2da1ca608b: 91 internal nodes; 1.8 s; peak memory 110 MiB.
2026-09-18T22:08:36Z INFO [3/500] 05201abc-afb4-4987-bcf8-c0c03d1e79dd: 27 internal nodes; 1.3 s; peak memory 113 MiB.
2026-09-18T22:08:37Z INFO [4/500] 0520a84b-5634-42a0-b4cb-47bcf1aa2227: 26 internal nodes; 0.8 s; peak memory 113 MiB.
2026-09-18T22:08:38Z INFO [5/500] 0520c2b1-4445-41c6-81db-070b67762bb8: 13 internal nodes; 1.1 s; peak memory 113 MiB.
2026-09-18T22:08:39Z INFO [6/500] 052154f9-dedb-4f88-aa7d-6f3ecc66f44e: 13 internal nodes; 0.8 s; peak memory 113 MiB.
2026-09-18T22:08:40Z INFO [7/500] 0521bb2b-f854-4c9d-9999-6084f184976f: 29 internal nodes; 1.5 s; peak memory 114 MiB.
2026-09-18T22:08:42Z INFO [8/500] 0521fbc4-dd4e-41b7-bad3-dca6c7fcecdb: 62 internal nodes; 1.9 s; peak memory 114 MiB.
2026-09-18T22:08:43Z INFO [9/500] 052213ec-d13d-47b3-a3fa-e0a90c13168e: 26 internal nodes; 0.8 s; peak memory 114 MiB.
2026-09-18T22:08:46Z INFO [10/500] 0522b33d-7075-4f11-802e-77c2cbed9ce6: 44 internal nodes; 2.6 s; peak memory 115 MiB.
2026-09-18T22:08:48Z INFO [11/500] 052319e3-22bb-43f6-bdf6-000c5910d720: 28 internal nodes; 1.7 s; peak memory 115 MiB.
2026-09-18T22:08:49Z INFO [12/500] 05231b9d-5dfa-4d67-a552-1a89b8a18b56: 30 internal nodes; 1.3 s; peak memory 115 MiB.
2026-09-18T22:08:57Z INFO [13/500] 052340f7-5ebc-4172-96e6-8e803c90d685: 227 internal nodes; 8.5 s; peak memory 130 MiB.
2026-09-18T22:08:58Z INFO [14/500] 05239fa2-a564-4f92-a7df-ca5049c362b3: 13 internal nodes; 0.7 s; peak memory 130 MiB.
2026-09-18T22:08:59Z INFO [15/500] 0523d5d1-e906-4e86-aa27-d2637d04dde9: 19 internal nodes; 1.1 s; peak memory 130 MiB.
2026-09-18T22:09:00Z INFO [16/500] 05241971-5896-4444-b214-c0e55d2978a3: 115 internal nodes; 1.2 s; peak memory 130 MiB.
2026-09-18T22:09:04Z INFO [17/500] 05243ff4-f94d-483f-b722-cfcd11fe3df5: 39 internal nodes; 3.5 s; peak memory 130 MiB.
2026-09-18T22:09:05Z INFO [18/500] 05248a2d-f5bc-4f8a-bbfc-35770cec65fa: 27 internal nodes; 1.2 s; peak memory 130 MiB.
2026-09-18T22:09:06Z INFO [19/500] 0524d1fb-8dd1-441f-8de1-4b54ff225c6f: 11 internal nodes; 0.7 s; peak memory 130 MiB.
2026-09-18T22:09:07Z INFO [20/500] 052512fe-e31d-459c-ae39-73d2ff05f82d: 27 internal nodes; 1.3 s; peak memory 130 MiB.
2026-09-18T22:09:08Z INFO [21/500] 052546b7-3b2f-40ee-82f3-f4a3d36c268c: 56 internal nodes; 1.4 s; peak memory 130 MiB.
2026-09-18T22:09:10Z INFO [22/500] 0525811c-61ea-4c29-a3af-55323005658e: 29 internal nodes; 1.6 s; peak memory 130 MiB.
2026-09-18T22:09:11Z INFO [23/500] 0525dbb9-d22d-4e51-a108-34eed0f57f87: 13 internal nodes; 1.0 s; peak memory 130 MiB.
2026-09-18T22:09:12Z INFO [24/500] 052647fd-e28f-44d5-a7c1-8074f22757ab: 15 internal nodes; 0.9 s; peak memory 130 MiB.
2026-09-18T22:09:13Z INFO [25/500] 05264de3-8097-44dc-bd31-e104002edbda: 31 internal nodes; 1.4 s; peak memory 130 MiB.
2026-09-18T22:09:14Z INFO [26/500] 0526a3e7-40c2-41af-8bf5-76ef6ea64e83: 17 internal nodes; 1.0 s; peak memory 130 MiB.
2026-09-18T22:09:21Z INFO [27/500] 0526a42c-d2a3-49bf-98ed-f858a216e6f0: 157 internal nodes; 6.3 s; peak memory 130 MiB.
2026-09-18T22:09:22Z INFO [28/500] 0526c308-5dd4-44ee-bd02-ea610ed4965c: 27 internal nodes; 1.4 s; peak memory 130 MiB.
2026-09-18T22:09:23Z INFO [29/500] 05272907-eac1-4083-b709-f71fb2b4429d: 17 internal nodes; 1.0 s; peak memory 130 MiB.
2026-09-18T22:09:24Z INFO [30/500] 0527701a-2f59-40a3-908f-7e6cf134dcc9: 15 internal nodes; 0.9 s; peak memory 130 MiB.
2026-09-18T22:09:27Z INFO [31/500] 0528b3c0-1d48-4ce8-8955-89c9127906c4: 41 internal nodes; 2.6 s; peak memory 130 MiB.
2026-09-18T22:09:32Z INFO [32/500] 05294673-6cce-4a0f-ae49-94d839dd9be1: 73 internal nodes; 5.3 s; peak memory 130 MiB.
2026-09-18T22:09:33Z INFO [33/500] 0529820d-d9b4-406d-8272-cdbe86f20be8: 11 internal nodes; 0.9 s; peak memory 130 MiB.
2026-09-18T22:09:34Z INFO [34/500] 0529b167-b311-4838-9146-2affc1d70758: 27 internal nodes; 1.3 s; peak memory 130 MiB.
2026-09-18T22:09:36Z INFO [35/500] 052a2e40-d431-4c8f-9f17-34b2c3d2b495: 31 internal nodes; 1.7 s; peak memory 130 MiB.
2026-09-18T22:09:37Z INFO [36/500] 052a35af-2ecf-4cd8-a080-030515bec6c8: 53 internal nodes; 1.4 s; peak memory 130 MiB.
2026-09-18T22:09:50Z INFO [37/500] 052acef7-8603-4d12-a7e8-549c8edb94f8: 136 internal nodes; 12.9 s; peak memory 131 MiB.
2026-09-18T22:09:51Z INFO [38/500] 052ca61b-e2d2-4439-8cb3-5c726cfcc2e8: 22 internal nodes; 0.8 s; peak memory 131 MiB.
2026-09-18T22:09:52Z INFO [39/500] 052d7264-d393-4418-845e-0eb4b77c4357: 17 internal nodes; 0.9 s; peak memory 131 MiB.
2026-09-18T22:09:55Z INFO [40/500] 052d7c98-bc6b-442f-b6b4-0d581a717cbc: 56 internal nodes; 3.4 s; peak memory 131 MiB.
2026-09-18T22:09:56Z INFO [41/500] 052e0351-cf13-4156-b41f-8fd1206866a5: 17 internal nodes; 0.9 s; peak memory 131 MiB.
2026-09-18T22:09:57Z INFO [42/500] 052ead5a-ce14-41cc-9e89-30451ee32c87: 17 internal nodes; 1.1 s; peak memory 131 MiB.
2026-09-18T22:09:58Z INFO [43/500] 052f0be5-f546-49b7-af9e-80941a76e589: 11 internal nodes; 0.9 s; peak memory 131 MiB.
2026-09-18T22:09:59Z INFO [44/500] 052f14e3-dd9e-46ac-a852-0bcce7e0bb84: 27 internal nodes; 1.2 s; peak memory 131 MiB.
2026-09-18T22:10:00Z INFO [45/500] 052fbc3f-4ce6-4ec8-ace8-b490212687c3: 17 internal nodes; 0.9 s; peak memory 131 MiB.
2026-09-18T22:10:01Z INFO [46/500] 05301c4c-539b-421a-8be0-102e6fe39d6c: 17 internal nodes; 1.0 s; peak memory 131 MiB.
2026-09-18T22:10:03Z INFO [47/500] 05301e4d-6b77-43ac-a8ae-ecfca7a66bd5: 31 internal nodes; 1.5 s; peak memory 131 MiB.
2026-09-18T22:10:05Z INFO [48/500] 05308207-db13-4831-b969-31455895c2b5: 61 internal nodes; 2.1 s; peak memory 131 MiB.
2026-09-18T22:10:06Z INFO [49/500] 05318185-0f03-4931-9762-7c8c16b57d9d: 27 internal nodes; 1.3 s; peak memory 131 MiB.
2026-09-18T22:10:07Z INFO [50/500] 0531a2ba-291b-4607-92fc-23d17a8ea611: 90 internal nodes; 1.3 s; peak memory 131 MiB.
2026-09-18T22:10:07Z INFO [50/500] 0531a2ba-291b-4607-92fc-23d17a8ea611: checkpointed 48557 records.
2026-09-18T22:10:10Z INFO [51/500] 0531f2b6-d871-4cf5-bfa4-8cb4674835e2: 44 internal nodes; 2.7 s; peak memory 131 MiB.
2026-09-18T22:10:11Z INFO [52/500] 0531fdd0-9e41-4fa9-abfe-6498a6a804f1: 11 internal nodes; 0.7 s; peak memory 131 MiB.
2026-09-18T22:10:12Z INFO [53/500] 05328b9e-33fa-4484-bd72-10ea83b2bfcf: 27 internal nodes; 1.3 s; peak memory 131 MiB.
2026-09-18T22:10:13Z INFO [54/500] 0532c216-8987-49bf-af2b-6616ac7fd50d: 17 internal nodes; 1.0 s; peak memory 131 MiB.
2026-09-18T22:10:15Z INFO [55/500] 0532fa88-4a06-4d1f-82d9-cff8add983ee: 27 internal nodes; 1.4 s; peak memory 131 MiB.
2026-09-18T22:10:16Z INFO [56/500] 053312d4-a28b-4274-9601-f3fc6662ce44: 116 internal nodes; 1.1 s; peak memory 131 MiB.
2026-09-18T22:10:16Z INFO [57/500] 05331724-3958-4972-8787-f386d6aac2ca: 11 internal nodes; 0.7 s; peak memory 131 MiB.
2026-09-18T22:10:17Z INFO [58/500] 05335dcd-bcd5-4f7b-ad42-7bffc834d203: 18 internal nodes; 0.8 s; peak memory 131 MiB.
2026-09-18T22:10:18Z INFO [59/500] 0533b451-acae-4130-8015-21720ba92705: 17 internal nodes; 1.0 s; peak memory 131 MiB.
2026-09-18T22:10:20Z INFO [60/500] 0533de9a-b3ca-496b-ad6a-d02e1fb11887: 67 internal nodes; 1.6 s; peak memory 131 MiB.
2026-09-18T22:10:29Z INFO [61/500] 053447c0-8abf-43ef-ae7e-7f52021beead: 186 internal nodes; 9.3 s; peak memory 131 MiB.
2026-09-18T22:10:30Z INFO [62/500] 0534842f-40ac-49bd-9ca4-3134bab0c720: 60 internal nodes; 1.4 s; peak memory 131 MiB.
2026-09-18T22:10:32Z INFO [63/500] 0534931a-a056-4bea-b073-9d28a32ab220: 16 internal nodes; 1.1 s; peak memory 131 MiB.
2026-09-18T22:10:47Z INFO [64/500] 0534b717-ecca-42f9-9b78-4b921a630c07: 340 internal nodes; 15.4 s; peak memory 141 MiB.
2026-09-18T22:10:48Z INFO [65/500] 0534d647-b251-4c93-a4b0-7bdacd222888: 17 internal nodes; 1.0 s; peak memory 141 MiB.
2026-09-18T22:10:51Z INFO [66/500] 0534e10e-a5cb-4a85-88b0-f85277a19f7a: 46 internal nodes; 3.2 s; peak memory 141 MiB.
2026-09-18T22:10:58Z INFO [67/500] 0535ab9a-b55b-4c56-a725-6a598b27f9dc: 148 internal nodes; 6.3 s; peak memory 141 MiB.
2026-09-18T22:11:00Z INFO [68/500] 0536bb35-f4ca-4928-a726-995533256bed: 56 internal nodes; 2.4 s; peak memory 141 MiB.
2026-09-18T22:11:01Z INFO [69/500] 0536f78a-4c24-481f-b0de-a47ddc0e240f: 118 internal nodes; 1.4 s; peak memory 141 MiB.
2026-09-18T22:11:02Z INFO [70/500] 0536f82f-3a52-4840-a8d2-bd855ef45a68: 17 internal nodes; 1.0 s; peak memory 141 MiB.
2026-09-18T22:11:04Z INFO [71/500] 0537e742-a2f6-4fee-982d-075f193e8b26: 22 internal nodes; 1.2 s; peak memory 141 MiB.
2026-09-18T22:11:05Z INFO [72/500] 05385e38-01e3-49b1-b675-ff1cfd1dd57c: 90 internal nodes; 1.2 s; peak memory 141 MiB.
2026-09-18T22:11:06Z INFO [73/500] 05389890-108a-4f52-bb3d-10945a9c22ca: 17 internal nodes; 0.9 s; peak memory 141 MiB.
2026-09-18T22:11:16Z INFO [74/500] 0538d570-0c23-4981-b1b8-138227fb5ace: 283 internal nodes; 10.6 s; peak memory 147 MiB.
2026-09-18T22:11:18Z INFO [75/500] 053a5533-674f-4d37-b15b-f9ff34a57499: 31 internal nodes; 1.3 s; peak memory 147 MiB.
2026-09-18T22:11:19Z INFO [76/500] 053a66ea-cc4d-4713-8166-9f6f2b00d8c9: 55 internal nodes; 1.4 s; peak memory 147 MiB.
2026-09-18T22:11:27Z INFO [77/500] 053a6ce2-4775-4330-ab48-52367620034e: 212 internal nodes; 8.2 s; peak memory 147 MiB.
2026-09-18T22:11:28Z INFO [78/500] 053acf63-2894-4df8-9301-1a477dc0a043: 19 internal nodes; 1.1 s; peak memory 147 MiB.
2026-09-18T22:11:29Z INFO [79/500] 053af9c8-eb6f-4781-862b-0f2dc4d84706: 17 internal nodes; 1.0 s; peak memory 147 MiB.
2026-09-18T22:11:36Z INFO [80/500] 053c5f57-b6f5-4222-bccd-b3b6930d8ed0: 52 internal nodes; 6.4 s; peak memory 147 MiB.
2026-09-18T22:11:45Z INFO [81/500] 053c6b29-e8a9-4f8f-9e89-26ccedef9b80: 205 internal nodes; 8.9 s; peak memory 147 MiB.
2026-09-18T22:11:46Z INFO [82/500] 053c7815-9c7a-4a00-bee8-59e2e6b9c769: 27 internal nodes; 1.2 s; peak memory 147 MiB.
2026-09-18T22:11:47Z INFO [83/500] 053d9e74-834f-442d-af7f-86a92f4ca65f: 61 internal nodes; 1.4 s; peak memory 147 MiB.
2026-09-18T22:11:50Z INFO [84/500] 053dc7d7-c2ac-414b-955b-a79efee0cd85: 46 internal nodes; 3.1 s; peak memory 147 MiB.
2026-09-18T22:11:51Z INFO [85/500] 053e6ef2-3ebf-49e1-9da3-57ddb77d1990: 17 internal nodes; 1.0 s; peak memory 147 MiB.
2026-09-18T22:11:52Z INFO [86/500] 053e9ed8-46ca-41e4-9e7c-e5e9de09ebe8: 17 internal nodes; 0.8 s; peak memory 147 MiB.
2026-09-18T22:11:53Z INFO [87/500] 05400f8a-f2f2-4bda-95e5-16297d6de126: 27 internal nodes; 1.3 s; peak memory 147 MiB.
2026-09-18T22:11:55Z INFO [88/500] 05402c9f-9b58-45dc-b282-1ef28f4bd8e6: 31 internal nodes; 1.8 s; peak memory 147 MiB.
2026-09-18T22:11:56Z INFO [89/500] 0540d0a2-af25-4e17-9473-73124b45e55c: 18 internal nodes; 1.0 s; peak memory 147 MiB.
2026-09-18T22:11:57Z INFO [90/500] 05415d59-84fc-4182-9ea0-18feb7b787d7: 27 internal nodes; 1.3 s; peak memory 147 MiB.
2026-09-18T22:12:04Z INFO [91/500] 05415e0d-3f85-44d1-9bba-872eec02d63f: 154 internal nodes; 6.2 s; peak memory 147 MiB.
2026-09-18T22:12:10Z INFO [92/500] 05420548-7fb6-4c5f-92ac-c9abff1ca83d: 55 internal nodes; 6.3 s; peak memory 147 MiB.
2026-09-18T22:12:11Z INFO [93/500] 05421598-4e27-4717-aad1-49ba56fc2203: 26 internal nodes; 0.8 s; peak memory 147 MiB.
2026-09-18T22:12:12Z INFO [94/500] 054230ab-9160-4942-92f2-f80573d4cdfe: 27 internal nodes; 1.2 s; peak memory 147 MiB.
2026-09-18T22:12:13Z INFO [95/500] 05425364-7175-4a4f-b2d6-211aeb84856a: 17 internal nodes; 1.0 s; peak memory 147 MiB.
2026-09-18T22:12:14Z INFO [96/500] 054417af-0e57-41b0-92d4-3b8668768db0: 18 internal nodes; 0.9 s; peak memory 147 MiB.
2026-09-18T22:12:15Z INFO [97/500] 0544c5fb-e833-401a-8ef2-16d1fcb45cce: 29 internal nodes; 1.3 s; peak memory 147 MiB.
2026-09-18T22:12:27Z INFO [98/500] 0545f24a-8f1c-45ac-bee3-b69274ec3b20: 83 internal nodes; 12.3 s; peak memory 147 MiB.
2026-09-18T22:12:36Z INFO [99/500] 0545facd-6940-48d8-8e7c-7ac6ccfba2c9: 235 internal nodes; 8.5 s; peak memory 147 MiB.
2026-09-18T22:12:37Z INFO [100/500] 054734b4-61fd-4a5f-b87c-5763f75442bc: 17 internal nodes; 1.1 s; peak memory 147 MiB.
2026-09-18T22:12:37Z INFO [100/500] 054734b4-61fd-4a5f-b87c-5763f75442bc: checkpointed 48607 records.
2026-09-18T22:12:38Z INFO [101/500] 054846e7-f298-4c0d-9940-4292f25d045d: 30 internal nodes; 1.3 s; peak memory 147 MiB.
2026-09-18T22:12:40Z INFO [102/500] 05486d44-a3d7-4ae1-a3de-0d3b1383b95c: 27 internal nodes; 1.3 s; peak memory 147 MiB.
2026-09-18T22:12:41Z INFO [103/500] 0549f14c-5252-4c9f-ba51-f95bd719fd77: 18 internal nodes; 0.9 s; peak memory 147 MiB.
2026-09-18T22:12:42Z INFO [104/500] 054a1fa4-294e-4ad2-846e-c1b565146d8e: 19 internal nodes; 0.9 s; peak memory 147 MiB.
2026-09-18T22:12:42Z INFO [105/500] 054aadf7-5c0a-4bb4-872c-04fa146c88e2: 26 internal nodes; 0.8 s; peak memory 147 MiB.
2026-09-18T22:12:45Z INFO [106/500] 054b8570-9e11-4728-bb1f-556142d8a73c: 44 internal nodes; 2.8 s; peak memory 147 MiB.
2026-09-18T22:12:47Z INFO [107/500] 054bab49-330a-4605-9c5a-3984acfbbf05: 37 internal nodes; 2.0 s; peak memory 147 MiB.
2026-09-18T22:12:55Z INFO [108/500] 054c98c6-a4ad-4051-a558-ea4ef9c543c6: 214 internal nodes; 7.9 s; peak memory 147 MiB.
2026-09-18T22:12:56Z INFO [109/500] 054c9c41-f4c6-4e23-8203-42817016845e: 17 internal nodes; 1.0 s; peak memory 147 MiB.
2026-09-18T22:13:03Z INFO [110/500] 054cb21f-f9e2-4e56-a2d5-137493cdbf39: 160 internal nodes; 6.7 s; peak memory 147 MiB.
2026-09-18T22:13:04Z INFO [111/500] 054e0ed6-d959-44af-a2ba-f29377d6018a: 17 internal nodes; 1.0 s; peak memory 147 MiB.
2026-09-18T22:13:05Z INFO [112/500] 054e72dc-52e0-4554-95b3-8e05884f557b: 17 internal nodes; 1.0 s; peak memory 147 MiB.
2026-09-18T22:13:06Z INFO [113/500] 054f455c-ed91-47d5-b88c-814b41809ba8: 17 internal nodes; 1.0 s; peak memory 147 MiB.
2026-09-18T22:13:10Z INFO [114/500] 054f5566-37a0-4a2d-84d3-74b6a7e04603: 102 internal nodes; 4.0 s; peak memory 147 MiB.
2026-09-18T22:13:11Z INFO [115/500] 055010a4-892c-4e7f-a705-bbef378b2508: 17 internal nodes; 0.9 s; peak memory 147 MiB.
2026-09-18T22:13:13Z INFO [116/500] 05501e15-bfc6-4a4f-b291-cefda24f52e6: 29 internal nodes; 1.9 s; peak memory 147 MiB.
2026-09-18T22:13:18Z INFO [117/500] 0550927a-a423-4ffa-86f8-7fe737acd3ef: 134 internal nodes; 5.7 s; peak memory 147 MiB.
2026-09-18T22:13:19Z INFO [118/500] 0551ff6c-4f35-4893-a6d9-4aad9f4a8e44: 11 internal nodes; 0.7 s; peak memory 147 MiB.
2026-09-18T22:13:20Z INFO [119/500] 05527526-39ad-4591-a074-6b4a49bee1c3: 17 internal nodes; 1.1 s; peak memory 147 MiB.
2026-09-18T22:13:31Z INFO [120/500] 05549015-08b8-447d-b328-a8509d8aaa15: 70 internal nodes; 10.7 s; peak memory 147 MiB.
2026-09-18T22:13:32Z INFO [121/500] 055517ad-cee8-4c70-b256-3cbfa58f1833: 27 internal nodes; 1.2 s; peak memory 147 MiB.
2026-09-18T22:13:33Z INFO [122/500] 055561d0-2178-4976-ad61-5439d915cd42: 18 internal nodes; 0.9 s; peak memory 147 MiB.
2026-09-18T22:13:34Z INFO [123/500] 0555b960-ad44-4221-a70d-d5815edb7b29: 31 internal nodes; 1.4 s; peak memory 147 MiB.
2026-09-18T22:13:35Z INFO [124/500] 05569217-8dbe-4c77-bb46-d7193266a198: 17 internal nodes; 1.0 s; peak memory 147 MiB.
2026-09-18T22:13:36Z INFO [125/500] 0557035c-2ef1-4a1f-92bb-32535a25e041: 18 internal nodes; 0.8 s; peak memory 147 MiB.
2026-09-18T22:13:37Z INFO [126/500] 05579c36-0f7d-40f6-917c-eba444c7b22d: 18 internal nodes; 1.2 s; peak memory 147 MiB.
2026-09-18T22:13:39Z INFO [127/500] 0557a512-0e70-4a2d-9d54-9bc012533b82: 66 internal nodes; 1.6 s; peak memory 147 MiB.
2026-09-18T22:13:40Z INFO [128/500] 0557c384-5e5f-4a8c-810d-696a304c8ac5: 30 internal nodes; 1.1 s; peak memory 147 MiB.
2026-09-18T22:13:41Z INFO [129/500] 0558761e-232e-41ad-89c6-544dd65aeb45: 56 internal nodes; 1.3 s; peak memory 147 MiB.
2026-09-18T22:13:43Z INFO [130/500] 055914c0-3e1f-4713-88f9-86da4d166fc4: 27 internal nodes; 1.3 s; peak memory 147 MiB.
2026-09-18T22:13:48Z INFO [131/500] 055935fd-ff6b-43dd-8bb7-6cf0329d7097: 73 internal nodes; 5.5 s; peak memory 147 MiB.
2026-09-18T22:13:57Z INFO [132/500] 05597d7f-0d39-43d4-9fc7-ab1bdfc5bab0: 271 internal nodes; 8.3 s; peak memory 147 MiB.
2026-09-18T22:13:58Z INFO [133/500] 055a7acd-757a-4787-b48e-b9e597e90259: 52 internal nodes; 1.3 s; peak memory 147 MiB.
2026-09-18T22:14:00Z INFO [134/500] 055b9584-ba1d-4ba1-a5ff-4d3f32044e27: 31 internal nodes; 2.2 s; peak memory 147 MiB.
2026-09-18T22:14:02Z INFO [135/500] 055bf50c-9c4a-4852-8b3c-cf997c78b86d: 31 internal nodes; 1.5 s; peak memory 147 MiB.
2026-09-18T22:14:03Z INFO [136/500] 055cc73c-ed61-4982-b342-5c862e8102af: 27 internal nodes; 1.4 s; peak memory 147 MiB.
2026-09-18T22:14:04Z INFO [137/500] 055d1a52-5382-4dcb-aea5-2c4326f56dd1: 30 internal nodes; 1.4 s; peak memory 147 MiB.
2026-09-18T22:14:06Z INFO [138/500] 055d25ba-e711-4908-b440-2cfe0b213b4b: 31 internal nodes; 1.5 s; peak memory 147 MiB.
2026-09-18T22:14:07Z INFO [139/500] 055d4513-2689-40fa-ada9-c6af828c4e46: 17 internal nodes; 0.9 s; peak memory 147 MiB.
2026-09-18T22:14:08Z INFO [140/500] 055d45dd-05a2-4fe6-ae00-b8a677808326: 27 internal nodes; 1.2 s; peak memory 147 MiB.
2026-09-18T22:14:09Z INFO [141/500] 055dbc00-4816-4846-b6cf-809d861295de: 19 internal nodes; 1.1 s; peak memory 147 MiB.
2026-09-18T22:14:11Z INFO [142/500] 055eef36-42e3-45fa-8a84-a8cb54ad6820: 31 internal nodes; 1.7 s; peak memory 147 MiB.
2026-09-18T22:14:18Z INFO [143/500] 055f3d81-a5b3-4f81-b5eb-8ebc297a76d6: 65 internal nodes; 6.9 s; peak memory 147 MiB.
2026-09-18T22:14:21Z INFO [144/500] 0560c9cd-6f1e-4ffb-8edf-a49075542b21: 55 internal nodes; 3.0 s; peak memory 147 MiB.
2026-09-18T22:14:24Z INFO [145/500] 0560da8d-d103-4f9c-8dd4-393db2c06f76: 46 internal nodes; 3.4 s; peak memory 147 MiB.
2026-09-18T22:14:25Z INFO [146/500] 05614d0b-9e92-4cc8-b856-aea020cdccbd: 19 internal nodes; 1.0 s; peak memory 147 MiB.
2026-09-18T22:14:26Z INFO [147/500] 056211f7-b3fa-49a4-8b3b-814e88145c83: 17 internal nodes; 1.0 s; peak memory 147 MiB.
2026-09-18T22:14:27Z INFO [148/500] 056294e5-2a3c-4bc7-bed4-a96e8a5bc241: 90 internal nodes; 1.1 s; peak memory 147 MiB.
2026-09-18T22:14:28Z INFO [149/500] 05644636-ec78-4cec-acc2-e4d4992e9ea9: 17 internal nodes; 0.9 s; peak memory 147 MiB.
2026-09-18T22:14:29Z INFO [150/500] 05647297-e521-4f31-839c-7096e4249871: 17 internal nodes; 1.0 s; peak memory 147 MiB.
2026-09-18T22:14:29Z INFO [150/500] 05647297-e521-4f31-839c-7096e4249871: checkpointed 48657 records.
2026-09-18T22:14:32Z INFO [151/500] 0564dc83-63e2-4e56-a08b-607e898f4567: 44 internal nodes; 2.1 s; peak memory 147 MiB.
2026-09-18T22:14:32Z INFO [152/500] 05655bdf-f9ed-49db-bddb-4e131d6bcb26: 17 internal nodes; 1.0 s; peak memory 147 MiB.
2026-09-18T22:14:34Z INFO [153/500] 0567bd82-ef9b-43d3-b6c5-15ba2992353f: 22 internal nodes; 1.1 s; peak memory 147 MiB.
2026-09-18T22:14:35Z INFO [154/500] 0567d98b-bcb7-4215-8d89-50d1e53db260: 31 internal nodes; 1.5 s; peak memory 147 MiB.
2026-09-18T22:14:38Z INFO [155/500] 056809b9-ec62-4d18-b015-2b8e035992f7: 47 internal nodes; 3.0 s; peak memory 147 MiB.
2026-09-18T22:14:40Z INFO [156/500] 056825ee-cbba-4b55-8cfa-dfeabdf06bdd: 31 internal nodes; 1.5 s; peak memory 147 MiB.
2026-09-18T22:14:49Z INFO [157/500] 05686132-b34a-4ad4-8356-465144aeec75: 57 internal nodes; 9.3 s; peak memory 147 MiB.
2026-09-18T22:14:50Z INFO [158/500] 0568e325-6bdb-4e76-8212-ab8df16ce98b: 61 internal nodes; 1.4 s; peak memory 147 MiB.
2026-09-18T22:14:52Z INFO [159/500] 056a05c1-4448-4f87-ab11-566663867bb0: 29 internal nodes; 1.5 s; peak memory 147 MiB.
2026-09-18T22:14:53Z INFO [160/500] 056a5946-98d9-4d9a-9df6-916fc54e586b: 19 internal nodes; 0.9 s; peak memory 147 MiB.
2026-09-18T22:14:59Z INFO [161/500] 056b5aa8-9d25-495c-a3cf-6785e2da0a90: 47 internal nodes; 6.1 s; peak memory 147 MiB.
2026-09-18T22:15:01Z INFO [162/500] 056c15ef-0adc-4997-9e27-e7d2ae549a2d: 30 internal nodes; 2.2 s; peak memory 147 MiB.
2026-09-18T22:15:02Z INFO [163/500] 056c3dbf-f28e-4cc0-a30c-5db22fc0009c: 17 internal nodes; 0.9 s; peak memory 147 MiB.
2026-09-18T22:15:03Z INFO [164/500] 056c4ccb-9287-42dc-9483-08b60e3855e2: 17 internal nodes; 1.0 s; peak memory 147 MiB.
2026-09-18T22:15:05Z INFO [165/500] 056df2cd-36f0-437d-a202-f30b722bcbc1: 25 internal nodes; 2.4 s; peak memory 147 MiB.
2026-09-18T22:15:14Z INFO [166/500] 056e644b-e09d-4912-9025-870ee76736a2: 88 internal nodes; 8.8 s; peak memory 147 MiB.
2026-09-18T22:15:15Z INFO [167/500] 056e6671-0c0f-47c6-bb74-09fc36a099fb: 62 internal nodes; 1.4 s; peak memory 147 MiB.
2026-09-18T22:15:17Z INFO [168/500] 056ff396-0538-4821-a673-c83a64aa2ecd: 27 internal nodes; 1.3 s; peak memory 147 MiB.
2026-09-18T22:15:18Z INFO [169/500] 05701e76-557a-4a67-81ea-0a2ba9cdec2e: 17 internal nodes; 0.9 s; peak memory 147 MiB.
2026-09-18T22:15:20Z INFO [170/500] 057024b8-6614-4635-bce5-537f9716ac4a: 44 internal nodes; 2.5 s; peak memory 147 MiB.
2026-09-18T22:15:27Z INFO [171/500] 0570bdd6-07a4-4d01-b691-fb7d45da1efc: 303 internal nodes; 7.3 s; peak memory 147 MiB.
2026-09-18T22:15:28Z INFO [172/500] 0571649d-77e2-4f92-9ec2-73c8a2e087c9: 27 internal nodes; 0.9 s; peak memory 147 MiB.
2026-09-18T22:15:30Z INFO [173/500] 05732c5b-cb1a-4ef9-a1b5-2677ca1838fd: 27 internal nodes; 1.3 s; peak memory 147 MiB.
2026-09-18T22:15:31Z INFO [174/500] 0573a8c0-20ae-4620-99e9-bc533b672b4c: 115 internal nodes; 1.1 s; peak memory 147 MiB.
2026-09-18T22:15:34Z INFO [175/500] 05759489-63c1-4481-aada-c3feb9d7d731: 44 internal nodes; 2.8 s; peak memory 147 MiB.
2026-09-18T22:15:35Z INFO [176/500] 0575d059-131c-4636-bf02-b65eb0c9a4eb: 27 internal nodes; 1.1 s; peak memory 147 MiB.
2026-09-18T22:16:08Z INFO [177/500] 0576f568-49d3-45af-8863-336319c84cc0: 3651 internal nodes; 33.4 s; peak memory 227 MiB.
2026-09-18T22:16:09Z INFO [178/500] 05792a93-0c37-49c8-9e66-adf589a6a0e6: 17 internal nodes; 1.0 s; peak memory 227 MiB.
2026-09-18T22:16:10Z INFO [179/500] 057a97e0-16bf-4036-9111-e290ea134069: 17 internal nodes; 1.0 s; peak memory 227 MiB.
2026-09-18T22:16:12Z INFO [180/500] 057b2450-4b5e-400e-99f1-2c322b629893: 58 internal nodes; 1.6 s; peak memory 227 MiB.
2026-09-18T22:16:13Z INFO [181/500] 057b8aa0-5679-4e52-9170-7042245daa30: 11 internal nodes; 0.9 s; peak memory 227 MiB.
2026-09-18T22:16:21Z INFO [182/500] 057bde3c-fef0-49bc-ac5c-92683e1a2d11: 44 internal nodes; 8.7 s; peak memory 230 MiB.
2026-09-18T22:16:23Z INFO [183/500] 057bdf78-6f7b-4f14-a200-3cacdacb5b09: 31 internal nodes; 1.5 s; peak memory 230 MiB.
2026-09-18T22:16:28Z INFO [184/500] 057c7728-919e-47d9-acb6-cfbd2ff638bb: 143 internal nodes; 5.3 s; peak memory 230 MiB.
2026-09-18T22:16:35Z INFO [185/500] 057cb869-8390-4324-be23-f065ca410fe1: 177 internal nodes; 7.2 s; peak memory 230 MiB.
2026-09-18T22:16:38Z INFO [186/500] 057cfffb-2188-4823-bbee-0492ceb3dd59: 44 internal nodes; 2.8 s; peak memory 230 MiB.
2026-09-18T22:16:39Z INFO [187/500] 057d7abe-0353-4768-b600-3a6c8698a666: 17 internal nodes; 1.1 s; peak memory 230 MiB.
2026-09-18T22:16:42Z INFO [188/500] 057e213b-f570-4f3b-83ca-f946d750ae97: 44 internal nodes; 2.8 s; peak memory 230 MiB.
2026-09-18T22:16:43Z INFO [189/500] 057e59e9-0043-4b98-8c16-8ebdbdb05a1d: 27 internal nodes; 1.3 s; peak memory 230 MiB.
2026-09-18T22:16:45Z INFO [190/500] 057e7e7a-f9e7-4010-9bc7-0fec7bb97688: 27 internal nodes; 1.4 s; peak memory 230 MiB.
2026-09-18T22:16:47Z INFO [191/500] 057ecbef-e732-4e94-8d99-40ebb74d346e: 32 internal nodes; 2.4 s; peak memory 230 MiB.
2026-09-18T22:16:48Z INFO [192/500] 057f56a7-90a1-4178-a0de-3d147388637c: 27 internal nodes; 0.8 s; peak memory 230 MiB.
2026-09-18T22:16:51Z INFO [193/500] 0580fb41-c8c6-4452-bb0f-3702435134c0: 55 internal nodes; 2.9 s; peak memory 230 MiB.
2026-09-18T22:16:52Z INFO [194/500] 05818344-8212-44d1-8b1d-62456155c14f: 58 internal nodes; 1.1 s; peak memory 230 MiB.
2026-09-18T22:16:54Z INFO [195/500] 0581873f-fca0-4e71-b392-c146f60794fc: 29 internal nodes; 1.6 s; peak memory 230 MiB.
2026-09-18T22:16:55Z INFO [196/500] 05819595-8374-4286-b122-90e2791ebfe1: 31 internal nodes; 1.5 s; peak memory 230 MiB.
2026-09-18T22:16:57Z INFO [197/500] 0581e7ed-0e81-4bf3-bcdc-39e1751f39f5: 31 internal nodes; 1.7 s; peak memory 230 MiB.
2026-09-18T22:16:59Z INFO [198/500] 05826abe-5555-47b9-b2dc-b5627918814c: 44 internal nodes; 2.1 s; peak memory 230 MiB.
2026-09-18T22:17:00Z INFO [199/500] 0582a0a5-e610-4eea-90bb-1ef70d141ba0: 115 internal nodes; 1.2 s; peak memory 230 MiB.
2026-09-18T22:17:06Z INFO [200/500] 0582cbf7-b1b4-479b-92d8-734da6422199: 39 internal nodes; 5.9 s; peak memory 230 MiB.
2026-09-18T22:17:06Z INFO [200/500] 0582cbf7-b1b4-479b-92d8-734da6422199: checkpointed 48707 records.
2026-09-18T22:17:12Z INFO [201/500] 0582e94c-190b-46c7-bae4-28c684f396ff: 65 internal nodes; 6.3 s; peak memory 230 MiB.
2026-09-18T22:17:13Z INFO [202/500] 058301bd-c1a2-480f-84a2-68a79d11c888: 17 internal nodes; 1.1 s; peak memory 230 MiB.
2026-09-18T22:17:16Z INFO [203/500] 058401ea-8ccc-42d3-abb9-04cd2491b983: 42 internal nodes; 2.5 s; peak memory 230 MiB.
2026-09-18T22:17:19Z INFO [204/500] 0585cd4c-127a-4441-957a-a3c969fe839d: 46 internal nodes; 3.3 s; peak memory 230 MiB.
2026-09-18T22:17:21Z INFO [205/500] 0585f615-24c5-46f3-96dd-fc05efe1d017: 29 internal nodes; 1.6 s; peak memory 230 MiB.
2026-09-18T22:17:23Z INFO [206/500] 058687dc-03d8-4421-b47a-69ddcacdfb82: 52 internal nodes; 2.1 s; peak memory 230 MiB.
2026-09-18T22:17:25Z INFO [207/500] 0586d394-b7f0-47d8-89fb-a70d0e010d82: 59 internal nodes; 1.9 s; peak memory 230 MiB.
2026-09-18T22:17:26Z INFO [208/500] 0586e108-ae17-4137-8a8e-c9a82fb29735: 17 internal nodes; 0.8 s; peak memory 230 MiB.
2026-09-18T22:17:27Z INFO [209/500] 05879be5-9b2b-4e0b-87e7-2f4b9a3a8e14: 15 internal nodes; 0.9 s; peak memory 230 MiB.
2026-09-18T22:17:28Z INFO [210/500] 058a23fb-fc17-49fa-82cf-ca3975f38960: 13 internal nodes; 1.1 s; peak memory 230 MiB.
2026-09-18T22:17:29Z INFO [211/500] 058a85fa-46ad-4c5c-9ac5-8fd48fc40cf9: 17 internal nodes; 1.1 s; peak memory 230 MiB.
2026-09-18T22:17:30Z INFO [212/500] 058b52e5-37f6-48a0-9225-37322a6e770d: 24 internal nodes; 1.6 s; peak memory 230 MiB.
2026-09-18T22:17:32Z INFO [213/500] 058b6ddb-08a5-45c6-8334-d49446e7eb03: 66 internal nodes; 1.7 s; peak memory 230 MiB.
2026-09-18T22:17:37Z INFO [214/500] 058c0235-e6c0-4d77-8f97-5e0d22ff508f: 73 internal nodes; 5.4 s; peak memory 230 MiB.
2026-09-18T22:17:44Z INFO [215/500] 058c5e60-fc23-4caf-9c7d-59a189d6dab5: 61 internal nodes; 6.2 s; peak memory 230 MiB.
2026-09-18T22:17:44Z INFO [216/500] 058c8640-026b-4d51-9391-25efac3c7c97: 26 internal nodes; 0.9 s; peak memory 230 MiB.
2026-09-18T22:17:47Z INFO [217/500] 058cd34e-2fb5-42cb-b70b-59fa4a8ae5b7: 44 internal nodes; 2.1 s; peak memory 230 MiB.
2026-09-18T22:17:48Z INFO [218/500] 058d855c-8d5f-45f6-830b-480d451d5b83: 17 internal nodes; 1.0 s; peak memory 230 MiB.
2026-09-18T22:17:49Z INFO [219/500] 058f0b11-b9be-4f63-bebe-3870c515b388: 58 internal nodes; 1.6 s; peak memory 230 MiB.
2026-09-18T22:17:55Z INFO [220/500] 058f5c26-c13c-4f40-8a5a-e01227def5d0: 73 internal nodes; 6.0 s; peak memory 230 MiB.
2026-09-18T22:18:06Z INFO [221/500] 058fefa7-b128-4045-87d7-40b429b60aca: 248 internal nodes; 10.5 s; peak memory 230 MiB.
2026-09-18T22:18:07Z INFO [222/500] 05905626-ffdc-4356-bc6d-1b3743831f26: 31 internal nodes; 1.4 s; peak memory 230 MiB.
2026-09-18T22:18:09Z INFO [223/500] 059089ef-799d-4198-a6b6-7f2cc22a04b9: 53 internal nodes; 2.3 s; peak memory 230 MiB.
2026-09-18T22:18:12Z INFO [224/500] 0590a34a-5a3c-42c3-be96-5071220c0b31: 44 internal nodes; 2.4 s; peak memory 230 MiB.
2026-09-18T22:18:13Z INFO [225/500] 059202c7-04af-4fea-88b7-2c2253d22e1b: 17 internal nodes; 0.9 s; peak memory 230 MiB.
2026-09-18T22:18:14Z INFO [226/500] 0592d28c-9eba-4113-8b6c-9a936557c21a: 17 internal nodes; 0.9 s; peak memory 230 MiB.
2026-09-18T22:18:15Z INFO [227/500] 0592ecef-0a70-48fa-b6a5-b6f3408585a4: 17 internal nodes; 1.0 s; peak memory 230 MiB.
2026-09-18T22:18:17Z INFO [228/500] 0592f8d0-6fc0-4504-a97d-a4dbc5c35a79: 40 internal nodes; 2.8 s; peak memory 230 MiB.
2026-09-18T22:18:18Z INFO [229/500] 05935ceb-44b7-4cad-b5dd-a53265b9e5e2: 17 internal nodes; 1.0 s; peak memory 230 MiB.
2026-09-18T22:18:28Z INFO [230/500] 0593b853-d93c-467d-8ad3-586ba6838f93: 197 internal nodes; 9.3 s; peak memory 230 MiB.
2026-09-18T22:18:29Z INFO [231/500] 0593c7ec-419d-42f0-97a2-f7ae26bd0e9b: 55 internal nodes; 1.6 s; peak memory 230 MiB.
2026-09-18T22:18:31Z INFO [232/500] 05942bb0-486d-45bd-816f-2330ebe172b6: 31 internal nodes; 1.5 s; peak memory 230 MiB.
2026-09-18T22:18:32Z INFO [233/500] 05949dbb-a3a7-407f-97b7-16904ed9acf0: 17 internal nodes; 1.0 s; peak memory 230 MiB.
2026-09-18T22:18:33Z INFO [234/500] 05951d4d-8ab8-4368-bb4d-b529942fca6f: 17 internal nodes; 1.0 s; peak memory 230 MiB.
2026-09-18T22:18:34Z INFO [235/500] 0595737a-c45e-4e6f-ad93-b63e93df6551: 22 internal nodes; 1.2 s; peak memory 230 MiB.
2026-09-18T22:18:35Z INFO [236/500] 05960e92-e35d-47f8-a9d4-b278ecc14a42: 17 internal nodes; 1.0 s; peak memory 230 MiB.
2026-09-18T22:18:36Z INFO [237/500] 05963fc2-b683-4891-9323-529ece8e0087: 27 internal nodes; 1.2 s; peak memory 230 MiB.
2026-09-18T22:18:39Z INFO [238/500] 05967496-30d0-4968-bc09-fb9e69884b4a: 44 internal nodes; 2.6 s; peak memory 230 MiB.
2026-09-18T22:18:42Z INFO [239/500] 0596879b-8669-4735-80d8-a7dd67b7d7bd: 45 internal nodes; 2.8 s; peak memory 230 MiB.
2026-09-18T22:18:42Z INFO [240/500] 05968f6e-1635-4d81-9544-e53a1bd77f25: 11 internal nodes; 0.8 s; peak memory 230 MiB.
2026-09-18T22:18:57Z INFO [241/500] 0596ed64-f930-44b4-b7ba-2a6204683f9c: 572 internal nodes; 14.6 s; peak memory 232 MiB.
2026-09-18T22:18:58Z INFO [242/500] 059722f8-2154-4ce9-a7ef-f3d463cda8b5: 29 internal nodes; 1.4 s; peak memory 232 MiB.
2026-09-18T22:19:13Z INFO [243/500] 05973403-95ec-412e-b34e-aae27d3e5ff5: 375 internal nodes; 14.4 s; peak memory 234 MiB.
2026-09-18T22:19:14Z INFO [244/500] 05977b12-9625-482c-957d-cb83dadfaf08: 54 internal nodes; 1.5 s; peak memory 234 MiB.
2026-09-18T22:19:16Z INFO [245/500] 0597848c-4be9-4eba-b5f0-f39d92cdf7c2: 90 internal nodes; 1.4 s; peak memory 234 MiB.
2026-09-18T22:19:17Z INFO [246/500] 059960f0-691e-4a65-a5eb-7439867bbc38: 58 internal nodes; 1.7 s; peak memory 234 MiB.
2026-09-18T22:19:19Z INFO [247/500] 059985e5-b4f5-458f-a3b2-b750bdd8c13b: 29 internal nodes; 1.2 s; peak memory 234 MiB.
2026-09-18T22:19:20Z INFO [248/500] 059992cb-4592-49a4-a3c9-9984fc06ab35: 14 internal nodes; 1.0 s; peak memory 234 MiB.
2026-09-18T22:19:21Z INFO [249/500] 059a21bb-49ce-4b68-bd86-126dea368e6b: 17 internal nodes; 1.0 s; peak memory 234 MiB.
2026-09-18T22:19:22Z INFO [250/500] 059a809a-b5ed-4493-b061-d7c93c42f356: 27 internal nodes; 1.5 s; peak memory 234 MiB.
2026-09-18T22:19:22Z INFO [250/500] 059a809a-b5ed-4493-b061-d7c93c42f356: checkpointed 48757 records.
2026-09-18T22:19:24Z INFO [251/500] 059b5dab-1309-4e3a-9f2b-33b86b3eae20: 27 internal nodes; 1.5 s; peak memory 234 MiB.
2026-09-18T22:19:27Z INFO [252/500] 059b853c-9cb8-4a5d-a0ee-c79c1043c635: 44 internal nodes; 2.7 s; peak memory 234 MiB.
2026-09-18T22:19:28Z INFO [253/500] 059d47a4-6dd0-4e3c-8eb5-58e19f4761f5: 90 internal nodes; 1.3 s; peak memory 234 MiB.
2026-09-18T22:19:29Z INFO [254/500] 059d76c4-8f4d-4383-a97e-e0f344cd4b7f: 30 internal nodes; 1.3 s; peak memory 234 MiB.
2026-09-18T22:19:30Z INFO [255/500] 059d9455-cba1-47c6-bb8f-e5b4df0961d1: 17 internal nodes; 0.9 s; peak memory 234 MiB.
2026-09-18T22:19:31Z INFO [256/500] 059e90ad-6155-473e-be77-d8a316b09d67: 27 internal nodes; 1.4 s; peak memory 234 MiB.
2026-09-18T22:19:32Z INFO [257/500] 059f09fb-b87f-4b83-96ee-e68e6c40f340: 17 internal nodes; 1.0 s; peak memory 234 MiB.
2026-09-18T22:19:33Z INFO [258/500] 059f268d-12f2-46c1-a00c-e891977cd4a4: 17 internal nodes; 0.9 s; peak memory 234 MiB.
2026-09-18T22:19:34Z INFO [259/500] 059f3791-9241-4963-84f2-c1cae189b86d: 13 internal nodes; 0.9 s; peak memory 234 MiB.
2026-09-18T22:19:35Z INFO [260/500] 059fac40-4a2a-491c-8002-5d082264de28: 27 internal nodes; 1.2 s; peak memory 234 MiB.
2026-09-18T22:19:36Z INFO [261/500] 059fda3a-50b5-4dde-8fca-ea928ac012e3: 17 internal nodes; 0.9 s; peak memory 234 MiB.
2026-09-18T22:19:38Z INFO [262/500] 05a0a69e-70a8-4de7-85a4-6304ccdf3563: 27 internal nodes; 1.2 s; peak memory 234 MiB.
2026-09-18T22:19:44Z INFO [263/500] 05a0b7b9-c1bd-458d-9798-93fa8a8aa595: 177 internal nodes; 5.9 s; peak memory 234 MiB.
2026-09-18T22:19:44Z INFO [264/500] 05a0ee39-4b38-4bcf-8310-86a5982c86de: 17 internal nodes; 0.9 s; peak memory 234 MiB.
2026-09-18T22:19:45Z INFO [265/500] 05a25ab5-f0cf-49bc-a846-4aff5bdd2673: 17 internal nodes; 1.0 s; peak memory 234 MiB.
2026-09-18T22:19:46Z INFO [266/500] 05a29a0d-0cf8-47ba-9a18-654c36ba787b: 17 internal nodes; 1.0 s; peak memory 234 MiB.
2026-09-18T22:19:48Z INFO [267/500] 05a2cdcc-8424-4ae0-a387-15403aa0fd54: 27 internal nodes; 1.2 s; peak memory 234 MiB.
2026-09-18T22:19:49Z INFO [268/500] 05a40dda-6a2d-4bab-8d30-501d837b3923: 17 internal nodes; 1.0 s; peak memory 234 MiB.
2026-09-18T22:19:50Z INFO [269/500] 05a438dc-ce99-4cb4-aa78-f42618447f53: 27 internal nodes; 1.2 s; peak memory 234 MiB.
2026-09-18T22:19:51Z INFO [270/500] 05a54513-16dd-48cf-bd41-d58447365491: 27 internal nodes; 1.2 s; peak memory 234 MiB.
2026-09-18T22:20:02Z INFO [271/500] 05a5dd5c-333c-45e0-ae9e-cffb94fcc7eb: 241 internal nodes; 10.7 s; peak memory 234 MiB.
2026-09-18T22:20:03Z INFO [272/500] 05a6cb19-8fea-45e2-b8b0-f4b6ff0a4538: 27 internal nodes; 1.2 s; peak memory 234 MiB.
2026-09-18T22:20:04Z INFO [273/500] 05a6d22f-97f9-4867-93b5-c2bec299e417: 13 internal nodes; 1.0 s; peak memory 234 MiB.
2026-09-18T22:20:05Z INFO [274/500] 05a73ef3-9ba7-43d5-8af0-5f74ed1fc541: 17 internal nodes; 1.0 s; peak memory 234 MiB.
2026-09-18T22:20:06Z INFO [275/500] 05a74b0f-7bf7-43f1-99ce-b87ab353336e: 17 internal nodes; 1.0 s; peak memory 234 MiB.
2026-09-18T22:20:07Z INFO [276/500] 05a76531-49a9-402e-80ee-76284cdd97fc: 27 internal nodes; 1.3 s; peak memory 234 MiB.
2026-09-18T22:20:18Z INFO [277/500] 05a82e66-4b4d-4421-a904-748c6ca11a38: 210 internal nodes; 10.3 s; peak memory 234 MiB.
2026-09-18T22:20:19Z INFO [278/500] 05a8d371-6821-4629-9672-81c73f40d132: 31 internal nodes; 1.3 s; peak memory 234 MiB.
2026-09-18T22:20:20Z INFO [279/500] 05a960bd-657d-46fe-a422-b829a8a624c1: 22 internal nodes; 1.2 s; peak memory 234 MiB.
2026-09-18T22:20:23Z INFO [280/500] 05a98e73-5522-4e91-8324-f03120d7eda8: 40 internal nodes; 2.5 s; peak memory 234 MiB.
2026-09-18T22:20:24Z INFO [281/500] 05a9ae09-4c3d-44b3-8be5-f27068fdd854: 17 internal nodes; 1.0 s; peak memory 234 MiB.
2026-09-18T22:20:35Z INFO [282/500] 05a9ec4a-b95b-4648-98ca-c68cba66031f: 335 internal nodes; 11.3 s; peak memory 235 MiB.
2026-09-18T22:20:37Z INFO [283/500] 05aa22f2-d2f5-4c69-a68d-f0ee5dc8f6fd: 61 internal nodes; 1.5 s; peak memory 235 MiB.
2026-09-18T22:20:38Z INFO [284/500] 05aa287a-7a12-405a-a5cf-271bd4acc386: 27 internal nodes; 1.4 s; peak memory 235 MiB.
2026-09-18T22:20:39Z INFO [285/500] 05aa6494-0342-4297-8671-9631520f5b6c: 116 internal nodes; 1.1 s; peak memory 235 MiB.
2026-09-18T22:20:40Z INFO [286/500] 05aac6cf-1b02-414b-897c-f14b4bff29cb: 58 internal nodes; 1.3 s; peak memory 235 MiB.
2026-09-18T22:20:41Z INFO [287/500] 05ab4781-bffd-49a7-baef-ac4e789257a5: 17 internal nodes; 1.1 s; peak memory 235 MiB.
2026-09-18T22:20:52Z INFO [288/500] 05ac8459-fdb4-4951-b750-46113406401d: 171 internal nodes; 10.6 s; peak memory 235 MiB.
2026-09-18T22:20:53Z INFO [289/500] 05acb171-09e1-4394-bfaf-b0828f996a15: 11 internal nodes; 0.8 s; peak memory 235 MiB.
2026-09-18T22:20:54Z INFO [290/500] 05acb20e-69f8-46eb-ad2d-1d14ac886bba: 17 internal nodes; 1.0 s; peak memory 235 MiB.
2026-09-18T22:20:55Z INFO [291/500] 05add16e-2387-4e76-9d3a-3667cf9281a6: 13 internal nodes; 0.8 s; peak memory 235 MiB.
2026-09-18T22:20:57Z INFO [292/500] 05ae2b09-d67d-4f7a-90b6-076d954877ab: 47 internal nodes; 2.7 s; peak memory 235 MiB.
2026-09-18T22:20:59Z INFO [293/500] 05ae9d47-2315-4b36-8f4e-657024d0aaf6: 60 internal nodes; 1.8 s; peak memory 235 MiB.
2026-09-18T22:21:00Z INFO [294/500] 05aebd7d-2516-481e-aad7-dab5325ed098: 17 internal nodes; 1.0 s; peak memory 235 MiB.
2026-09-18T22:21:01Z INFO [295/500] 05afda79-c8b9-409c-a4d1-94c14dee0183: 27 internal nodes; 1.3 s; peak memory 235 MiB.
2026-09-18T22:21:02Z INFO [296/500] 05b07817-d5d3-4a2d-babc-1e84fceef41d: 17 internal nodes; 1.1 s; peak memory 235 MiB.
2026-09-18T22:21:03Z INFO [297/500] 05b20ba1-7181-4980-a8f8-8036b95b91a9: 27 internal nodes; 1.1 s; peak memory 235 MiB.
2026-09-18T22:21:05Z INFO [298/500] 05b2471f-c03c-4ed4-b67c-588e2f08fc82: 58 internal nodes; 1.4 s; peak memory 235 MiB.
2026-09-18T22:21:06Z INFO [299/500] 05b309aa-c900-4a93-a923-1f688da6124d: 24 internal nodes; 1.3 s; peak memory 235 MiB.
2026-09-18T22:21:07Z INFO [300/500] 05b320ee-4547-4a84-b60d-73e5da0c1142: 11 internal nodes; 0.7 s; peak memory 235 MiB.
2026-09-18T22:21:07Z INFO [300/500] 05b320ee-4547-4a84-b60d-73e5da0c1142: checkpointed 48807 records.
2026-09-18T22:21:08Z INFO [301/500] 05b3c55d-2c1e-4f0e-9b36-eea4c5826366: 17 internal nodes; 1.0 s; peak memory 235 MiB.
2026-09-18T22:21:15Z INFO [302/500] 05b496f6-87ac-4c5e-a77b-a3f504b522da: 177 internal nodes; 6.6 s; peak memory 235 MiB.
2026-09-18T22:22:13Z INFO [303/500] 05b4ee62-d548-434b-a92c-d234a646dd2b: 937 internal nodes; 58.4 s; peak memory 298 MiB.
2026-09-18T22:22:14Z INFO [304/500] 05b55d06-6b9c-4e31-9efc-cf0886c6422c: 27 internal nodes; 1.2 s; peak memory 298 MiB.
2026-09-18T22:22:16Z INFO [305/500] 05b677f8-9df6-40f7-88a1-b9c53126bf3a: 31 internal nodes; 1.7 s; peak memory 298 MiB.
2026-09-18T22:22:17Z INFO [306/500] 05b756ec-d669-4e3b-b044-ddd520fbd54d: 60 internal nodes; 1.4 s; peak memory 298 MiB.
2026-09-18T22:22:18Z INFO [307/500] 05b8073e-c8bb-41db-8911-2ce119aca306: 17 internal nodes; 1.0 s; peak memory 298 MiB.
2026-09-18T22:22:20Z INFO [308/500] 05b85da6-d091-4f85-b39f-f0686a57753d: 27 internal nodes; 1.3 s; peak memory 298 MiB.
2026-09-18T22:22:21Z INFO [309/500] 05b86317-c0c4-4a34-bddb-0c7d1bc25eba: 67 internal nodes; 1.7 s; peak memory 298 MiB.
2026-09-18T22:22:22Z INFO [310/500] 05b88182-7c82-4dd3-b9c1-dca9bd2cb9a5: 17 internal nodes; 1.0 s; peak memory 298 MiB.
2026-09-18T22:22:27Z INFO [311/500] 05b92744-7cd5-44d3-a2f1-935457251bf3: 70 internal nodes; 5.0 s; peak memory 298 MiB.
2026-09-18T22:22:35Z INFO [312/500] 05b9b3f3-b227-439c-b2a9-22695e610bf0: 141 internal nodes; 7.9 s; peak memory 298 MiB.
2026-09-18T22:22:42Z INFO [313/500] 05ba097b-f014-4e05-8b8a-362101cf2a56: 70 internal nodes; 7.0 s; peak memory 298 MiB.
2026-09-18T22:22:44Z INFO [314/500] 05bb0b64-af6d-4adf-8027-354a4a31e459: 58 internal nodes; 1.8 s; peak memory 298 MiB.
2026-09-18T22:22:45Z INFO [315/500] 05bb30d1-2ae2-4075-a701-06e81eb86bd2: 18 internal nodes; 1.0 s; peak memory 298 MiB.
2026-09-18T22:22:49Z INFO [316/500] 05bb8557-415c-4fd0-8c7f-e3fc7bb752bc: 83 internal nodes; 4.2 s; peak memory 298 MiB.
2026-09-18T22:22:51Z INFO [317/500] 05bba29b-3e89-40db-be27-9d275cac385e: 31 internal nodes; 1.7 s; peak memory 298 MiB.
2026-09-18T22:22:56Z INFO [318/500] 05bcc39e-61b6-4dc8-8f37-5b7201de8fb3: 122 internal nodes; 4.9 s; peak memory 298 MiB.
2026-09-18T22:22:57Z INFO [319/500] 05bceb2c-dc2f-4b3a-b625-8806fc26f274: 30 internal nodes; 1.2 s; peak memory 298 MiB.
2026-09-18T22:23:01Z INFO [320/500] 05bdb147-d79b-4de4-a99b-0bda64dbcd26: 61 internal nodes; 4.4 s; peak memory 298 MiB.
2026-09-18T22:23:03Z INFO [321/500] 05bea909-fab0-453d-b0bc-f401e4cf6a63: 22 internal nodes; 1.2 s; peak memory 298 MiB.
2026-09-18T22:23:04Z INFO [322/500] 05c0d03c-2eaf-4df2-9673-2ece9f433147: 31 internal nodes; 1.5 s; peak memory 298 MiB.
2026-09-18T22:23:05Z INFO [323/500] 05c0f741-419c-4706-b8d7-f43dd97ec10b: 27 internal nodes; 1.2 s; peak memory 298 MiB.
2026-09-18T22:23:06Z INFO [324/500] 05c1438f-4d55-47c5-8852-db4707df3225: 27 internal nodes; 1.2 s; peak memory 298 MiB.
2026-09-18T22:23:08Z INFO [325/500] 05c1d11d-a2c5-44ec-8df0-ae66612122a6: 27 internal nodes; 1.2 s; peak memory 298 MiB.
2026-09-18T22:23:09Z INFO [326/500] 05c22c2c-dcb0-46a2-9fbc-c04488a7f54f: 116 internal nodes; 1.5 s; peak memory 298 MiB.
2026-09-18T22:23:10Z INFO [327/500] 05c2623b-5023-427a-8671-5435fe4e426d: 27 internal nodes; 1.2 s; peak memory 298 MiB.
2026-09-18T22:23:12Z INFO [328/500] 05c2abd2-7b77-45e5-a87f-18613f174e9c: 27 internal nodes; 1.3 s; peak memory 298 MiB.
2026-09-18T22:23:13Z INFO [329/500] 05c2f42b-b527-4e28-a812-364e2605c37f: 63 internal nodes; 1.5 s; peak memory 298 MiB.
2026-09-18T22:23:16Z INFO [330/500] 05c378d6-b02a-4f48-a18e-634bbc0c97dc: 43 internal nodes; 3.2 s; peak memory 298 MiB.
2026-09-18T22:23:18Z INFO [331/500] 05c4e2d1-a042-40af-bf8e-e28071718747: 37 internal nodes; 1.4 s; peak memory 298 MiB.
2026-09-18T22:23:19Z INFO [332/500] 05c5b4dc-9d43-4a4f-87eb-b42fa5bf1f11: 27 internal nodes; 1.2 s; peak memory 298 MiB.
2026-09-18T22:23:20Z INFO [333/500] 05c5f3df-9747-4400-8257-060d8ff702ac: 17 internal nodes; 1.0 s; peak memory 298 MiB.
2026-09-18T22:23:22Z INFO [334/500] 05c613b2-93d6-4ee6-8a6c-3aa5ef2ec969: 31 internal nodes; 1.6 s; peak memory 298 MiB.
2026-09-18T22:23:23Z INFO [335/500] 05c61974-434e-4184-ab40-c33d50052088: 39 internal nodes; 1.6 s; peak memory 298 MiB.
2026-09-18T22:23:24Z INFO [336/500] 05c6dc24-51c8-4a41-8526-450b8f1e9c7e: 27 internal nodes; 0.9 s; peak memory 298 MiB.
2026-09-18T22:23:27Z INFO [337/500] 05c734ed-4b11-4d90-9181-80d2ed559f89: 46 internal nodes; 3.2 s; peak memory 298 MiB.
2026-09-18T22:23:28Z INFO [338/500] 05c7fc4c-b739-4c1f-bfbc-0892e81a29a2: 11 internal nodes; 0.7 s; peak memory 298 MiB.
2026-09-18T22:23:29Z INFO [339/500] 05c82f28-bc3f-48a5-8e66-3978df5491f8: 30 internal nodes; 1.3 s; peak memory 298 MiB.
2026-09-18T22:23:31Z INFO [340/500] 05c88a3a-6fd9-43f3-85d2-cd299005759b: 27 internal nodes; 1.1 s; peak memory 298 MiB.
2026-09-18T22:23:32Z INFO [341/500] 05c8b753-73d7-42c5-acee-1a7eacb26a37: 29 internal nodes; 1.6 s; peak memory 298 MiB.
2026-09-18T22:23:34Z INFO [342/500] 05c9690a-7a8b-43f9-bd70-2f1eb672c60a: 23 internal nodes; 1.3 s; peak memory 298 MiB.
2026-09-18T22:23:34Z INFO [343/500] 05c9d2fe-3da7-45b4-9872-a88f0a580531: 24 internal nodes; 0.9 s; peak memory 298 MiB.
2026-09-18T22:24:07Z INFO [344/500] 05cb109a-cc08-414a-8319-184f1c57b426: 375 internal nodes; 32.2 s; peak memory 298 MiB.
2026-09-18T22:24:08Z INFO [345/500] 05cb6639-ed9a-4b1f-aec3-4ba92522bacf: 29 internal nodes; 1.5 s; peak memory 298 MiB.
2026-09-18T22:24:10Z INFO [346/500] 05cb6c48-85f4-4bf7-9fc0-4b5163dfc5ce: 27 internal nodes; 1.4 s; peak memory 298 MiB.
2026-09-18T22:24:11Z INFO [347/500] 05cbc955-d0e4-4fe2-bcdc-1123ae448302: 115 internal nodes; 1.2 s; peak memory 298 MiB.
2026-09-18T22:24:12Z INFO [348/500] 05cbe4c5-10d0-4be0-8165-54023e3365b3: 17 internal nodes; 1.0 s; peak memory 298 MiB.
2026-09-18T22:24:12Z INFO [349/500] 05cc0bdc-7588-4d72-9555-017e3936a13b: 26 internal nodes; 0.7 s; peak memory 298 MiB.
2026-09-18T22:24:14Z INFO [350/500] 05cc0d18-7f31-4034-afbd-8b10e2613101: 30 internal nodes; 1.5 s; peak memory 298 MiB.
2026-09-18T22:24:14Z INFO [350/500] 05cc0d18-7f31-4034-afbd-8b10e2613101: checkpointed 48857 records.
2026-09-18T22:24:16Z INFO [351/500] 05cdddb0-99c2-4dcb-b547-72675f21b048: 42 internal nodes; 2.3 s; peak memory 298 MiB.
2026-09-18T22:24:18Z INFO [352/500] 05ce6a89-c16c-4cf3-8fda-e5e8eaacb29c: 19 internal nodes; 1.2 s; peak memory 298 MiB.
2026-09-18T22:24:18Z INFO [353/500] 05ce86e7-9dcd-473d-bdc3-b0932b164814: 11 internal nodes; 0.9 s; peak memory 298 MiB.
2026-09-18T22:24:19Z INFO [354/500] 05cf5867-d1ca-411c-9c31-5c9e64d4b91c: 17 internal nodes; 1.0 s; peak memory 298 MiB.
2026-09-18T22:24:20Z INFO [355/500] 05cf647f-c9a4-447c-82ed-0995dd65f7b0: 17 internal nodes; 1.0 s; peak memory 298 MiB.
2026-09-18T22:24:30Z INFO [356/500] 05d016bf-0013-46c8-85a9-43317a3d97f9: 190 internal nodes; 9.4 s; peak memory 298 MiB.
2026-09-18T22:24:32Z INFO [357/500] 05d0f20f-7dfa-4a75-a6f0-5991b08ff145: 72 internal nodes; 1.9 s; peak memory 298 MiB.
2026-09-18T22:24:33Z INFO [358/500] 05d1999b-579c-41d4-90f3-4e4578c78092: 27 internal nodes; 1.4 s; peak memory 298 MiB.
2026-09-18T22:24:35Z INFO [359/500] 05d31498-49de-41f9-8fa0-5c9bf05e182c: 25 internal nodes; 1.7 s; peak memory 298 MiB.
2026-09-18T22:24:37Z INFO [360/500] 05d338a6-ce76-4b41-8581-d917e769a17b: 44 internal nodes; 2.7 s; peak memory 298 MiB.
2026-09-18T22:24:47Z INFO [361/500] 05d3af79-2153-4a61-b03e-4a446f7ffe4d: 117 internal nodes; 9.5 s; peak memory 298 MiB.
2026-09-18T22:24:55Z INFO [362/500] 05d3f15d-7f28-425b-8669-38104b4ab19e: 173 internal nodes; 7.8 s; peak memory 298 MiB.
2026-09-18T22:25:03Z INFO [363/500] 05d3f2a3-de1e-41ae-a7bf-617d3b0f443b: 185 internal nodes; 8.0 s; peak memory 298 MiB.
2026-09-18T22:25:04Z INFO [364/500] 05d5c1b2-40ee-4be7-b8d0-b3399be7c7b1: 61 internal nodes; 1.4 s; peak memory 298 MiB.
2026-09-18T22:25:05Z INFO [365/500] 05d6b2b6-db8c-488d-83db-6b2913d834b9: 27 internal nodes; 1.2 s; peak memory 298 MiB.
2026-09-18T22:25:07Z INFO [366/500] 05d70301-25b7-4952-806d-dd0c18af0d9b: 31 internal nodes; 1.7 s; peak memory 298 MiB.
2026-09-18T22:25:08Z INFO [367/500] 05d76bda-b96d-40e5-9b79-43ee6d21c5d4: 17 internal nodes; 0.8 s; peak memory 298 MiB.
2026-09-18T22:25:12Z INFO [368/500] 05d777b8-e8d2-4d3d-9485-2a4c92430c35: 545 internal nodes; 3.6 s; peak memory 298 MiB.
2026-09-18T22:25:13Z INFO [369/500] 05d7e774-4f38-4a01-a3d6-44ee446384a1: 11 internal nodes; 1.0 s; peak memory 298 MiB.
2026-09-18T22:25:14Z INFO [370/500] 05d8c301-ff5d-40bb-b8f9-86873da610a1: 17 internal nodes; 1.0 s; peak memory 298 MiB.
2026-09-18T22:25:15Z INFO [371/500] 05d8ccf3-876a-4bef-8538-84d573c95cdb: 61 internal nodes; 1.4 s; peak memory 298 MiB.
2026-09-18T22:25:17Z INFO [372/500] 05d923fd-21c9-4a66-b16e-2733edb17f3c: 44 internal nodes; 2.6 s; peak memory 298 MiB.
2026-09-18T22:25:18Z INFO [373/500] 05da4c35-5ff5-4d85-8da2-2ccef029ce2b: 17 internal nodes; 0.9 s; peak memory 298 MiB.
2026-09-18T22:25:20Z INFO [374/500] 05db92d2-7293-4c3e-aec1-5f3dfd6350c4: 27 internal nodes; 1.3 s; peak memory 298 MiB.
2026-09-18T22:25:22Z INFO [375/500] 05dbc7f8-556a-4ef1-bf43-b5f879147d54: 60 internal nodes; 2.6 s; peak memory 298 MiB.
2026-09-18T22:25:24Z INFO [376/500] 05dc77fd-77c4-4b6e-b421-6379db323205: 17 internal nodes; 1.4 s; peak memory 298 MiB.
2026-09-18T22:25:25Z INFO [377/500] 05dc8659-2f41-44a7-a071-552ba7695630: 17 internal nodes; 1.0 s; peak memory 298 MiB.
2026-09-18T22:25:26Z INFO [378/500] 05dc8ba0-cb03-472c-a3b8-235538b6d9d0: 27 internal nodes; 1.2 s; peak memory 298 MiB.
2026-09-18T22:25:27Z INFO [379/500] 05dd56f3-3d6d-4079-aa71-b7b3c757c763: 11 internal nodes; 0.9 s; peak memory 298 MiB.
2026-09-18T22:25:29Z INFO [380/500] 05dedba2-a197-47e6-9eab-a1c7aece477a: 44 internal nodes; 2.2 s; peak memory 298 MiB.
2026-09-18T22:25:31Z INFO [381/500] 05df9cf5-b792-47f7-9ecb-587cd66e3c39: 63 internal nodes; 2.3 s; peak memory 298 MiB.
2026-09-18T22:25:32Z INFO [382/500] 05e1a42b-1cbc-4c38-a5fb-2abd6415ba2d: 16 internal nodes; 1.0 s; peak memory 298 MiB.
2026-09-18T22:25:40Z INFO [383/500] 05e233f6-aa50-41ac-a914-78b1f8085252: 263 internal nodes; 8.0 s; peak memory 298 MiB.
2026-09-18T22:25:41Z INFO [384/500] 05e35301-1526-4b02-8dd3-0f7c0ad3c84d: 17 internal nodes; 1.0 s; peak memory 298 MiB.
2026-09-18T22:25:42Z INFO [385/500] 05e35e26-21d1-4944-80eb-f7baebc8c814: 27 internal nodes; 1.2 s; peak memory 298 MiB.
2026-09-18T22:25:44Z INFO [386/500] 05e3811a-81c4-413b-b57d-aa3742862023: 27 internal nodes; 1.3 s; peak memory 298 MiB.
2026-09-18T22:25:47Z INFO [387/500] 05e4dbca-fae4-48dc-84df-e8a4730a1f9f: 46 internal nodes; 3.2 s; peak memory 298 MiB.
2026-09-18T22:25:49Z INFO [388/500] 05e5c201-ceb8-4d5e-a219-fbbd42541b81: 31 internal nodes; 1.7 s; peak memory 298 MiB.
2026-09-18T22:25:50Z INFO [389/500] 05e68a0f-027e-4327-a2cc-f4aa621db137: 17 internal nodes; 1.1 s; peak memory 298 MiB.
2026-09-18T22:25:50Z INFO [390/500] 05e72725-88b9-433c-a51e-1cddc4873824: 25 internal nodes; 0.8 s; peak memory 298 MiB.
2026-09-18T22:25:51Z INFO [391/500] 05e7f721-5ad1-403f-8b54-8014ca5e75c6: 23 internal nodes; 1.0 s; peak memory 298 MiB.
2026-09-18T22:25:52Z INFO [392/500] 05e8ef25-1200-4501-a0bb-b64fdf1c7933: 13 internal nodes; 0.9 s; peak memory 298 MiB.
2026-09-18T22:26:01Z INFO [393/500] 05e8f7a2-d382-4a5d-822a-611b2d0270d2: 115 internal nodes; 9.0 s; peak memory 298 MiB.
2026-09-18T22:26:02Z INFO [394/500] 05e94777-75dc-43c7-91cd-7e7b2603c805: 17 internal nodes; 1.0 s; peak memory 298 MiB.
2026-09-18T22:26:03Z INFO [395/500] 05e9ebc4-4666-45ec-b4d6-869ff5271643: 17 internal nodes; 1.0 s; peak memory 298 MiB.
2026-09-18T22:26:05Z INFO [396/500] 05ea494b-de0b-4fe0-bd4d-7055fc85780d: 27 internal nodes; 1.2 s; peak memory 298 MiB.
2026-09-18T22:26:06Z INFO [397/500] 05ea8d33-b53d-407f-9736-7fec9f206781: 62 internal nodes; 1.4 s; peak memory 298 MiB.
2026-09-18T22:26:07Z INFO [398/500] 05eaafae-e852-4c05-a11d-e0b6f21218a2: 27 internal nodes; 1.2 s; peak memory 298 MiB.
2026-09-18T22:26:08Z INFO [399/500] 05eab37c-b2ce-41ea-bcbf-10ffab5f70dd: 17 internal nodes; 1.0 s; peak memory 298 MiB.
2026-09-18T22:26:11Z INFO [400/500] 05eb09a5-725f-4bee-8d66-6553939d4502: 55 internal nodes; 2.9 s; peak memory 298 MiB.
2026-09-18T22:26:11Z INFO [400/500] 05eb09a5-725f-4bee-8d66-6553939d4502: checkpointed 48907 records.
2026-09-18T22:26:12Z INFO [401/500] 05eb4bee-9edb-4fce-bc03-11d1bb799695: 17 internal nodes; 1.0 s; peak memory 298 MiB.
2026-09-18T22:26:18Z INFO [402/500] 05ec479e-e0a6-4ae8-94a0-f49b848d9667: 73 internal nodes; 5.3 s; peak memory 298 MiB.
2026-09-18T22:26:19Z INFO [403/500] 05ec9737-0ecf-40b9-a76f-ad86c7280010: 29 internal nodes; 1.5 s; peak memory 298 MiB.
2026-09-18T22:26:21Z INFO [404/500] 05ec9ebf-23ef-4025-bba4-ee3db17ed1d8: 28 internal nodes; 1.7 s; peak memory 298 MiB.
2026-09-18T22:26:23Z INFO [405/500] 05ed4305-f4a3-469f-ab3a-316d5d173f43: 65 internal nodes; 2.2 s; peak memory 298 MiB.
2026-09-18T22:26:24Z INFO [406/500] 05ed9ba8-f436-41c0-b287-c38a7d730330: 31 internal nodes; 1.4 s; peak memory 298 MiB.
2026-09-18T22:26:25Z INFO [407/500] 05ee9814-3628-4b26-b93b-e46db92e012d: 17 internal nodes; 1.0 s; peak memory 298 MiB.
2026-09-18T22:26:27Z INFO [408/500] 05ef2e52-45ad-4ff1-a637-08d45e546ba5: 29 internal nodes; 2.0 s; peak memory 298 MiB.
2026-09-18T22:26:28Z INFO [409/500] 05effca2-9191-4cd8-aa41-2fd89127c62f: 23 internal nodes; 1.0 s; peak memory 298 MiB.
2026-09-18T22:26:29Z INFO [410/500] 05f0d47a-e01c-4225-a5a6-648d3e8b6b43: 17 internal nodes; 1.0 s; peak memory 298 MiB.
2026-09-18T22:26:31Z INFO [411/500] 05f0f63d-9ee0-4131-ab57-ca6c27b4e797: 18 internal nodes; 1.1 s; peak memory 298 MiB.
2026-09-18T22:26:32Z INFO [412/500] 05f0fd6a-446c-4045-870f-03d7acd79172: 27 internal nodes; 1.4 s; peak memory 298 MiB.
2026-09-18T22:26:33Z INFO [413/500] 05f143dc-06b7-48c3-b55d-fb93e7e9438e: 11 internal nodes; 0.7 s; peak memory 298 MiB.
2026-09-18T22:26:34Z INFO [414/500] 05f1c78b-2ee2-41c0-9fcc-312556fabe30: 18 internal nodes; 0.9 s; peak memory 298 MiB.
2026-09-18T22:26:35Z INFO [415/500] 05f20ce4-8891-454e-9f69-d7e00ca50ff6: 17 internal nodes; 1.0 s; peak memory 298 MiB.
2026-09-18T22:26:36Z INFO [416/500] 05f239ba-07d8-4975-b9f3-8df2c7cca894: 27 internal nodes; 1.2 s; peak memory 298 MiB.
2026-09-18T22:26:37Z INFO [417/500] 05f2b26a-f8ab-45ee-a44d-c20ad46b3747: 12 internal nodes; 1.2 s; peak memory 298 MiB.
2026-09-18T22:26:39Z INFO [418/500] 05f3136f-0ee1-4f47-a9e3-d4c942cc9c81: 25 internal nodes; 1.8 s; peak memory 298 MiB.
2026-09-18T22:26:40Z INFO [419/500] 05f3a955-29c3-4026-bb0a-7ba696875cb4: 29 internal nodes; 1.5 s; peak memory 298 MiB.
2026-09-18T22:26:41Z INFO [420/500] 05f3b55d-c1f6-43e4-a704-27b9d4c7a9ef: 17 internal nodes; 1.0 s; peak memory 298 MiB.
2026-09-18T22:26:43Z INFO [421/500] 05f3cfa8-9f08-4927-ad5f-342da130320b: 62 internal nodes; 1.3 s; peak memory 298 MiB.
2026-09-18T22:26:45Z INFO [422/500] 05f4a5d3-d52d-4891-8166-71c6477d0b27: 44 internal nodes; 2.4 s; peak memory 298 MiB.
2026-09-18T22:26:46Z INFO [423/500] 05f50eca-b79b-4327-b313-16929383fbbb: 11 internal nodes; 0.7 s; peak memory 298 MiB.
2026-09-18T22:26:47Z INFO [424/500] 05f608eb-3bbb-4808-9c5e-085603fe3285: 17 internal nodes; 1.0 s; peak memory 298 MiB.
2026-09-18T22:26:48Z INFO [425/500] 05f8d751-d5e5-4766-a43f-d85cce320bab: 22 internal nodes; 1.2 s; peak memory 298 MiB.
2026-09-18T22:27:00Z INFO [426/500] 05f9bf7c-f0f9-4654-92e2-aa3ef0611936: 83 internal nodes; 12.6 s; peak memory 298 MiB.
2026-09-18T22:27:01Z INFO [427/500] 05f9ecce-4852-4f2e-a6c4-7e2ee9f2f426: 27 internal nodes; 0.8 s; peak memory 298 MiB.
2026-09-18T22:27:03Z INFO [428/500] 05fa4c8c-4f10-47dc-af9a-23d96cfa4741: 115 internal nodes; 1.3 s; peak memory 298 MiB.
2026-09-18T22:27:04Z INFO [429/500] 05fb064d-b4b4-426c-bc4f-ec3560c9124a: 66 internal nodes; 1.7 s; peak memory 298 MiB.
2026-09-18T22:27:05Z INFO [430/500] 05fb7d83-a0f8-40ea-8b5c-6a5680aeae21: 17 internal nodes; 1.0 s; peak memory 298 MiB.
2026-09-18T22:27:06Z INFO [431/500] 05fd313e-f053-4289-9493-11d7a7cc6cf5: 11 internal nodes; 0.8 s; peak memory 298 MiB.
2026-09-18T22:27:07Z INFO [432/500] 05fde508-f243-4bdf-ac40-1001129044dc: 26 internal nodes; 0.7 s; peak memory 298 MiB.
2026-09-18T22:27:15Z INFO [433/500] 05fdf2f4-7820-4025-8c0c-93ab90303e0c: 205 internal nodes; 8.3 s; peak memory 298 MiB.
2026-09-18T22:27:17Z INFO [434/500] 06000f7c-33e3-4339-8610-9c6ab261ca3f: 34 internal nodes; 2.2 s; peak memory 298 MiB.
2026-09-18T22:27:19Z INFO [435/500] 06002d0f-dd05-4b29-9b8d-03b65b5e9c31: 31 internal nodes; 1.5 s; peak memory 298 MiB.
2026-09-18T22:27:20Z INFO [436/500] 06004c45-6b03-43af-b6ef-af8314ef56bc: 27 internal nodes; 1.3 s; peak memory 298 MiB.
2026-09-18T22:27:23Z INFO [437/500] 0600a8fe-cabe-4429-81ef-d33aa8707ed1: 46 internal nodes; 3.1 s; peak memory 298 MiB.
2026-09-18T22:27:29Z INFO [438/500] 06013454-b90b-4a71-b185-5ab28afece33: 73 internal nodes; 5.4 s; peak memory 298 MiB.
2026-09-18T22:27:43Z INFO [439/500] 0601a1a2-16b9-413a-a3e0-7f34facf4e12: 22 internal nodes; 14.4 s; peak memory 298 MiB.
2026-09-18T22:27:44Z INFO [440/500] 06023a1d-8594-4f24-be76-8f9157f09159: 17 internal nodes; 1.0 s; peak memory 298 MiB.
2026-09-18T22:27:46Z INFO [441/500] 0603694d-9de8-4248-9c0e-06908a1e3446: 65 internal nodes; 2.0 s; peak memory 298 MiB.
2026-09-18T22:27:47Z INFO [442/500] 0604c650-37ef-46bd-986a-7cf186058d83: 19 internal nodes; 0.9 s; peak memory 298 MiB.
2026-09-18T22:27:48Z INFO [443/500] 0605eeb5-4e07-4ed8-ab36-8eb8f8e999be: 27 internal nodes; 1.3 s; peak memory 298 MiB.
2026-09-18T22:27:50Z INFO [444/500] 06062c46-17fd-4c33-81c0-0ef3a459febe: 72 internal nodes; 2.1 s; peak memory 298 MiB.
2026-09-18T22:27:51Z INFO [445/500] 06064851-8416-4bbc-b65b-a7078508a73e: 19 internal nodes; 1.1 s; peak memory 298 MiB.
2026-09-18T22:27:53Z INFO [446/500] 060658f4-8259-4a11-9956-ec09f4de36e4: 27 internal nodes; 1.2 s; peak memory 298 MiB.
2026-09-18T22:27:53Z INFO [447/500] 0606e019-7e03-4f94-a11a-b15fd320fba6: 11 internal nodes; 0.8 s; peak memory 298 MiB.
2026-09-18T22:27:54Z INFO [448/500] 0606f291-decb-4351-931a-c71a6785d113: 17 internal nodes; 0.9 s; peak memory 298 MiB.
2026-09-18T22:27:56Z INFO [449/500] 060722aa-386f-4db5-9a95-b62e23b5bdf0: 27 internal nodes; 1.3 s; peak memory 298 MiB.
2026-09-18T22:27:57Z INFO [450/500] 0607d26e-2069-46c0-805a-bfa0b71134dc: 29 internal nodes; 1.8 s; peak memory 298 MiB.
2026-09-18T22:27:58Z INFO [450/500] 0607d26e-2069-46c0-805a-bfa0b71134dc: checkpointed 48957 records.
2026-09-18T22:27:59Z INFO [451/500] 0607e82d-48d3-4138-b9fc-ac79d8dc5e19: 17 internal nodes; 1.1 s; peak memory 298 MiB.
2026-09-18T22:28:00Z INFO [452/500] 0607f6d7-7fa5-4a78-9f7a-a8b63ef53177: 17 internal nodes; 0.9 s; peak memory 298 MiB.
2026-09-18T22:28:01Z INFO [453/500] 06087bce-7543-4069-875f-5b229e9c343b: 27 internal nodes; 1.2 s; peak memory 298 MiB.
2026-09-18T22:28:02Z INFO [454/500] 0608dfb9-b444-4910-b079-84052f997a93: 19 internal nodes; 0.9 s; peak memory 298 MiB.
2026-09-18T22:28:03Z INFO [455/500] 060948fb-920a-49ac-b017-976e9809c9b9: 39 internal nodes; 1.7 s; peak memory 298 MiB.
2026-09-18T22:28:05Z INFO [456/500] 0609aa9d-a105-4a41-b53f-7433b21ce793: 31 internal nodes; 1.5 s; peak memory 298 MiB.
2026-09-18T22:28:06Z INFO [457/500] 060a053c-822f-4891-ac62-cf01ca51c1c9: 63 internal nodes; 1.2 s; peak memory 298 MiB.
2026-09-18T22:28:17Z INFO [458/500] 060a9924-1bcd-435f-b90d-5c6bef6eb85e: 134 internal nodes; 11.2 s; peak memory 298 MiB.
2026-09-18T22:28:19Z INFO [459/500] 060af9e3-f332-4215-90b5-07cd409db49f: 32 internal nodes; 1.5 s; peak memory 298 MiB.
2026-09-18T22:28:21Z INFO [460/500] 060bd594-f528-4ef3-8a8d-1a18ab32c9a2: 40 internal nodes; 2.4 s; peak memory 298 MiB.
2026-09-18T22:28:22Z INFO [461/500] 060c0c74-e02e-415e-8e8c-95658a13ffe4: 13 internal nodes; 1.1 s; peak memory 298 MiB.
2026-09-18T22:28:33Z INFO [462/500] 060c6f92-060e-43b4-81d9-c38c96080307: 237 internal nodes; 11.0 s; peak memory 298 MiB.
2026-09-18T22:28:35Z INFO [463/500] 060c95b4-d1ee-4edb-b7f2-4a1ace14fb72: 29 internal nodes; 1.6 s; peak memory 298 MiB.
2026-09-18T22:28:36Z INFO [464/500] 060cbde0-0ddb-44d5-9cc5-bcd3ca924b20: 61 internal nodes; 1.4 s; peak memory 298 MiB.
2026-09-18T22:28:37Z INFO [465/500] 060d12b4-1114-458e-a239-f93f8a522caf: 17 internal nodes; 1.0 s; peak memory 298 MiB.
2026-09-18T22:28:39Z INFO [466/500] 060d1f95-54a5-4080-89c1-46126b1b5938: 42 internal nodes; 2.1 s; peak memory 298 MiB.
2026-09-18T22:28:41Z INFO [467/500] 060d3788-9647-4797-8d47-a08a9b6e8f30: 26 internal nodes; 1.0 s; peak memory 298 MiB.
2026-09-18T22:28:41Z INFO [468/500] 060d90d5-a21c-4998-8b33-33ababb81fdc: 13 internal nodes; 0.9 s; peak memory 298 MiB.
2026-09-18T22:28:43Z INFO [469/500] 060d93b3-37db-4eee-b3b3-5b292ed1345d: 23 internal nodes; 1.4 s; peak memory 298 MiB.
2026-09-18T22:28:44Z INFO [470/500] 060e08d4-f986-4e23-a2fd-e1b417a588ef: 39 internal nodes; 1.7 s; peak memory 298 MiB.
2026-09-18T22:28:45Z INFO [471/500] 06104797-27b3-4c1e-8dce-37f2005cc888: 16 internal nodes; 0.9 s; peak memory 298 MiB.
2026-09-18T22:28:47Z INFO [472/500] 0610f5a3-1874-4f74-b745-bfa768c6255f: 63 internal nodes; 1.7 s; peak memory 298 MiB.
2026-09-18T22:28:49Z INFO [473/500] 0611fa9b-ed34-4b7f-acce-42cdd509f337: 29 internal nodes; 1.8 s; peak memory 298 MiB.
2026-09-18T22:28:50Z INFO [474/500] 06127b69-cbd9-4e61-bfa8-0d61f16b7612: 19 internal nodes; 1.1 s; peak memory 298 MiB.
2026-09-18T22:28:53Z INFO [475/500] 0612fabe-930b-4fa0-b06c-af59af24ce6a: 67 internal nodes; 2.7 s; peak memory 298 MiB.
2026-09-18T22:28:53Z INFO [476/500] 061415db-a037-42aa-9d50-1c71bae175b5: 17 internal nodes; 0.9 s; peak memory 298 MiB.
2026-09-18T22:28:56Z INFO [477/500] 061519c1-4d0d-482e-a26d-3a1d67b03c1f: 42 internal nodes; 2.2 s; peak memory 298 MiB.
2026-09-18T22:29:03Z INFO [478/500] 0615e5ef-adee-4b40-80fe-6f801849602c: 177 internal nodes; 6.8 s; peak memory 298 MiB.
2026-09-18T22:29:04Z INFO [479/500] 06165cfa-1b29-4ee1-9119-5153a739ff2d: 31 internal nodes; 1.7 s; peak memory 298 MiB.
2026-09-18T22:29:05Z INFO [480/500] 06167989-7983-48d2-b660-eed6ba2a9e69: 11 internal nodes; 1.0 s; peak memory 298 MiB.
2026-09-18T22:29:06Z INFO [481/500] 06179190-98c4-42f8-9447-9a1e6131654a: 27 internal nodes; 1.2 s; peak memory 298 MiB.
2026-09-18T22:29:08Z INFO [482/500] 0618188e-14e0-4469-8b7e-836cc4a19454: 61 internal nodes; 1.9 s; peak memory 298 MiB.
2026-09-18T22:29:10Z INFO [483/500] 061835c6-1806-4dfa-8b04-1209b9673067: 66 internal nodes; 1.8 s; peak memory 298 MiB.
2026-09-18T22:29:16Z INFO [484/500] 0618b93b-7fd7-4afc-9110-a78b36a01131: 19 internal nodes; 6.1 s; peak memory 298 MiB.
2026-09-18T22:29:24Z INFO [485/500] 0618d989-b4cb-48b1-9bd2-2da5b91e19c3: 206 internal nodes; 7.5 s; peak memory 298 MiB.
2026-09-18T22:29:25Z INFO [486/500] 0618f873-3717-4c8c-b0ed-9a512b8c3a11: 17 internal nodes; 0.8 s; peak memory 298 MiB.
2026-09-18T22:29:26Z INFO [487/500] 06197ec9-bb44-4ed9-8ab8-ce3b737c4ff7: 31 internal nodes; 1.6 s; peak memory 298 MiB.
2026-09-18T22:29:27Z INFO [488/500] 061a8145-8925-4f1d-857e-5ebe170d4bd3: 11 internal nodes; 0.7 s; peak memory 298 MiB.
2026-09-18T22:29:29Z INFO [489/500] 061af0c3-ad52-4da6-a500-f81e2952319d: 37 internal nodes; 1.7 s; peak memory 298 MiB.
2026-09-18T22:29:31Z INFO [490/500] 061b0535-71e9-4f31-900e-40c8cae85d16: 59 internal nodes; 2.0 s; peak memory 298 MiB.
2026-09-18T22:29:32Z INFO [491/500] 061b386f-22d4-4f92-9f31-e5e838afa652: 69 internal nodes; 1.7 s; peak memory 298 MiB.
2026-09-18T22:29:33Z INFO [492/500] 061b3eb6-9ee2-4838-afc6-168036e64f69: 11 internal nodes; 0.7 s; peak memory 298 MiB.
2026-09-18T22:29:34Z INFO [493/500] 061b98ee-4721-453e-a6a8-2a9af672f144: 11 internal nodes; 0.7 s; peak memory 298 MiB.
2026-09-18T22:29:35Z INFO [494/500] 061bbe04-d740-4894-83ca-4043ae4c09d3: 31 internal nodes; 1.5 s; peak memory 298 MiB.
2026-09-18T22:29:36Z INFO [495/500] 061bea1d-3a14-4539-85e3-687abc974460: 17 internal nodes; 0.9 s; peak memory 298 MiB.
2026-09-18T22:29:41Z INFO [496/500] 061c10f1-8a97-4bf4-9245-aac3d3bd967f: 129 internal nodes; 4.9 s; peak memory 298 MiB.
2026-09-18T22:29:43Z INFO [497/500] 061c34b5-0547-4201-919c-297c5a87026f: 72 internal nodes; 2.0 s; peak memory 298 MiB.
2026-09-18T22:29:45Z INFO [498/500] 061d20f7-c542-410c-b417-af7f5e173818: 36 internal nodes; 1.6 s; peak memory 298 MiB.
2026-09-18T22:29:46Z INFO [499/500] 061db240-adca-4ba5-a90a-f1ae5ac07397: 31 internal nodes; 1.8 s; peak memory 298 MiB.
2026-09-18T22:29:47Z INFO [500/500] 061dc76c-6105-4ff6-803d-71815770e7d1: 17 internal nodes; 1.0 s; peak memory 298 MiB.
2026-09-18T22:29:48Z INFO [500/500] 061dc76c-6105-4ff6-803d-71815770e7d1: checkpointed 49007 records.
2026-09-18T22:29:48Z INFO Wrote 49007 records to /tmp/derivatives/valid_nwb_file_to_out_degrees.jsonl (499 new, 1 failed) in 21.3 min (peak memory 298 MiB).
