2026-10-10T22:59:54Z INFO Logging to /tmp/logs/update_2026-10-10T22-59-54Z.log.
2026-10-10T22:59:54Z INFO Update valid-nwb-file-to-out-degrees (base directory /tmp).
2026-10-10T22:59:55Z INFO Processing 57 items (149802 already recorded).
2026-10-10T22:59:55Z WARNING 024ef50f-ac6f-49ea-806b-93ef4b5e8644: failed while reading the NWB file (KeyError: 'Unable to synchronously open object (component not found)')
2026-10-10T22:59:55Z WARNING [1/57] 024ef50f-ac6f-49ea-806b-93ef4b5e8644: leaving unrecorded for a later run to retry.
2026-10-10T22:59:56Z WARNING 09073220-fbea-45d2-9a39-2cc61fcdc2a1: failed while reading the NWB file (KeyError: 'Unable to synchronously open object (component not found)')
2026-10-10T22:59:56Z WARNING [2/57] 09073220-fbea-45d2-9a39-2cc61fcdc2a1: leaving unrecorded for a later run to retry.
2026-10-10T22:59:57Z WARNING 0dec427d-4db4-44c3-988a-c37959ceaff3: failed while reading the NWB file (KeyError: 'Unable to synchronously open object (component not found)')
2026-10-10T22:59:57Z WARNING [3/57] 0dec427d-4db4-44c3-988a-c37959ceaff3: leaving unrecorded for a later run to retry.
2026-10-10T22:59:58Z WARNING 0f7396ad-67ec-468a-b6a6-5599cb507f54: failed while reading the NWB file (KeyError: 'Unable to synchronously open object (component not found)')
2026-10-10T22:59:58Z WARNING [4/57] 0f7396ad-67ec-468a-b6a6-5599cb507f54: leaving unrecorded for a later run to retry.
2026-10-10T22:59:58Z WARNING 1066b3ba-83d9-4cb3-bfe3-ecf8539e2334: failed while reading the NWB file (KeyError: 'Unable to synchronously open object (component not found)')
2026-10-10T22:59:58Z WARNING [5/57] 1066b3ba-83d9-4cb3-bfe3-ecf8539e2334: leaving unrecorded for a later run to retry.
2026-10-10T22:59:59Z WARNING 17a546c4-6425-4c56-a43e-9f9f272d299c: failed while reading the NWB file (KeyError: 'Unable to synchronously open object (component not found)')
2026-10-10T22:59:59Z WARNING [6/57] 17a546c4-6425-4c56-a43e-9f9f272d299c: leaving unrecorded for a later run to retry.
2026-10-10T23:00:00Z WARNING 19998990-d06f-40db-8d07-c5121b317b6a: failed while reading the NWB file (KeyError: 'Unable to synchronously open object (component not found)')
2026-10-10T23:00:00Z WARNING [7/57] 19998990-d06f-40db-8d07-c5121b317b6a: leaving unrecorded for a later run to retry.
2026-10-10T23:00:00Z WARNING 1a18ed31-9155-4512-919f-b6875d14b9f3: failed while reading the NWB file (KeyError: 'Unable to synchronously open object (component not found)')
2026-10-10T23:00:00Z WARNING [8/57] 1a18ed31-9155-4512-919f-b6875d14b9f3: leaving unrecorded for a later run to retry.
2026-10-10T23:00:01Z WARNING 1c2fff6f-f3a7-43fb-b7e2-a33218d41614: failed while reading the NWB file (KeyError: 'Unable to synchronously open object (component not found)')
2026-10-10T23:00:01Z WARNING [9/57] 1c2fff6f-f3a7-43fb-b7e2-a33218d41614: leaving unrecorded for a later run to retry.
2026-10-10T23:00:02Z WARNING 20b5d243-5a61-4246-a5d5-ac9d9068183d: failed while reading the NWB file (KeyError: 'Unable to synchronously open object (component not found)')
2026-10-10T23:00:02Z WARNING [10/57] 20b5d243-5a61-4246-a5d5-ac9d9068183d: leaving unrecorded for a later run to retry.
2026-10-10T23:00:02Z WARNING 20e4b649-b593-4ee3-bd02-f0645aad7021: failed while reading the NWB file (KeyError: 'Unable to synchronously open object (component not found)')
2026-10-10T23:00:02Z WARNING [11/57] 20e4b649-b593-4ee3-bd02-f0645aad7021: leaving unrecorded for a later run to retry.
2026-10-10T23:00:03Z WARNING 2420003b-b350-4a69-b1aa-b27f68179823: failed while reading the NWB file (KeyError: 'Unable to synchronously open object (component not found)')
2026-10-10T23:00:03Z WARNING [12/57] 2420003b-b350-4a69-b1aa-b27f68179823: leaving unrecorded for a later run to retry.
2026-10-10T23:00:04Z WARNING 2a76c0ae-11ba-4712-bfc9-5a1534c26aeb: failed while reading the NWB file (KeyError: 'Unable to synchronously open object (component not found)')
2026-10-10T23:00:04Z WARNING [13/57] 2a76c0ae-11ba-4712-bfc9-5a1534c26aeb: leaving unrecorded for a later run to retry.
2026-10-10T23:00:04Z WARNING 319d22c8-6c6e-41bb-9bf9-9c6773d2b2ad: failed while reading the NWB file (KeyError: 'Unable to synchronously open object (component not found)')
2026-10-10T23:00:04Z WARNING [14/57] 319d22c8-6c6e-41bb-9bf9-9c6773d2b2ad: leaving unrecorded for a later run to retry.
2026-10-10T23:00:05Z WARNING 324ccb4d-b81e-4dbb-a29d-ef474eef0d50: failed while reading the NWB file (KeyError: 'Unable to synchronously open object (component not found)')
2026-10-10T23:00:05Z WARNING [15/57] 324ccb4d-b81e-4dbb-a29d-ef474eef0d50: leaving unrecorded for a later run to retry.
2026-10-10T23:00:06Z WARNING 3b2672c0-01e2-4e2a-a6fd-09535b8afd67: failed while reading the NWB file (KeyError: 'Unable to synchronously open object (component not found)')
2026-10-10T23:00:06Z WARNING [16/57] 3b2672c0-01e2-4e2a-a6fd-09535b8afd67: leaving unrecorded for a later run to retry.
2026-10-10T23:00:06Z WARNING 3dec1e5e-7a4c-4aaa-95eb-7a953aa18d59: failed while reading the NWB file (KeyError: 'Unable to synchronously open object (component not found)')
2026-10-10T23:00:06Z WARNING [17/57] 3dec1e5e-7a4c-4aaa-95eb-7a953aa18d59: leaving unrecorded for a later run to retry.
2026-10-10T23:00:07Z WARNING 40d7f442-8923-4dd5-87cb-af432218c083: failed while reading the NWB file (KeyError: 'Unable to synchronously open object (component not found)')
2026-10-10T23:00:07Z WARNING [18/57] 40d7f442-8923-4dd5-87cb-af432218c083: leaving unrecorded for a later run to retry.
2026-10-10T23:00:08Z WARNING 4255c687-2c9c-4ffc-83b6-08157b521931: failed while reading the NWB file (KeyError: 'Unable to synchronously open object (component not found)')
2026-10-10T23:00:08Z WARNING [19/57] 4255c687-2c9c-4ffc-83b6-08157b521931: leaving unrecorded for a later run to retry.
2026-10-10T23:00:08Z WARNING 43addd0b-0674-4137-8eaa-9df790dee1ce: failed while reading the NWB file (KeyError: 'Unable to synchronously open object (component not found)')
2026-10-10T23:00:08Z WARNING [20/57] 43addd0b-0674-4137-8eaa-9df790dee1ce: leaving unrecorded for a later run to retry.
2026-10-10T23:00:09Z INFO [21/57] 4f6e3abe-1976-45d6-862c-957be3f0c387: 25 internal nodes; 1.1 s; peak memory 213 MiB.
2026-10-10T23:00:10Z WARNING 59beae01-8c63-4353-a90b-e97078f0ecde: failed while reading the NWB file (KeyError: 'Unable to synchronously open object (component not found)')
2026-10-10T23:00:10Z WARNING [22/57] 59beae01-8c63-4353-a90b-e97078f0ecde: leaving unrecorded for a later run to retry.
2026-10-10T23:00:11Z WARNING 6a997180-d683-4d9d-9b90-05b7dc97c11c: failed while reading the NWB file (KeyError: 'Unable to synchronously open object (component not found)')
2026-10-10T23:00:11Z WARNING [23/57] 6a997180-d683-4d9d-9b90-05b7dc97c11c: leaving unrecorded for a later run to retry.
2026-10-10T23:00:11Z WARNING 6aa6bd0b-2ee9-4b1c-ae04-8288b68d12ff: failed while reading the NWB file (KeyError: 'Unable to synchronously open object (component not found)')
2026-10-10T23:00:11Z WARNING [24/57] 6aa6bd0b-2ee9-4b1c-ae04-8288b68d12ff: leaving unrecorded for a later run to retry.
2026-10-10T23:00:12Z WARNING 6aae1939-4782-4088-b5f7-42ef42d4db39: failed while reading the NWB file (KeyError: 'Unable to synchronously open object (component not found)')
2026-10-10T23:00:12Z WARNING [25/57] 6aae1939-4782-4088-b5f7-42ef42d4db39: leaving unrecorded for a later run to retry.
2026-10-10T23:00:12Z WARNING 6d423b55-67f8-42c9-9dee-caa73708d896: failed while reading the NWB file (KeyError: 'Unable to synchronously open object (component not found)')
2026-10-10T23:00:12Z WARNING [26/57] 6d423b55-67f8-42c9-9dee-caa73708d896: leaving unrecorded for a later run to retry.
2026-10-10T23:00:13Z WARNING 735c7449-7e23-44fa-8990-d5c55f725aa2: failed while reading the NWB file (KeyError: 'Unable to synchronously open object (component not found)')
2026-10-10T23:00:13Z WARNING [27/57] 735c7449-7e23-44fa-8990-d5c55f725aa2: leaving unrecorded for a later run to retry.
2026-10-10T23:00:14Z WARNING 75dc9b6e-40d1-4c10-8d75-71e6d60a1109: failed while reading the NWB file (KeyError: 'Unable to synchronously open object (component not found)')
2026-10-10T23:00:14Z WARNING [28/57] 75dc9b6e-40d1-4c10-8d75-71e6d60a1109: leaving unrecorded for a later run to retry.
2026-10-10T23:00:14Z WARNING 75e93a30-06d1-4377-ac24-e439b70138bf: failed while reading the NWB file (KeyError: 'Unable to synchronously open object (component not found)')
2026-10-10T23:00:14Z WARNING [29/57] 75e93a30-06d1-4377-ac24-e439b70138bf: leaving unrecorded for a later run to retry.
2026-10-10T23:00:15Z WARNING 79d6c03f-a5ad-43d3-a8c3-a13e7b361f24: failed while reading the NWB file (KeyError: 'Unable to synchronously open object (component not found)')
2026-10-10T23:00:15Z WARNING [30/57] 79d6c03f-a5ad-43d3-a8c3-a13e7b361f24: leaving unrecorded for a later run to retry.
2026-10-10T23:00:15Z WARNING 80e5eff2-6863-4038-9302-675d85163951: failed while reading the NWB file (KeyError: 'Unable to synchronously open object (component not found)')
2026-10-10T23:00:15Z WARNING [31/57] 80e5eff2-6863-4038-9302-675d85163951: leaving unrecorded for a later run to retry.
2026-10-10T23:00:16Z WARNING 8485f502-7092-4934-80fe-dc37dd3a4c16: failed while reading the NWB file (KeyError: 'Unable to synchronously open object (component not found)')
2026-10-10T23:00:16Z WARNING [32/57] 8485f502-7092-4934-80fe-dc37dd3a4c16: leaving unrecorded for a later run to retry.
2026-10-10T23:00:17Z WARNING 85df85c4-6672-4675-9bb8-5e82e44e0f88: failed while reading the NWB file (KeyError: 'Unable to synchronously open object (component not found)')
2026-10-10T23:00:17Z WARNING [33/57] 85df85c4-6672-4675-9bb8-5e82e44e0f88: leaving unrecorded for a later run to retry.
2026-10-10T23:00:17Z WARNING 87fdf428-ebbd-4376-85b5-341f14f18593: failed while reading the NWB file (KeyError: 'Unable to synchronously open object (component not found)')
2026-10-10T23:00:17Z WARNING [34/57] 87fdf428-ebbd-4376-85b5-341f14f18593: leaving unrecorded for a later run to retry.
2026-10-10T23:00:18Z WARNING 8f0183a2-f90f-4b15-8fac-1ca3a404a100: failed while reading the NWB file (KeyError: 'Unable to synchronously open object (component not found)')
2026-10-10T23:00:18Z WARNING [35/57] 8f0183a2-f90f-4b15-8fac-1ca3a404a100: leaving unrecorded for a later run to retry.
2026-10-10T23:00:18Z WARNING 9078e86c-42d8-47e9-a68b-72aaef5868b8: failed while reading the NWB file (KeyError: 'Unable to synchronously open object (component not found)')
2026-10-10T23:00:18Z WARNING [36/57] 9078e86c-42d8-47e9-a68b-72aaef5868b8: leaving unrecorded for a later run to retry.
2026-10-10T23:00:19Z WARNING 907b3a91-92b0-49da-9d8a-a9ce5b752d18: failed while reading the NWB file (KeyError: 'Unable to synchronously open object (component not found)')
2026-10-10T23:00:19Z WARNING [37/57] 907b3a91-92b0-49da-9d8a-a9ce5b752d18: leaving unrecorded for a later run to retry.
2026-10-10T23:00:20Z WARNING 91d0f104-6918-47ae-8959-2116c86ee157: failed while reading the NWB file (KeyError: 'Unable to synchronously open object (component not found)')
2026-10-10T23:00:20Z WARNING [38/57] 91d0f104-6918-47ae-8959-2116c86ee157: leaving unrecorded for a later run to retry.
2026-10-10T23:00:20Z WARNING 969e4747-5a03-4948-bad1-05be9db18f9a: failed while reading the NWB file (KeyError: 'Unable to synchronously open object (component not found)')
2026-10-10T23:00:20Z WARNING [39/57] 969e4747-5a03-4948-bad1-05be9db18f9a: leaving unrecorded for a later run to retry.
2026-10-10T23:00:21Z WARNING 96fcc9d3-cbe9-4aaa-986b-aaaf8831ed40: failed while reading the NWB file (KeyError: 'Unable to synchronously open object (component not found)')
2026-10-10T23:00:21Z WARNING [40/57] 96fcc9d3-cbe9-4aaa-986b-aaaf8831ed40: leaving unrecorded for a later run to retry.
2026-10-10T23:00:21Z WARNING 98c46e12-f90f-4286-b1c2-15acdc057e25: failed while reading the NWB file (KeyError: 'Unable to synchronously open object (component not found)')
2026-10-10T23:00:21Z WARNING [41/57] 98c46e12-f90f-4286-b1c2-15acdc057e25: leaving unrecorded for a later run to retry.
2026-10-10T23:00:22Z WARNING 9f0feaa9-adb3-4487-afb9-d4f49f1acdc6: failed while reading the NWB file (KeyError: 'Unable to synchronously open object (component not found)')
2026-10-10T23:00:22Z WARNING [42/57] 9f0feaa9-adb3-4487-afb9-d4f49f1acdc6: leaving unrecorded for a later run to retry.
2026-10-10T23:00:22Z WARNING a5c144c2-f4f0-4c1e-9c08-2b521f863a3b: failed while reading the NWB file (KeyError: 'Unable to synchronously open object (component not found)')
2026-10-10T23:00:22Z WARNING [43/57] a5c144c2-f4f0-4c1e-9c08-2b521f863a3b: leaving unrecorded for a later run to retry.
2026-10-10T23:00:23Z WARNING a8b6a037-6a71-4569-91a5-b9a166b789a9: failed while reading the NWB file (KeyError: 'Unable to synchronously open object (component not found)')
2026-10-10T23:00:23Z WARNING [44/57] a8b6a037-6a71-4569-91a5-b9a166b789a9: leaving unrecorded for a later run to retry.
2026-10-10T23:00:24Z WARNING ad5b0970-92ee-45ed-9ade-ec72ab7c0c43: failed while reading the NWB file (KeyError: 'Unable to synchronously open object (component not found)')
2026-10-10T23:00:24Z WARNING [45/57] ad5b0970-92ee-45ed-9ade-ec72ab7c0c43: leaving unrecorded for a later run to retry.
2026-10-10T23:00:24Z WARNING af8f8d1e-890e-40fb-8b99-bcfbd9dafa86: failed while reading the NWB file (KeyError: 'Unable to synchronously open object (component not found)')
2026-10-10T23:00:24Z WARNING [46/57] af8f8d1e-890e-40fb-8b99-bcfbd9dafa86: leaving unrecorded for a later run to retry.
2026-10-10T23:00:25Z WARNING b359ad1b-7ba4-48e8-a318-3a5df59e0611: failed while reading the NWB file (KeyError: 'Unable to synchronously open object (component not found)')
2026-10-10T23:00:25Z WARNING [47/57] b359ad1b-7ba4-48e8-a318-3a5df59e0611: leaving unrecorded for a later run to retry.
2026-10-10T23:00:25Z WARNING b90ff2fd-f7e7-41b9-939a-f8612e2c9ba9: failed while reading the NWB file (KeyError: 'Unable to synchronously open object (component not found)')
2026-10-10T23:00:25Z WARNING [48/57] b90ff2fd-f7e7-41b9-939a-f8612e2c9ba9: leaving unrecorded for a later run to retry.
2026-10-10T23:00:26Z WARNING c30d8e04-35d5-46ae-89c1-f0ad78152437: failed while reading the NWB file (KeyError: 'Unable to synchronously open object (component not found)')
2026-10-10T23:00:26Z WARNING [49/57] c30d8e04-35d5-46ae-89c1-f0ad78152437: leaving unrecorded for a later run to retry.
2026-10-10T23:00:27Z WARNING c75892b0-e896-47ce-9be6-aaf7fff0b0bc: failed while reading the NWB file (KeyError: 'Unable to synchronously open object (component not found)')
2026-10-10T23:00:27Z WARNING [50/57] c75892b0-e896-47ce-9be6-aaf7fff0b0bc: leaving unrecorded for a later run to retry.
2026-10-10T23:00:27Z INFO [50/57] c75892b0-e896-47ce-9be6-aaf7fff0b0bc: checkpointed 149803 new records.
2026-10-10T23:00:28Z WARNING ced3426c-8c04-4668-a901-8fb5c9b9e30a: failed while reading the NWB file (KeyError: 'Unable to synchronously open object (component not found)')
2026-10-10T23:00:28Z WARNING [51/57] ced3426c-8c04-4668-a901-8fb5c9b9e30a: leaving unrecorded for a later run to retry.
2026-10-10T23:00:28Z WARNING cf14fab4-8ffa-4429-9633-4621077abaf8: failed while reading the NWB file (KeyError: 'Unable to synchronously open object (component not found)')
2026-10-10T23:00:28Z WARNING [52/57] cf14fab4-8ffa-4429-9633-4621077abaf8: leaving unrecorded for a later run to retry.
2026-10-10T23:00:29Z WARNING cf2e939f-f590-43e2-b209-c14bcd9ec7be: failed while reading the NWB file (KeyError: 'Unable to synchronously open object (component not found)')
2026-10-10T23:00:29Z WARNING [53/57] cf2e939f-f590-43e2-b209-c14bcd9ec7be: leaving unrecorded for a later run to retry.
2026-10-10T23:00:30Z WARNING d082e3f4-951c-4756-a246-45664b4b6617: failed while reading the NWB file (KeyError: 'Unable to synchronously open object (component not found)')
2026-10-10T23:00:30Z WARNING [54/57] d082e3f4-951c-4756-a246-45664b4b6617: leaving unrecorded for a later run to retry.
2026-10-10T23:00:30Z WARNING d1b31cf9-4a0a-4d3b-b7b6-209a40241c19: failed while reading the NWB file (KeyError: 'Unable to synchronously open object (component not found)')
2026-10-10T23:00:30Z WARNING [55/57] d1b31cf9-4a0a-4d3b-b7b6-209a40241c19: leaving unrecorded for a later run to retry.
2026-10-10T23:00:31Z WARNING d40f5b68-7e95-4fd2-9b61-fcc7804b6b27: failed while reading the NWB file (KeyError: 'Unable to synchronously open object (component not found)')
2026-10-10T23:00:31Z WARNING [56/57] d40f5b68-7e95-4fd2-9b61-fcc7804b6b27: leaving unrecorded for a later run to retry.
2026-10-10T23:00:31Z WARNING d73cb2c7-2e04-4c75-ba50-9b634dc8e8fb: failed while reading the NWB file (KeyError: 'Unable to synchronously open object (component not found)')
2026-10-10T23:00:31Z WARNING [57/57] d73cb2c7-2e04-4c75-ba50-9b634dc8e8fb: leaving unrecorded for a later run to retry.
2026-10-10T23:00:32Z INFO Wrote 149803 records to /tmp/derivatives/valid_nwb_file_to_out_degrees.jsonl (1 new, 56 failed) in 0.6 min (peak memory 239 MiB).
