2026-09-26T22:17:46Z INFO Logging to /tmp/logs/update_2026-09-26T22-17-46Z.log.
2026-09-26T22:17:46Z INFO Update valid-nwb-file-to-out-degrees (base directory /tmp).
2026-09-26T22:17:47Z INFO Processing 500 items (56459 already recorded).
2026-09-26T22:17:48Z WARNING 024ef50f-ac6f-49ea-806b-93ef4b5e8644: failed while reading the NWB file (KeyError: 'Unable to synchronously open object (component not found)')
2026-09-26T22:17:48Z WARNING [1/500] 024ef50f-ac6f-49ea-806b-93ef4b5e8644: leaving unrecorded for a later run to retry.
2026-09-26T22:17:48Z WARNING 09073220-fbea-45d2-9a39-2cc61fcdc2a1: failed while reading the NWB file (KeyError: 'Unable to synchronously open object (component not found)')
2026-09-26T22:17:48Z WARNING [2/500] 09073220-fbea-45d2-9a39-2cc61fcdc2a1: leaving unrecorded for a later run to retry.
2026-09-26T22:17:49Z WARNING 0dec427d-4db4-44c3-988a-c37959ceaff3: failed while reading the NWB file (KeyError: 'Unable to synchronously open object (component not found)')
2026-09-26T22:17:49Z WARNING [3/500] 0dec427d-4db4-44c3-988a-c37959ceaff3: leaving unrecorded for a later run to retry.
2026-09-26T22:17:50Z WARNING 0f7396ad-67ec-468a-b6a6-5599cb507f54: failed while reading the NWB file (KeyError: 'Unable to synchronously open object (component not found)')
2026-09-26T22:17:50Z WARNING [4/500] 0f7396ad-67ec-468a-b6a6-5599cb507f54: leaving unrecorded for a later run to retry.
2026-09-26T22:17:51Z WARNING 1066b3ba-83d9-4cb3-bfe3-ecf8539e2334: failed while reading the NWB file (KeyError: 'Unable to synchronously open object (component not found)')
2026-09-26T22:17:51Z WARNING [5/500] 1066b3ba-83d9-4cb3-bfe3-ecf8539e2334: leaving unrecorded for a later run to retry.
2026-09-26T22:17:52Z INFO [6/500] 1582406d-d88b-4bb6-aec5-89f854ce3e98: 53 internal nodes; 1.4 s; peak memory 121 MiB.
2026-09-26T22:17:53Z INFO [7/500] 1582bb71-d1d0-46dc-b47b-a3cc6ab004a4: 17 internal nodes; 0.5 s; peak memory 121 MiB.
2026-09-26T22:17:58Z INFO [8/500] 1582d7c2-3a05-4faa-91df-25c50ee3c612: 48 internal nodes; 5.4 s; peak memory 291 MiB.
2026-09-26T22:18:02Z INFO [9/500] 15832f3d-c3ab-4286-aa92-f405ac5a5cd6: 177 internal nodes; 3.9 s; peak memory 291 MiB.
2026-09-26T22:18:07Z INFO [10/500] 1584be8e-fa22-4753-ada3-4d08ae530e98: 271 internal nodes; 4.8 s; peak memory 292 MiB.
2026-09-26T22:18:07Z INFO [11/500] 158514ae-b30e-4690-9d7c-4ec325d9c89b: 17 internal nodes; 0.6 s; peak memory 292 MiB.
2026-09-26T22:18:08Z INFO [12/500] 15852eaa-6ca2-4c02-9508-4597f665dc15: 27 internal nodes; 0.8 s; peak memory 292 MiB.
2026-09-26T22:18:09Z INFO [13/500] 15858011-eeca-4ec3-ae10-e2cfd32733db: 11 internal nodes; 0.4 s; peak memory 292 MiB.
2026-09-26T22:18:14Z INFO [14/500] 1586fcb1-ca3d-41de-811a-8fa2d54a5827: 44 internal nodes; 5.7 s; peak memory 292 MiB.
2026-09-26T22:18:17Z INFO [15/500] 158700a8-3384-4cea-9157-e077fc014a4f: 113 internal nodes; 3.0 s; peak memory 292 MiB.
2026-09-26T22:18:18Z INFO [16/500] 15872f01-7da4-4000-a32a-54820c1a6010: 17 internal nodes; 0.6 s; peak memory 292 MiB.
2026-09-26T22:18:19Z INFO [17/500] 1588708e-8b3c-4538-9f61-e8637f22ad53: 44 internal nodes; 1.4 s; peak memory 292 MiB.
2026-09-26T22:18:20Z INFO [18/500] 1588a0f1-07fd-4f2c-9ca3-f7589d717e7b: 13 internal nodes; 0.5 s; peak memory 292 MiB.
2026-09-26T22:18:21Z INFO [19/500] 1589cea3-601c-4d0a-b8f4-fab4db98c0c3: 17 internal nodes; 0.5 s; peak memory 292 MiB.
2026-09-26T22:18:21Z INFO [20/500] 1589ef07-8969-4667-baaa-a273d8de91eb: 11 internal nodes; 0.4 s; peak memory 292 MiB.
2026-09-26T22:18:22Z INFO [21/500] 158a0930-99d3-401d-8fc4-b2657f7aa1ee: 17 internal nodes; 0.7 s; peak memory 292 MiB.
2026-09-26T22:18:23Z INFO [22/500] 158a9d7e-ed47-4fa5-a949-03bdc5f9a141: 31 internal nodes; 1.0 s; peak memory 292 MiB.
2026-09-26T22:18:23Z INFO [23/500] 158b09e5-3bc1-4448-9b64-e44823316d5b: 17 internal nodes; 0.6 s; peak memory 292 MiB.
2026-09-26T22:18:24Z INFO [24/500] 158b2973-7ce4-4176-9f22-96a9036334b8: 18 internal nodes; 0.6 s; peak memory 292 MiB.
2026-09-26T22:18:24Z INFO [25/500] 158c5234-0b16-418c-b030-c3e67197f783: 17 internal nodes; 0.6 s; peak memory 292 MiB.
2026-09-26T22:18:25Z INFO [26/500] 158d1abc-363b-434e-b9c2-da8252c36bef: 19 internal nodes; 0.5 s; peak memory 292 MiB.
2026-09-26T22:18:26Z INFO [27/500] 158db73c-d5d5-4caa-98f3-e9009f234831: 27 internal nodes; 0.8 s; peak memory 292 MiB.
2026-09-26T22:18:26Z INFO [28/500] 15900571-100a-4410-b3e1-2149c043b1aa: 17 internal nodes; 0.6 s; peak memory 292 MiB.
2026-09-26T22:18:27Z INFO [29/500] 15909e46-817a-4d71-aa87-1cea4e276c31: 17 internal nodes; 0.6 s; peak memory 292 MiB.
2026-09-26T22:18:28Z INFO [30/500] 1590b0c2-df9d-4130-9941-d51becde1119: 44 internal nodes; 1.4 s; peak memory 292 MiB.
2026-09-26T22:18:29Z INFO [31/500] 1590dcf9-7296-46ec-815f-4638e1575efc: 17 internal nodes; 0.6 s; peak memory 292 MiB.
2026-09-26T22:18:29Z INFO [32/500] 15913122-eeaa-4b24-a0d6-6ecb698d86de: 11 internal nodes; 0.6 s; peak memory 292 MiB.
2026-09-26T22:18:30Z INFO [33/500] 1591663c-de3c-45ed-99db-7ee3d9d9ff42: 23 internal nodes; 0.7 s; peak memory 292 MiB.
2026-09-26T22:18:31Z INFO [34/500] 15918a82-26c5-48e3-ac00-65201d8a1373: 63 internal nodes; 1.0 s; peak memory 292 MiB.
2026-09-26T22:18:31Z INFO [35/500] 159191e7-cefa-4429-95e7-3e0c415b8d50: 27 internal nodes; 0.5 s; peak memory 292 MiB.
2026-09-26T22:18:34Z INFO [36/500] 1591f4e1-1f0b-4fe4-89ff-6938e9da6e2e: 109 internal nodes; 2.6 s; peak memory 292 MiB.
2026-09-26T22:18:35Z INFO [37/500] 15924da1-bdf4-4e24-b4dd-3cdcab34ca0b: 17 internal nodes; 0.6 s; peak memory 292 MiB.
2026-09-26T22:18:35Z INFO [38/500] 15925a36-554e-4e92-b9c5-1349e820ee89: 31 internal nodes; 0.6 s; peak memory 292 MiB.
2026-09-26T22:18:38Z INFO [39/500] 15927b12-6bb2-4f2b-8488-95a0f3ee18e2: 68 internal nodes; 3.0 s; peak memory 292 MiB.
2026-09-26T22:18:39Z INFO [40/500] 15935a7e-db89-4cee-96f0-b3f8d13bca38: 17 internal nodes; 0.6 s; peak memory 292 MiB.
2026-09-26T22:18:39Z INFO [41/500] 1593c542-a196-4956-956d-fd424e21bc40: 17 internal nodes; 0.6 s; peak memory 292 MiB.
2026-09-26T22:18:40Z INFO [42/500] 159413ce-417d-45ac-a342-82ef03bcaf8e: 21 internal nodes; 0.7 s; peak memory 292 MiB.
2026-09-26T22:18:41Z INFO [43/500] 15945566-cd24-49f0-b113-7331c6092018: 19 internal nodes; 0.6 s; peak memory 292 MiB.
2026-09-26T22:18:41Z INFO [44/500] 15948900-c46d-4692-9e68-5b4ff68e194b: 116 internal nodes; 0.8 s; peak memory 292 MiB.
2026-09-26T22:18:42Z INFO [45/500] 1594d265-4961-41e1-93f0-dcaaf1388924: 29 internal nodes; 0.9 s; peak memory 292 MiB.
2026-09-26T22:18:48Z INFO [46/500] 1595b681-22a1-41df-b963-6807f5a01d57: 215 internal nodes; 5.4 s; peak memory 294 MiB.
2026-09-26T22:18:48Z INFO [47/500] 1595d053-06d2-467a-a4de-3bd3fb46b87b: 31 internal nodes; 0.8 s; peak memory 294 MiB.
2026-09-26T22:18:56Z INFO [48/500] 1595ec93-3780-4381-99ed-f3983324b8ab: 208 internal nodes; 7.2 s; peak memory 295 MiB.
2026-09-26T22:18:56Z INFO [49/500] 1595ee58-187e-4a0b-a410-37c0e599776c: 17 internal nodes; 0.5 s; peak memory 295 MiB.
2026-09-26T22:18:57Z INFO [50/500] 1596d34d-57d7-46bc-a3e7-adcef943cb15: 58 internal nodes; 0.9 s; peak memory 295 MiB.
2026-09-26T22:18:57Z INFO [50/500] 1596d34d-57d7-46bc-a3e7-adcef943cb15: checkpointed 56504 records.
2026-09-26T22:18:59Z INFO [51/500] 159779b1-cc7f-42a8-b284-e9dadb46ac32: 44 internal nodes; 1.6 s; peak memory 295 MiB.
2026-09-26T22:18:59Z INFO [52/500] 1598daf0-46dc-49a2-a643-f39512cabd0d: 17 internal nodes; 0.6 s; peak memory 295 MiB.
2026-09-26T22:19:00Z INFO [53/500] 159950c6-ea78-4c33-9aa6-5835629d105f: 11 internal nodes; 0.4 s; peak memory 295 MiB.
2026-09-26T22:19:03Z INFO [54/500] 159a7da1-4da1-4105-b986-de9c5c39bc41: 177 internal nodes; 3.2 s; peak memory 295 MiB.
2026-09-26T22:19:04Z INFO [55/500] 159a951c-d5db-430f-9327-3ca255bbc77f: 27 internal nodes; 0.7 s; peak memory 295 MiB.
2026-09-26T22:19:05Z INFO [56/500] 159b184d-49ea-4235-80a9-7f95deb353e2: 52 internal nodes; 1.3 s; peak memory 295 MiB.
2026-09-26T22:19:05Z INFO [57/500] 159b6ba4-a880-4bfa-ae68-91a21238fd8a: 19 internal nodes; 0.5 s; peak memory 295 MiB.
2026-09-26T22:19:06Z INFO [58/500] 159c92a3-ff0d-48eb-86ac-b33fa30ea040: 17 internal nodes; 0.7 s; peak memory 295 MiB.
2026-09-26T22:19:07Z INFO [59/500] 159d0acd-df87-4165-bba9-f26cabf1adae: 17 internal nodes; 0.6 s; peak memory 295 MiB.
2026-09-26T22:19:07Z INFO [60/500] 159e9c6f-160d-48b8-bc01-193d7fe802ad: 25 internal nodes; 0.6 s; peak memory 295 MiB.
2026-09-26T22:19:08Z INFO [61/500] 159f7d90-c1c6-4f03-a1a2-12e84aa0937a: 17 internal nodes; 0.5 s; peak memory 295 MiB.
2026-09-26T22:19:09Z INFO [62/500] 15a071af-fd6a-4074-b0fe-4ba0531bd7a9: 16 internal nodes; 0.9 s; peak memory 295 MiB.
2026-09-26T22:19:09Z INFO [63/500] 15a15283-744a-488f-88a2-0dd6e7bfb720: 11 internal nodes; 0.4 s; peak memory 295 MiB.
2026-09-26T22:19:17Z INFO [64/500] 15a24609-ce22-4eb2-8158-94c197940917: 83 internal nodes; 7.5 s; peak memory 295 MiB.
2026-09-26T22:19:19Z INFO [65/500] 15a3f4f4-7902-4404-99ec-0d6c6242f44c: 40 internal nodes; 2.1 s; peak memory 295 MiB.
2026-09-26T22:19:19Z INFO [66/500] 15a53634-4019-43d1-8ba7-e9ebc8fcff5f: 27 internal nodes; 0.8 s; peak memory 295 MiB.
2026-09-26T22:19:20Z INFO [67/500] 15a5eba1-bbcf-4a38-8952-bfc24431e72d: 11 internal nodes; 0.4 s; peak memory 295 MiB.
2026-09-26T22:19:20Z INFO [68/500] 15a66a7f-f329-42a5-b548-9afc5fa4a03a: 17 internal nodes; 0.6 s; peak memory 295 MiB.
2026-09-26T22:19:21Z INFO [69/500] 15a6d021-14f3-498c-919b-a9876f4689c9: 27 internal nodes; 0.8 s; peak memory 295 MiB.
2026-09-26T22:19:27Z INFO [70/500] 15a76068-331c-4a14-a41b-f0a62792af46: 131 internal nodes; 6.1 s; peak memory 295 MiB.
2026-09-26T22:19:28Z INFO [71/500] 15a77a02-28a5-489c-b171-242bfc838bdb: 37 internal nodes; 0.9 s; peak memory 295 MiB.
2026-09-26T22:19:29Z INFO [72/500] 15a841ef-39fe-4bc8-85b3-f7ece27b8903: 31 internal nodes; 0.7 s; peak memory 295 MiB.
2026-09-26T22:19:29Z INFO [73/500] 15a85253-b8a3-482f-874e-338c8b30c9b5: 17 internal nodes; 0.6 s; peak memory 295 MiB.
2026-09-26T22:19:31Z INFO [74/500] 15a947f5-e504-4a4c-a01f-117ce708ae69: 45 internal nodes; 1.9 s; peak memory 295 MiB.
2026-09-26T22:19:32Z INFO [75/500] 15a9771f-566c-425c-acf0-7e019a5e3e89: 13 internal nodes; 0.4 s; peak memory 295 MiB.
2026-09-26T22:19:32Z INFO [76/500] 15a9e2ef-d254-4141-845c-42c2485fcf44: 21 internal nodes; 0.6 s; peak memory 295 MiB.
2026-09-26T22:19:33Z INFO [77/500] 15abace0-f522-47da-95bc-2df18b5970dd: 13 internal nodes; 0.6 s; peak memory 295 MiB.
2026-09-26T22:19:35Z INFO [78/500] 15ac4d9e-4f93-4698-bb2b-359ec19613ca: 44 internal nodes; 1.6 s; peak memory 295 MiB.
2026-09-26T22:19:35Z INFO [79/500] 15ac6bb4-13e2-4511-967c-03163bcb7d9f: 27 internal nodes; 0.7 s; peak memory 295 MiB.
2026-09-26T22:19:36Z INFO [80/500] 15adeb19-5df0-4862-bec1-62af18ae1417: 13 internal nodes; 0.7 s; peak memory 295 MiB.
2026-09-26T22:19:39Z INFO [81/500] 15ae4d37-88b8-46cc-a0b2-31c1ea7cb577: 198 internal nodes; 3.2 s; peak memory 295 MiB.
2026-09-26T22:19:40Z INFO [82/500] 15ae73f8-577f-458e-a38d-dbcbb47608f6: 17 internal nodes; 0.6 s; peak memory 295 MiB.
2026-09-26T22:19:40Z INFO [83/500] 15aecc35-3304-40d0-9cc0-a0f8cd43d105: 11 internal nodes; 0.4 s; peak memory 295 MiB.
2026-09-26T22:19:41Z INFO [84/500] 15b04f5f-1ff1-4444-917e-594ceb66ea80: 17 internal nodes; 0.5 s; peak memory 295 MiB.
2026-09-26T22:19:45Z INFO [85/500] 15b12ad9-8f9d-49bf-8829-89e484edaa42: 69 internal nodes; 4.5 s; peak memory 295 MiB.
2026-09-26T22:19:45Z INFO [86/500] 15b1d57c-0010-4a0e-9059-09dae0b997b2: 13 internal nodes; 0.4 s; peak memory 295 MiB.
2026-09-26T22:19:46Z INFO [87/500] 15b23515-8577-4713-9761-50082cc1ecad: 29 internal nodes; 0.9 s; peak memory 295 MiB.
2026-09-26T22:19:47Z INFO [88/500] 15b3cb3a-80a0-4aeb-b1df-d78876ffb82f: 19 internal nodes; 0.6 s; peak memory 295 MiB.
2026-09-26T22:19:48Z INFO [89/500] 15b3db8f-4277-4e2b-b6c9-532db8dd5e19: 27 internal nodes; 0.7 s; peak memory 295 MiB.
2026-09-26T22:19:48Z INFO [90/500] 15b3ea7d-5586-45eb-abe4-a19f6ead85b6: 13 internal nodes; 0.5 s; peak memory 295 MiB.
2026-09-26T22:19:49Z INFO [91/500] 15b5a462-db65-4aec-bc31-4e0afa2f7e0f: 17 internal nodes; 0.5 s; peak memory 295 MiB.
2026-09-26T22:19:49Z INFO [92/500] 15b5b511-8c98-49c7-a847-1e31b5116ebe: 27 internal nodes; 0.6 s; peak memory 295 MiB.
2026-09-26T22:19:51Z INFO [93/500] 15b5e825-80be-40f2-9496-4339d68791d7: 27 internal nodes; 1.1 s; peak memory 295 MiB.
2026-09-26T22:19:52Z INFO [94/500] 15b61949-0fa2-4037-80b8-efce7595ade4: 42 internal nodes; 1.3 s; peak memory 295 MiB.
2026-09-26T22:20:02Z INFO [95/500] 15b69144-18ff-419f-a397-595dde18c317: 3853 internal nodes; 10.1 s; peak memory 381 MiB.
2026-09-26T22:20:03Z INFO [96/500] 15b73960-a00c-4890-a83c-161d12809d32: 13 internal nodes; 0.7 s; peak memory 381 MiB.
2026-09-26T22:20:04Z INFO [97/500] 15b773b0-345f-4d83-ae44-d3de9d773f3f: 44 internal nodes; 1.5 s; peak memory 381 MiB.
2026-09-26T22:20:05Z INFO [98/500] 15b776f4-499f-49ba-b171-2d1697465332: 26 internal nodes; 0.5 s; peak memory 381 MiB.
2026-09-26T22:20:05Z INFO [99/500] 15b907b2-c6a5-4646-bd96-167bc154d621: 26 internal nodes; 0.5 s; peak memory 381 MiB.
2026-09-26T22:20:06Z INFO [100/500] 15ba1c75-acc6-495f-be72-90a4ae8a5f38: 55 internal nodes; 1.0 s; peak memory 381 MiB.
2026-09-26T22:20:06Z INFO [100/500] 15ba1c75-acc6-495f-be72-90a4ae8a5f38: checkpointed 56554 records.
2026-09-26T22:20:07Z INFO [101/500] 15bb0049-e101-43c4-a230-a4f6f91a53d2: 23 internal nodes; 0.9 s; peak memory 381 MiB.
2026-09-26T22:20:08Z INFO [102/500] 15bba031-2686-44ba-86e0-e39dbf61ea89: 31 internal nodes; 0.8 s; peak memory 381 MiB.
2026-09-26T22:20:09Z INFO [103/500] 15bbef90-b222-4d2a-b705-ffb8c91f8a3a: 17 internal nodes; 0.6 s; peak memory 381 MiB.
2026-09-26T22:20:10Z INFO [104/500] 15bd486e-ad4e-487b-b7ba-626e522941d4: 31 internal nodes; 0.9 s; peak memory 381 MiB.
2026-09-26T22:20:11Z INFO [105/500] 15be2227-f23d-47c5-a6c9-3fb02a2ac5bb: 44 internal nodes; 1.5 s; peak memory 381 MiB.
2026-09-26T22:20:13Z INFO [106/500] 15be3daf-f645-4330-83a1-4bd9c937662c: 46 internal nodes; 1.6 s; peak memory 381 MiB.
2026-09-26T22:20:13Z INFO [107/500] 15be5b94-3e1f-41f9-9bc2-b2dad0556c0f: 116 internal nodes; 0.7 s; peak memory 381 MiB.
2026-09-26T22:20:14Z INFO [108/500] 15bf9e06-1b64-4968-82c0-7bfd5074719b: 13 internal nodes; 0.6 s; peak memory 381 MiB.
2026-09-26T22:20:18Z INFO [109/500] 15bfd727-807d-40f2-a4c9-00a30d6ac274: 142 internal nodes; 4.3 s; peak memory 381 MiB.
2026-09-26T22:20:19Z INFO [110/500] 15c010be-7d3e-4bce-90da-e24df1fd0422: 27 internal nodes; 0.6 s; peak memory 381 MiB.
2026-09-26T22:20:23Z INFO [111/500] 15c23891-3462-4f6c-9fd3-c8c322c8178c: 61 internal nodes; 3.7 s; peak memory 381 MiB.
2026-09-26T22:20:23Z INFO [112/500] 15c2c848-c941-48e8-a4af-6e31f1bbc841: 26 internal nodes; 0.5 s; peak memory 381 MiB.
2026-09-26T22:20:27Z INFO [113/500] 15c32318-500e-4836-b214-31128bd7f740: 61 internal nodes; 3.8 s; peak memory 381 MiB.
2026-09-26T22:20:28Z INFO [114/500] 15c32754-98b9-44d1-9c89-de325f7f7a31: 37 internal nodes; 0.9 s; peak memory 381 MiB.
2026-09-26T22:20:28Z INFO [115/500] 15c40281-eb15-400f-89f7-a5f8785a1b8b: 17 internal nodes; 0.7 s; peak memory 381 MiB.
2026-09-26T22:20:29Z INFO [116/500] 15c4e38a-5f39-4079-9352-0b0a4f61d4c2: 27 internal nodes; 0.6 s; peak memory 381 MiB.
2026-09-26T22:20:30Z INFO [117/500] 15c62eac-5a7d-4fd5-9020-b5cc725aff2a: 27 internal nodes; 0.6 s; peak memory 381 MiB.
2026-09-26T22:20:37Z INFO [118/500] 15c7095f-437c-4b3a-928f-6656c83e70e5: 286 internal nodes; 7.3 s; peak memory 381 MiB.
2026-09-26T22:20:41Z INFO [119/500] 15c83cc1-f7c5-452a-b6ec-e6114f76f1b2: 157 internal nodes; 4.3 s; peak memory 381 MiB.
2026-09-26T22:20:42Z INFO [120/500] 15c88529-14de-4f0e-b9ba-a218f28606f5: 31 internal nodes; 0.9 s; peak memory 381 MiB.
2026-09-26T22:20:48Z INFO [121/500] 15ca3e65-dfc5-46d3-982a-8e24f040253e: 192 internal nodes; 5.6 s; peak memory 381 MiB.
2026-09-26T22:20:48Z INFO [122/500] 15ca3f0e-e304-46b6-bf6c-07a4db27ced9: 90 internal nodes; 0.6 s; peak memory 381 MiB.
2026-09-26T22:20:51Z INFO [123/500] 15cb7e06-b505-4da4-bc67-7ec88c4f405c: 136 internal nodes; 3.2 s; peak memory 381 MiB.
2026-09-26T22:20:52Z INFO [124/500] 15cb9f1b-fa1b-4223-b70b-ed0b3118bb2d: 31 internal nodes; 0.8 s; peak memory 381 MiB.
2026-09-26T22:20:58Z INFO [125/500] 15cc8b66-226d-449f-9ef9-574d0962f578: 70 internal nodes; 6.2 s; peak memory 381 MiB.
2026-09-26T22:20:59Z INFO [126/500] 15cccdd3-fa41-4a94-9045-1253659697b5: 17 internal nodes; 0.8 s; peak memory 381 MiB.
2026-09-26T22:21:01Z INFO [127/500] 15cd1dc4-3201-4757-ae6e-a27ded161f71: 44 internal nodes; 1.8 s; peak memory 381 MiB.
2026-09-26T22:21:02Z INFO [128/500] 15cd7873-e3e5-409e-9454-41f0b68c448a: 17 internal nodes; 0.7 s; peak memory 381 MiB.
2026-09-26T22:21:02Z INFO [129/500] 15cde387-bdeb-4d9e-8975-0f68d3ed88d2: 15 internal nodes; 0.7 s; peak memory 381 MiB.
2026-09-26T22:21:03Z INFO [130/500] 15ce07e1-73eb-44a8-b52b-f4a8b50af56e: 13 internal nodes; 0.4 s; peak memory 381 MiB.
2026-09-26T22:21:03Z INFO [131/500] 15ce2cd2-b508-423e-8246-3f325361e91e: 25 internal nodes; 0.7 s; peak memory 381 MiB.
2026-09-26T22:21:04Z INFO [132/500] 15cea0a6-b75e-4021-a0de-478214e51049: 27 internal nodes; 0.7 s; peak memory 381 MiB.
2026-09-26T22:21:05Z INFO [133/500] 15cf9fde-aebd-4d51-a8f8-41245ef5ea97: 31 internal nodes; 0.9 s; peak memory 381 MiB.
2026-09-26T22:21:06Z INFO [134/500] 15d0465b-a6f2-4a34-ad82-17511ccf1675: 23 internal nodes; 0.7 s; peak memory 381 MiB.
2026-09-26T22:21:06Z INFO [135/500] 15d10a56-942d-49d5-af73-7d43c4ea9804: 31 internal nodes; 0.7 s; peak memory 381 MiB.
2026-09-26T22:21:07Z INFO [136/500] 15d1422f-895e-41ce-9554-939ff116f6ef: 17 internal nodes; 0.5 s; peak memory 381 MiB.
2026-09-26T22:21:08Z INFO [137/500] 15d2399e-429c-4f7c-9f3d-0eb06833fe33: 26 internal nodes; 0.8 s; peak memory 381 MiB.
2026-09-26T22:21:08Z INFO [138/500] 15d2f686-179e-4d0d-a580-efe37a0f85df: 15 internal nodes; 0.5 s; peak memory 381 MiB.
2026-09-26T22:21:09Z INFO [139/500] 15d4a6c4-c831-41f8-b417-c10bb64fd7fa: 23 internal nodes; 0.6 s; peak memory 381 MiB.
2026-09-26T22:21:09Z INFO [140/500] 15d4babd-4aac-40bb-ace8-db22390ef809: 27 internal nodes; 0.7 s; peak memory 381 MiB.
2026-09-26T22:21:11Z INFO [141/500] 15d5c06e-8f10-48fc-b49b-1997b721383c: 44 internal nodes; 1.2 s; peak memory 381 MiB.
2026-09-26T22:21:11Z INFO [142/500] 15d661b3-eb3a-47a9-ac8d-8569f4883275: 31 internal nodes; 0.7 s; peak memory 381 MiB.
2026-09-26T22:21:17Z INFO [143/500] 15d697a6-c6a1-4706-8813-b24f1cd67796: 114 internal nodes; 5.3 s; peak memory 381 MiB.
2026-09-26T22:21:20Z INFO [144/500] 15d6dba9-9e03-4642-a9c0-22d3f6da20ab: 177 internal nodes; 3.4 s; peak memory 381 MiB.
2026-09-26T22:21:22Z INFO [145/500] 15d78fd7-2bea-42e1-abfb-4f51c50c47b0: 46 internal nodes; 1.4 s; peak memory 381 MiB.
2026-09-26T22:21:23Z INFO [146/500] 15d8f158-2a35-49ad-9912-c77a266f7dc6: 26 internal nodes; 1.4 s; peak memory 381 MiB.
2026-09-26T22:21:24Z INFO [147/500] 15d99d18-7008-4da1-b0f3-96da1bc29c4d: 19 internal nodes; 0.6 s; peak memory 381 MiB.
2026-09-26T22:21:25Z INFO [148/500] 15db231e-6916-4e8e-822b-61e7bce38aca: 31 internal nodes; 0.9 s; peak memory 381 MiB.
2026-09-26T22:21:26Z INFO [149/500] 15db31b4-fe0f-485a-93ac-2011fc623f4b: 44 internal nodes; 1.5 s; peak memory 381 MiB.
2026-09-26T22:21:27Z INFO [150/500] 15db3aee-16c5-47d2-ad11-ae4c84f1b063: 27 internal nodes; 0.6 s; peak memory 381 MiB.
2026-09-26T22:21:27Z INFO [150/500] 15db3aee-16c5-47d2-ad11-ae4c84f1b063: checkpointed 56604 records.
2026-09-26T22:21:31Z INFO [151/500] 15db7f30-32ee-483c-886b-efd55f5a97f2: 41 internal nodes; 3.6 s; peak memory 381 MiB.
2026-09-26T22:21:31Z INFO [152/500] 15dc84b2-0886-4650-b7ff-972f069887be: 23 internal nodes; 0.6 s; peak memory 381 MiB.
2026-09-26T22:21:32Z INFO [153/500] 15dd2b83-33d8-4d73-8454-960e057e934c: 30 internal nodes; 0.8 s; peak memory 381 MiB.
2026-09-26T22:21:32Z INFO [154/500] 15dd5925-1bc2-4363-9f75-989c374f87a8: 17 internal nodes; 0.6 s; peak memory 381 MiB.
2026-09-26T22:21:34Z INFO [155/500] 15ddb06f-9e5c-46b5-9091-80bdd0a410ef: 45 internal nodes; 1.5 s; peak memory 381 MiB.
2026-09-26T22:21:35Z INFO [156/500] 15ddecd5-c368-46a6-9bdd-869f1806a813: 23 internal nodes; 0.8 s; peak memory 381 MiB.
2026-09-26T22:21:35Z INFO [157/500] 15de5a45-0c3d-4562-8dba-11914327a684: 17 internal nodes; 0.5 s; peak memory 381 MiB.
2026-09-26T22:21:36Z INFO [158/500] 15de8523-1cc2-415a-83b8-d174ae0d9292: 56 internal nodes; 0.8 s; peak memory 381 MiB.
2026-09-26T22:21:37Z INFO [159/500] 15df02db-af6d-43e3-bf29-f8cb3e1aba23: 54 internal nodes; 0.9 s; peak memory 381 MiB.
2026-09-26T22:21:37Z INFO [160/500] 15df69a2-feb8-462b-9b4f-7994894be232: 11 internal nodes; 0.3 s; peak memory 381 MiB.
2026-09-26T22:21:38Z INFO [161/500] 15df828e-b37b-40b7-814b-c90e7da59884: 27 internal nodes; 0.7 s; peak memory 381 MiB.
2026-09-26T22:21:46Z INFO [162/500] 15df8e27-3be4-405e-94b0-296c89e5b53e: 436 internal nodes; 7.6 s; peak memory 381 MiB.
2026-09-26T22:21:47Z INFO [163/500] 15e1b46b-d6da-4203-b176-64d0038e5583: 29 internal nodes; 0.9 s; peak memory 381 MiB.
2026-09-26T22:21:47Z INFO [164/500] 15e29acd-bda0-4530-a75a-fafe08564f6e: 60 internal nodes; 0.8 s; peak memory 381 MiB.
2026-09-26T22:21:56Z INFO [165/500] 15e2c953-e1db-45d8-bc2c-c6342f19e487: 135 internal nodes; 9.0 s; peak memory 381 MiB.
2026-09-26T22:21:58Z INFO [166/500] 15e32d95-2ca6-46e5-92f5-5396fe9d8055: 61 internal nodes; 1.2 s; peak memory 381 MiB.
2026-09-26T22:21:58Z INFO [167/500] 15e34298-0b94-4ac2-80a2-ba1a5fd5052a: 27 internal nodes; 0.7 s; peak memory 381 MiB.
2026-09-26T22:21:59Z INFO [168/500] 15e48434-bb7b-4a60-9596-0c011e5bb33f: 27 internal nodes; 0.7 s; peak memory 381 MiB.
2026-09-26T22:22:00Z INFO [169/500] 15e4c26f-9f6b-4a24-8dbe-18361133e3df: 44 internal nodes; 1.4 s; peak memory 381 MiB.
2026-09-26T22:22:01Z INFO [170/500] 15e521df-114d-4321-ad47-9dbc7b5a0d58: 20 internal nodes; 1.0 s; peak memory 381 MiB.
2026-09-26T22:22:02Z INFO [171/500] 15e57ff7-65e3-4531-8f5d-4a2847a56afa: 30 internal nodes; 1.0 s; peak memory 381 MiB.
2026-09-26T22:22:03Z INFO [172/500] 15e65307-91aa-4e48-b616-f649fbda1a0b: 17 internal nodes; 0.7 s; peak memory 381 MiB.
2026-09-26T22:22:04Z INFO [173/500] 15e6a56c-6af2-4d14-b7e0-39302d8247ef: 17 internal nodes; 0.6 s; peak memory 381 MiB.
2026-09-26T22:22:05Z INFO [174/500] 15e7af23-1f31-44db-8ece-db23c38ec639: 37 internal nodes; 0.9 s; peak memory 381 MiB.
2026-09-26T22:22:05Z INFO [175/500] 15e843c5-66a8-4a04-8638-40e58654f367: 81 internal nodes; 0.6 s; peak memory 381 MiB.
2026-09-26T22:22:06Z INFO [176/500] 15e84d36-5dfb-49b3-aeac-54bbd81aad08: 66 internal nodes; 0.9 s; peak memory 381 MiB.
2026-09-26T22:22:07Z INFO [177/500] 15e8520b-9d3b-4e03-8a45-6440a8604a74: 17 internal nodes; 0.6 s; peak memory 381 MiB.
2026-09-26T22:22:08Z INFO [178/500] 15ea02b9-c2d1-4827-84f9-13f415f1cc0a: 72 internal nodes; 1.0 s; peak memory 382 MiB.
2026-09-26T22:22:08Z INFO [179/500] 15ea2876-48bf-4b61-ba40-07f956f5907d: 17 internal nodes; 0.5 s; peak memory 382 MiB.
2026-09-26T22:22:10Z INFO [180/500] 15eba4d0-b31e-4f67-ae0d-84081fc22c8d: 42 internal nodes; 1.7 s; peak memory 382 MiB.
2026-09-26T22:22:11Z INFO [181/500] 15ebd112-6924-41ab-918a-54b2732d7fc5: 30 internal nodes; 0.9 s; peak memory 382 MiB.
2026-09-26T22:22:11Z INFO [182/500] 15ec4a30-dec4-46ac-9b1e-42664ccb230b: 26 internal nodes; 0.4 s; peak memory 382 MiB.
2026-09-26T22:22:12Z INFO [183/500] 15ec87d9-27ff-44bc-b101-ae3bcfe2e1bc: 25 internal nodes; 0.7 s; peak memory 382 MiB.
2026-09-26T22:22:17Z INFO [184/500] 15ece562-e661-404a-8eaf-83f261c40362: 70 internal nodes; 4.7 s; peak memory 382 MiB.
2026-09-26T22:22:17Z INFO [185/500] 15edc03c-a763-4cb4-b449-a523ca74f93c: 90 internal nodes; 0.6 s; peak memory 382 MiB.
2026-09-26T22:22:18Z INFO [186/500] 15ede697-0bb2-43ef-9bf7-32a6a2fbcede: 26 internal nodes; 0.6 s; peak memory 382 MiB.
2026-09-26T22:22:18Z INFO [187/500] 15ee3d8f-4494-4d81-9758-fd338c5438c1: 17 internal nodes; 0.5 s; peak memory 382 MiB.
2026-09-26T22:22:19Z INFO [188/500] 15ee70a8-001c-496f-a0e7-30076a78a9de: 17 internal nodes; 0.6 s; peak memory 382 MiB.
2026-09-26T22:22:21Z INFO [189/500] 15ef083c-dd3f-4dd9-bed7-6090e71fdd60: 46 internal nodes; 1.6 s; peak memory 382 MiB.
2026-09-26T22:22:21Z INFO [190/500] 15ef2dc6-c262-4767-8d2b-6e03dc9aef57: 38 internal nodes; 0.9 s; peak memory 382 MiB.
2026-09-26T22:22:26Z INFO [191/500] 15ef84b6-5005-4fa0-8392-298038ac232d: 221 internal nodes; 4.6 s; peak memory 382 MiB.
2026-09-26T22:22:28Z INFO [192/500] 15f1fd4a-3360-42ff-ab51-ae40e7853cf4: 56 internal nodes; 1.8 s; peak memory 382 MiB.
2026-09-26T22:22:33Z INFO [193/500] 15f35d52-d705-4970-901b-d7774cec1368: 1933 internal nodes; 5.4 s; peak memory 382 MiB.
2026-09-26T22:22:34Z INFO [194/500] 15f389c1-9eea-4e3d-be33-908c061eea72: 30 internal nodes; 1.2 s; peak memory 382 MiB.
2026-09-26T22:22:35Z INFO [195/500] 15f41f60-f584-4f39-80d0-e577752b3c3f: 13 internal nodes; 0.6 s; peak memory 382 MiB.
2026-09-26T22:22:41Z INFO [196/500] 15f43386-c6cb-4c99-8a85-1b9923033fdf: 244 internal nodes; 6.4 s; peak memory 382 MiB.
2026-09-26T22:22:42Z INFO [197/500] 15f48a6e-3e5f-4c8f-9adf-350dabd2b34d: 30 internal nodes; 0.7 s; peak memory 382 MiB.
2026-09-26T22:22:46Z INFO [198/500] 15f4de0c-edad-4e58-a8a7-c1523a974709: 175 internal nodes; 4.0 s; peak memory 382 MiB.
2026-09-26T22:22:47Z INFO [199/500] 15f517e7-dadf-4d3a-b292-9ff4a380facb: 17 internal nodes; 0.5 s; peak memory 382 MiB.
2026-09-26T22:22:47Z INFO [200/500] 15f713f4-6d8d-43ff-9674-d365b9f69cc7: 17 internal nodes; 0.7 s; peak memory 382 MiB.
2026-09-26T22:22:48Z INFO [200/500] 15f713f4-6d8d-43ff-9674-d365b9f69cc7: checkpointed 56654 records.
2026-09-26T22:22:48Z INFO [201/500] 15f88193-7463-4888-93a7-c074aec33d75: 17 internal nodes; 0.6 s; peak memory 382 MiB.
2026-09-26T22:22:49Z INFO [202/500] 15f8c47a-86eb-4265-ad29-6b03aea7fa2d: 29 internal nodes; 1.0 s; peak memory 382 MiB.
2026-09-26T22:22:50Z INFO [203/500] 15f8ff54-7363-4e99-8cb5-de1b58eb73b4: 17 internal nodes; 0.7 s; peak memory 382 MiB.
2026-09-26T22:22:50Z INFO [204/500] 15f9414a-529d-4d95-ac1c-9f214fdf44c2: 18 internal nodes; 0.5 s; peak memory 382 MiB.
2026-09-26T22:22:51Z INFO [205/500] 15f973d8-16fe-43bf-9fe2-81d7ffc9d92f: 27 internal nodes; 0.4 s; peak memory 382 MiB.
2026-09-26T22:22:51Z INFO [206/500] 15facaa2-cc44-472d-b51c-155fd5ec9471: 27 internal nodes; 0.7 s; peak memory 382 MiB.
2026-09-26T22:22:52Z INFO [207/500] 15fcc631-61b4-4b57-9339-aa2ae2cec04e: 17 internal nodes; 0.6 s; peak memory 382 MiB.
2026-09-26T22:22:53Z INFO [208/500] 15fd4e29-0dc9-4637-950c-3f236e8c1869: 17 internal nodes; 0.6 s; peak memory 382 MiB.
2026-09-26T22:22:53Z INFO [209/500] 15fdb76b-247c-4d96-aedf-7214b8c6fd63: 119 internal nodes; 0.7 s; peak memory 382 MiB.
2026-09-26T22:22:54Z INFO [210/500] 15fe0ef9-9b5f-48a1-b669-569f4d59738a: 17 internal nodes; 0.5 s; peak memory 382 MiB.
2026-09-26T22:22:54Z INFO [211/500] 15fe639d-f921-41cd-815f-fd046708d24a: 27 internal nodes; 0.7 s; peak memory 382 MiB.
2026-09-26T22:22:55Z INFO [212/500] 15fe675b-8395-48b1-b818-0dafdd8e3871: 17 internal nodes; 0.5 s; peak memory 382 MiB.
2026-09-26T22:22:56Z INFO [213/500] 15fe6d8f-b8e4-4859-b01c-44d4b738c4e6: 27 internal nodes; 0.7 s; peak memory 382 MiB.
2026-09-26T22:22:57Z INFO [214/500] 15fe8ff4-4cb7-4b06-b98d-83e08159f826: 46 internal nodes; 1.8 s; peak memory 382 MiB.
2026-09-26T22:22:58Z INFO [215/500] 15fefbd1-b3b8-42e9-a3f0-311085a63519: 23 internal nodes; 0.5 s; peak memory 382 MiB.
2026-09-26T22:22:58Z INFO [216/500] 15ff2547-b82b-4530-b566-dff7c38f134a: 13 internal nodes; 0.4 s; peak memory 382 MiB.
2026-09-26T22:23:02Z INFO [217/500] 15ffc3f9-d6c1-45d7-9390-3de8ae0cf678: 177 internal nodes; 3.4 s; peak memory 382 MiB.
2026-09-26T22:23:02Z INFO [218/500] 15ffcd06-04e5-4929-85ae-edb1def79fee: 19 internal nodes; 0.4 s; peak memory 382 MiB.
2026-09-26T22:23:03Z INFO [219/500] 16004999-892b-4f5d-80de-3b76f9bf49ce: 17 internal nodes; 0.4 s; peak memory 382 MiB.
2026-09-26T22:23:10Z INFO [220/500] 16007758-1eb2-4991-ab55-3b1e86921fb2: 207 internal nodes; 7.6 s; peak memory 382 MiB.
2026-09-26T22:23:11Z INFO [221/500] 16007ad8-317b-4126-9303-de7af7c02ba3: 17 internal nodes; 0.6 s; peak memory 382 MiB.
2026-09-26T22:23:11Z INFO [222/500] 16009a46-ecf9-4877-8d9a-9c959cb50f55: 27 internal nodes; 0.5 s; peak memory 382 MiB.
2026-09-26T22:23:12Z INFO [223/500] 1601210d-1028-4c3b-8b9e-dda2dd78e95d: 31 internal nodes; 0.8 s; peak memory 382 MiB.
2026-09-26T22:23:13Z INFO [224/500] 160160fc-06e9-4533-89c6-09eb14809fad: 116 internal nodes; 0.8 s; peak memory 382 MiB.
2026-09-26T22:23:15Z INFO [225/500] 16031d88-9b27-46b8-91f6-d31c78eaef5d: 26 internal nodes; 2.4 s; peak memory 382 MiB.
2026-09-26T22:23:16Z INFO [226/500] 16031fc4-8d01-4c2e-b2b6-eda65b6a675b: 31 internal nodes; 0.7 s; peak memory 382 MiB.
2026-09-26T22:23:17Z INFO [227/500] 16033829-fb05-4f5c-ba51-739798513792: 17 internal nodes; 0.5 s; peak memory 382 MiB.
2026-09-26T22:23:17Z INFO [228/500] 16044965-4a60-48bb-96d5-7e5a4080a823: 27 internal nodes; 0.6 s; peak memory 382 MiB.
2026-09-26T22:23:18Z INFO [229/500] 1604791d-5e68-4b33-9140-183c562e9e33: 36 internal nodes; 0.8 s; peak memory 382 MiB.
2026-09-26T22:23:19Z INFO [230/500] 16048ce6-429f-4f6b-b590-063d8b532c92: 17 internal nodes; 0.5 s; peak memory 382 MiB.
2026-09-26T22:23:21Z INFO [231/500] 1605d8e5-ac8c-41d4-b85d-58e531793c0e: 83 internal nodes; 2.8 s; peak memory 382 MiB.
2026-09-26T22:23:22Z INFO [232/500] 1606ac7b-cc44-4b64-ae8e-ed4c401f8a0b: 38 internal nodes; 0.8 s; peak memory 382 MiB.
2026-09-26T22:23:23Z INFO [233/500] 1606af5d-9cf1-4a82-bc88-aa56d418ec36: 17 internal nodes; 0.6 s; peak memory 382 MiB.
2026-09-26T22:23:23Z INFO [234/500] 160748b1-4a76-471f-8dcd-8756888c1ec7: 11 internal nodes; 0.5 s; peak memory 382 MiB.
2026-09-26T22:23:24Z INFO [235/500] 160793d2-3edb-45e4-af8c-a5b5088dc8c5: 27 internal nodes; 0.7 s; peak memory 382 MiB.
2026-09-26T22:23:24Z INFO [236/500] 1607ddb8-bcf2-4241-a790-87117fb2aa0e: 13 internal nodes; 0.5 s; peak memory 382 MiB.
2026-09-26T22:23:25Z INFO [237/500] 1607fad5-26f7-4459-932a-5f33087e8578: 54 internal nodes; 0.7 s; peak memory 382 MiB.
2026-09-26T22:23:26Z INFO [238/500] 16081eaf-f80e-4dcf-a384-fd4bfd89febd: 66 internal nodes; 0.9 s; peak memory 382 MiB.
2026-09-26T22:23:27Z INFO [239/500] 16082ccf-323d-4bf7-94e6-76d50d90113f: 18 internal nodes; 0.7 s; peak memory 382 MiB.
2026-09-26T22:23:27Z INFO [240/500] 1608762f-2a2a-4270-ae91-656b1fb0a0be: 17 internal nodes; 0.5 s; peak memory 382 MiB.
2026-09-26T22:23:28Z INFO [241/500] 1608bc38-c619-4871-a4e2-d68b8c3a1260: 17 internal nodes; 0.6 s; peak memory 382 MiB.
2026-09-26T22:23:28Z INFO [242/500] 16093b16-6a8b-4bce-be1e-a97142e1609e: 17 internal nodes; 0.5 s; peak memory 382 MiB.
2026-09-26T22:23:32Z INFO [243/500] 16094722-28ad-417a-acf8-9d75635ec837: 174 internal nodes; 3.6 s; peak memory 382 MiB.
2026-09-26T22:23:33Z INFO [244/500] 16099951-d067-4107-8d83-82e0fe773a92: 37 internal nodes; 1.0 s; peak memory 382 MiB.
2026-09-26T22:23:39Z INFO [245/500] 160a1fd9-161b-4fb0-8e45-387b164e2b3d: 114 internal nodes; 5.7 s; peak memory 382 MiB.
2026-09-26T22:23:39Z INFO [246/500] 160a2549-eae8-4df8-9965-abf779f13e83: 23 internal nodes; 0.6 s; peak memory 382 MiB.
2026-09-26T22:23:40Z INFO [247/500] 160a4edc-b442-47f5-87e0-24948725d2c5: 27 internal nodes; 0.7 s; peak memory 382 MiB.
2026-09-26T22:23:41Z INFO [248/500] 160aa97e-b53e-46a3-9b9e-2871189df3c5: 33 internal nodes; 1.3 s; peak memory 382 MiB.
2026-09-26T22:23:42Z INFO [249/500] 160af635-aca2-446f-a270-a92efff809d1: 39 internal nodes; 1.1 s; peak memory 382 MiB.
2026-09-26T22:23:46Z INFO [250/500] 160ba0e6-a506-49bd-a242-bd8f1e175179: 145 internal nodes; 3.4 s; peak memory 382 MiB.
2026-09-26T22:23:46Z INFO [250/500] 160ba0e6-a506-49bd-a242-bd8f1e175179: checkpointed 56704 records.
2026-09-26T22:23:47Z INFO [251/500] 160cfe54-b02d-4f30-b9b4-75e596549b30: 58 internal nodes; 1.0 s; peak memory 382 MiB.
2026-09-26T22:23:51Z INFO [252/500] 160f3880-ca71-4d8c-96a7-7c2be72eea63: 61 internal nodes; 3.6 s; peak memory 382 MiB.
2026-09-26T22:23:59Z INFO [253/500] 1610ad19-31f1-4b62-9bb8-334f615d67b7: 83 internal nodes; 8.0 s; peak memory 382 MiB.
2026-09-26T22:24:05Z INFO [254/500] 16125cd9-689b-4fc8-a24d-3915b02a233f: 199 internal nodes; 6.7 s; peak memory 382 MiB.
2026-09-26T22:24:06Z INFO [255/500] 16127e76-edb7-4cab-901c-0824119241fc: 25 internal nodes; 0.4 s; peak memory 382 MiB.
2026-09-26T22:24:06Z INFO [256/500] 16141daa-e622-4074-9333-e7051dcb4bf1: 27 internal nodes; 0.6 s; peak memory 382 MiB.
2026-09-26T22:24:08Z INFO [257/500] 16147ece-303a-4f2b-a5d3-e7f4874113da: 46 internal nodes; 1.7 s; peak memory 382 MiB.
2026-09-26T22:24:12Z INFO [258/500] 16153794-f9a9-4f32-8376-aada0ff129e8: 65 internal nodes; 4.3 s; peak memory 382 MiB.
2026-09-26T22:24:15Z INFO [259/500] 1615cc66-f08b-4787-a46a-8311a06dd824: 73 internal nodes; 3.0 s; peak memory 382 MiB.
2026-09-26T22:24:19Z INFO [260/500] 16160346-b3b5-4396-81d4-b49b9283ec77: 166 internal nodes; 4.0 s; peak memory 382 MiB.
2026-09-26T22:24:20Z INFO [261/500] 16174541-5fdc-4b1b-96b1-f47cb68a0ccc: 17 internal nodes; 0.6 s; peak memory 382 MiB.
2026-09-26T22:24:20Z INFO [262/500] 16174da4-a4d0-4ef6-b184-dd8122f83a1f: 22 internal nodes; 0.4 s; peak memory 382 MiB.
2026-09-26T22:24:21Z INFO [263/500] 16176397-1b29-496d-9193-5555393b4304: 27 internal nodes; 0.7 s; peak memory 382 MiB.
2026-09-26T22:24:25Z INFO [264/500] 16184f36-d9ce-4fb5-9dbc-df1c8cf9050d: 139 internal nodes; 3.9 s; peak memory 382 MiB.
2026-09-26T22:24:26Z INFO [265/500] 1618775a-b5c2-4e00-84d7-513dacb15687: 63 internal nodes; 0.8 s; peak memory 382 MiB.
2026-09-26T22:24:27Z INFO [266/500] 1619038e-f806-4723-8e8d-5afecc17fe5b: 24 internal nodes; 1.0 s; peak memory 382 MiB.
2026-09-26T22:24:28Z INFO [267/500] 16196c15-acd4-4ed3-b67a-f57e278ee87a: 22 internal nodes; 0.8 s; peak memory 382 MiB.
2026-09-26T22:24:32Z INFO [268/500] 16197a12-e90e-4dd9-bfd3-a3a5777e1565: 62 internal nodes; 4.0 s; peak memory 382 MiB.
2026-09-26T22:24:35Z INFO [269/500] 1619fc1a-3d8d-4134-8dad-eed80f30646e: 146 internal nodes; 3.2 s; peak memory 382 MiB.
2026-09-26T22:24:36Z INFO [270/500] 161a876f-953c-4db5-a396-56cb3b579c54: 36 internal nodes; 1.1 s; peak memory 382 MiB.
2026-09-26T22:24:37Z INFO [271/500] 161ae64b-acab-4567-ab0f-416cea7e740f: 27 internal nodes; 0.7 s; peak memory 382 MiB.
2026-09-26T22:24:38Z INFO [272/500] 161bf3a7-5b29-4132-a47b-21615bb10b2d: 44 internal nodes; 1.6 s; peak memory 382 MiB.
2026-09-26T22:24:39Z INFO [273/500] 161bf6f7-4af6-4117-9e1c-0284fd9a69f5: 53 internal nodes; 1.1 s; peak memory 382 MiB.
2026-09-26T22:24:40Z INFO [274/500] 161c5ecd-22f8-44f1-914b-3dbc60fd2fec: 27 internal nodes; 0.6 s; peak memory 382 MiB.
2026-09-26T22:24:40Z INFO [275/500] 161c69a3-5c48-4170-8693-7c370d97fdec: 13 internal nodes; 0.4 s; peak memory 382 MiB.
2026-09-26T22:24:41Z INFO [276/500] 161cd173-8eca-4ea7-ac57-eccae5c88dea: 27 internal nodes; 0.6 s; peak memory 382 MiB.
2026-09-26T22:24:42Z INFO [277/500] 161cdfad-a4fe-4e87-b470-fd5e39718f3e: 27 internal nodes; 0.7 s; peak memory 382 MiB.
2026-09-26T22:24:48Z INFO [278/500] 161fdc34-0e0e-4612-8f32-858118a514a7: 239 internal nodes; 6.6 s; peak memory 382 MiB.
2026-09-26T22:24:49Z INFO [279/500] 161ffe05-cf8b-4fe9-86dd-a6316830eb51: 27 internal nodes; 0.6 s; peak memory 382 MiB.
2026-09-26T22:24:50Z INFO [280/500] 1620fd38-88a2-4da6-92a7-98bf171f924e: 36 internal nodes; 0.8 s; peak memory 382 MiB.
2026-09-26T22:24:50Z INFO [281/500] 1621b65a-a35c-45a1-8156-a2327c4c8e98: 18 internal nodes; 0.5 s; peak memory 382 MiB.
2026-09-26T22:24:50Z INFO [282/500] 16220da9-acd8-468e-9230-7c793e623bfd: 11 internal nodes; 0.4 s; peak memory 382 MiB.
2026-09-26T22:24:51Z INFO [283/500] 16224a51-ae7c-4b10-a50a-1521d2902f51: 25 internal nodes; 0.4 s; peak memory 382 MiB.
2026-09-26T22:24:59Z INFO [284/500] 16225fbb-6e0f-48dc-a94a-e9b33fc2d972: 84 internal nodes; 8.2 s; peak memory 382 MiB.
2026-09-26T22:25:00Z INFO [285/500] 16230b82-fce5-49be-89e4-e2d7028f01a9: 53 internal nodes; 1.0 s; peak memory 382 MiB.
2026-09-26T22:25:01Z INFO [286/500] 16239015-de5c-4790-a9f8-dc934f201dd5: 17 internal nodes; 0.5 s; peak memory 382 MiB.
2026-09-26T22:25:01Z INFO [287/500] 1623c2f0-d39f-4ccd-9c9d-243b20cd935a: 17 internal nodes; 0.6 s; peak memory 382 MiB.
2026-09-26T22:25:02Z INFO [288/500] 16243931-ba18-444d-a570-ca9ffa87903f: 27 internal nodes; 0.7 s; peak memory 382 MiB.
2026-09-26T22:25:02Z INFO [289/500] 16257b1b-b797-429a-a7d9-3aa6b3d455c0: 17 internal nodes; 0.6 s; peak memory 382 MiB.
2026-09-26T22:25:09Z INFO [290/500] 1626672e-4315-4f65-9205-75d63e71a187: 294 internal nodes; 6.6 s; peak memory 382 MiB.
2026-09-26T22:25:10Z INFO [291/500] 16274d6f-47f8-4b15-a72c-ed5c9cfce127: 27 internal nodes; 0.8 s; peak memory 382 MiB.
2026-09-26T22:25:11Z INFO [292/500] 1627a950-837e-4597-b767-7802c72d3f00: 31 internal nodes; 0.8 s; peak memory 382 MiB.
2026-09-26T22:25:11Z INFO [293/500] 16281cdd-c224-47ec-b34d-d3934fb4c374: 17 internal nodes; 0.5 s; peak memory 382 MiB.
2026-09-26T22:25:12Z INFO [294/500] 16281e62-c048-4e84-9806-6b53b594f575: 17 internal nodes; 0.6 s; peak memory 382 MiB.
2026-09-26T22:25:17Z INFO [295/500] 16299dc2-b709-4c81-8a96-26898f2c673c: 215 internal nodes; 5.8 s; peak memory 382 MiB.
2026-09-26T22:25:19Z INFO [296/500] 1629be26-7bc7-4a71-b7b6-22ecc3efdcaf: 61 internal nodes; 2.0 s; peak memory 382 MiB.
2026-09-26T22:25:20Z INFO [297/500] 162a287d-a3c1-487f-9181-d7d4be2618e1: 37 internal nodes; 1.0 s; peak memory 382 MiB.
2026-09-26T22:25:33Z INFO [298/500] 162a3e8b-f436-4e59-abc2-4a6e9a1d285f: 561 internal nodes; 12.4 s; peak memory 382 MiB.
2026-09-26T22:25:33Z INFO [299/500] 162af150-e0fd-49f2-9650-97c4803c40aa: 15 internal nodes; 0.5 s; peak memory 382 MiB.
2026-09-26T22:25:34Z INFO [300/500] 162b120f-79b0-47a0-a594-195f8ecc7547: 13 internal nodes; 0.5 s; peak memory 382 MiB.
2026-09-26T22:25:34Z INFO [300/500] 162b120f-79b0-47a0-a594-195f8ecc7547: checkpointed 56754 records.
2026-09-26T22:25:35Z INFO [301/500] 162b97ea-f0d3-4cc9-bb55-3692b58adf46: 24 internal nodes; 0.6 s; peak memory 382 MiB.
2026-09-26T22:25:35Z INFO [302/500] 162bc7a3-8042-4c39-a4fe-519260c8f985: 11 internal nodes; 0.4 s; peak memory 382 MiB.
2026-09-26T22:25:36Z INFO [303/500] 162ce45b-5f91-49f6-8d20-306074f12fcc: 31 internal nodes; 1.1 s; peak memory 382 MiB.
2026-09-26T22:25:37Z INFO [304/500] 162cf267-3fcc-4ec6-b080-45766b685a4d: 18 internal nodes; 0.4 s; peak memory 382 MiB.
2026-09-26T22:25:37Z INFO [305/500] 162d19bf-ab2b-483d-986f-0d3bb94c6e11: 115 internal nodes; 0.7 s; peak memory 382 MiB.
2026-09-26T22:25:38Z INFO [306/500] 162ea38c-50df-496e-93be-9cf1e1216f69: 31 internal nodes; 0.9 s; peak memory 382 MiB.
2026-09-26T22:25:39Z INFO [307/500] 162eca25-3be9-4fa6-9695-9951ec41f0d5: 27 internal nodes; 0.7 s; peak memory 382 MiB.
2026-09-26T22:25:39Z INFO [308/500] 162ed6df-bfbc-4025-b635-d59692855778: 27 internal nodes; 0.6 s; peak memory 382 MiB.
2026-09-26T22:25:40Z INFO [309/500] 162f8c4d-82d0-4ace-bd7b-9f2ccdb41f04: 29 internal nodes; 0.8 s; peak memory 382 MiB.
2026-09-26T22:25:41Z INFO [310/500] 162fbf90-06b3-48c4-b1fd-dd22b8409f6c: 29 internal nodes; 0.8 s; peak memory 382 MiB.
2026-09-26T22:25:42Z INFO [311/500] 16301deb-740a-42c4-b745-d6087561c7c9: 37 internal nodes; 1.0 s; peak memory 382 MiB.
2026-09-26T22:25:43Z INFO [312/500] 1631f994-e1b3-41c7-b46d-13f98e0ba4ee: 23 internal nodes; 1.0 s; peak memory 382 MiB.
2026-09-26T22:25:43Z INFO [313/500] 163206d8-d861-4a4a-8361-2e0821fbd2ba: 17 internal nodes; 0.5 s; peak memory 382 MiB.
2026-09-26T22:25:44Z INFO [314/500] 163211b5-e8de-47b3-b7d5-6836852bb382: 31 internal nodes; 0.9 s; peak memory 382 MiB.
2026-09-26T22:25:45Z INFO [315/500] 163211f5-86af-4aa2-aa5b-8d1839e52ad5: 27 internal nodes; 0.7 s; peak memory 382 MiB.
2026-09-26T22:25:48Z INFO [316/500] 16324d8e-d0bd-4c96-a84b-e40c1d5d2887: 73 internal nodes; 3.3 s; peak memory 382 MiB.
2026-09-26T22:25:49Z INFO [317/500] 1633169a-9921-4534-b921-2211798d9a33: 17 internal nodes; 0.6 s; peak memory 382 MiB.
2026-09-26T22:25:49Z INFO [318/500] 16337e56-54d1-4d5d-b8c7-fd797e4d4a9e: 13 internal nodes; 0.5 s; peak memory 382 MiB.
2026-09-26T22:25:52Z INFO [319/500] 16354716-2b87-4161-b533-484736777227: 107 internal nodes; 2.4 s; peak memory 382 MiB.
2026-09-26T22:25:52Z INFO [320/500] 1635d1cd-2876-4383-9490-627d304aea57: 17 internal nodes; 0.6 s; peak memory 382 MiB.
2026-09-26T22:25:53Z INFO [321/500] 1636dbd2-9746-4755-9d4a-0ad7f452b1b2: 27 internal nodes; 0.6 s; peak memory 382 MiB.
2026-09-26T22:25:54Z INFO [322/500] 1637c4b9-8bbb-4b0d-9ce2-673d72385efd: 61 internal nodes; 0.7 s; peak memory 382 MiB.
2026-09-26T22:25:59Z INFO [323/500] 1639004c-260c-459c-ab9b-fec63a826abf: 213 internal nodes; 5.3 s; peak memory 382 MiB.
2026-09-26T22:26:00Z INFO [324/500] 163947c0-276e-4a76-9b34-a26898fa797e: 17 internal nodes; 0.5 s; peak memory 382 MiB.
2026-09-26T22:26:00Z INFO [325/500] 16395240-5050-4195-beec-1cad5b675ef2: 17 internal nodes; 0.7 s; peak memory 382 MiB.
2026-09-26T22:26:01Z INFO [326/500] 1639d8b8-d585-4d8f-b93b-f367a51b693f: 17 internal nodes; 0.5 s; peak memory 382 MiB.
2026-09-26T22:26:02Z INFO [327/500] 163a7da6-1a76-437c-94ef-c71b1fbae392: 31 internal nodes; 0.8 s; peak memory 382 MiB.
2026-09-26T22:26:02Z INFO [328/500] 163b2c85-804b-4d02-b1cb-0dbf0b588595: 20 internal nodes; 0.5 s; peak memory 382 MiB.
2026-09-26T22:26:03Z INFO [329/500] 163b49ea-e2b7-4021-ab64-cf01159f2fcb: 27 internal nodes; 0.6 s; peak memory 382 MiB.
2026-09-26T22:26:03Z INFO [330/500] 163b6139-49c8-4956-b74b-f696fb9464f8: 17 internal nodes; 0.6 s; peak memory 382 MiB.
2026-09-26T22:26:04Z INFO [331/500] 163b61b2-ca20-4e04-8767-9431044386bd: 32 internal nodes; 1.0 s; peak memory 382 MiB.
2026-09-26T22:26:05Z INFO [332/500] 163c7991-f982-452b-b2e6-9b659d2ded83: 116 internal nodes; 0.8 s; peak memory 382 MiB.
2026-09-26T22:26:06Z INFO [333/500] 163d2a4b-94ee-4fba-b5de-0e81ae7b508e: 90 internal nodes; 0.6 s; peak memory 382 MiB.
2026-09-26T22:26:06Z INFO [334/500] 163d3e92-d803-495f-a8ec-35b11c50b849: 27 internal nodes; 0.7 s; peak memory 382 MiB.
2026-09-26T22:26:07Z INFO [335/500] 163ead02-c12e-49ea-b233-a02cec7de77a: 27 internal nodes; 0.6 s; peak memory 382 MiB.
2026-09-26T22:26:08Z INFO [336/500] 163fa285-5d2b-4a78-969f-ceca06f74911: 44 internal nodes; 1.2 s; peak memory 382 MiB.
2026-09-26T22:26:09Z INFO [337/500] 16401539-75be-4dd2-a679-89a993f7d2af: 27 internal nodes; 0.6 s; peak memory 382 MiB.
2026-09-26T22:26:09Z INFO [338/500] 164055ca-e22d-4909-8c94-b0579890688b: 21 internal nodes; 0.6 s; peak memory 382 MiB.
2026-09-26T22:26:10Z INFO [339/500] 16407ac9-ed07-4097-853d-5ea8cdb2f0b1: 31 internal nodes; 0.7 s; peak memory 382 MiB.
2026-09-26T22:26:11Z INFO [340/500] 164092ae-f5b8-4896-a04c-848391417475: 31 internal nodes; 0.9 s; peak memory 382 MiB.
2026-09-26T22:26:12Z INFO [341/500] 1640ea71-bc0c-4976-ae96-c60120ede96c: 60 internal nodes; 0.9 s; peak memory 382 MiB.
2026-09-26T22:26:12Z INFO [342/500] 1641a60f-b869-4f6c-a57b-e4a83515fa03: 27 internal nodes; 0.6 s; peak memory 382 MiB.
2026-09-26T22:26:14Z INFO [343/500] 16423ca5-b18a-4543-9f86-e20b0f61f0b4: 41 internal nodes; 1.9 s; peak memory 382 MiB.
2026-09-26T22:26:15Z INFO [344/500] 16425e95-5e24-472a-a06b-8975e3e45bea: 17 internal nodes; 0.5 s; peak memory 382 MiB.
2026-09-26T22:26:15Z INFO [345/500] 16429a34-5619-4233-8845-b369101408d8: 26 internal nodes; 0.5 s; peak memory 382 MiB.
2026-09-26T22:26:16Z INFO [346/500] 1642d3cc-da6a-4641-ad30-0a656790a127: 19 internal nodes; 0.6 s; peak memory 382 MiB.
2026-09-26T22:26:16Z INFO [347/500] 16432651-b3ce-4881-812d-7cfd17b207bd: 11 internal nodes; 0.4 s; peak memory 382 MiB.
2026-09-26T22:26:21Z INFO [348/500] 1643ad25-fe9c-4b33-a769-088885b76ccf: 182 internal nodes; 5.1 s; peak memory 382 MiB.
2026-09-26T22:26:22Z INFO [349/500] 1644656a-f0a6-4a04-915b-d1e670eee74e: 24 internal nodes; 0.8 s; peak memory 382 MiB.
2026-09-26T22:26:24Z INFO [350/500] 1644d485-7902-46d5-ad75-b9dd6c308259: 44 internal nodes; 1.5 s; peak memory 382 MiB.
2026-09-26T22:26:24Z INFO [350/500] 1644d485-7902-46d5-ad75-b9dd6c308259: checkpointed 56804 records.
2026-09-26T22:26:24Z INFO [351/500] 1645a57f-8758-4f63-90ce-b17703b3765a: 23 internal nodes; 0.5 s; peak memory 382 MiB.
2026-09-26T22:26:29Z INFO [352/500] 1645eb2a-3f56-4878-9110-aab43cf0ece5: 194 internal nodes; 4.1 s; peak memory 382 MiB.
2026-09-26T22:26:29Z INFO [353/500] 164653b0-6fdc-4ac6-bbf0-07b400bc543f: 13 internal nodes; 0.6 s; peak memory 382 MiB.
2026-09-26T22:26:35Z INFO [354/500] 164668a1-e668-40bf-a281-e137c463623e: 269 internal nodes; 5.8 s; peak memory 382 MiB.
2026-09-26T22:26:36Z INFO [355/500] 16479ce3-eb58-4e0b-a1ea-921487178eec: 31 internal nodes; 1.0 s; peak memory 382 MiB.
2026-09-26T22:26:37Z INFO [356/500] 1648811a-91e8-48ae-933a-e07bbc4e581b: 114 internal nodes; 0.5 s; peak memory 382 MiB.
2026-09-26T22:26:42Z INFO [357/500] 16491e54-9636-426e-bac8-04f66c1f4df3: 187 internal nodes; 5.0 s; peak memory 382 MiB.
2026-09-26T22:26:42Z INFO [358/500] 1649f1f5-3198-4efd-a4a2-b46c1c1a7c25: 56 internal nodes; 0.8 s; peak memory 382 MiB.
2026-09-26T22:26:44Z INFO [359/500] 164a8751-a88b-450d-a77d-adb123e14ba6: 34 internal nodes; 1.4 s; peak memory 382 MiB.
2026-09-26T22:26:49Z INFO [360/500] 164acb96-6d20-449d-97b9-7d196b92b205: 40 internal nodes; 5.0 s; peak memory 384 MiB.
2026-09-26T22:26:50Z INFO [361/500] 164af1ed-8bf4-4bce-9b35-6da38582b6a6: 27 internal nodes; 0.9 s; peak memory 384 MiB.
2026-09-26T22:26:51Z INFO [362/500] 164be034-93f1-48f0-8a05-75860a24b7c8: 31 internal nodes; 0.9 s; peak memory 384 MiB.
2026-09-26T22:26:51Z INFO [363/500] 164c2729-7a78-4b5e-98a7-52f1b2e7e97c: 17 internal nodes; 0.6 s; peak memory 384 MiB.
2026-09-26T22:26:51Z INFO [364/500] 164d22f1-f9fc-4148-a01b-b6d1c5b29e0b: 11 internal nodes; 0.3 s; peak memory 384 MiB.
2026-09-26T22:26:52Z INFO [365/500] 164ece25-7580-481c-bbfa-649e90400b61: 63 internal nodes; 0.8 s; peak memory 384 MiB.
2026-09-26T22:26:53Z INFO [366/500] 164ed796-37a9-4df7-aef3-8ab32dcdf412: 11 internal nodes; 0.4 s; peak memory 384 MiB.
2026-09-26T22:26:54Z INFO [367/500] 164f0d23-83d9-4b9e-9494-2691cc91fb1d: 63 internal nodes; 1.1 s; peak memory 384 MiB.
2026-09-26T22:26:54Z INFO [368/500] 164fa0f8-3dd4-4657-805d-bf187c68ca59: 17 internal nodes; 0.6 s; peak memory 384 MiB.
2026-09-26T22:26:55Z INFO [369/500] 164fe6b0-f5cd-4c5a-b198-88594be6b597: 27 internal nodes; 0.6 s; peak memory 384 MiB.
2026-09-26T22:27:02Z INFO [370/500] 16500bdf-5bf6-47f3-ae10-8652da1b892f: 336 internal nodes; 6.6 s; peak memory 384 MiB.
2026-09-26T22:27:02Z INFO [371/500] 16500fd1-cfc4-42bc-98bb-43524f3e2984: 26 internal nodes; 0.3 s; peak memory 384 MiB.
2026-09-26T22:27:02Z INFO [372/500] 1650d7cc-10ef-40d0-85e3-2623bbba4d08: 17 internal nodes; 0.5 s; peak memory 384 MiB.
2026-09-26T22:27:05Z INFO [373/500] 1651a74d-6b7b-45b2-b6f6-cfa4b8617272: 53 internal nodes; 2.4 s; peak memory 384 MiB.
2026-09-26T22:27:11Z INFO [374/500] 16523fc3-ab9a-4fe3-b454-78a94c2ba0b4: 134 internal nodes; 6.1 s; peak memory 384 MiB.
2026-09-26T22:27:12Z INFO [375/500] 16525091-12e7-4548-ab83-1d191970ea91: 41 internal nodes; 0.7 s; peak memory 384 MiB.
2026-09-26T22:27:12Z INFO [376/500] 16535bc0-8f73-4bbc-ac20-2d443c4574fb: 17 internal nodes; 0.5 s; peak memory 384 MiB.
2026-09-26T22:27:13Z INFO [377/500] 165376b7-1110-4576-9a1b-b12bd7542107: 11 internal nodes; 0.4 s; peak memory 384 MiB.
2026-09-26T22:27:13Z INFO [378/500] 1653b3d1-9352-449b-88f9-ba9f54792c41: 27 internal nodes; 0.8 s; peak memory 384 MiB.
2026-09-26T22:27:14Z INFO [379/500] 1653f584-8947-4736-9d9d-e9126500fe82: 61 internal nodes; 1.2 s; peak memory 384 MiB.
2026-09-26T22:27:15Z INFO [380/500] 16551cf5-d6e5-4790-b2f4-b5466888e276: 18 internal nodes; 0.5 s; peak memory 384 MiB.
2026-09-26T22:27:18Z INFO [381/500] 1656ba11-654c-4c0e-85d7-948aa22303e7: 131 internal nodes; 2.9 s; peak memory 384 MiB.
2026-09-26T22:27:21Z INFO [382/500] 1657121e-4121-467d-8583-890d15421afa: 100 internal nodes; 3.2 s; peak memory 384 MiB.
2026-09-26T22:27:22Z INFO [383/500] 16573a81-e2c4-4956-9ac9-33fca053561a: 27 internal nodes; 0.7 s; peak memory 384 MiB.
2026-09-26T22:27:22Z INFO [384/500] 1657e4a7-b694-4e04-9af3-245e2c6b4bb3: 30 internal nodes; 0.8 s; peak memory 384 MiB.
2026-09-26T22:27:23Z INFO [385/500] 16589300-84e7-4528-b72c-9524fbc98572: 20 internal nodes; 0.4 s; peak memory 384 MiB.
2026-09-26T22:27:23Z INFO [386/500] 16591ff4-7519-434d-9aa7-d815196adc36: 11 internal nodes; 0.3 s; peak memory 384 MiB.
2026-09-26T22:27:24Z INFO [387/500] 16598526-2fa8-4062-8c6f-c340dab95877: 17 internal nodes; 0.5 s; peak memory 384 MiB.
2026-09-26T22:27:24Z INFO [388/500] 165a2b4b-cccc-49e2-9dea-45f6539fb306: 11 internal nodes; 0.4 s; peak memory 384 MiB.
2026-09-26T22:27:25Z INFO [389/500] 165a671c-8b1a-4fe4-96b3-946716a3f28c: 16 internal nodes; 0.5 s; peak memory 384 MiB.
2026-09-26T22:27:25Z INFO [390/500] 165ab9f3-80d1-484d-a95d-6ef378691844: 17 internal nodes; 0.6 s; peak memory 384 MiB.
2026-09-26T22:27:26Z INFO [391/500] 165b2e18-2c8b-400e-a4c4-8ba90df7b81c: 27 internal nodes; 0.7 s; peak memory 384 MiB.
2026-09-26T22:27:27Z INFO [392/500] 165b7f89-9133-4a9c-b59e-df74f3029762: 19 internal nodes; 0.6 s; peak memory 384 MiB.
2026-09-26T22:27:28Z INFO [393/500] 165b9532-95ba-496c-a90d-a82d40b0f8c0: 67 internal nodes; 1.1 s; peak memory 384 MiB.
2026-09-26T22:27:30Z INFO [394/500] 165bdd62-2c52-4a99-b006-ec319550ced9: 41 internal nodes; 2.0 s; peak memory 384 MiB.
2026-09-26T22:27:30Z INFO [395/500] 165c96a9-7753-45f2-a652-15a383398e41: 27 internal nodes; 0.6 s; peak memory 384 MiB.
2026-09-26T22:27:31Z INFO [396/500] 165ce6bf-12f3-4a4f-9c4c-9bf141fd7a25: 114 internal nodes; 0.6 s; peak memory 384 MiB.
2026-09-26T22:27:32Z INFO [397/500] 165d1f6a-ea84-47be-83bc-2d84ee9c8295: 27 internal nodes; 0.7 s; peak memory 384 MiB.
2026-09-26T22:27:35Z INFO [398/500] 165e7725-f681-4554-8899-f8f6f6515bda: 61 internal nodes; 3.8 s; peak memory 384 MiB.
2026-09-26T22:27:36Z INFO [399/500] 165e9a3c-74bc-4528-9876-862e04232c94: 119 internal nodes; 0.7 s; peak memory 384 MiB.
2026-09-26T22:27:37Z INFO [400/500] 165eeffa-f002-4f9a-a5a0-d923ddb48735: 44 internal nodes; 1.2 s; peak memory 384 MiB.
2026-09-26T22:27:37Z INFO [400/500] 165eeffa-f002-4f9a-a5a0-d923ddb48735: checkpointed 56854 records.
2026-09-26T22:27:38Z INFO [401/500] 165f02b5-0a77-44af-a538-8fdde24864b5: 17 internal nodes; 0.6 s; peak memory 384 MiB.
2026-09-26T22:27:39Z INFO [402/500] 165f8807-7621-4430-80e6-916aa8a187ff: 29 internal nodes; 0.6 s; peak memory 384 MiB.
2026-09-26T22:27:39Z INFO [403/500] 166047f1-99cc-4111-a613-0448a6b50710: 27 internal nodes; 0.6 s; peak memory 384 MiB.
2026-09-26T22:27:40Z INFO [404/500] 16606955-de3f-47ff-8c3b-c5a027eb3142: 55 internal nodes; 0.8 s; peak memory 384 MiB.
2026-09-26T22:27:41Z INFO [405/500] 16624e72-f756-4ee7-adde-84fe464a9aaf: 17 internal nodes; 0.6 s; peak memory 384 MiB.
2026-09-26T22:27:41Z INFO [406/500] 1662669f-0c88-4d30-9364-945d47a9ecf3: 31 internal nodes; 0.6 s; peak memory 384 MiB.
2026-09-26T22:27:42Z INFO [407/500] 166289b1-1841-471f-8b1b-cc6ffe4f0657: 115 internal nodes; 0.7 s; peak memory 384 MiB.
2026-09-26T22:27:42Z INFO [408/500] 166300cb-dcc4-4590-970f-1ce18be0bfe0: 17 internal nodes; 0.5 s; peak memory 384 MiB.
2026-09-26T22:27:43Z INFO [409/500] 16634c60-411d-4a71-8dcf-e1cf22276c88: 17 internal nodes; 0.5 s; peak memory 384 MiB.
2026-09-26T22:27:44Z INFO [410/500] 16669c01-7775-4408-8c26-12372b8ce80b: 40 internal nodes; 1.3 s; peak memory 384 MiB.
2026-09-26T22:27:45Z INFO [411/500] 16669ea7-db7b-469f-ab81-b30e9465ded8: 29 internal nodes; 0.7 s; peak memory 384 MiB.
2026-09-26T22:27:46Z INFO [412/500] 1666c000-1ef5-48da-ad71-91ce33c035ed: 54 internal nodes; 0.9 s; peak memory 384 MiB.
2026-09-26T22:27:47Z INFO [413/500] 16671267-1c7e-490f-a0cc-71c6784ff0b3: 31 internal nodes; 0.8 s; peak memory 384 MiB.
2026-09-26T22:27:47Z INFO [414/500] 166745c6-b2ab-4897-ba07-03e19445b8f9: 17 internal nodes; 0.6 s; peak memory 384 MiB.
2026-09-26T22:27:48Z INFO [415/500] 1667d2d5-2ea2-4782-b660-d405f40db54b: 18 internal nodes; 0.6 s; peak memory 384 MiB.
2026-09-26T22:27:48Z INFO [416/500] 16680492-9d06-4f07-9246-4cf213a95ff6: 17 internal nodes; 0.5 s; peak memory 384 MiB.
2026-09-26T22:27:49Z INFO [417/500] 1668acb4-4418-46a4-ae92-1f6b92d0e7a7: 72 internal nodes; 1.1 s; peak memory 384 MiB.
2026-09-26T22:27:50Z INFO [418/500] 1668e390-c2e4-4d97-92a8-f15559fad84a: 27 internal nodes; 0.7 s; peak memory 384 MiB.
2026-09-26T22:27:51Z INFO [419/500] 1668e946-7db6-4bef-83a2-6bf52dcd6a79: 38 internal nodes; 1.4 s; peak memory 384 MiB.
2026-09-26T22:27:55Z INFO [420/500] 166978b0-4e8d-42fc-8d13-b324898e9843: 61 internal nodes; 3.7 s; peak memory 384 MiB.
2026-09-26T22:27:56Z INFO [421/500] 166a26b4-0c47-498b-bafc-085ceb704438: 17 internal nodes; 0.5 s; peak memory 384 MiB.
2026-09-26T22:27:56Z INFO [422/500] 166a3a13-7620-463f-8292-f2d68ffd2fbe: 60 internal nodes; 0.9 s; peak memory 384 MiB.
2026-09-26T22:27:57Z INFO [423/500] 166c3323-9f5b-44d8-9229-352a5611443f: 31 internal nodes; 0.8 s; peak memory 384 MiB.
2026-09-26T22:27:59Z INFO [424/500] 166c47e2-27e2-4743-a356-b7266ec54e47: 49 internal nodes; 1.6 s; peak memory 384 MiB.
2026-09-26T22:28:00Z INFO [425/500] 166cdc45-9c67-4395-a0ba-ab53281ba89e: 62 internal nodes; 0.8 s; peak memory 384 MiB.
2026-09-26T22:28:00Z INFO [426/500] 166dc103-936e-4f4f-8c61-c16b0bc1cccb: 17 internal nodes; 0.6 s; peak memory 384 MiB.
2026-09-26T22:28:01Z INFO [427/500] 166dd388-a1e1-4289-a9dd-b3cd0de0a095: 19 internal nodes; 0.5 s; peak memory 384 MiB.
2026-09-26T22:28:02Z INFO [428/500] 166df5fa-b8c8-4ee9-8c82-c79261775529: 58 internal nodes; 1.1 s; peak memory 384 MiB.
2026-09-26T22:28:02Z INFO [429/500] 166e330e-ebae-4a7d-8af7-6609ecd467c7: 17 internal nodes; 0.5 s; peak memory 384 MiB.
2026-09-26T22:28:03Z INFO [430/500] 166ef629-5119-47b0-b908-346108f260eb: 13 internal nodes; 0.6 s; peak memory 384 MiB.
2026-09-26T22:28:08Z INFO [431/500] 166f1749-7aba-4bec-8e74-0bf6fd52d5d9: 209 internal nodes; 4.8 s; peak memory 384 MiB.
2026-09-26T22:28:09Z INFO [432/500] 166f772d-189d-4043-ad49-8a832706abba: 36 internal nodes; 0.8 s; peak memory 384 MiB.
2026-09-26T22:28:51Z INFO [433/500] 16701220-9fd6-4e43-ab87-a273f5a34afd: 5839 internal nodes; 42.0 s; peak memory 496 MiB.
2026-09-26T22:28:51Z INFO [434/500] 1671305d-5f06-4e92-88e4-c01df527f5f1: 31 internal nodes; 0.7 s; peak memory 496 MiB.
2026-09-26T22:28:52Z INFO [435/500] 1671930e-7f1a-4688-9d1b-a0228e6da5d2: 13 internal nodes; 0.5 s; peak memory 496 MiB.
2026-09-26T22:28:52Z INFO [436/500] 1671a889-dc1a-4aa4-9334-0c69b44cd4cc: 17 internal nodes; 0.6 s; peak memory 496 MiB.
2026-09-26T22:28:53Z INFO [437/500] 16720de1-9fec-4c34-88d2-855d1c113c2a: 61 internal nodes; 1.2 s; peak memory 496 MiB.
2026-09-26T22:29:06Z INFO [438/500] 16721c0d-d308-45bf-979f-e54ba9dc7dc6: 1002 internal nodes; 12.6 s; peak memory 496 MiB.
2026-09-26T22:29:09Z INFO [439/500] 167236f3-05e8-49a6-82ce-ecca510bbc47: 73 internal nodes; 3.1 s; peak memory 496 MiB.
2026-09-26T22:29:10Z INFO [440/500] 1672aaf4-f538-4dd5-96ba-97d90dcc0df5: 27 internal nodes; 0.7 s; peak memory 496 MiB.
2026-09-26T22:29:27Z INFO [441/500] 1672dfee-d6e5-49f4-a007-f0c86603bbcd: 2747 internal nodes; 16.7 s; peak memory 496 MiB.
2026-09-26T22:29:27Z INFO [442/500] 16730fdd-7eb0-464a-9e0e-07f8f8af69a8: 27 internal nodes; 0.7 s; peak memory 496 MiB.
2026-09-26T22:29:28Z INFO [443/500] 1673c516-371a-4306-a03c-eeef66e6c409: 18 internal nodes; 0.9 s; peak memory 496 MiB.
2026-09-26T22:29:29Z INFO [444/500] 1674f4d9-a6c0-42b9-93d2-f20eacf4309c: 53 internal nodes; 0.8 s; peak memory 496 MiB.
2026-09-26T22:29:29Z INFO [445/500] 1674fca4-111d-469d-8926-c8d71c0bd171: 11 internal nodes; 0.4 s; peak memory 496 MiB.
2026-09-26T22:29:30Z INFO [446/500] 167536fa-c470-4648-af07-1ecb7fc7c0b3: 114 internal nodes; 0.6 s; peak memory 496 MiB.
2026-09-26T22:29:31Z INFO [447/500] 167567aa-6a76-4a62-a0fe-7ca39ecf2f3d: 27 internal nodes; 0.6 s; peak memory 496 MiB.
2026-09-26T22:29:31Z INFO [448/500] 16757c84-a7f2-43ec-9ff7-4fa56e54bcd4: 18 internal nodes; 0.4 s; peak memory 496 MiB.
2026-09-26T22:29:31Z INFO [449/500] 1675c35a-e975-481c-a296-3829715bcffc: 15 internal nodes; 0.5 s; peak memory 496 MiB.
2026-09-26T22:29:32Z INFO [450/500] 16766822-138c-48c7-b34d-132f8d18d915: 31 internal nodes; 0.7 s; peak memory 496 MiB.
2026-09-26T22:29:32Z INFO [450/500] 16766822-138c-48c7-b34d-132f8d18d915: checkpointed 56904 records.
2026-09-26T22:29:33Z INFO [451/500] 1676a7fa-1e4d-454e-8abf-60bed478d3e1: 17 internal nodes; 0.6 s; peak memory 496 MiB.
2026-09-26T22:29:35Z INFO [452/500] 1676ad92-dd7f-4a57-9803-d525f0bfadf3: 41 internal nodes; 1.7 s; peak memory 496 MiB.
2026-09-26T22:29:35Z INFO [453/500] 16777f13-f984-474d-93b1-c3b831d8ae99: 11 internal nodes; 0.3 s; peak memory 496 MiB.
2026-09-26T22:29:36Z INFO [454/500] 1678433d-8748-465e-88ed-6d44aa043dd3: 26 internal nodes; 1.1 s; peak memory 496 MiB.
2026-09-26T22:29:37Z INFO [455/500] 16784e36-8f8e-43e8-b1f9-ca314f554c7d: 23 internal nodes; 0.8 s; peak memory 496 MiB.
2026-09-26T22:29:37Z INFO [456/500] 1678aee2-233e-4cda-a18a-7a3a53f1a544: 11 internal nodes; 0.4 s; peak memory 496 MiB.
2026-09-26T22:29:38Z INFO [457/500] 1678f78e-3ef5-403a-bd24-4cc1b26030a8: 17 internal nodes; 0.5 s; peak memory 496 MiB.
2026-09-26T22:29:38Z INFO [458/500] 167921c6-88a6-42f2-8a91-f4371348aa4d: 17 internal nodes; 0.5 s; peak memory 496 MiB.
2026-09-26T22:29:39Z INFO [459/500] 16792f1f-a7e3-4b36-a6eb-a5cb815255f8: 39 internal nodes; 1.1 s; peak memory 496 MiB.
2026-09-26T22:29:40Z INFO [460/500] 167944d0-cc77-4bcb-ab89-24f2cf81471f: 27 internal nodes; 0.7 s; peak memory 496 MiB.
2026-09-26T22:29:41Z INFO [461/500] 167994dd-f793-4138-8f53-e2cd25b68ae0: 114 internal nodes; 0.6 s; peak memory 496 MiB.
2026-09-26T22:29:41Z INFO [462/500] 1679c7aa-0c80-45ab-b9b4-471b7bef6f41: 23 internal nodes; 0.5 s; peak memory 496 MiB.
2026-09-26T22:29:42Z INFO [463/500] 167a0ae8-3a03-4aa4-a76a-b3457f76c249: 122 internal nodes; 1.2 s; peak memory 496 MiB.
2026-09-26T22:29:43Z INFO [464/500] 167a1c31-b4f3-4964-be70-b078be7f7baa: 26 internal nodes; 0.9 s; peak memory 496 MiB.
2026-09-26T22:29:44Z INFO [465/500] 167a71ea-c67e-42b1-b0ba-66c36cacc32f: 15 internal nodes; 0.5 s; peak memory 496 MiB.
2026-09-26T22:29:44Z INFO [466/500] 167ad10b-909e-4970-853c-dc0008e19c34: 19 internal nodes; 0.4 s; peak memory 496 MiB.
2026-09-26T22:29:45Z INFO [467/500] 167bb74f-cc97-40cd-a91c-7bc9ef3886f2: 27 internal nodes; 0.7 s; peak memory 496 MiB.
2026-09-26T22:29:46Z INFO [468/500] 167c3028-35a4-4ce2-a67f-ce51e39da5c1: 67 internal nodes; 1.0 s; peak memory 496 MiB.
2026-09-26T22:29:46Z INFO [469/500] 167c56b1-74e0-4e46-9afa-808a0de997d6: 27 internal nodes; 0.7 s; peak memory 496 MiB.
2026-09-26T22:29:47Z INFO [470/500] 167cd81b-5cf0-4546-a370-986a5c150372: 22 internal nodes; 0.4 s; peak memory 496 MiB.
2026-09-26T22:29:49Z INFO [471/500] 167cdbb4-e606-487f-976e-7e8840b9dac1: 95 internal nodes; 2.4 s; peak memory 496 MiB.
2026-09-26T22:29:50Z INFO [472/500] 167d1112-9299-4fe8-87a2-3422b69652ea: 31 internal nodes; 0.8 s; peak memory 496 MiB.
2026-09-26T22:29:51Z INFO [473/500] 167d52b3-d72a-4aef-a0d3-9e5f3c984ca9: 27 internal nodes; 0.6 s; peak memory 496 MiB.
2026-09-26T22:29:54Z INFO [474/500] 167d81ea-9a12-435d-bb4d-65766c6da074: 177 internal nodes; 3.8 s; peak memory 496 MiB.
2026-09-26T22:29:55Z INFO [475/500] 167ddabe-c750-4850-b042-198080530447: 31 internal nodes; 0.7 s; peak memory 496 MiB.
2026-09-26T22:29:56Z INFO [476/500] 167fad12-47f6-4f12-85b3-8ec73799b4b3: 25 internal nodes; 0.5 s; peak memory 496 MiB.
2026-09-26T22:29:56Z INFO [477/500] 1682f69f-5666-4e0e-8b35-1167c4f5009a: 19 internal nodes; 0.4 s; peak memory 496 MiB.
2026-09-26T22:30:04Z INFO [478/500] 16849685-3a07-42fd-88e1-e46647c25a7a: 137 internal nodes; 8.0 s; peak memory 496 MiB.
2026-09-26T22:30:05Z INFO [479/500] 168521e3-6eb7-4abf-92a1-95482eaf2d91: 17 internal nodes; 0.5 s; peak memory 496 MiB.
2026-09-26T22:30:10Z INFO [480/500] 16859ce6-14fc-43b9-93b8-42a55ebb40ad: 115 internal nodes; 5.2 s; peak memory 496 MiB.
2026-09-26T22:30:11Z INFO [481/500] 1685a1cc-1ce4-4f4f-8a48-9715f14b1488: 17 internal nodes; 0.6 s; peak memory 496 MiB.
2026-09-26T22:30:11Z INFO [482/500] 1685b646-453e-45ca-be33-42d0efe41977: 17 internal nodes; 0.5 s; peak memory 496 MiB.
2026-09-26T22:30:13Z INFO [483/500] 168619ca-3d18-46e9-915f-f32e0b61ccd6: 222 internal nodes; 2.0 s; peak memory 496 MiB.
2026-09-26T22:30:17Z INFO [484/500] 16871063-fc3e-441d-b47f-caf10b817bb6: 177 internal nodes; 4.2 s; peak memory 496 MiB.
2026-09-26T22:30:20Z INFO [485/500] 16873f28-3127-4e44-9f7e-d1f36b51e810: 73 internal nodes; 2.9 s; peak memory 496 MiB.
2026-09-26T22:30:21Z INFO [486/500] 1688b1cc-2b2d-425d-9e67-9182d119c5f5: 69 internal nodes; 1.0 s; peak memory 496 MiB.
2026-09-26T22:30:22Z INFO [487/500] 1688b4e0-6226-46e1-96c8-0ae574e8b946: 27 internal nodes; 0.7 s; peak memory 496 MiB.
2026-09-26T22:30:23Z INFO [488/500] 1688fc12-8585-4b87-aadd-6b607764750b: 29 internal nodes; 1.0 s; peak memory 496 MiB.
2026-09-26T22:30:23Z INFO [489/500] 16898dcf-7d59-4973-9ab5-cf64596297cf: 114 internal nodes; 0.6 s; peak memory 496 MiB.
2026-09-26T22:30:27Z INFO [490/500] 1689a548-4d0c-402d-ac1c-116e0ef07a8a: 65 internal nodes; 4.1 s; peak memory 496 MiB.
2026-09-26T22:30:28Z INFO [491/500] 1689d891-2d2b-4ec5-b23d-6e03437048fb: 31 internal nodes; 0.8 s; peak memory 496 MiB.
2026-09-26T22:30:29Z INFO [492/500] 168aa2c9-b236-4faf-9805-523b3195b934: 27 internal nodes; 0.7 s; peak memory 496 MiB.
2026-09-26T22:30:30Z INFO [493/500] 168ae5de-2425-42c6-837b-cd07301f0a9e: 31 internal nodes; 0.8 s; peak memory 496 MiB.
2026-09-26T22:30:37Z INFO [494/500] 168beec7-8831-4526-8377-263b285d4fcf: 81 internal nodes; 7.7 s; peak memory 496 MiB.
2026-09-26T22:30:39Z INFO [495/500] 168d258f-9a4a-4a55-9960-c1d4baef310e: 44 internal nodes; 1.7 s; peak memory 496 MiB.
2026-09-26T22:30:40Z INFO [496/500] 168d9c77-2002-48dd-9b65-e4dfb3a06500: 27 internal nodes; 0.7 s; peak memory 496 MiB.
2026-09-26T22:30:40Z INFO [497/500] 168e207a-1f72-449f-930a-f74c370978f0: 31 internal nodes; 0.6 s; peak memory 496 MiB.
2026-09-26T22:30:41Z INFO [498/500] 168e8638-ed45-4a7e-8ed1-c06f5e47f2d5: 17 internal nodes; 0.5 s; peak memory 496 MiB.
2026-09-26T22:30:42Z INFO [499/500] 168e9395-f49d-4206-aea8-ab044f1bcc81: 17 internal nodes; 0.6 s; peak memory 496 MiB.
2026-09-26T22:30:43Z INFO [500/500] 168f2ff0-7d6f-441e-8631-eeb1ee90b43d: 63 internal nodes; 1.2 s; peak memory 496 MiB.
2026-09-26T22:30:43Z INFO [500/500] 168f2ff0-7d6f-441e-8631-eeb1ee90b43d: checkpointed 56954 records.
2026-09-26T22:30:43Z INFO Wrote 56954 records to /tmp/derivatives/valid_nwb_file_to_out_degrees.jsonl (495 new, 5 failed) in 12.9 min (peak memory 496 MiB).
