2026-09-29T14:30:08Z INFO Logging to /tmp/logs/update_2026-09-29T14-30-08Z.log.
2026-09-29T14:30:08Z INFO Update valid-nwb-file-to-out-degrees (base directory /tmp).
2026-09-29T14:30:08Z INFO Processing 500 items (58928 already recorded).
2026-09-29T14:30:09Z WARNING 024ef50f-ac6f-49ea-806b-93ef4b5e8644: failed while reading the NWB file (KeyError: 'Unable to synchronously open object (component not found)')
2026-09-29T14:30:09Z WARNING [1/500] 024ef50f-ac6f-49ea-806b-93ef4b5e8644: leaving unrecorded for a later run to retry.
2026-09-29T14:30:10Z WARNING 09073220-fbea-45d2-9a39-2cc61fcdc2a1: failed while reading the NWB file (KeyError: 'Unable to synchronously open object (component not found)')
2026-09-29T14:30:10Z WARNING [2/500] 09073220-fbea-45d2-9a39-2cc61fcdc2a1: leaving unrecorded for a later run to retry.
2026-09-29T14:30:11Z WARNING 0dec427d-4db4-44c3-988a-c37959ceaff3: failed while reading the NWB file (KeyError: 'Unable to synchronously open object (component not found)')
2026-09-29T14:30:11Z WARNING [3/500] 0dec427d-4db4-44c3-988a-c37959ceaff3: leaving unrecorded for a later run to retry.
2026-09-29T14:30:12Z WARNING 0f7396ad-67ec-468a-b6a6-5599cb507f54: failed while reading the NWB file (KeyError: 'Unable to synchronously open object (component not found)')
2026-09-29T14:30:12Z WARNING [4/500] 0f7396ad-67ec-468a-b6a6-5599cb507f54: leaving unrecorded for a later run to retry.
2026-09-29T14:30:13Z WARNING 1066b3ba-83d9-4cb3-bfe3-ecf8539e2334: failed while reading the NWB file (KeyError: 'Unable to synchronously open object (component not found)')
2026-09-29T14:30:13Z WARNING [5/500] 1066b3ba-83d9-4cb3-bfe3-ecf8539e2334: leaving unrecorded for a later run to retry.
2026-09-29T14:30:14Z WARNING 17a546c4-6425-4c56-a43e-9f9f272d299c: failed while reading the NWB file (KeyError: 'Unable to synchronously open object (component not found)')
2026-09-29T14:30:14Z WARNING [6/500] 17a546c4-6425-4c56-a43e-9f9f272d299c: leaving unrecorded for a later run to retry.
2026-09-29T14:30:15Z WARNING 19998990-d06f-40db-8d07-c5121b317b6a: failed while reading the NWB file (KeyError: 'Unable to synchronously open object (component not found)')
2026-09-29T14:30:15Z WARNING [7/500] 19998990-d06f-40db-8d07-c5121b317b6a: leaving unrecorded for a later run to retry.
2026-09-29T14:30:16Z WARNING 1a18ed31-9155-4512-919f-b6875d14b9f3: failed while reading the NWB file (KeyError: 'Unable to synchronously open object (component not found)')
2026-09-29T14:30:16Z WARNING [8/500] 1a18ed31-9155-4512-919f-b6875d14b9f3: leaving unrecorded for a later run to retry.
2026-09-29T14:30:17Z INFO [9/500] 1aab4c3a-f898-4dbe-b69c-7501c30ce04c: 17 internal nodes; 0.7 s; peak memory 127 MiB.
2026-09-29T14:30:17Z INFO [10/500] 1aab753d-2890-4fb7-aac0-db78c5c28b2d: 27 internal nodes; 0.8 s; peak memory 127 MiB.
2026-09-29T14:30:18Z INFO [11/500] 1aac03c9-0f51-41c3-a310-930493dfc4ee: 55 internal nodes; 1.0 s; peak memory 127 MiB.
2026-09-29T14:30:19Z INFO [12/500] 1aac6d91-e5b9-4b8e-877f-75d953e5c18c: 31 internal nodes; 0.9 s; peak memory 127 MiB.
2026-09-29T14:30:21Z INFO [13/500] 1aadf175-b5bb-486a-8381-8b27a7107690: 51 internal nodes; 2.1 s; peak memory 127 MiB.
2026-09-29T14:30:23Z INFO [14/500] 1aae1430-09bc-482f-9aa3-97ebaf66fda4: 42 internal nodes; 2.0 s; peak memory 127 MiB.
2026-09-29T14:30:24Z INFO [15/500] 1aae3638-7d7e-4ff7-9a08-e693044fde03: 29 internal nodes; 0.8 s; peak memory 127 MiB.
2026-09-29T14:30:25Z INFO [16/500] 1aaf1098-6039-4045-bc89-964fc32d1ef0: 31 internal nodes; 1.2 s; peak memory 127 MiB.
2026-09-29T14:30:26Z INFO [17/500] 1aafb3a8-2d72-4f40-8a42-9e790339ca31: 19 internal nodes; 0.6 s; peak memory 127 MiB.
2026-09-29T14:30:27Z INFO [18/500] 1ab0acf3-f54b-4744-9c5c-d96c380e26fe: 27 internal nodes; 0.8 s; peak memory 127 MiB.
2026-09-29T14:30:35Z INFO [19/500] 1ab125d4-4168-41bb-b008-9276d5d57e5a: 312 internal nodes; 8.5 s; peak memory 149 MiB.
2026-09-29T14:30:37Z INFO [20/500] 1ab14869-a344-46c1-9fac-b50b6d8613f8: 67 internal nodes; 1.9 s; peak memory 149 MiB.
2026-09-29T14:30:38Z INFO [21/500] 1ab15baf-7bb8-481b-9cbf-51d26b41637d: 115 internal nodes; 0.7 s; peak memory 149 MiB.
2026-09-29T14:30:39Z INFO [22/500] 1ab183f3-4d18-4613-93ae-26e8621a284a: 72 internal nodes; 1.4 s; peak memory 149 MiB.
2026-09-29T14:30:40Z INFO [23/500] 1ab188a6-9f8a-43af-8118-632b934e1cd0: 17 internal nodes; 0.7 s; peak memory 149 MiB.
2026-09-29T14:30:41Z INFO [24/500] 1ab20222-02c9-4578-aeb0-2520013f71dc: 17 internal nodes; 0.7 s; peak memory 149 MiB.
2026-09-29T14:30:41Z INFO [25/500] 1ab286c9-0509-4ed1-bfa8-5c01b01a4b4b: 13 internal nodes; 0.7 s; peak memory 149 MiB.
2026-09-29T14:30:42Z INFO [26/500] 1ab2cd63-7109-4a49-8f97-9c4bb6c59d0a: 27 internal nodes; 0.8 s; peak memory 149 MiB.
2026-09-29T14:30:43Z INFO [27/500] 1ab3b99f-073a-4b11-b58c-892098ecc22c: 91 internal nodes; 1.1 s; peak memory 149 MiB.
2026-09-29T14:30:51Z INFO [28/500] 1ab3ce70-e72a-4369-81d3-bf34639f34e6: 351 internal nodes; 7.6 s; peak memory 155 MiB.
2026-09-29T14:30:52Z INFO [29/500] 1ab3dcee-25b7-4592-8e2c-a0af0f8a3152: 26 internal nodes; 1.0 s; peak memory 155 MiB.
2026-09-29T14:30:52Z INFO [30/500] 1ab40da5-a909-42ae-8018-ef715365bc07: 17 internal nodes; 0.7 s; peak memory 155 MiB.
2026-09-29T14:30:54Z INFO [31/500] 1ab43b51-0c72-4962-8919-4ff18989e0f8: 31 internal nodes; 1.1 s; peak memory 155 MiB.
2026-09-29T14:31:01Z INFO [32/500] 1ab43b6f-786a-4793-b1c4-f0aeba5d1d2a: 206 internal nodes; 7.6 s; peak memory 155 MiB.
2026-09-29T14:31:02Z INFO [33/500] 1ab47d1e-fe17-4795-95b7-a1983b3ac054: 17 internal nodes; 0.7 s; peak memory 155 MiB.
2026-09-29T14:31:03Z INFO [34/500] 1ab4ec74-7698-4030-82cb-a0cd311bbb7d: 29 internal nodes; 1.3 s; peak memory 155 MiB.
2026-09-29T14:31:08Z INFO [35/500] 1ab6310a-7c8f-426a-a212-4e4a242cc97a: 63 internal nodes; 5.2 s; peak memory 155 MiB.
2026-09-29T14:31:09Z INFO [36/500] 1ab6f354-50a1-4f96-903b-8f1ee3b204cf: 18 internal nodes; 0.6 s; peak memory 155 MiB.
2026-09-29T14:31:09Z INFO [37/500] 1ab8761f-2188-4d9a-9bed-ccd88ff28a2e: 26 internal nodes; 0.5 s; peak memory 155 MiB.
2026-09-29T14:31:11Z INFO [38/500] 1ab87d9d-e193-4736-8bb2-6c66300c0b12: 23 internal nodes; 1.2 s; peak memory 155 MiB.
2026-09-29T14:31:12Z INFO [39/500] 1ab8b45e-0108-425b-a8fe-2ece892baa3d: 31 internal nodes; 1.2 s; peak memory 155 MiB.
2026-09-29T14:31:15Z INFO [40/500] 1ab8c45f-8feb-4336-80a2-56accf70fa44: 134 internal nodes; 3.3 s; peak memory 155 MiB.
2026-09-29T14:31:20Z INFO [41/500] 1ab8e7a4-07f9-4ac8-b274-a79c98e4f1b1: 246 internal nodes; 4.3 s; peak memory 155 MiB.
2026-09-29T14:31:20Z INFO [42/500] 1ab8f0f9-d0c6-48dc-9b32-71f4d9d2b20c: 15 internal nodes; 0.5 s; peak memory 155 MiB.
2026-09-29T14:31:21Z INFO [43/500] 1ab902a6-a400-4b2e-9dc9-50b9e803382d: 26 internal nodes; 0.6 s; peak memory 155 MiB.
2026-09-29T14:31:22Z INFO [44/500] 1ab91ba9-53fd-4464-a486-1eae028ecec9: 31 internal nodes; 0.9 s; peak memory 155 MiB.
2026-09-29T14:31:23Z INFO [45/500] 1ab922b3-0339-4a72-a300-f3ed00608336: 60 internal nodes; 1.2 s; peak memory 155 MiB.
2026-09-29T14:31:24Z INFO [46/500] 1ab9d893-2de2-473d-8402-1e6abf912c98: 31 internal nodes; 0.9 s; peak memory 155 MiB.
2026-09-29T14:31:24Z INFO [47/500] 1aba85c4-7764-45e6-8ecf-a0034bf7f71b: 17 internal nodes; 0.8 s; peak memory 155 MiB.
2026-09-29T14:31:25Z INFO [48/500] 1abb007b-4b6e-456f-a25f-34b10905f7bf: 17 internal nodes; 0.7 s; peak memory 155 MiB.
2026-09-29T14:31:32Z INFO [49/500] 1abb314a-1809-4d1d-89bd-c1e63dcf76c4: 245 internal nodes; 6.8 s; peak memory 155 MiB.
2026-09-29T14:31:40Z INFO [50/500] 1abce1ea-2bcb-4e8c-8591-da0f52768e00: 83 internal nodes; 7.8 s; peak memory 155 MiB.
2026-09-29T14:31:40Z INFO [50/500] 1abce1ea-2bcb-4e8c-8591-da0f52768e00: checkpointed 58970 records.
2026-09-29T14:31:41Z INFO [51/500] 1abd114d-1b9d-459b-9772-5544e079f99f: 27 internal nodes; 0.7 s; peak memory 155 MiB.
2026-09-29T14:31:42Z INFO [52/500] 1abd250c-2ec8-40b0-b886-2a8b70f6f559: 45 internal nodes; 1.7 s; peak memory 155 MiB.
2026-09-29T14:31:43Z INFO [53/500] 1abe2e7b-d237-4d65-9235-3f46545453dd: 17 internal nodes; 0.8 s; peak memory 155 MiB.
2026-09-29T14:31:45Z INFO [54/500] 1abef5dd-30f1-4291-91ef-07c95b8e0720: 21 internal nodes; 1.7 s; peak memory 155 MiB.
2026-09-29T14:31:46Z INFO [55/500] 1abf2373-0d8a-46a1-9b98-1cccc21b94be: 24 internal nodes; 1.0 s; peak memory 155 MiB.
2026-09-29T14:31:48Z INFO [56/500] 1ac0c746-5ee4-430c-b9a9-a62998e8ef44: 46 internal nodes; 2.2 s; peak memory 155 MiB.
2026-09-29T14:31:49Z INFO [57/500] 1ac175b0-0b20-4288-bbcc-67178d6e8e8f: 13 internal nodes; 0.7 s; peak memory 155 MiB.
2026-09-29T14:31:49Z INFO [58/500] 1ac1a33f-6331-467c-b1c9-30085bb8bf5b: 17 internal nodes; 0.6 s; peak memory 155 MiB.
2026-09-29T14:31:50Z INFO [59/500] 1ac2824a-7606-48c5-9174-584fd0e9ba4b: 27 internal nodes; 0.7 s; peak memory 155 MiB.
2026-09-29T14:31:51Z INFO [60/500] 1ac2e6f3-0e20-47b7-a616-ecf4388125a5: 11 internal nodes; 0.6 s; peak memory 155 MiB.
2026-09-29T14:31:51Z INFO [61/500] 1ac31990-0e4c-46ee-b7da-4702db614d5e: 11 internal nodes; 0.4 s; peak memory 155 MiB.
2026-09-29T14:31:52Z INFO [62/500] 1ac451c2-3835-430b-b84f-492175c830a1: 13 internal nodes; 0.7 s; peak memory 155 MiB.
2026-09-29T14:31:53Z INFO [63/500] 1ac4e6e6-1f45-4965-ab77-cfc8bd58eb34: 15 internal nodes; 1.1 s; peak memory 155 MiB.
2026-09-29T14:31:53Z INFO [64/500] 1ac5181a-a49e-4ede-92aa-d23aaf55d698: 17 internal nodes; 0.6 s; peak memory 155 MiB.
2026-09-29T14:31:55Z INFO [65/500] 1ac5382b-f3cd-400d-bbea-2f7baa1a4c95: 66 internal nodes; 1.2 s; peak memory 155 MiB.
2026-09-29T14:31:55Z INFO [66/500] 1ac59de5-ecfa-4135-8826-4cee6724accd: 17 internal nodes; 0.7 s; peak memory 155 MiB.
2026-09-29T14:31:56Z INFO [67/500] 1ac5c087-b2bc-4a4f-a49a-6f882e8abe30: 27 internal nodes; 0.9 s; peak memory 155 MiB.
2026-09-29T14:31:58Z INFO [68/500] 1ac5c37e-e6c7-4683-9cbc-0f2a803c951b: 36 internal nodes; 1.9 s; peak memory 155 MiB.
2026-09-29T14:32:00Z INFO [69/500] 1ac62437-aece-423d-bfa5-b8e8a3f10314: 46 internal nodes; 2.1 s; peak memory 155 MiB.
2026-09-29T14:32:02Z INFO [70/500] 1ac64fb3-972d-4be0-b562-809fbd8f016a: 44 internal nodes; 1.8 s; peak memory 155 MiB.
2026-09-29T14:32:03Z INFO [71/500] 1ac70d56-620c-48b6-ba9d-66b237d764fe: 16 internal nodes; 0.5 s; peak memory 155 MiB.
2026-09-29T14:32:03Z INFO [72/500] 1ac7cc75-d501-4c2f-b8a7-b532d22602e9: 17 internal nodes; 0.5 s; peak memory 155 MiB.
2026-09-29T14:32:04Z INFO [73/500] 1ac84a25-597c-40f1-b836-c8dcdca77e60: 31 internal nodes; 1.0 s; peak memory 156 MiB.
2026-09-29T14:32:05Z INFO [74/500] 1ac902f7-a213-445e-bb96-6ffd892a8df7: 27 internal nodes; 0.9 s; peak memory 156 MiB.
2026-09-29T14:32:09Z INFO [75/500] 1ac910e0-4324-4b51-a626-64613875d421: 173 internal nodes; 4.5 s; peak memory 156 MiB.
2026-09-29T14:32:11Z INFO [76/500] 1acae683-709c-4edc-8168-21adfffc735f: 65 internal nodes; 1.2 s; peak memory 156 MiB.
2026-09-29T14:32:11Z INFO [77/500] 1acb732f-e28d-4995-894c-2ad9789f4ca4: 26 internal nodes; 0.6 s; peak memory 156 MiB.
2026-09-29T14:32:13Z INFO [78/500] 1acc3bb2-3b5e-4c8a-9134-99580cb51e0d: 46 internal nodes; 2.0 s; peak memory 156 MiB.
2026-09-29T14:32:14Z INFO [79/500] 1acc41cb-f72c-43fc-a25e-efa98c6ba4a9: 27 internal nodes; 0.7 s; peak memory 156 MiB.
2026-09-29T14:32:16Z INFO [80/500] 1acc4ec0-00ad-4618-9083-2a471650c843: 60 internal nodes; 2.2 s; peak memory 156 MiB.
2026-09-29T14:32:17Z INFO [81/500] 1acc8a9c-3ec0-40f5-bc97-65cbb6f90598: 58 internal nodes; 1.0 s; peak memory 156 MiB.
2026-09-29T14:32:18Z INFO [82/500] 1acc9ea0-8c86-462f-988a-df0ad96443f3: 13 internal nodes; 0.5 s; peak memory 156 MiB.
2026-09-29T14:32:19Z INFO [83/500] 1accd3f7-44cb-4e53-84e5-632450040893: 44 internal nodes; 1.7 s; peak memory 156 MiB.
2026-09-29T14:32:32Z INFO [84/500] 1acd3083-aed9-4095-a71a-9dd68ee0e2c5: 137 internal nodes; 12.7 s; peak memory 157 MiB.
2026-09-29T14:32:34Z INFO [85/500] 1acd5d12-e0df-4072-b860-3baad8563585: 44 internal nodes; 2.2 s; peak memory 157 MiB.
2026-09-29T14:32:35Z INFO [86/500] 1acd7ea8-fbe8-4932-81bf-2f46dc981cb2: 115 internal nodes; 0.8 s; peak memory 157 MiB.
2026-09-29T14:32:37Z INFO [87/500] 1acdeac7-4d8a-44ef-99b9-046526bb4d0f: 44 internal nodes; 2.2 s; peak memory 157 MiB.
2026-09-29T14:32:38Z INFO [88/500] 1aced164-4c8d-4eaf-b634-e8faec8d614e: 27 internal nodes; 1.0 s; peak memory 157 MiB.
2026-09-29T14:32:42Z INFO [89/500] 1acf5ce0-510a-47df-85c5-92c33d70cef7: 177 internal nodes; 3.9 s; peak memory 157 MiB.
2026-09-29T14:32:43Z INFO [90/500] 1ad03905-7201-4e76-9884-7769cea385f2: 95 internal nodes; 1.0 s; peak memory 157 MiB.
2026-09-29T14:32:44Z INFO [91/500] 1ad11611-4d2b-4191-879d-5be7f02dfe53: 38 internal nodes; 1.0 s; peak memory 157 MiB.
2026-09-29T14:32:45Z INFO [92/500] 1ad19f47-3316-46ab-8467-10ede0cb0083: 13 internal nodes; 0.6 s; peak memory 157 MiB.
2026-09-29T14:32:46Z INFO [93/500] 1ad1a331-3665-4edc-94f0-8587a5318d68: 31 internal nodes; 1.2 s; peak memory 157 MiB.
2026-09-29T14:32:47Z INFO [94/500] 1ad365bf-ed26-4b3a-b347-fa6f82e57f46: 27 internal nodes; 0.9 s; peak memory 157 MiB.
2026-09-29T14:32:49Z INFO [95/500] 1ad36f9e-31dc-4784-a4b9-5a8cdf23c07e: 59 internal nodes; 1.8 s; peak memory 157 MiB.
2026-09-29T14:32:50Z INFO [96/500] 1ad3817b-fd01-45aa-8563-b6e9cb5803ae: 31 internal nodes; 1.0 s; peak memory 157 MiB.
2026-09-29T14:32:50Z INFO [97/500] 1ad5db85-25aa-4149-92a6-c029db6a7a82: 27 internal nodes; 0.9 s; peak memory 157 MiB.
2026-09-29T14:32:59Z INFO [98/500] 1ad5fc75-66d2-431b-a060-89308e7fe7a6: 459 internal nodes; 8.7 s; peak memory 166 MiB.
2026-09-29T14:33:00Z INFO [99/500] 1ad696df-7123-446f-b95a-5378d5efab30: 17 internal nodes; 0.8 s; peak memory 166 MiB.
2026-09-29T14:33:01Z INFO [100/500] 1ad6e927-e148-4267-98cb-e60388a696d3: 17 internal nodes; 0.9 s; peak memory 166 MiB.
2026-09-29T14:33:01Z INFO [100/500] 1ad6e927-e148-4267-98cb-e60388a696d3: checkpointed 59020 records.
2026-09-29T14:33:02Z INFO [101/500] 1ad76574-154c-4ace-b794-af205c405ad5: 17 internal nodes; 0.7 s; peak memory 166 MiB.
2026-09-29T14:33:03Z INFO [102/500] 1ad936a8-4a4d-485b-8965-a99717639cce: 39 internal nodes; 1.3 s; peak memory 166 MiB.
2026-09-29T14:33:06Z INFO [103/500] 1ad97a47-e2b0-437c-a502-8deba9b6afdc: 119 internal nodes; 2.9 s; peak memory 166 MiB.
2026-09-29T14:33:08Z INFO [104/500] 1ad99250-4547-4e57-afb7-de13e8aadc2c: 50 internal nodes; 2.0 s; peak memory 166 MiB.
2026-09-29T14:33:09Z INFO [105/500] 1ada05ec-c36a-4b85-a516-37ee6361087b: 17 internal nodes; 0.9 s; peak memory 166 MiB.
2026-09-29T14:33:10Z INFO [106/500] 1ada194a-ec3a-408f-b3d1-a59caa9a11fe: 44 internal nodes; 1.4 s; peak memory 166 MiB.
2026-09-29T14:33:14Z INFO [107/500] 1ada4d2f-61ab-4f92-a451-51b4db2eac04: 86 internal nodes; 3.5 s; peak memory 166 MiB.
2026-09-29T14:33:15Z INFO [108/500] 1ada8931-c28a-49d0-aef1-6847e90cc64b: 69 internal nodes; 1.5 s; peak memory 166 MiB.
2026-09-29T14:33:16Z INFO [109/500] 1add8476-c724-49ec-b992-a4c469f99165: 31 internal nodes; 1.1 s; peak memory 166 MiB.
2026-09-29T14:33:18Z INFO [110/500] 1addccfd-5998-448b-ad6f-e20b0db68347: 45 internal nodes; 1.9 s; peak memory 166 MiB.
2026-09-29T14:33:23Z INFO [111/500] 1ade10a9-7412-4247-a78b-3b5ce90af404: 200 internal nodes; 4.3 s; peak memory 166 MiB.
2026-09-29T14:33:23Z INFO [112/500] 1adfcc29-12e1-41fb-97c7-243976d777e0: 19 internal nodes; 0.9 s; peak memory 166 MiB.
2026-09-29T14:33:24Z INFO [113/500] 1ae0636c-5ed0-4edf-9099-a6825e89ec33: 115 internal nodes; 0.8 s; peak memory 166 MiB.
2026-09-29T14:33:25Z INFO [114/500] 1ae069b5-8fed-47e5-bafb-7b1e17e721ce: 116 internal nodes; 0.9 s; peak memory 166 MiB.
2026-09-29T14:33:27Z INFO [115/500] 1ae174da-0eb4-4319-9af2-56769d99450c: 78 internal nodes; 2.0 s; peak memory 166 MiB.
2026-09-29T14:33:29Z INFO [116/500] 1ae22d6f-ca45-4c3f-acc5-61a2b62a8797: 42 internal nodes; 1.4 s; peak memory 166 MiB.
2026-09-29T14:33:29Z INFO [117/500] 1ae37eee-8146-4bcf-b1aa-dea9477d8d33: 11 internal nodes; 0.4 s; peak memory 166 MiB.
2026-09-29T14:33:30Z INFO [118/500] 1ae3d62d-3a6f-4d35-98a8-64eac34844ab: 26 internal nodes; 0.6 s; peak memory 166 MiB.
2026-09-29T14:33:30Z INFO [119/500] 1ae573f2-ce83-46c0-9528-ec68f4bca39b: 17 internal nodes; 0.7 s; peak memory 166 MiB.
2026-09-29T14:33:31Z INFO [120/500] 1ae5983a-836f-4c39-aaa0-2b7e2e6c33e7: 17 internal nodes; 0.6 s; peak memory 166 MiB.
2026-09-29T14:33:32Z INFO [121/500] 1ae5c225-c7f8-46c8-bd81-0d3c14365660: 27 internal nodes; 0.7 s; peak memory 166 MiB.
2026-09-29T14:33:37Z INFO [122/500] 1ae651b8-f578-4a46-b3e8-e6d1aaa02cfc: 339 internal nodes; 5.8 s; peak memory 166 MiB.
2026-09-29T14:33:39Z INFO [123/500] 1ae6a430-bcb3-4f3b-93dc-8a47b2a888da: 44 internal nodes; 1.9 s; peak memory 166 MiB.
2026-09-29T14:33:40Z INFO [124/500] 1ae708da-b7bb-42a1-9ad0-d90a87541b31: 17 internal nodes; 0.6 s; peak memory 166 MiB.
2026-09-29T14:33:41Z INFO [125/500] 1ae82cc3-36e2-4bfd-9b3e-b72f74797821: 35 internal nodes; 1.0 s; peak memory 166 MiB.
2026-09-29T14:33:42Z INFO [126/500] 1ae835c1-c739-4201-8e5e-7128a049d467: 29 internal nodes; 0.6 s; peak memory 166 MiB.
2026-09-29T14:33:42Z INFO [127/500] 1ae8dea0-4cb2-44ba-97b8-a566d7ee8dc2: 14 internal nodes; 0.8 s; peak memory 166 MiB.
2026-09-29T14:33:43Z INFO [128/500] 1aea5495-1f47-459b-bbf9-33b9422ce59a: 29 internal nodes; 0.9 s; peak memory 166 MiB.
2026-09-29T14:33:44Z INFO [129/500] 1aea7e13-db7b-42aa-925e-5b28a4f658e6: 31 internal nodes; 1.0 s; peak memory 166 MiB.
2026-09-29T14:33:45Z INFO [130/500] 1aeaf6d2-f7cd-474a-aa96-593b481b37fd: 31 internal nodes; 0.9 s; peak memory 166 MiB.
2026-09-29T14:33:46Z INFO [131/500] 1aeb2762-9973-4fbb-8a37-e8a71973cbe1: 31 internal nodes; 0.9 s; peak memory 166 MiB.
2026-09-29T14:33:47Z INFO [132/500] 1aebdd0f-8824-4822-81c6-6465015b382e: 53 internal nodes; 0.8 s; peak memory 166 MiB.
2026-09-29T14:33:48Z INFO [133/500] 1aeda96b-e8b4-4836-bb11-a40307f3c3a0: 31 internal nodes; 1.1 s; peak memory 166 MiB.
2026-09-29T14:33:50Z INFO [134/500] 1aee2d05-398e-437e-bb11-ab3ef1d9b377: 56 internal nodes; 2.1 s; peak memory 166 MiB.
2026-09-29T14:33:51Z INFO [135/500] 1aee7ae3-b54a-4c79-a6df-e97b22788104: 31 internal nodes; 1.0 s; peak memory 166 MiB.
2026-09-29T14:33:52Z INFO [136/500] 1aeebbac-d4ff-41a6-8971-996836a143cc: 27 internal nodes; 0.8 s; peak memory 166 MiB.
2026-09-29T14:33:54Z INFO [137/500] 1aef8651-97e9-4750-85c1-fb26cdb049f7: 55 internal nodes; 1.6 s; peak memory 166 MiB.
2026-09-29T14:33:56Z INFO [138/500] 1aef87ee-f609-4c69-a65c-65d469807e41: 44 internal nodes; 2.0 s; peak memory 166 MiB.
2026-09-29T14:33:56Z INFO [139/500] 1af00bf0-ceed-443d-9cdb-438eee4a3fa9: 17 internal nodes; 0.7 s; peak memory 166 MiB.
2026-09-29T14:33:58Z INFO [140/500] 1af081c9-7450-43a3-afc7-da16ece16791: 44 internal nodes; 1.8 s; peak memory 166 MiB.
2026-09-29T14:33:59Z INFO [141/500] 1af090b7-5add-497a-a4b6-5fc8c2d6e02e: 27 internal nodes; 0.7 s; peak memory 166 MiB.
2026-09-29T14:33:59Z INFO [142/500] 1af1158f-191e-4f92-9dde-5eb4bbd2e685: 13 internal nodes; 0.6 s; peak memory 166 MiB.
2026-09-29T14:34:00Z INFO [143/500] 1af17e19-3ecf-4ebc-ab2b-c0d5d10a6613: 18 internal nodes; 0.9 s; peak memory 166 MiB.
2026-09-29T14:34:05Z INFO [144/500] 1af1f296-6c91-4a69-aa66-1c80153311ce: 151 internal nodes; 4.1 s; peak memory 166 MiB.
2026-09-29T14:34:07Z INFO [145/500] 1af209e1-d3d8-4d49-b850-f628f39ebe61: 46 internal nodes; 2.1 s; peak memory 166 MiB.
2026-09-29T14:34:08Z INFO [146/500] 1af36811-8150-4e77-ac29-5793fc658685: 30 internal nodes; 1.0 s; peak memory 166 MiB.
2026-09-29T14:34:08Z INFO [147/500] 1af45e93-bd70-4924-8f7a-96c5e189a8dd: 17 internal nodes; 0.7 s; peak memory 166 MiB.
2026-09-29T14:34:09Z INFO [148/500] 1af484c0-1638-43a7-9871-5f68ac075494: 22 internal nodes; 0.9 s; peak memory 166 MiB.
2026-09-29T14:34:16Z INFO [149/500] 1af4f27c-b74c-40af-860a-f24c5892a2fd: 198 internal nodes; 6.4 s; peak memory 166 MiB.
2026-09-29T14:34:16Z INFO [150/500] 1af54bd7-a4c4-4442-b34b-93695e439c70: 17 internal nodes; 0.6 s; peak memory 166 MiB.
2026-09-29T14:34:16Z INFO [150/500] 1af54bd7-a4c4-4442-b34b-93695e439c70: checkpointed 59070 records.
2026-09-29T14:34:18Z INFO [151/500] 1af55522-66d9-4d63-acac-b1f9dd4c7496: 31 internal nodes; 1.2 s; peak memory 166 MiB.
2026-09-29T14:34:19Z INFO [152/500] 1af58c64-7f9a-4a63-b8a7-f29d954d6874: 27 internal nodes; 1.0 s; peak memory 166 MiB.
2026-09-29T14:34:19Z INFO [153/500] 1af58f08-f1d9-4f9b-b2f2-c97408339f60: 62 internal nodes; 0.9 s; peak memory 166 MiB.
2026-09-29T14:34:20Z INFO [154/500] 1af634ac-77ad-4c7e-8be1-0d80068f9405: 29 internal nodes; 1.0 s; peak memory 166 MiB.
2026-09-29T14:34:22Z INFO [155/500] 1af659ad-2701-45be-aea1-b89a58417f2f: 45 internal nodes; 1.2 s; peak memory 166 MiB.
2026-09-29T14:34:22Z INFO [156/500] 1af6bf98-4166-41bd-9a72-37ae070ff582: 11 internal nodes; 0.4 s; peak memory 166 MiB.
2026-09-29T14:34:25Z INFO [157/500] 1af6d203-d71e-4076-a2a3-f39cb70e48a1: 109 internal nodes; 2.9 s; peak memory 166 MiB.
2026-09-29T14:34:32Z INFO [158/500] 1af75f1d-a770-42f9-b1c8-b4789ae0136f: 172 internal nodes; 7.0 s; peak memory 166 MiB.
2026-09-29T14:34:33Z INFO [159/500] 1af8ad42-77ac-48f9-a760-d01b5c5ca4cb: 13 internal nodes; 0.7 s; peak memory 166 MiB.
2026-09-29T14:34:33Z INFO [160/500] 1afa07a2-6853-4da7-b5c5-277f262ee3c6: 11 internal nodes; 0.5 s; peak memory 166 MiB.
2026-09-29T14:34:34Z INFO [161/500] 1afac52c-b8f4-4a70-a25d-05a242378a7a: 17 internal nodes; 0.6 s; peak memory 166 MiB.
2026-09-29T14:34:36Z INFO [162/500] 1afb06bd-4643-40ac-bb0f-c29776988b1a: 40 internal nodes; 2.6 s; peak memory 166 MiB.
2026-09-29T14:34:37Z INFO [163/500] 1afc17cb-e333-405e-929e-e4aca7d12f1c: 17 internal nodes; 0.5 s; peak memory 166 MiB.
2026-09-29T14:34:38Z INFO [164/500] 1afc3821-5107-442a-bec5-1ea6a871fb36: 11 internal nodes; 0.5 s; peak memory 166 MiB.
2026-09-29T14:34:38Z INFO [165/500] 1afc6543-8239-421e-9b80-56da5b9cb191: 31 internal nodes; 0.6 s; peak memory 166 MiB.
2026-09-29T14:34:39Z INFO [166/500] 1afc7990-55f0-4f36-a2f2-18cbbc2d2159: 17 internal nodes; 0.6 s; peak memory 166 MiB.
2026-09-29T14:34:40Z INFO [167/500] 1afcb0ee-fd1c-499b-a823-4d09545b141c: 53 internal nodes; 1.3 s; peak memory 166 MiB.
2026-09-29T14:34:41Z INFO [168/500] 1afddeed-f687-4c04-ae66-8ef677f7eeca: 17 internal nodes; 0.6 s; peak memory 166 MiB.
2026-09-29T14:34:42Z INFO [169/500] 1afe12e2-8ea8-4142-90cd-804693253d09: 30 internal nodes; 1.1 s; peak memory 166 MiB.
2026-09-29T14:34:43Z INFO [170/500] 1afe4dc8-ce45-4446-8753-9936fa6bfc99: 17 internal nodes; 1.1 s; peak memory 166 MiB.
2026-09-29T14:34:44Z INFO [171/500] 1b00688e-6854-4479-8e6b-87c9d7905344: 17 internal nodes; 0.8 s; peak memory 166 MiB.
2026-09-29T14:34:44Z INFO [172/500] 1b0135d1-b194-400f-acf3-b579b302b827: 18 internal nodes; 0.9 s; peak memory 166 MiB.
2026-09-29T14:34:53Z INFO [173/500] 1b01c958-449f-4da3-ac9c-1411e05b4872: 346 internal nodes; 8.1 s; peak memory 166 MiB.
2026-09-29T14:34:54Z INFO [174/500] 1b022849-ae55-4dd9-858e-80caefa9c827: 72 internal nodes; 1.9 s; peak memory 166 MiB.
2026-09-29T14:34:55Z INFO [175/500] 1b027c9d-eea2-44cf-84b8-8a45859a5554: 21 internal nodes; 0.8 s; peak memory 166 MiB.
2026-09-29T14:34:56Z INFO [176/500] 1b027cb8-d77c-4dc1-aa2b-478c4f04cf23: 27 internal nodes; 0.7 s; peak memory 166 MiB.
2026-09-29T14:35:01Z INFO [177/500] 1b029df2-9cac-4d07-bb86-f75ebe175b4d: 184 internal nodes; 5.1 s; peak memory 166 MiB.
2026-09-29T14:35:02Z INFO [178/500] 1b033a30-ed2d-4c68-b3f7-86061f992046: 27 internal nodes; 0.7 s; peak memory 166 MiB.
2026-09-29T14:35:03Z INFO [179/500] 1b03590c-ddd6-4b0a-89bb-ad418e6d75d1: 27 internal nodes; 1.0 s; peak memory 166 MiB.
2026-09-29T14:35:10Z INFO [180/500] 1b04a40e-4f40-4840-93d0-78fda0383a19: 336 internal nodes; 7.1 s; peak memory 166 MiB.
2026-09-29T14:35:11Z INFO [181/500] 1b04cd93-ce02-4160-b0e1-b3a180ebbbdc: 91 internal nodes; 0.9 s; peak memory 166 MiB.
2026-09-29T14:35:12Z INFO [182/500] 1b053579-dd2b-4b44-8da4-56b39a24d594: 122 internal nodes; 0.9 s; peak memory 166 MiB.
2026-09-29T14:35:12Z INFO [183/500] 1b05636e-0e8d-4417-85ed-95bef93c3e1b: 31 internal nodes; 0.9 s; peak memory 166 MiB.
2026-09-29T14:35:14Z INFO [184/500] 1b056e37-d4be-4401-a646-6f66e1ad114a: 29 internal nodes; 1.2 s; peak memory 166 MiB.
2026-09-29T14:35:14Z INFO [185/500] 1b05718c-53d9-497c-83f5-59392bd6d113: 17 internal nodes; 0.6 s; peak memory 166 MiB.
2026-09-29T14:35:15Z INFO [186/500] 1b0614a1-cff8-468e-a664-96f57d09f08f: 17 internal nodes; 0.7 s; peak memory 166 MiB.
2026-09-29T14:35:16Z INFO [187/500] 1b074d1e-9329-45dc-8125-a4db982e54d5: 23 internal nodes; 0.8 s; peak memory 166 MiB.
2026-09-29T14:35:20Z INFO [188/500] 1b08f0ab-67ad-46cf-b083-c04b2b90a412: 275 internal nodes; 4.1 s; peak memory 166 MiB.
2026-09-29T14:35:20Z INFO [189/500] 1b0a0c42-dd5d-4383-a8a6-894dbc179db7: 17 internal nodes; 0.7 s; peak memory 166 MiB.
2026-09-29T14:35:21Z INFO [190/500] 1b0a3c2f-1c10-42af-9fad-6a737dd1f099: 31 internal nodes; 0.9 s; peak memory 166 MiB.
2026-09-29T14:35:22Z INFO [191/500] 1b0ab8a9-b531-49be-bff8-4bb759d5fbc3: 18 internal nodes; 1.0 s; peak memory 166 MiB.
2026-09-29T14:35:23Z INFO [192/500] 1b0b550c-9326-4b9f-962b-1e7f57e91a0e: 115 internal nodes; 0.7 s; peak memory 166 MiB.
2026-09-29T14:35:24Z INFO [193/500] 1b0c4a61-bb5c-4616-b35f-fb274b49318d: 62 internal nodes; 1.2 s; peak memory 166 MiB.
2026-09-29T14:35:25Z INFO [194/500] 1b0da3dc-d7c1-4330-a6f6-606e97efafba: 17 internal nodes; 0.4 s; peak memory 166 MiB.
2026-09-29T14:35:33Z INFO [195/500] 1b0dbb12-4f07-4dbb-94e4-93361f4a942b: 281 internal nodes; 8.6 s; peak memory 166 MiB.
2026-09-29T14:35:34Z INFO [196/500] 1b0dedb4-71cf-42d8-afad-7888573d5cbf: 23 internal nodes; 0.7 s; peak memory 166 MiB.
2026-09-29T14:35:35Z INFO [197/500] 1b0ece62-bf23-40fc-aa24-0d3302713455: 18 internal nodes; 1.1 s; peak memory 166 MiB.
2026-09-29T14:35:36Z INFO [198/500] 1b0f8efb-97d1-4d84-abed-0b1729b2791e: 31 internal nodes; 0.9 s; peak memory 166 MiB.
2026-09-29T14:35:37Z INFO [199/500] 1b0f9aaf-edd9-40d4-ac98-d453c51b6c79: 31 internal nodes; 0.9 s; peak memory 166 MiB.
2026-09-29T14:35:37Z INFO [200/500] 1b0fda33-ccd7-4e01-a859-3431596cf7ff: 27 internal nodes; 0.5 s; peak memory 166 MiB.
2026-09-29T14:35:37Z INFO [200/500] 1b0fda33-ccd7-4e01-a859-3431596cf7ff: checkpointed 59120 records.
2026-09-29T14:35:39Z INFO [201/500] 1b105c8e-e77f-4661-a130-f26d7926a30a: 36 internal nodes; 1.2 s; peak memory 166 MiB.
2026-09-29T14:35:39Z INFO [202/500] 1b10f877-12b1-49e2-8182-f9ebf70b52de: 17 internal nodes; 0.7 s; peak memory 166 MiB.
2026-09-29T14:35:40Z INFO [203/500] 1b128c85-f32b-4093-a8b0-0340530183f6: 31 internal nodes; 1.1 s; peak memory 166 MiB.
2026-09-29T14:35:41Z INFO [204/500] 1b133ce1-2213-48c3-bbe0-c55df6a8db00: 53 internal nodes; 0.9 s; peak memory 166 MiB.
2026-09-29T14:35:42Z INFO [205/500] 1b13aaef-ffb3-4d6d-9940-6a653bd9b0fb: 27 internal nodes; 1.0 s; peak memory 166 MiB.
2026-09-29T14:35:44Z INFO [206/500] 1b13ea5e-2f9a-4a0f-b294-514adc1641f1: 44 internal nodes; 1.7 s; peak memory 166 MiB.
2026-09-29T14:35:45Z INFO [207/500] 1b16a58e-20ee-41c4-981e-3aa8c94d8391: 27 internal nodes; 0.9 s; peak memory 166 MiB.
2026-09-29T14:35:45Z INFO [208/500] 1b181fa7-76d0-40d2-a719-52239c545d6d: 17 internal nodes; 0.6 s; peak memory 166 MiB.
2026-09-29T14:35:47Z INFO [209/500] 1b193914-fc92-4d57-8c00-332cc67433a7: 44 internal nodes; 1.6 s; peak memory 166 MiB.
2026-09-29T14:35:48Z INFO [210/500] 1b19b146-228f-472e-a3f7-44edaabcf783: 21 internal nodes; 0.7 s; peak memory 166 MiB.
2026-09-29T14:35:48Z INFO [211/500] 1b19eabd-7bb7-40fa-9698-42fb1f950064: 25 internal nodes; 0.6 s; peak memory 166 MiB.
2026-09-29T14:35:54Z INFO [212/500] 1b19f5ad-bf9b-43eb-80f0-cf39f0fa5463: 177 internal nodes; 5.5 s; peak memory 166 MiB.
2026-09-29T14:35:55Z INFO [213/500] 1b1a6232-6af7-4783-be44-5d702c66e60d: 17 internal nodes; 0.6 s; peak memory 166 MiB.
2026-09-29T14:35:56Z INFO [214/500] 1b1acc18-12d5-49ee-99c7-590c4c358abd: 27 internal nodes; 0.9 s; peak memory 166 MiB.
2026-09-29T14:35:56Z INFO [215/500] 1b1b8be9-21fb-41c9-902c-61940e1d1a50: 27 internal nodes; 0.6 s; peak memory 166 MiB.
2026-09-29T14:35:57Z INFO [216/500] 1b1c02ca-9a56-4c92-bd4e-c772c544ca4c: 53 internal nodes; 1.1 s; peak memory 166 MiB.
2026-09-29T14:36:03Z INFO [217/500] 1b1c3bee-7ab3-4716-9846-30800a7109da: 168 internal nodes; 6.0 s; peak memory 166 MiB.
2026-09-29T14:36:09Z INFO [218/500] 1b1cc320-39a3-43b5-b742-74dae145e385: 186 internal nodes; 5.5 s; peak memory 166 MiB.
2026-09-29T14:36:12Z INFO [219/500] 1b1f58c6-7ca5-443f-a5b3-5a558337eca7: 41 internal nodes; 2.9 s; peak memory 166 MiB.
2026-09-29T14:36:13Z INFO [220/500] 1b1fa49f-4f47-4187-8a92-2cd5285e6e81: 19 internal nodes; 0.9 s; peak memory 166 MiB.
2026-09-29T14:36:14Z INFO [221/500] 1b20c525-c1e6-4185-8f69-e534d529fc20: 67 internal nodes; 1.0 s; peak memory 166 MiB.
2026-09-29T14:36:14Z INFO [222/500] 1b216ff6-80a0-4ed5-a715-649f97667f48: 17 internal nodes; 0.8 s; peak memory 166 MiB.
2026-09-29T14:36:15Z INFO [223/500] 1b221fe6-a4fd-4c14-8914-c6ba9eb0cd78: 13 internal nodes; 0.5 s; peak memory 166 MiB.
2026-09-29T14:36:17Z INFO [224/500] 1b226a86-80c7-4b6a-8f42-9c2c0c0522d8: 60 internal nodes; 2.1 s; peak memory 166 MiB.
2026-09-29T14:36:18Z INFO [225/500] 1b23a226-f774-445b-ae09-2a8ba05290a1: 17 internal nodes; 0.6 s; peak memory 166 MiB.
2026-09-29T14:36:27Z INFO [226/500] 1b244b32-7bfe-43f3-8378-72eab59624b1: 355 internal nodes; 9.1 s; peak memory 166 MiB.
2026-09-29T14:36:27Z INFO [227/500] 1b24d6ad-bb61-41e5-b094-97debe167178: 23 internal nodes; 0.7 s; peak memory 166 MiB.
2026-09-29T14:36:29Z INFO [228/500] 1b260e3c-a5ae-4978-89c6-3f7c32c1c957: 44 internal nodes; 1.3 s; peak memory 166 MiB.
2026-09-29T14:36:32Z INFO [229/500] 1b2718a0-e47b-437b-8397-c076d2860738: 100 internal nodes; 3.3 s; peak memory 166 MiB.
2026-09-29T14:36:33Z INFO [230/500] 1b28a63f-4795-4557-8204-4b2fe183c9ec: 27 internal nodes; 0.8 s; peak memory 166 MiB.
2026-09-29T14:36:34Z INFO [231/500] 1b29793e-1d66-420e-9dd3-d08147236783: 17 internal nodes; 0.7 s; peak memory 166 MiB.
2026-09-29T14:36:35Z INFO [232/500] 1b29b73b-1200-4d68-bc2e-71615748f5a5: 31 internal nodes; 1.3 s; peak memory 166 MiB.
2026-09-29T14:36:36Z INFO [233/500] 1b2ba18e-f3f1-4e91-8a11-f02c3a56e886: 65 internal nodes; 1.6 s; peak memory 166 MiB.
2026-09-29T14:36:37Z INFO [234/500] 1b2bb8a0-6261-44df-827a-70f28248b914: 22 internal nodes; 1.0 s; peak memory 166 MiB.
2026-09-29T14:36:38Z INFO [235/500] 1b2bdb42-4716-4188-aebd-edcf0ed0e413: 31 internal nodes; 0.8 s; peak memory 166 MiB.
2026-09-29T14:36:39Z INFO [236/500] 1b2bef07-b0f2-4784-aa4d-e22cf614798c: 24 internal nodes; 0.6 s; peak memory 166 MiB.
2026-09-29T14:36:40Z INFO [237/500] 1b2c6825-8795-4fe6-b9e2-cc3531713a47: 45 internal nodes; 1.4 s; peak memory 166 MiB.
2026-09-29T14:36:42Z INFO [238/500] 1b2c7910-9465-4e7c-b30f-f0dd3d410d4f: 21 internal nodes; 1.6 s; peak memory 166 MiB.
2026-09-29T14:36:43Z INFO [239/500] 1b2e5fe3-3da8-4506-9347-a8600a599408: 19 internal nodes; 0.8 s; peak memory 166 MiB.
2026-09-29T14:36:44Z INFO [240/500] 1b30148f-ba8c-44d2-a283-18a68c5c67c5: 31 internal nodes; 0.9 s; peak memory 166 MiB.
2026-09-29T14:36:49Z INFO [241/500] 1b3042b7-fa26-4236-bd41-da3cd61153bc: 145 internal nodes; 5.0 s; peak memory 166 MiB.
2026-09-29T14:36:49Z INFO [242/500] 1b30d050-9f95-4f1b-ae3d-b890c93f4068: 17 internal nodes; 0.6 s; peak memory 166 MiB.
2026-09-29T14:36:50Z INFO [243/500] 1b31233c-85bc-4e42-a27d-699a1b49baa1: 17 internal nodes; 0.6 s; peak memory 166 MiB.
2026-09-29T14:36:51Z INFO [244/500] 1b322a2f-4eca-415c-88a7-3f1071370a59: 23 internal nodes; 0.9 s; peak memory 166 MiB.
2026-09-29T14:36:52Z INFO [245/500] 1b325904-05c0-4d0e-9d5c-d182d87ec958: 31 internal nodes; 0.9 s; peak memory 166 MiB.
2026-09-29T14:36:52Z INFO [246/500] 1b328d87-57d2-4f8d-a00b-a7b38ebc8432: 11 internal nodes; 0.5 s; peak memory 166 MiB.
2026-09-29T14:36:53Z INFO [247/500] 1b32d631-fe02-4573-94e3-39fd47310542: 27 internal nodes; 0.8 s; peak memory 166 MiB.
2026-09-29T14:36:56Z INFO [248/500] 1b3323a2-3fbc-4d82-bc36-fba1f05519df: 50 internal nodes; 2.8 s; peak memory 166 MiB.
2026-09-29T14:36:56Z INFO [249/500] 1b338d22-da56-4722-8b08-766039efd462: 17 internal nodes; 0.6 s; peak memory 166 MiB.
2026-09-29T14:36:57Z INFO [250/500] 1b348004-1aba-4328-be26-2e81d61bd3a6: 30 internal nodes; 1.1 s; peak memory 166 MiB.
2026-09-29T14:36:57Z INFO [250/500] 1b348004-1aba-4328-be26-2e81d61bd3a6: checkpointed 59170 records.
2026-09-29T14:36:58Z INFO [251/500] 1b34a31c-5a79-4c49-81a4-265430772f28: 11 internal nodes; 0.5 s; peak memory 166 MiB.
2026-09-29T14:36:59Z INFO [252/500] 1b34a37d-3ff5-4f57-970a-0af714098a92: 31 internal nodes; 1.2 s; peak memory 166 MiB.
2026-09-29T14:37:00Z INFO [253/500] 1b34e5c2-a824-4982-925c-2093d2c219dd: 22 internal nodes; 1.3 s; peak memory 166 MiB.
2026-09-29T14:37:01Z INFO [254/500] 1b34f143-c783-4170-b3db-63aa9ee38d92: 11 internal nodes; 0.6 s; peak memory 166 MiB.
2026-09-29T14:37:02Z INFO [255/500] 1b351092-cbe0-4179-91fe-a1b78b775718: 27 internal nodes; 0.8 s; peak memory 166 MiB.
2026-09-29T14:37:03Z INFO [256/500] 1b354138-91c3-43b7-a005-8b8b4d13b6f5: 37 internal nodes; 1.1 s; peak memory 166 MiB.
2026-09-29T14:37:10Z INFO [257/500] 1b355901-48a2-40bb-a7bb-223c40f6b5fd: 59 internal nodes; 7.1 s; peak memory 166 MiB.
2026-09-29T14:37:19Z INFO [258/500] 1b35d443-cc89-4d2e-a2fe-ce8c8580f8c9: 1811 internal nodes; 8.7 s; peak memory 210 MiB.
2026-09-29T14:37:19Z INFO [259/500] 1b3692f7-dd10-433d-b875-d6eb459721de: 17 internal nodes; 0.6 s; peak memory 210 MiB.
2026-09-29T14:37:20Z INFO [260/500] 1b36bc83-d02e-4b3b-917a-40c02b4ce7d4: 17 internal nodes; 0.7 s; peak memory 210 MiB.
2026-09-29T14:37:21Z INFO [261/500] 1b36bf98-1672-45ea-b3ff-39ec73e7f3fd: 17 internal nodes; 0.9 s; peak memory 210 MiB.
2026-09-29T14:37:22Z INFO [262/500] 1b36d676-87a3-47cc-8a43-4b51592389b4: 19 internal nodes; 0.6 s; peak memory 210 MiB.
2026-09-29T14:37:22Z INFO [263/500] 1b370e83-e2e1-4c2c-b1f6-fad4f6bcc531: 31 internal nodes; 0.9 s; peak memory 210 MiB.
2026-09-29T14:37:23Z INFO [264/500] 1b3710b2-bf4c-4be8-ba21-43c0d5a839a9: 17 internal nodes; 0.7 s; peak memory 210 MiB.
2026-09-29T14:37:24Z INFO [265/500] 1b371add-999f-4ce0-bc93-c89625df3e5c: 31 internal nodes; 1.0 s; peak memory 210 MiB.
2026-09-29T14:37:25Z INFO [266/500] 1b372bf0-7e0e-4147-8cb8-194b1068f2a3: 27 internal nodes; 0.9 s; peak memory 210 MiB.
2026-09-29T14:37:26Z INFO [267/500] 1b37a3ee-2ba0-4cc8-bc73-5e654e49b0c3: 13 internal nodes; 0.6 s; peak memory 210 MiB.
2026-09-29T14:37:26Z INFO [268/500] 1b37cd42-79b4-48cc-8144-a5644c75abfd: 26 internal nodes; 0.6 s; peak memory 210 MiB.
2026-09-29T14:37:27Z INFO [269/500] 1b39b077-25d9-421a-bb95-ba1288354670: 31 internal nodes; 0.9 s; peak memory 210 MiB.
2026-09-29T14:37:28Z INFO [270/500] 1b39dad2-355e-42c6-9337-67eef98137d2: 114 internal nodes; 0.8 s; peak memory 210 MiB.
2026-09-29T14:37:29Z INFO [271/500] 1b39f664-a6e5-47fd-86dc-6aeae60f04dd: 17 internal nodes; 0.8 s; peak memory 210 MiB.
2026-09-29T14:37:30Z INFO [272/500] 1b39faf4-df76-474f-8174-092c7b9e7f55: 31 internal nodes; 1.1 s; peak memory 210 MiB.
2026-09-29T14:37:31Z INFO [273/500] 1b3af3b3-c892-490e-ae39-6fd6e5c8211f: 29 internal nodes; 0.8 s; peak memory 210 MiB.
2026-09-29T14:37:31Z INFO [274/500] 1b3d2375-41ef-41bd-9eda-24490ae74e5e: 27 internal nodes; 0.8 s; peak memory 210 MiB.
2026-09-29T14:37:32Z INFO [275/500] 1b3d2fb9-2e7e-419e-85cc-440d54835a09: 17 internal nodes; 0.7 s; peak memory 210 MiB.
2026-09-29T14:37:33Z INFO [276/500] 1b3df003-58f0-4ae5-b0ed-a542b6071d6e: 27 internal nodes; 0.8 s; peak memory 210 MiB.
2026-09-29T14:37:34Z INFO [277/500] 1b4031e4-7932-430c-b22b-171a4f81204a: 116 internal nodes; 0.8 s; peak memory 210 MiB.
2026-09-29T14:37:35Z INFO [278/500] 1b41a9c3-331d-4c01-9ccb-5f0b821c5e77: 67 internal nodes; 1.3 s; peak memory 210 MiB.
2026-09-29T14:37:36Z INFO [279/500] 1b429fcd-2364-49f3-bc29-af1d28c3a196: 27 internal nodes; 0.9 s; peak memory 210 MiB.
2026-09-29T14:37:38Z INFO [280/500] 1b42ab5d-c00c-48ae-921b-80c9b8ebde10: 44 internal nodes; 2.1 s; peak memory 210 MiB.
2026-09-29T14:37:40Z INFO [281/500] 1b42afc4-e84f-420e-a199-0577735cfd35: 69 internal nodes; 1.5 s; peak memory 210 MiB.
2026-09-29T14:37:40Z INFO [282/500] 1b42d582-cebf-4b0d-accb-84c53eca1136: 17 internal nodes; 0.6 s; peak memory 210 MiB.
2026-09-29T14:37:41Z INFO [283/500] 1b4364e9-f5e0-49f4-be8d-72ece203f5a3: 27 internal nodes; 0.7 s; peak memory 210 MiB.
2026-09-29T14:37:41Z INFO [284/500] 1b43e104-ed87-462e-adce-3e8f5f110b4b: 13 internal nodes; 0.4 s; peak memory 210 MiB.
2026-09-29T14:37:42Z INFO [285/500] 1b43f8fe-6171-4357-a86d-d19f30feb032: 17 internal nodes; 0.6 s; peak memory 210 MiB.
2026-09-29T14:37:43Z INFO [286/500] 1b440544-6bb4-4df2-ab5c-8f71e7f546d2: 24 internal nodes; 0.6 s; peak memory 210 MiB.
2026-09-29T14:37:43Z INFO [287/500] 1b45281c-bb8d-4c03-81d1-e1951d28f662: 16 internal nodes; 0.8 s; peak memory 210 MiB.
2026-09-29T14:37:44Z INFO [288/500] 1b456f5e-4a67-40a7-85ab-7e0fd9b1afc0: 27 internal nodes; 0.9 s; peak memory 210 MiB.
2026-09-29T14:37:45Z INFO [289/500] 1b457133-0bd0-463e-996d-89b6256915e2: 11 internal nodes; 0.4 s; peak memory 210 MiB.
2026-09-29T14:37:45Z INFO [290/500] 1b46f895-e328-4065-8366-c364162a8904: 13 internal nodes; 0.8 s; peak memory 210 MiB.
2026-09-29T14:37:46Z INFO [291/500] 1b474cbf-6046-4d4b-a520-035505b86452: 27 internal nodes; 0.9 s; peak memory 210 MiB.
2026-09-29T14:37:47Z INFO [292/500] 1b482037-2652-4af0-ac29-6bf66f2cabf3: 31 internal nodes; 0.9 s; peak memory 210 MiB.
2026-09-29T14:37:48Z INFO [293/500] 1b486391-55dd-4eef-814a-d0718f95e9f8: 27 internal nodes; 0.8 s; peak memory 210 MiB.
2026-09-29T14:37:49Z INFO [294/500] 1b495862-757e-475b-9d0d-4239c0e37f15: 17 internal nodes; 0.7 s; peak memory 210 MiB.
2026-09-29T14:37:50Z INFO [295/500] 1b497974-c26c-447a-97f2-c05db85e6669: 31 internal nodes; 0.9 s; peak memory 210 MiB.
2026-09-29T14:37:51Z INFO [296/500] 1b4cc61b-d005-476c-b094-3c8c97fd1f60: 18 internal nodes; 1.0 s; peak memory 210 MiB.
2026-09-29T14:37:51Z INFO [297/500] 1b500396-4432-43f7-8073-df8b96b20007: 17 internal nodes; 0.6 s; peak memory 210 MiB.
2026-09-29T14:37:52Z INFO [298/500] 1b502ae7-ec4d-4ec2-9718-16f1ae6b02bc: 17 internal nodes; 0.7 s; peak memory 210 MiB.
2026-09-29T14:37:52Z INFO [299/500] 1b510ed0-1e05-4500-a1e1-6c0bb691c9e8: 11 internal nodes; 0.5 s; peak memory 210 MiB.
2026-09-29T14:37:54Z INFO [300/500] 1b512b13-abfa-426d-b173-344e5a5ec61e: 53 internal nodes; 1.2 s; peak memory 210 MiB.
2026-09-29T14:37:54Z INFO [300/500] 1b512b13-abfa-426d-b173-344e5a5ec61e: checkpointed 59220 records.
2026-09-29T14:37:54Z INFO [301/500] 1b516565-cb79-49ff-8abf-2377669d26d9: 31 internal nodes; 0.8 s; peak memory 210 MiB.
2026-09-29T14:37:55Z INFO [302/500] 1b52549e-b48b-4c49-ad26-1d369d079ea0: 26 internal nodes; 0.8 s; peak memory 210 MiB.
2026-09-29T14:37:57Z INFO [303/500] 1b53c6e8-7b4f-4400-8a98-6b76895c636b: 53 internal nodes; 1.7 s; peak memory 210 MiB.
2026-09-29T14:37:58Z INFO [304/500] 1b56389c-5b99-4cab-90fd-d98501d73dd5: 22 internal nodes; 0.9 s; peak memory 210 MiB.
2026-09-29T14:37:59Z INFO [305/500] 1b578a24-b744-49a8-8855-07c91bce1d80: 29 internal nodes; 0.8 s; peak memory 210 MiB.
2026-09-29T14:37:59Z INFO [306/500] 1b57fa2b-63f9-4aa3-bc3b-34e63150031b: 17 internal nodes; 0.7 s; peak memory 210 MiB.
2026-09-29T14:38:00Z INFO [307/500] 1b5826e6-db71-4e41-9e53-2a0dafa3700f: 13 internal nodes; 0.6 s; peak memory 210 MiB.
2026-09-29T14:38:01Z INFO [308/500] 1b5a500b-b046-48fd-b987-84ec2ea84c42: 17 internal nodes; 0.9 s; peak memory 210 MiB.
2026-09-29T14:38:03Z INFO [309/500] 1b5ad14a-ea7f-4cf1-9490-16c9cd7fd8a9: 56 internal nodes; 1.9 s; peak memory 210 MiB.
2026-09-29T14:38:03Z INFO [310/500] 1b5bbbe3-120b-4377-b71a-4d46092f1959: 26 internal nodes; 0.4 s; peak memory 210 MiB.
2026-09-29T14:38:04Z INFO [311/500] 1b5d3665-10ce-4e81-8cf7-9a860f41551c: 11 internal nodes; 0.4 s; peak memory 210 MiB.
2026-09-29T14:38:04Z INFO [312/500] 1b5d61cf-1089-4def-ac9a-4051229fa422: 17 internal nodes; 0.6 s; peak memory 210 MiB.
2026-09-29T14:38:05Z INFO [313/500] 1b5e5062-f411-45b3-a21d-73cddbad744e: 17 internal nodes; 0.7 s; peak memory 210 MiB.
2026-09-29T14:38:06Z INFO [314/500] 1b5e6512-eacc-4b49-bb46-e5bf49e75669: 27 internal nodes; 1.0 s; peak memory 210 MiB.
2026-09-29T14:38:08Z INFO [315/500] 1b5f1ae1-2ef4-46bd-a30a-cc4acbc970d1: 477 internal nodes; 2.2 s; peak memory 210 MiB.
2026-09-29T14:38:09Z INFO [316/500] 1b5fc059-5a8c-41ee-805a-529f99f59b31: 23 internal nodes; 1.0 s; peak memory 210 MiB.
2026-09-29T14:38:10Z INFO [317/500] 1b5fcec0-fbef-4f3e-9528-d4f493b15105: 31 internal nodes; 0.9 s; peak memory 210 MiB.
2026-09-29T14:38:15Z INFO [318/500] 1b5fdc86-5280-4097-a0d3-26b11c2a06f3: 207 internal nodes; 4.5 s; peak memory 210 MiB.
2026-09-29T14:38:15Z INFO [319/500] 1b5fef11-c244-4648-8f47-d3f97df12767: 15 internal nodes; 0.7 s; peak memory 210 MiB.
2026-09-29T14:38:16Z INFO [320/500] 1b600be7-d9e1-4d03-a7fa-f16518033776: 27 internal nodes; 0.5 s; peak memory 210 MiB.
2026-09-29T14:38:17Z INFO [321/500] 1b605179-650b-4c39-97c7-bd2ab6d5ed7d: 31 internal nodes; 1.2 s; peak memory 210 MiB.
2026-09-29T14:38:18Z INFO [322/500] 1b61fe29-de19-4e2d-be07-9fc1898dec0f: 60 internal nodes; 1.0 s; peak memory 210 MiB.
2026-09-29T14:38:19Z INFO [323/500] 1b626ece-ed8d-4898-a28c-1ab2073a700f: 53 internal nodes; 1.3 s; peak memory 210 MiB.
2026-09-29T14:38:20Z INFO [324/500] 1b62ef64-b4cb-42e8-80d0-ebc0d397170e: 27 internal nodes; 1.0 s; peak memory 210 MiB.
2026-09-29T14:38:21Z INFO [325/500] 1b62f71e-8e4e-46f4-b4da-c8644d30a192: 18 internal nodes; 0.5 s; peak memory 210 MiB.
2026-09-29T14:38:22Z INFO [326/500] 1b63708b-4da7-4360-b440-64cc73f3cbb9: 23 internal nodes; 1.1 s; peak memory 210 MiB.
2026-09-29T14:38:23Z INFO [327/500] 1b63eb33-d03c-4404-a346-63d0b5086e2a: 18 internal nodes; 0.5 s; peak memory 210 MiB.
2026-09-29T14:38:23Z INFO [328/500] 1b656b72-8923-43cd-8ffd-61fd7bc9388a: 17 internal nodes; 0.7 s; peak memory 210 MiB.
2026-09-29T14:38:28Z INFO [329/500] 1b659c45-9d76-401f-ae91-212231b46410: 177 internal nodes; 4.6 s; peak memory 210 MiB.
2026-09-29T14:38:29Z INFO [330/500] 1b66119b-ae55-4a58-88cd-3bd36b9e87c0: 25 internal nodes; 1.3 s; peak memory 210 MiB.
2026-09-29T14:38:30Z INFO [331/500] 1b663e78-2f81-4a35-a5df-81577ad56c00: 13 internal nodes; 0.8 s; peak memory 210 MiB.
2026-09-29T14:38:32Z INFO [332/500] 1b6692e3-8dde-4bc6-80eb-cf2ce47d6278: 52 internal nodes; 1.6 s; peak memory 210 MiB.
2026-09-29T14:38:33Z INFO [333/500] 1b66db97-4aac-476c-b18b-b389663731d2: 30 internal nodes; 1.4 s; peak memory 210 MiB.
2026-09-29T14:38:33Z INFO [334/500] 1b67a8d7-4009-46bd-80ae-c7745964c9da: 11 internal nodes; 0.5 s; peak memory 210 MiB.
2026-09-29T14:38:34Z INFO [335/500] 1b680fda-03b0-4ffd-bda0-81d18c6d1f4a: 27 internal nodes; 0.9 s; peak memory 210 MiB.
2026-09-29T14:38:35Z INFO [336/500] 1b69050b-f295-4091-ab77-09af67256c20: 17 internal nodes; 0.8 s; peak memory 210 MiB.
2026-09-29T14:38:36Z INFO [337/500] 1b69b520-fded-4e8a-9ee3-c23c41e75c05: 29 internal nodes; 0.9 s; peak memory 210 MiB.
2026-09-29T14:38:37Z INFO [338/500] 1b69eec2-3b64-4dad-94d9-fb7fa87f7605: 28 internal nodes; 0.7 s; peak memory 210 MiB.
2026-09-29T14:38:38Z INFO [339/500] 1b6a41d3-9a7c-45dc-b835-ab188e7bd786: 31 internal nodes; 1.2 s; peak memory 210 MiB.
2026-09-29T14:38:39Z INFO [340/500] 1b6aad1f-b878-4a86-a307-691fbc8063ae: 30 internal nodes; 1.3 s; peak memory 210 MiB.
2026-09-29T14:38:41Z INFO [341/500] 1b6b7955-ff3d-427e-9d7a-9ee7bb360ba0: 44 internal nodes; 2.0 s; peak memory 210 MiB.
2026-09-29T14:38:42Z INFO [342/500] 1b6b8833-7c1c-4d6b-afe4-bbe463a1e90e: 11 internal nodes; 0.4 s; peak memory 210 MiB.
2026-09-29T14:38:43Z INFO [343/500] 1b6b95d4-2bac-4a5d-b3a6-be3ecf9873d8: 27 internal nodes; 1.1 s; peak memory 210 MiB.
2026-09-29T14:38:44Z INFO [344/500] 1b6bca83-524c-4d1e-bc7d-10906d7e8ca0: 50 internal nodes; 1.2 s; peak memory 210 MiB.
2026-09-29T14:38:50Z INFO [345/500] 1b6ca915-3e02-4aaa-a441-8e1bcb28a1b6: 176 internal nodes; 5.7 s; peak memory 210 MiB.
2026-09-29T14:38:51Z INFO [346/500] 1b6cc21d-e887-46bc-9694-48a0c2c5edca: 23 internal nodes; 1.0 s; peak memory 210 MiB.
2026-09-29T14:38:51Z INFO [347/500] 1b6cecbe-4515-4f5b-bea3-3a30dae84db5: 17 internal nodes; 0.7 s; peak memory 210 MiB.
2026-09-29T14:38:53Z INFO [348/500] 1b6ef295-0ef5-4c47-b90c-9e1b28059d64: 59 internal nodes; 1.7 s; peak memory 210 MiB.
2026-09-29T14:38:54Z INFO [349/500] 1b6f71c4-f46b-4c95-bae4-4ba197aa1787: 25 internal nodes; 0.8 s; peak memory 210 MiB.
2026-09-29T14:38:55Z INFO [350/500] 1b6f74c9-63c3-4f15-b92f-4a4c9d7fcd6a: 115 internal nodes; 0.8 s; peak memory 210 MiB.
2026-09-29T14:38:55Z INFO [350/500] 1b6f74c9-63c3-4f15-b92f-4a4c9d7fcd6a: checkpointed 59270 records.
2026-09-29T14:38:57Z INFO [351/500] 1b6f8286-233f-4db7-b578-3ac9e4fca337: 45 internal nodes; 2.2 s; peak memory 210 MiB.
2026-09-29T14:38:58Z INFO [352/500] 1b6fceff-ac29-4307-aa68-04854c7e7b90: 41 internal nodes; 0.8 s; peak memory 210 MiB.
2026-09-29T14:38:59Z INFO [353/500] 1b6fd53c-1cd8-4dfd-b440-6c56315ec367: 115 internal nodes; 1.0 s; peak memory 210 MiB.
2026-09-29T14:38:59Z INFO [354/500] 1b70211a-a23a-48d0-a47c-8a72f0cb81c6: 13 internal nodes; 0.6 s; peak memory 210 MiB.
2026-09-29T14:39:00Z INFO [355/500] 1b708f4b-f398-44b8-8d1a-debd6ff27fee: 17 internal nodes; 0.8 s; peak memory 210 MiB.
2026-09-29T14:39:18Z INFO [356/500] 1b71189a-b8e6-4418-9215-8a8dd703f509: 2075 internal nodes; 17.4 s; peak memory 210 MiB.
2026-09-29T14:39:18Z INFO [357/500] 1b72ca5f-c9d8-4d2d-b444-bad52cb05139: 17 internal nodes; 0.8 s; peak memory 210 MiB.
2026-09-29T14:39:20Z INFO [358/500] 1b732765-09b3-4956-9d3a-4675a52e332d: 30 internal nodes; 1.8 s; peak memory 210 MiB.
2026-09-29T14:39:21Z INFO [359/500] 1b7425c9-848f-484d-bd66-cc95ac6a4dfb: 17 internal nodes; 0.7 s; peak memory 210 MiB.
2026-09-29T14:39:21Z INFO [360/500] 1b74286d-5986-4ed4-85c6-0075d248deed: 17 internal nodes; 0.7 s; peak memory 210 MiB.
2026-09-29T14:39:22Z INFO [361/500] 1b753053-816f-429a-8c81-3130d6b13567: 17 internal nodes; 0.7 s; peak memory 210 MiB.
2026-09-29T14:39:23Z INFO [362/500] 1b765e75-a098-4f4c-a662-4da961424e8d: 17 internal nodes; 0.7 s; peak memory 210 MiB.
2026-09-29T14:39:23Z INFO [363/500] 1b7723f3-1c7a-417b-a678-78c96fa15569: 11 internal nodes; 0.5 s; peak memory 210 MiB.
2026-09-29T14:39:28Z INFO [364/500] 1b7730e7-64b9-4c88-9c63-652ed57d4f68: 52 internal nodes; 4.3 s; peak memory 210 MiB.
2026-09-29T14:39:32Z INFO [365/500] 1b7766c9-9cbd-4389-a992-3a0f510017f3: 89 internal nodes; 4.0 s; peak memory 210 MiB.
2026-09-29T14:39:33Z INFO [366/500] 1b78fe3c-c22a-482c-92c9-3f9cd7d91d71: 27 internal nodes; 0.9 s; peak memory 210 MiB.
2026-09-29T14:39:33Z INFO [367/500] 1b794147-c376-44b4-9112-a44ebe695251: 31 internal nodes; 0.9 s; peak memory 210 MiB.
2026-09-29T14:39:34Z INFO [368/500] 1b799e1a-b2b1-4378-aa6d-e8783dffb234: 116 internal nodes; 1.1 s; peak memory 210 MiB.
2026-09-29T14:39:44Z INFO [369/500] 1b79e3d6-48ab-4020-a9f2-76af621f22eb: 77 internal nodes; 9.1 s; peak memory 210 MiB.
2026-09-29T14:39:44Z INFO [370/500] 1b7a0370-f6d6-4d2b-89d9-0d9e99fd8fba: 17 internal nodes; 0.7 s; peak memory 210 MiB.
2026-09-29T14:39:46Z INFO [371/500] 1b7a78ac-2cce-44a7-9775-1e2c9ec56642: 31 internal nodes; 1.5 s; peak memory 210 MiB.
2026-09-29T14:39:47Z INFO [372/500] 1b7adac2-10a4-4d29-8325-276d3661bd2b: 31 internal nodes; 0.9 s; peak memory 210 MiB.
2026-09-29T14:39:47Z INFO [373/500] 1b7b973f-f5a4-4350-b7aa-dd18ad917208: 18 internal nodes; 0.8 s; peak memory 210 MiB.
2026-09-29T14:39:50Z INFO [374/500] 1b7b9cb1-7f05-4a75-8c0b-e0240793239e: 49 internal nodes; 2.2 s; peak memory 210 MiB.
2026-09-29T14:39:52Z INFO [375/500] 1b7c2ff4-0727-44b1-badb-61d6b7e857d9: 44 internal nodes; 2.1 s; peak memory 210 MiB.
2026-09-29T14:39:53Z INFO [376/500] 1b7c7050-f6ae-46b4-af52-1510d28406bb: 31 internal nodes; 0.8 s; peak memory 210 MiB.
2026-09-29T14:39:53Z INFO [377/500] 1b7c925d-13a7-4433-b822-ba2c25359660: 11 internal nodes; 0.6 s; peak memory 210 MiB.
2026-09-29T14:39:56Z INFO [378/500] 1b7d4d30-8c19-44f9-88e0-faaa334ec248: 45 internal nodes; 2.4 s; peak memory 210 MiB.
2026-09-29T14:39:57Z INFO [379/500] 1b7d5fcf-c1f7-42d3-b75f-4a02bb528c50: 29 internal nodes; 1.1 s; peak memory 210 MiB.
2026-09-29T14:39:57Z INFO [380/500] 1b7e3700-3d1c-4397-8027-16eff53d192b: 17 internal nodes; 0.6 s; peak memory 210 MiB.
2026-09-29T14:39:58Z INFO [381/500] 1b7e452c-1c00-4977-9f79-39dac588ed43: 23 internal nodes; 1.0 s; peak memory 210 MiB.
2026-09-29T14:39:59Z INFO [382/500] 1b7e72ea-4410-4cc3-b1a8-bdc12a9f97dd: 20 internal nodes; 1.1 s; peak memory 210 MiB.
2026-09-29T14:40:03Z INFO [383/500] 1b8160d9-5928-4c3d-ab7e-3524e9b98067: 65 internal nodes; 4.0 s; peak memory 210 MiB.
2026-09-29T14:40:04Z INFO [384/500] 1b8260fd-fa99-468e-8eeb-14aa7896d47d: 27 internal nodes; 0.9 s; peak memory 210 MiB.
2026-09-29T14:40:05Z INFO [385/500] 1b82d10c-a477-4fd0-a3fb-0e83308038a0: 17 internal nodes; 0.7 s; peak memory 210 MiB.
2026-09-29T14:40:06Z INFO [386/500] 1b82e75c-f6c5-45f0-b3e8-c384f6634bd8: 52 internal nodes; 1.0 s; peak memory 210 MiB.
2026-09-29T14:40:07Z INFO [387/500] 1b831fbb-a633-4d03-b663-720117085ff6: 27 internal nodes; 0.9 s; peak memory 210 MiB.
2026-09-29T14:40:07Z INFO [388/500] 1b83631d-9091-48a8-a339-5eb888a5eb75: 17 internal nodes; 0.6 s; peak memory 210 MiB.
2026-09-29T14:40:08Z INFO [389/500] 1b8543ad-45f8-40c9-926b-674efd9c3cf7: 17 internal nodes; 0.7 s; peak memory 210 MiB.
2026-09-29T14:40:09Z INFO [390/500] 1b868978-8283-4c2c-ab47-186d7033ecda: 63 internal nodes; 1.1 s; peak memory 210 MiB.
2026-09-29T14:40:10Z INFO [391/500] 1b87079e-8bbf-42ac-904b-9c15e5efeefe: 52 internal nodes; 0.7 s; peak memory 210 MiB.
2026-09-29T14:40:11Z INFO [392/500] 1b871ce5-bda5-4a22-a78b-8dd468867f06: 27 internal nodes; 0.7 s; peak memory 210 MiB.
2026-09-29T14:40:12Z INFO [393/500] 1b878f49-d3f2-4181-81a9-98654dd69df7: 35 internal nodes; 1.2 s; peak memory 210 MiB.
2026-09-29T14:40:13Z INFO [394/500] 1b87dded-cc9f-4220-b413-b6429f7e7a57: 17 internal nodes; 0.7 s; peak memory 210 MiB.
2026-09-29T14:40:13Z INFO [395/500] 1b881202-43a1-4774-8389-3018f030321c: 17 internal nodes; 0.8 s; peak memory 210 MiB.
2026-09-29T14:40:14Z INFO [396/500] 1b883ac6-4ec7-4cdd-8784-38584faade32: 31 internal nodes; 1.0 s; peak memory 210 MiB.
2026-09-29T14:40:15Z INFO [397/500] 1b884d99-a328-4c80-b958-32f8fb6e987b: 17 internal nodes; 0.6 s; peak memory 210 MiB.
2026-09-29T14:40:17Z INFO [398/500] 1b88c0fa-75b2-4f21-971a-b73d14dc16c9: 44 internal nodes; 2.1 s; peak memory 210 MiB.
2026-09-29T14:40:20Z INFO [399/500] 1b88d699-9c6c-495c-96b5-d402223a36fb: 47 internal nodes; 2.8 s; peak memory 210 MiB.
2026-09-29T14:40:21Z INFO [400/500] 1b8aa521-cfba-4dc3-a193-7a8c30641c18: 17 internal nodes; 0.6 s; peak memory 210 MiB.
2026-09-29T14:40:21Z INFO [400/500] 1b8aa521-cfba-4dc3-a193-7a8c30641c18: checkpointed 59320 records.
2026-09-29T14:40:26Z INFO [401/500] 1b8ae058-71ed-4507-9cbc-8e50e3b82151: 73 internal nodes; 4.9 s; peak memory 210 MiB.
2026-09-29T14:40:26Z INFO [402/500] 1b8b5718-0ef3-4316-875c-428243db232d: 27 internal nodes; 0.7 s; peak memory 210 MiB.
2026-09-29T14:40:30Z INFO [403/500] 1b8baa3c-fc44-4a63-824a-1ea4236b07c1: 68 internal nodes; 3.3 s; peak memory 210 MiB.
2026-09-29T14:40:30Z INFO [404/500] 1b8e00e9-74cc-49de-bc8a-2e840f13a7a6: 17 internal nodes; 0.7 s; peak memory 210 MiB.
2026-09-29T14:40:32Z INFO [405/500] 1b8f5b30-ec3e-4a3e-870c-9a223580977c: 44 internal nodes; 1.3 s; peak memory 210 MiB.
2026-09-29T14:40:45Z INFO [406/500] 1b915b86-04ec-4b5a-a821-5a8a2dae1240: 113 internal nodes; 13.5 s; peak memory 210 MiB.
2026-09-29T14:40:46Z INFO [407/500] 1b9224ef-1055-423f-bc67-52f9aaef415d: 17 internal nodes; 0.7 s; peak memory 210 MiB.
2026-09-29T14:40:47Z INFO [408/500] 1b923cce-5c8e-4181-8158-fd2ba350ec47: 17 internal nodes; 0.7 s; peak memory 210 MiB.
2026-09-29T14:40:50Z INFO [409/500] 1b92438b-cc8c-4550-a8ec-e18aed8725c1: 70 internal nodes; 3.3 s; peak memory 210 MiB.
2026-09-29T14:40:51Z INFO [410/500] 1b9247fe-bbca-4944-95f4-2b864167f8c6: 65 internal nodes; 1.0 s; peak memory 210 MiB.
2026-09-29T14:40:53Z INFO [411/500] 1b92ec40-44d5-43c8-a95c-cf7e04c9d643: 46 internal nodes; 2.3 s; peak memory 210 MiB.
2026-09-29T14:40:54Z INFO [412/500] 1b947d1f-954e-4131-a3dc-7456ae4d30f3: 27 internal nodes; 0.6 s; peak memory 210 MiB.
2026-09-29T14:40:55Z INFO [413/500] 1b948869-226a-4c52-ba79-8beded2c38bf: 58 internal nodes; 1.1 s; peak memory 210 MiB.
2026-09-29T14:40:56Z INFO [414/500] 1b953042-a749-49bb-80a2-984546fec79b: 17 internal nodes; 1.0 s; peak memory 210 MiB.
2026-09-29T14:41:04Z INFO [415/500] 1b953ae9-7b32-490c-9ed9-af701f20a829: 288 internal nodes; 7.8 s; peak memory 210 MiB.
2026-09-29T14:41:04Z INFO [416/500] 1b95632a-9eee-448c-b3cf-2e9bd941bcc7: 17 internal nodes; 0.7 s; peak memory 210 MiB.
2026-09-29T14:41:05Z INFO [417/500] 1b968c8a-2836-4361-b4e4-fdf3dddaee1b: 17 internal nodes; 0.7 s; peak memory 210 MiB.
2026-09-29T14:41:06Z INFO [418/500] 1b9744da-d881-4fae-98ee-652e9169a05c: 17 internal nodes; 0.7 s; peak memory 210 MiB.
2026-09-29T14:41:06Z INFO [419/500] 1b97a617-4043-4b9e-8164-4ff787c8052c: 26 internal nodes; 0.6 s; peak memory 210 MiB.
2026-09-29T14:41:07Z INFO [420/500] 1b987a6d-228d-40b0-90d2-5a0a025e3def: 52 internal nodes; 0.9 s; peak memory 210 MiB.
2026-09-29T14:41:09Z INFO [421/500] 1b993152-afe8-4d85-92f0-68d3853fc6f0: 37 internal nodes; 1.5 s; peak memory 210 MiB.
2026-09-29T14:41:09Z INFO [422/500] 1b99b8be-8dc0-4703-aae4-57440242d338: 19 internal nodes; 0.6 s; peak memory 210 MiB.
2026-09-29T14:41:15Z INFO [423/500] 1b99f5f1-a074-4546-8b18-7e1134b8b256: 285 internal nodes; 5.9 s; peak memory 210 MiB.
2026-09-29T14:41:16Z INFO [424/500] 1b9a7d72-bb79-443b-a125-bcc804ab78c8: 23 internal nodes; 0.7 s; peak memory 210 MiB.
2026-09-29T14:41:18Z INFO [425/500] 1b9aa0d8-f56d-4ef1-a43b-c7fbeb855446: 44 internal nodes; 1.6 s; peak memory 210 MiB.
2026-09-29T14:41:18Z INFO [426/500] 1b9ba532-6cde-40dd-aa83-83b666af94bb: 27 internal nodes; 0.7 s; peak memory 210 MiB.
2026-09-29T14:41:19Z INFO [427/500] 1b9bbb04-1a60-40e0-8217-572c548482bf: 31 internal nodes; 1.0 s; peak memory 210 MiB.
2026-09-29T14:41:20Z INFO [428/500] 1b9c7301-63ae-4706-8e89-129e580c76bf: 11 internal nodes; 0.6 s; peak memory 210 MiB.
2026-09-29T14:41:22Z INFO [429/500] 1b9d58c1-7d60-4507-a028-233e1321c6e4: 44 internal nodes; 1.9 s; peak memory 210 MiB.
2026-09-29T14:41:23Z INFO [430/500] 1b9dadaf-74b1-4867-8546-6e2dfb5aaacc: 65 internal nodes; 1.2 s; peak memory 210 MiB.
2026-09-29T14:41:24Z INFO [431/500] 1b9e6f06-2666-44ee-a49a-79e6c0898f39: 58 internal nodes; 1.0 s; peak memory 210 MiB.
2026-09-29T14:41:25Z INFO [432/500] 1b9f0ab9-d914-4352-b380-7f8111b0c66c: 31 internal nodes; 1.0 s; peak memory 210 MiB.
2026-09-29T14:41:26Z INFO [433/500] 1ba01123-b695-4b35-a25b-a4c7382f85d1: 58 internal nodes; 0.9 s; peak memory 210 MiB.
2026-09-29T14:41:26Z INFO [434/500] 1ba08c2a-fb4f-4ef3-a398-38b3607bf4df: 11 internal nodes; 0.4 s; peak memory 210 MiB.
2026-09-29T14:41:27Z INFO [435/500] 1ba09084-361b-45ba-baeb-eec8504bc328: 19 internal nodes; 0.8 s; peak memory 210 MiB.
2026-09-29T14:41:28Z INFO [436/500] 1ba090d2-3f2b-4646-a7fc-93a8baadfed9: 31 internal nodes; 1.2 s; peak memory 210 MiB.
2026-09-29T14:41:30Z INFO [437/500] 1ba10845-5a1f-4e17-9607-a643e61d2db0: 44 internal nodes; 2.1 s; peak memory 210 MiB.
2026-09-29T14:41:31Z INFO [438/500] 1ba16c82-b557-43ad-899e-9227cb61f865: 115 internal nodes; 0.7 s; peak memory 210 MiB.
2026-09-29T14:41:32Z INFO [439/500] 1ba1d425-2425-4d7c-8b0f-a632334a379d: 27 internal nodes; 1.1 s; peak memory 210 MiB.
2026-09-29T14:41:41Z INFO [440/500] 1ba231fa-015d-477b-a73f-bb70a5b38c9c: 272 internal nodes; 9.3 s; peak memory 210 MiB.
2026-09-29T14:41:42Z INFO [441/500] 1ba28632-6e67-4b03-a9f9-4d33919b3604: 17 internal nodes; 0.7 s; peak memory 210 MiB.
2026-09-29T14:41:43Z INFO [442/500] 1ba39f0b-77c2-4b27-bc8f-8c4beb0807fe: 17 internal nodes; 0.8 s; peak memory 210 MiB.
2026-09-29T14:41:44Z INFO [443/500] 1ba443ac-9e0d-4b78-b714-166229458bb0: 18 internal nodes; 0.8 s; peak memory 210 MiB.
2026-09-29T14:41:52Z INFO [444/500] 1ba4b3e6-d3d1-4d37-aa43-a043187ff2b3: 279 internal nodes; 8.8 s; peak memory 210 MiB.
2026-09-29T14:41:53Z INFO [445/500] 1ba4d6d3-e9ad-4861-8244-f4155dbf1d8b: 23 internal nodes; 0.7 s; peak memory 210 MiB.
2026-09-29T14:42:00Z INFO [446/500] 1ba540e0-e065-4791-b8a1-1a6acca62a2d: 67 internal nodes; 7.0 s; peak memory 210 MiB.
2026-09-29T14:42:01Z INFO [447/500] 1ba5f2a1-db39-4d14-9125-5eb5944e1432: 27 internal nodes; 0.9 s; peak memory 210 MiB.
2026-09-29T14:42:02Z INFO [448/500] 1ba60107-438f-4a35-8a3d-d6d0b58e7519: 27 internal nodes; 0.9 s; peak memory 210 MiB.
2026-09-29T14:42:03Z INFO [449/500] 1ba66446-2b17-4a19-902e-3672ab218590: 63 internal nodes; 1.0 s; peak memory 210 MiB.
2026-09-29T14:42:04Z INFO [450/500] 1ba6e5df-7aa3-4506-99a3-93f735d87ef3: 22 internal nodes; 0.8 s; peak memory 210 MiB.
2026-09-29T14:42:04Z INFO [450/500] 1ba6e5df-7aa3-4506-99a3-93f735d87ef3: checkpointed 59370 records.
2026-09-29T14:42:12Z INFO [451/500] 1ba6f66c-a93e-49cf-915f-956ca4c35376: 255 internal nodes; 7.8 s; peak memory 210 MiB.
2026-09-29T14:42:13Z INFO [452/500] 1ba7665b-ee37-40a8-a969-ee228d9669b4: 30 internal nodes; 1.0 s; peak memory 210 MiB.
2026-09-29T14:42:16Z INFO [453/500] 1ba8867d-2718-46b2-9c74-f3c523d68669: 68 internal nodes; 3.0 s; peak memory 210 MiB.
2026-09-29T14:42:16Z INFO [454/500] 1ba88e6d-2c50-46d9-9073-78da075eb16a: 17 internal nodes; 0.8 s; peak memory 210 MiB.
2026-09-29T14:42:17Z INFO [455/500] 1ba8d463-c29f-4006-b51a-67a25cd6def7: 13 internal nodes; 0.8 s; peak memory 210 MiB.
2026-09-29T14:42:18Z INFO [456/500] 1ba993f2-1b9e-437d-ad05-78d29d9d8376: 13 internal nodes; 0.6 s; peak memory 210 MiB.
2026-09-29T14:42:19Z INFO [457/500] 1baa03b9-cdb0-4a55-a10c-60ca5bbb81c8: 13 internal nodes; 0.8 s; peak memory 210 MiB.
2026-09-29T14:42:23Z INFO [458/500] 1baa7312-2c83-48af-936f-e0e660177b47: 184 internal nodes; 4.8 s; peak memory 210 MiB.
2026-09-29T14:42:24Z INFO [459/500] 1baabc99-b8ad-4e7f-aced-d61ae3fdfb79: 116 internal nodes; 0.9 s; peak memory 210 MiB.
2026-09-29T14:42:25Z INFO [460/500] 1baacfb5-31b8-4050-b1e6-63f1c6428224: 17 internal nodes; 0.7 s; peak memory 210 MiB.
2026-09-29T14:42:26Z INFO [461/500] 1bab87ec-8ab4-4601-af69-e6be7e55df3a: 18 internal nodes; 0.7 s; peak memory 210 MiB.
2026-09-29T14:42:26Z INFO [462/500] 1bab8c82-585c-4099-bfd8-9c1ad8b7f535: 27 internal nodes; 0.9 s; peak memory 210 MiB.
2026-09-29T14:42:27Z INFO [463/500] 1bac753d-6e28-4858-9a5e-7d9988c4fe90: 17 internal nodes; 0.8 s; peak memory 210 MiB.
2026-09-29T14:42:28Z INFO [464/500] 1bac9cbc-1ea1-4320-a6ff-da0301fff8a1: 115 internal nodes; 0.8 s; peak memory 210 MiB.
2026-09-29T14:42:35Z INFO [465/500] 1bac9cc9-c928-48e6-aeb2-ce331e4ebf64: 199 internal nodes; 7.0 s; peak memory 210 MiB.
2026-09-29T14:42:36Z INFO [466/500] 1bad6d6f-ee93-461a-a5dc-3bbf24952fd3: 27 internal nodes; 0.9 s; peak memory 210 MiB.
2026-09-29T14:42:37Z INFO [467/500] 1badad61-8ba5-42a2-9393-670764c296fb: 17 internal nodes; 0.6 s; peak memory 210 MiB.
2026-09-29T14:42:46Z INFO [468/500] 1bae53b3-f4f2-4eee-8d69-b9f243cff895: 275 internal nodes; 9.0 s; peak memory 210 MiB.
2026-09-29T14:42:53Z INFO [469/500] 1bae8118-c8fe-454f-bfaa-64255dda1977: 250 internal nodes; 7.0 s; peak memory 210 MiB.
2026-09-29T14:42:53Z INFO [470/500] 1baeb54d-f798-4434-a6fa-4b65134a24be: 27 internal nodes; 0.6 s; peak memory 210 MiB.
2026-09-29T14:42:54Z INFO [471/500] 1baee707-d449-4293-8bd8-9c0ae09f1263: 54 internal nodes; 0.8 s; peak memory 210 MiB.
2026-09-29T14:42:55Z INFO [472/500] 1baf3d76-ddd2-445e-917e-6242929690b9: 19 internal nodes; 0.7 s; peak memory 210 MiB.
2026-09-29T14:42:55Z INFO [473/500] 1baf80b1-f6d7-44e9-a706-f988ad8c52ee: 22 internal nodes; 0.5 s; peak memory 210 MiB.
2026-09-29T14:42:57Z INFO [474/500] 1baf879a-ee25-4056-815b-bfb21563c193: 47 internal nodes; 2.3 s; peak memory 210 MiB.
2026-09-29T14:42:58Z INFO [475/500] 1baf93e1-7046-411b-9c2f-5f3927113d09: 37 internal nodes; 0.8 s; peak memory 210 MiB.
2026-09-29T14:42:59Z INFO [476/500] 1bafec4e-3528-4281-9fe9-4a41df1c5917: 26 internal nodes; 1.2 s; peak memory 210 MiB.
2026-09-29T14:43:00Z INFO [477/500] 1bb03c72-897c-42f7-853b-ed2ff3b0270f: 11 internal nodes; 0.5 s; peak memory 210 MiB.
2026-09-29T14:43:01Z INFO [478/500] 1bb06a2b-cbfe-4e37-8b30-b94e4bcbb1ab: 27 internal nodes; 0.9 s; peak memory 210 MiB.
2026-09-29T14:43:02Z INFO [479/500] 1bb0b1c9-f6be-46e9-8128-8671d1cf11b6: 31 internal nodes; 1.1 s; peak memory 210 MiB.
2026-09-29T14:43:09Z INFO [480/500] 1bb0ea75-649d-4f4e-97bf-5b8541481e27: 71 internal nodes; 7.0 s; peak memory 210 MiB.
2026-09-29T14:43:10Z INFO [481/500] 1bb10d6f-e24d-41d3-b2f1-6693ffc7457f: 31 internal nodes; 0.8 s; peak memory 210 MiB.
2026-09-29T14:43:10Z INFO [482/500] 1bb20962-5d58-4e8c-b40a-4739dd2eef4a: 17 internal nodes; 0.5 s; peak memory 210 MiB.
2026-09-29T14:43:11Z INFO [483/500] 1bb221ba-834a-46b0-a00a-b2d1d032d998: 17 internal nodes; 0.8 s; peak memory 210 MiB.
2026-09-29T14:43:15Z INFO [484/500] 1bb2222c-fa2c-4d8e-88b1-7500c8878d2d: 169 internal nodes; 4.0 s; peak memory 210 MiB.
2026-09-29T14:43:16Z INFO [485/500] 1bb268f4-7198-494c-ad97-4da1fc95228c: 19 internal nodes; 0.7 s; peak memory 210 MiB.
2026-09-29T14:43:16Z INFO [486/500] 1bb3467d-9d10-4229-8139-d22ce9f6d970: 11 internal nodes; 0.7 s; peak memory 210 MiB.
2026-09-29T14:43:17Z INFO [487/500] 1bb40179-79bd-4503-96d8-c6c27fbb0bde: 18 internal nodes; 0.6 s; peak memory 210 MiB.
2026-09-29T14:43:18Z INFO [488/500] 1bb5114b-aab2-4fe9-86bb-120af73ec0ad: 27 internal nodes; 0.8 s; peak memory 210 MiB.
2026-09-29T14:43:19Z INFO [489/500] 1bb53ee8-4ef3-4987-8173-32e70ffa3356: 27 internal nodes; 1.0 s; peak memory 210 MiB.
2026-09-29T14:43:23Z INFO [490/500] 1bb57cd5-a94c-4e52-89e9-af54616bfe95: 59 internal nodes; 4.2 s; peak memory 210 MiB.
2026-09-29T14:43:24Z INFO [491/500] 1bb5bdcf-226a-4ad7-9bf9-62ba30249b46: 114 internal nodes; 0.6 s; peak memory 210 MiB.
2026-09-29T14:43:25Z INFO [492/500] 1bb5f783-c6c6-4fae-a7d9-74e6d7eb485a: 58 internal nodes; 0.8 s; peak memory 210 MiB.
2026-09-29T14:43:27Z INFO [493/500] 1bb60539-f61a-4df3-9cd6-baf76709ce22: 44 internal nodes; 2.3 s; peak memory 210 MiB.
2026-09-29T14:43:28Z INFO [494/500] 1bb66743-4bad-4de8-becf-bd949d1b3d7b: 26 internal nodes; 0.7 s; peak memory 210 MiB.
2026-09-29T14:43:29Z INFO [495/500] 1bb68077-d9fb-4ac2-9bd3-71b8eb94a75a: 22 internal nodes; 1.2 s; peak memory 210 MiB.
2026-09-29T14:43:29Z INFO [496/500] 1bb742d4-1939-49aa-9b94-0f077330a4bb: 17 internal nodes; 0.7 s; peak memory 210 MiB.
2026-09-29T14:43:30Z INFO [497/500] 1bb82270-e286-45b3-951a-17f766b8ada8: 27 internal nodes; 0.8 s; peak memory 210 MiB.
2026-09-29T14:43:37Z INFO [498/500] 1bb8338b-3421-4431-a5a2-8ad2f82e7368: 67 internal nodes; 6.7 s; peak memory 210 MiB.
2026-09-29T14:43:38Z INFO [499/500] 1bb851c9-2e39-4cb3-a683-35f367bd2020: 44 internal nodes; 1.5 s; peak memory 210 MiB.
2026-09-29T14:43:41Z INFO [500/500] 1bb869a4-6a6a-4116-8021-1548f117df9e: 41 internal nodes; 2.9 s; peak memory 210 MiB.
2026-09-29T14:43:41Z INFO [500/500] 1bb869a4-6a6a-4116-8021-1548f117df9e: checkpointed 59420 records.
2026-09-29T14:43:42Z INFO Wrote 59420 records to /tmp/derivatives/valid_nwb_file_to_out_degrees.jsonl (492 new, 8 failed) in 13.6 min (peak memory 210 MiB).
