2026-09-19T12:11:45Z INFO Logging to /tmp/logs/update_2026-09-19T12-11-45Z.log.
2026-09-19T12:11:45Z INFO Update valid-nwb-file-to-out-degrees (base directory /tmp).
2026-09-19T12:11:45Z INFO Processing 500 items (49007 already recorded).
2026-09-19T12:11:46Z WARNING 024ef50f-ac6f-49ea-806b-93ef4b5e8644: failed while reading the NWB file (KeyError: 'Unable to synchronously open object (component not found)')
2026-09-19T12:11:46Z WARNING [1/500] 024ef50f-ac6f-49ea-806b-93ef4b5e8644: leaving unrecorded for a later run to retry.
2026-09-19T12:11:47Z INFO [2/500] 049761b4-6a88-42dc-98a0-5a8be7ba6bd9: 45 internal nodes; 1.7 s; peak memory 111 MiB.
2026-09-19T12:11:48Z INFO [3/500] 061dd4f8-2290-4d2d-a541-2cbacc98acd0: 27 internal nodes; 0.8 s; peak memory 112 MiB.
2026-09-19T12:11:49Z INFO [4/500] 061e705b-25de-44e9-85c2-2dabf69d9b58: 61 internal nodes; 0.7 s; peak memory 112 MiB.
2026-09-19T12:11:50Z INFO [5/500] 061edea9-7ab2-41d4-b8db-340904e1f96a: 53 internal nodes; 1.4 s; peak memory 113 MiB.
2026-09-19T12:11:51Z INFO [6/500] 061ef96c-fb22-4520-a3f1-cc5bd29bd4df: 26 internal nodes; 0.9 s; peak memory 113 MiB.
2026-09-19T12:11:52Z INFO [7/500] 061fbd89-8d96-47e9-997b-784fe94dc938: 31 internal nodes; 0.7 s; peak memory 113 MiB.
2026-09-19T12:11:53Z INFO [8/500] 061ff426-931e-47ab-8df3-7972e0a928d1: 31 internal nodes; 0.7 s; peak memory 114 MiB.
2026-09-19T12:11:53Z INFO [9/500] 06204752-aa72-4473-8216-0fc469392cd7: 27 internal nodes; 0.5 s; peak memory 114 MiB.
2026-09-19T12:11:54Z INFO [10/500] 0621049b-6244-47b5-a775-90c537c5ea17: 22 internal nodes; 0.4 s; peak memory 114 MiB.
2026-09-19T12:11:54Z INFO [11/500] 0621aba8-5151-4a6f-af47-60ee6db0cae5: 17 internal nodes; 0.5 s; peak memory 114 MiB.
2026-09-19T12:11:55Z INFO [12/500] 0622341e-8be1-455c-9a8e-a2c7e3dc4b1b: 72 internal nodes; 1.2 s; peak memory 114 MiB.
2026-09-19T12:11:59Z INFO [13/500] 0622b75a-099c-444a-8d00-991b2595c468: 61 internal nodes; 3.9 s; peak memory 122 MiB.
2026-09-19T12:12:02Z INFO [14/500] 0622fa24-92f8-4db1-af6e-e708ad667d46: 68 internal nodes; 2.9 s; peak memory 122 MiB.
2026-09-19T12:12:06Z INFO [15/500] 06243f9f-4c6f-4f3c-b9be-bb8310168042: 167 internal nodes; 4.0 s; peak memory 131 MiB.
2026-09-19T12:12:07Z INFO [16/500] 0624bbc1-b9be-4f19-bd72-217a0cd0059f: 17 internal nodes; 0.5 s; peak memory 131 MiB.
2026-09-19T12:12:07Z INFO [17/500] 0625454b-3c71-4c12-80d5-364cc5662786: 31 internal nodes; 0.8 s; peak memory 131 MiB.
2026-09-19T12:12:08Z INFO [18/500] 06255cc8-583e-4b9c-ab49-2f99c67f85b6: 17 internal nodes; 0.6 s; peak memory 131 MiB.
2026-09-19T12:12:09Z INFO [19/500] 06256cdc-1dfc-4e28-97c4-762a10292a0a: 17 internal nodes; 0.6 s; peak memory 131 MiB.
2026-09-19T12:12:09Z INFO [20/500] 0625ee95-6044-4b3e-8732-e8d0e10cff24: 13 internal nodes; 0.6 s; peak memory 131 MiB.
2026-09-19T12:12:11Z INFO [21/500] 06274a58-4672-4fd7-a657-5de59871f729: 40 internal nodes; 1.2 s; peak memory 131 MiB.
2026-09-19T12:12:11Z INFO [22/500] 06275527-a527-49e3-a056-751d0651ff62: 29 internal nodes; 0.7 s; peak memory 131 MiB.
2026-09-19T12:12:12Z INFO [23/500] 06279f06-3ffa-453b-83bf-0ec54af6bbce: 17 internal nodes; 0.4 s; peak memory 131 MiB.
2026-09-19T12:12:13Z INFO [24/500] 06280f2a-32ee-4375-95a2-b9802dc7c8a4: 44 internal nodes; 1.3 s; peak memory 131 MiB.
2026-09-19T12:12:14Z INFO [25/500] 06281662-2661-459e-99cc-c95a363aa43d: 54 internal nodes; 0.8 s; peak memory 131 MiB.
2026-09-19T12:12:14Z INFO [26/500] 06288bf7-8da2-4207-99a3-a22f04bec5fb: 23 internal nodes; 0.4 s; peak memory 131 MiB.
2026-09-19T12:12:15Z INFO [27/500] 0628f45e-a166-420a-83d7-05a08960fbf6: 27 internal nodes; 0.7 s; peak memory 131 MiB.
2026-09-19T12:12:15Z INFO [28/500] 06292771-63f6-4f40-b178-f34ac24b656b: 27 internal nodes; 0.4 s; peak memory 131 MiB.
2026-09-19T12:12:16Z INFO [29/500] 06296593-16c1-4f3a-8bef-712065d235ab: 115 internal nodes; 0.5 s; peak memory 131 MiB.
2026-09-19T12:12:16Z INFO [30/500] 06297fda-fad5-407d-8ff6-279b2300a4a6: 19 internal nodes; 0.5 s; peak memory 131 MiB.
2026-09-19T12:12:17Z INFO [31/500] 06298e72-8d52-48eb-87dc-defde3ebdd3f: 27 internal nodes; 0.6 s; peak memory 131 MiB.
2026-09-19T12:12:22Z INFO [32/500] 062b119c-f494-4efa-97b1-8461a0e1d5fd: 332 internal nodes; 5.4 s; peak memory 144 MiB.
2026-09-19T12:12:23Z INFO [33/500] 062b47a6-42ef-4588-bd13-37ddeac9c761: 17 internal nodes; 0.5 s; peak memory 144 MiB.
2026-09-19T12:12:23Z INFO [34/500] 062b6d52-a344-491e-87f7-f013e2458f98: 11 internal nodes; 0.4 s; peak memory 144 MiB.
2026-09-19T12:12:24Z INFO [35/500] 062bee73-a15b-4e4b-83c7-9989c91de070: 27 internal nodes; 0.8 s; peak memory 144 MiB.
2026-09-19T12:12:24Z INFO [36/500] 062ce444-4791-47d1-8d9c-8d6eb52df596: 17 internal nodes; 0.4 s; peak memory 144 MiB.
2026-09-19T12:12:25Z INFO [37/500] 062d3b4a-4952-46a0-a895-f853dd3674d8: 17 internal nodes; 0.4 s; peak memory 144 MiB.
2026-09-19T12:12:25Z INFO [38/500] 062d860e-5f83-4524-9a2b-63a1b9f77290: 11 internal nodes; 0.3 s; peak memory 144 MiB.
2026-09-19T12:12:26Z INFO [39/500] 062d8774-c470-46c3-a0cb-472cf1f6211a: 39 internal nodes; 0.9 s; peak memory 144 MiB.
2026-09-19T12:12:27Z INFO [40/500] 062e37b3-c1ea-4369-92a8-3305988befaf: 43 internal nodes; 1.3 s; peak memory 144 MiB.
2026-09-19T12:12:28Z INFO [41/500] 062f0519-96fe-4124-b590-fd18d34c28fa: 31 internal nodes; 0.7 s; peak memory 144 MiB.
2026-09-19T12:12:29Z INFO [42/500] 062f71af-977a-4570-aadf-0d53c7fcaf34: 60 internal nodes; 0.8 s; peak memory 144 MiB.
2026-09-19T12:12:29Z INFO [43/500] 0630e495-2357-4782-ace1-0413c4179f74: 27 internal nodes; 0.5 s; peak memory 144 MiB.
2026-09-19T12:12:30Z INFO [44/500] 06315c81-1db7-4a5e-a867-725faef7b3e1: 31 internal nodes; 0.5 s; peak memory 144 MiB.
2026-09-19T12:12:30Z INFO [45/500] 0631c5ab-cfb0-446a-a8d6-015217a58bdf: 27 internal nodes; 0.6 s; peak memory 144 MiB.
2026-09-19T12:12:31Z INFO [46/500] 063234d5-8191-4727-9b6f-320bdbae42fb: 17 internal nodes; 0.5 s; peak memory 144 MiB.
2026-09-19T12:12:32Z INFO [47/500] 0633997c-909e-4a6f-8fe2-43742d96d394: 44 internal nodes; 1.1 s; peak memory 144 MiB.
2026-09-19T12:12:37Z INFO [48/500] 06342620-0d87-4635-8e61-bf806bfbf1ae: 347 internal nodes; 5.1 s; peak memory 144 MiB.
2026-09-19T12:12:38Z INFO [49/500] 06357054-2c64-4fdf-81de-d511f5ee1124: 18 internal nodes; 1.2 s; peak memory 144 MiB.
2026-09-19T12:12:41Z INFO [50/500] 0635ad8c-2bcf-4dad-a782-84297ee261bd: 164 internal nodes; 3.3 s; peak memory 144 MiB.
2026-09-19T12:12:42Z INFO [50/500] 0635ad8c-2bcf-4dad-a782-84297ee261bd: checkpointed 49056 records.
2026-09-19T12:12:42Z INFO [51/500] 063665e4-5815-4e56-b2a7-adf95aef4402: 27 internal nodes; 0.5 s; peak memory 144 MiB.
2026-09-19T12:12:43Z INFO [52/500] 06374223-a883-4cbe-a595-1d39d063a18a: 119 internal nodes; 0.5 s; peak memory 144 MiB.
2026-09-19T12:12:46Z INFO [53/500] 0637499a-79bb-43aa-9166-c508ccded85d: 54 internal nodes; 2.8 s; peak memory 144 MiB.
2026-09-19T12:12:46Z INFO [54/500] 06384e41-2d4f-49be-9b00-bbaddee03d50: 21 internal nodes; 0.4 s; peak memory 144 MiB.
2026-09-19T12:12:47Z INFO [55/500] 06384e4a-2157-454c-b00d-2678b11a3fb9: 27 internal nodes; 0.6 s; peak memory 144 MiB.
2026-09-19T12:12:47Z INFO [56/500] 06387e57-5933-47c7-8769-d5859e4de41d: 23 internal nodes; 0.4 s; peak memory 144 MiB.
2026-09-19T12:12:48Z INFO [57/500] 06392758-6031-43d5-a391-85e44c48d724: 23 internal nodes; 0.6 s; peak memory 144 MiB.
2026-09-19T12:12:48Z INFO [58/500] 06397cef-43c7-453c-a09a-8abffcc45bdf: 17 internal nodes; 0.5 s; peak memory 144 MiB.
2026-09-19T12:12:49Z INFO [59/500] 0639875c-f3cd-4a0d-b430-8456112044e0: 44 internal nodes; 1.1 s; peak memory 144 MiB.
2026-09-19T12:12:50Z INFO [60/500] 0639c4c1-b239-4abf-ba72-67897b411478: 13 internal nodes; 0.6 s; peak memory 144 MiB.
2026-09-19T12:12:50Z INFO [61/500] 063a8c80-e733-4305-9c05-db0467ffcc99: 27 internal nodes; 0.6 s; peak memory 144 MiB.
2026-09-19T12:12:51Z INFO [62/500] 063ba6dd-fe93-4b62-8e78-c36caa3f218b: 44 internal nodes; 1.0 s; peak memory 144 MiB.
2026-09-19T12:12:52Z INFO [63/500] 063c4615-8a8d-4fc8-a63e-240e2783e295: 13 internal nodes; 0.7 s; peak memory 144 MiB.
2026-09-19T12:12:52Z INFO [64/500] 063c539f-e7ac-4a23-8509-831139a2e7aa: 11 internal nodes; 0.4 s; peak memory 144 MiB.
2026-09-19T12:12:53Z INFO [65/500] 063cc827-28ea-4b8f-b60a-0925d7a3c9c0: 27 internal nodes; 0.5 s; peak memory 144 MiB.
2026-09-19T12:12:53Z INFO [66/500] 063cf5f9-3060-4f93-956a-3758b97797f7: 17 internal nodes; 0.4 s; peak memory 144 MiB.
2026-09-19T12:12:54Z INFO [67/500] 063daf21-7649-4d6f-b61c-d421bbce6b90: 17 internal nodes; 0.5 s; peak memory 144 MiB.
2026-09-19T12:12:54Z INFO [68/500] 063ddba6-d815-4ebf-a07a-c334e322c0df: 17 internal nodes; 0.4 s; peak memory 144 MiB.
2026-09-19T12:12:55Z INFO [69/500] 063e1010-251a-476e-a3b9-b14dcb4ccd92: 27 internal nodes; 0.5 s; peak memory 144 MiB.
2026-09-19T12:12:55Z INFO [70/500] 063e7b14-8011-4c1a-bdbe-163e714b6c78: 17 internal nodes; 0.5 s; peak memory 144 MiB.
2026-09-19T12:12:56Z INFO [71/500] 063e8b6d-9ed4-47c3-94fe-7ef7fcf89f94: 65 internal nodes; 0.8 s; peak memory 144 MiB.
2026-09-19T12:12:57Z INFO [72/500] 063eafa6-d6e0-4a75-b654-2ef6924c4ab2: 17 internal nodes; 0.4 s; peak memory 144 MiB.
2026-09-19T12:12:58Z INFO [73/500] 063ef5b0-df31-494a-88d2-e4665f208cd2: 56 internal nodes; 1.4 s; peak memory 144 MiB.
2026-09-19T12:12:58Z INFO [74/500] 063f3c9e-b441-4710-abb7-4f78f160720a: 16 internal nodes; 0.4 s; peak memory 144 MiB.
2026-09-19T12:12:59Z INFO [75/500] 063fac7e-cfb6-43de-9a93-477f040a81f0: 15 internal nodes; 0.4 s; peak memory 144 MiB.
2026-09-19T12:12:59Z INFO [76/500] 06411428-d49b-494e-a33f-5b8ead0f02da: 27 internal nodes; 0.6 s; peak memory 144 MiB.
2026-09-19T12:13:00Z INFO [77/500] 06413f8e-7534-471c-9008-054680bd8a03: 119 internal nodes; 0.7 s; peak memory 144 MiB.
2026-09-19T12:13:01Z INFO [78/500] 0642dc4e-05bf-4e95-b6ca-010a00c50995: 27 internal nodes; 0.6 s; peak memory 144 MiB.
2026-09-19T12:13:01Z INFO [79/500] 0642eb8f-e6c5-4939-8627-7c1084227514: 17 internal nodes; 0.4 s; peak memory 144 MiB.
2026-09-19T12:13:06Z INFO [80/500] 0642f605-fec4-4c29-affe-a5f1f451b213: 216 internal nodes; 4.6 s; peak memory 144 MiB.
2026-09-19T12:13:06Z INFO [81/500] 06430d9f-df19-4688-8739-081a2acd8a9a: 17 internal nodes; 0.5 s; peak memory 144 MiB.
2026-09-19T12:13:07Z INFO [82/500] 064321e5-c412-4725-9e4e-713c4d5b1acd: 59 internal nodes; 0.8 s; peak memory 144 MiB.
2026-09-19T12:13:07Z INFO [83/500] 0643c4de-a3fd-469a-ae47-1d2d9cd4edef: 27 internal nodes; 0.6 s; peak memory 144 MiB.
2026-09-19T12:13:08Z INFO [84/500] 0645ce8b-6b59-469a-82d4-d69346661ccf: 27 internal nodes; 0.6 s; peak memory 144 MiB.
2026-09-19T12:13:09Z INFO [85/500] 06465edb-98c8-4045-9ec1-def68b90023e: 44 internal nodes; 1.0 s; peak memory 144 MiB.
2026-09-19T12:13:10Z INFO [86/500] 064860df-570c-4227-9b54-f865d0c5a4b0: 58 internal nodes; 0.9 s; peak memory 144 MiB.
2026-09-19T12:13:14Z INFO [87/500] 06492739-d971-48d7-a928-bb514297b654: 458 internal nodes; 4.5 s; peak memory 144 MiB.
2026-09-19T12:13:16Z INFO [88/500] 064958e4-3118-40fe-b883-4687b2025dbc: 59 internal nodes; 1.2 s; peak memory 144 MiB.
2026-09-19T12:13:17Z INFO [89/500] 06499c2f-bc79-4aff-b925-d4161f90e396: 39 internal nodes; 0.8 s; peak memory 144 MiB.
2026-09-19T12:13:19Z INFO [90/500] 064b68fd-4161-4a1e-9b43-6623b3ed1fe7: 135 internal nodes; 2.3 s; peak memory 144 MiB.
2026-09-19T12:13:23Z INFO [91/500] 064b93f8-7f9c-45e1-a314-636d43448b09: 235 internal nodes; 3.9 s; peak memory 146 MiB.
2026-09-19T12:13:23Z INFO [92/500] 064bcd8d-ba08-4136-86c8-e3d2e489bb62: 17 internal nodes; 0.5 s; peak memory 146 MiB.
2026-09-19T12:13:24Z INFO [93/500] 064d012c-d950-478e-8f6f-95f65fe09ded: 19 internal nodes; 0.4 s; peak memory 146 MiB.
2026-09-19T12:13:25Z INFO [94/500] 064d5a9f-3b6b-4f84-8736-c99b7e9e32bb: 65 internal nodes; 1.5 s; peak memory 146 MiB.
2026-09-19T12:13:26Z INFO [95/500] 064d871c-e5ba-415b-b0e6-2fccd4f32196: 27 internal nodes; 0.5 s; peak memory 146 MiB.
2026-09-19T12:13:30Z INFO [96/500] 064d8e0b-280e-49b2-bfc9-ab14e6d837c4: 193 internal nodes; 4.6 s; peak memory 146 MiB.
2026-09-19T12:13:31Z INFO [97/500] 064dbccc-cac7-4909-8c3f-2cc127d8fe60: 11 internal nodes; 0.3 s; peak memory 146 MiB.
2026-09-19T12:13:31Z INFO [98/500] 064dfd3f-a6d3-4494-9842-30eb6ac2d533: 27 internal nodes; 0.6 s; peak memory 146 MiB.
2026-09-19T12:13:33Z INFO [99/500] 064e1660-1e68-4ade-a363-40abdc7ea611: 67 internal nodes; 1.4 s; peak memory 146 MiB.
2026-09-19T12:13:33Z INFO [100/500] 064fefac-41fe-4311-968c-265ebcf46d87: 29 internal nodes; 0.5 s; peak memory 146 MiB.
2026-09-19T12:13:33Z INFO [100/500] 064fefac-41fe-4311-968c-265ebcf46d87: checkpointed 49106 records.
2026-09-19T12:13:34Z INFO [101/500] 06508326-2418-47cd-b3fc-bea60f0c9e2e: 27 internal nodes; 0.7 s; peak memory 146 MiB.
2026-09-19T12:13:35Z INFO [102/500] 0650837b-7e7f-4e5e-ae30-433afc75e218: 31 internal nodes; 0.6 s; peak memory 146 MiB.
2026-09-19T12:13:35Z INFO [103/500] 06514b38-f075-4f13-971a-0c598258b934: 17 internal nodes; 0.5 s; peak memory 146 MiB.
2026-09-19T12:13:36Z INFO [104/500] 065286f4-88ef-48a8-b1f3-5b3c5af047c6: 27 internal nodes; 0.6 s; peak memory 146 MiB.
2026-09-19T12:13:36Z INFO [105/500] 06543034-a261-498b-a0e8-f7b3d32f359c: 19 internal nodes; 0.5 s; peak memory 146 MiB.
2026-09-19T12:13:37Z INFO [106/500] 0654a4f0-5300-4cc4-9f27-b8350bd04a36: 13 internal nodes; 0.6 s; peak memory 146 MiB.
2026-09-19T12:13:37Z INFO [107/500] 0654bbd6-3706-4d30-b4e7-bcfee7f1c3db: 17 internal nodes; 0.5 s; peak memory 146 MiB.
2026-09-19T12:13:44Z INFO [108/500] 06553df4-22a5-4c1c-8c62-d688b40edf2b: 197 internal nodes; 6.4 s; peak memory 146 MiB.
2026-09-19T12:13:48Z INFO [109/500] 0655595d-cce5-46c1-b57d-becc785c2660: 117 internal nodes; 4.3 s; peak memory 146 MiB.
2026-09-19T12:13:48Z INFO [110/500] 0655fca6-a89b-4fb0-b001-af59d773e192: 17 internal nodes; 0.4 s; peak memory 146 MiB.
2026-09-19T12:13:49Z INFO [111/500] 06564355-37a9-4e4e-a408-044fbb58d2ae: 58 internal nodes; 0.9 s; peak memory 146 MiB.
2026-09-19T12:13:50Z INFO [112/500] 06564d7c-eb5f-4c38-9839-0b683a842d88: 31 internal nodes; 0.6 s; peak memory 146 MiB.
2026-09-19T12:13:50Z INFO [113/500] 06566cfe-5f8b-4b83-9075-59629872c4cf: 17 internal nodes; 0.5 s; peak memory 146 MiB.
2026-09-19T12:13:53Z INFO [114/500] 0656b2ab-b374-40e0-bc3f-e24b4e8a0a65: 52 internal nodes; 3.0 s; peak memory 146 MiB.
2026-09-19T12:13:54Z INFO [115/500] 06572ae3-0f68-4e5b-9962-b62170a61fac: 17 internal nodes; 0.5 s; peak memory 146 MiB.
2026-09-19T12:13:54Z INFO [116/500] 06578be0-0314-4595-856e-067aba710103: 17 internal nodes; 0.3 s; peak memory 146 MiB.
2026-09-19T12:13:55Z INFO [117/500] 065875df-55d8-4785-abff-22e7c7d1e350: 31 internal nodes; 0.8 s; peak memory 146 MiB.
2026-09-19T12:13:56Z INFO [118/500] 06588843-144a-4294-a801-ae910f9ff18e: 31 internal nodes; 0.9 s; peak memory 146 MiB.
2026-09-19T12:13:57Z INFO [119/500] 065a21d1-8076-4e71-932d-1ba3fdf29136: 31 internal nodes; 0.7 s; peak memory 146 MiB.
2026-09-19T12:13:57Z INFO [120/500] 065a6a76-e45f-48f6-961b-00948e12bf44: 27 internal nodes; 0.6 s; peak memory 146 MiB.
2026-09-19T12:13:58Z INFO [121/500] 065b371e-770b-4113-b41b-27f8e204cc56: 37 internal nodes; 1.0 s; peak memory 146 MiB.
2026-09-19T12:13:59Z INFO [122/500] 065c0e14-a6a5-4caa-a11c-b1f846f616d7: 25 internal nodes; 1.3 s; peak memory 146 MiB.
2026-09-19T12:14:00Z INFO [123/500] 065c1f7b-13f4-47b7-a2a2-4caa60060261: 27 internal nodes; 0.6 s; peak memory 146 MiB.
2026-09-19T12:14:01Z INFO [124/500] 065ca47c-4b02-44ed-ba82-85561df18640: 53 internal nodes; 0.8 s; peak memory 146 MiB.
2026-09-19T12:14:01Z INFO [125/500] 065cb80e-45b9-4bee-a5c8-4621b015ddee: 13 internal nodes; 0.4 s; peak memory 146 MiB.
2026-09-19T12:14:02Z INFO [126/500] 065cda57-cb0c-4677-9a45-60f20e9a23f3: 115 internal nodes; 0.6 s; peak memory 146 MiB.
2026-09-19T12:14:03Z INFO [127/500] 065d10e1-f3b0-40f5-8f00-99f5477144d6: 27 internal nodes; 0.6 s; peak memory 146 MiB.
2026-09-19T12:14:03Z INFO [128/500] 065d4249-52e8-41d2-87ec-80e14b0ade0a: 17 internal nodes; 0.5 s; peak memory 146 MiB.
2026-09-19T12:14:04Z INFO [129/500] 065dd638-b41b-4bc5-a0d2-c15664653d87: 53 internal nodes; 0.6 s; peak memory 146 MiB.
2026-09-19T12:14:04Z INFO [130/500] 065e0c5d-baff-416f-9e97-f7a82f5e9d6c: 27 internal nodes; 0.6 s; peak memory 146 MiB.
2026-09-19T12:14:05Z INFO [131/500] 065e4a6e-387e-4183-9724-9885445fa205: 31 internal nodes; 0.5 s; peak memory 146 MiB.
2026-09-19T12:14:05Z INFO [132/500] 065eb967-79a0-4a95-b089-6f69fcdfb62d: 27 internal nodes; 0.6 s; peak memory 146 MiB.
2026-09-19T12:14:06Z INFO [133/500] 065ecdf5-9f65-4033-a914-3c6a23c9ee0d: 17 internal nodes; 0.4 s; peak memory 146 MiB.
2026-09-19T12:14:06Z INFO [134/500] 065fb623-256e-4537-bbc2-5956e35e675e: 17 internal nodes; 0.5 s; peak memory 146 MiB.
2026-09-19T12:14:07Z INFO [135/500] 06603511-00ed-450a-aca2-a5f9372f1f05: 17 internal nodes; 0.4 s; peak memory 146 MiB.
2026-09-19T12:14:07Z INFO [136/500] 06604994-2a1d-432e-9838-eaee4cf8c95a: 11 internal nodes; 0.4 s; peak memory 146 MiB.
2026-09-19T12:14:08Z INFO [137/500] 066081a4-b69c-4808-8a43-f724d8633f14: 60 internal nodes; 0.8 s; peak memory 146 MiB.
2026-09-19T12:14:09Z INFO [138/500] 0660ec7d-23c8-474c-b720-b5c0fc78d01b: 27 internal nodes; 0.6 s; peak memory 146 MiB.
2026-09-19T12:14:12Z INFO [139/500] 06619f0a-40a6-401e-853f-7a31f3f096e8: 61 internal nodes; 3.2 s; peak memory 146 MiB.
2026-09-19T12:14:12Z INFO [140/500] 0661b2f2-3fb4-437d-9e9b-66e727a0f45d: 17 internal nodes; 0.4 s; peak memory 146 MiB.
2026-09-19T12:14:14Z INFO [141/500] 0661c340-d589-40bb-ab5d-c225a5c504c3: 42 internal nodes; 1.3 s; peak memory 146 MiB.
2026-09-19T12:14:15Z INFO [142/500] 0661f13e-7eff-4247-aa95-2eae7b0c3960: 65 internal nodes; 1.2 s; peak memory 146 MiB.
2026-09-19T12:14:15Z INFO [143/500] 066263e7-9b25-402b-aa7d-f0458407b1f1: 18 internal nodes; 0.4 s; peak memory 146 MiB.
2026-09-19T12:14:16Z INFO [144/500] 0662a888-4665-4c5f-b2d8-838b3566f9ae: 19 internal nodes; 0.6 s; peak memory 146 MiB.
2026-09-19T12:14:16Z INFO [145/500] 066302da-48a8-4bb6-99ef-073175c3fbff: 19 internal nodes; 0.5 s; peak memory 146 MiB.
2026-09-19T12:14:17Z INFO [146/500] 066333ef-182a-43fa-81fb-88e3b616d707: 11 internal nodes; 0.3 s; peak memory 146 MiB.
2026-09-19T12:14:17Z INFO [147/500] 06639d76-dba2-41b8-960e-a7f021ec0264: 17 internal nodes; 0.3 s; peak memory 146 MiB.
2026-09-19T12:14:18Z INFO [148/500] 0664090e-391b-4336-8e54-6cd92ca0346c: 44 internal nodes; 1.2 s; peak memory 146 MiB.
2026-09-19T12:14:19Z INFO [149/500] 0664def5-43fb-4126-81ef-eb5ac37952d4: 115 internal nodes; 0.6 s; peak memory 146 MiB.
2026-09-19T12:14:19Z INFO [150/500] 0665065c-e427-442e-a315-42233a9d6984: 27 internal nodes; 0.6 s; peak memory 146 MiB.
2026-09-19T12:14:20Z INFO [150/500] 0665065c-e427-442e-a315-42233a9d6984: checkpointed 49156 records.
2026-09-19T12:14:20Z INFO [151/500] 06651b7f-133b-43aa-b4ff-c8ccd271b49a: 61 internal nodes; 0.7 s; peak memory 146 MiB.
2026-09-19T12:14:24Z INFO [152/500] 0665772e-6147-4057-85be-8caf934b2975: 206 internal nodes; 3.9 s; peak memory 147 MiB.
2026-09-19T12:14:25Z INFO [153/500] 0666c67b-5338-44f1-a199-0f9fe1341f43: 11 internal nodes; 0.5 s; peak memory 147 MiB.
2026-09-19T12:14:25Z INFO [154/500] 0666f5c2-5991-4cf5-afca-cc7131fd81af: 11 internal nodes; 0.4 s; peak memory 147 MiB.
2026-09-19T12:14:26Z INFO [155/500] 0668b06a-e095-41aa-9a5d-634035f9be47: 27 internal nodes; 0.6 s; peak memory 147 MiB.
2026-09-19T12:14:26Z INFO [156/500] 06696c11-d9c4-4b98-b994-1e0cc198140d: 31 internal nodes; 0.8 s; peak memory 147 MiB.
2026-09-19T12:14:27Z INFO [157/500] 0669daa2-eefb-4ffc-9e52-37fea0a92681: 27 internal nodes; 0.5 s; peak memory 147 MiB.
2026-09-19T12:14:28Z INFO [158/500] 066a734a-f816-4392-aedf-414b4cc0996f: 52 internal nodes; 1.2 s; peak memory 147 MiB.
2026-09-19T12:14:29Z INFO [159/500] 066ae256-4ec2-4da4-a5f2-c8e106beadcd: 30 internal nodes; 0.6 s; peak memory 147 MiB.
2026-09-19T12:14:29Z INFO [160/500] 066b83e3-abd2-4e8a-92d1-b8852b924095: 13 internal nodes; 0.3 s; peak memory 147 MiB.
2026-09-19T12:14:33Z INFO [161/500] 066b97ad-c2df-44a8-a5aa-97b88f3f4170: 141 internal nodes; 3.6 s; peak memory 147 MiB.
2026-09-19T12:14:33Z INFO [162/500] 066ba34d-a0bd-4f6d-90de-1b9decfe64a9: 36 internal nodes; 0.7 s; peak memory 147 MiB.
2026-09-19T12:14:34Z INFO [163/500] 066bfd6e-57ae-4fa2-9672-9101c374df6c: 61 internal nodes; 0.8 s; peak memory 147 MiB.
2026-09-19T12:14:35Z INFO [164/500] 066d38d5-1a29-403e-9faa-01eaf255b2a1: 27 internal nodes; 0.5 s; peak memory 147 MiB.
2026-09-19T12:14:38Z INFO [165/500] 066d4585-4e66-4588-91a9-ce90944f5943: 201 internal nodes; 3.8 s; peak memory 147 MiB.
2026-09-19T12:14:39Z INFO [166/500] 066e8e7d-688b-4d06-8ef5-f266d187d4ba: 25 internal nodes; 0.9 s; peak memory 147 MiB.
2026-09-19T12:14:43Z INFO [167/500] 066ee288-2f8c-4e66-9b37-72ab6748659c: 177 internal nodes; 3.6 s; peak memory 147 MiB.
2026-09-19T12:14:44Z INFO [168/500] 066f1ceb-fe09-4b77-a07b-749c676de3bc: 27 internal nodes; 0.8 s; peak memory 147 MiB.
2026-09-19T12:14:44Z INFO [169/500] 066fc6ea-7bd6-4858-a891-67c8ec07e205: 27 internal nodes; 0.5 s; peak memory 147 MiB.
2026-09-19T12:14:47Z INFO [170/500] 066fe628-6620-4edc-941b-acd959ea1f25: 54 internal nodes; 3.0 s; peak memory 147 MiB.
2026-09-19T12:14:48Z INFO [171/500] 0670ff4b-76ab-49c3-af60-449a7b3180ba: 32 internal nodes; 0.7 s; peak memory 147 MiB.
2026-09-19T12:14:49Z INFO [172/500] 06713c4b-2793-4215-8347-0aa7ff15f92c: 67 internal nodes; 0.9 s; peak memory 147 MiB.
2026-09-19T12:14:49Z INFO [173/500] 06716380-e13d-46ae-8e7e-fa21c09903ce: 17 internal nodes; 0.4 s; peak memory 147 MiB.
2026-09-19T12:14:50Z INFO [174/500] 067173e7-2f5c-4e3a-9994-d2a9f19953f9: 17 internal nodes; 0.6 s; peak memory 147 MiB.
2026-09-19T12:14:50Z INFO [175/500] 0671a1e4-f049-4f43-af47-dc24c11e7938: 56 internal nodes; 0.7 s; peak memory 147 MiB.
2026-09-19T12:14:52Z INFO [176/500] 0671abb8-d94d-4b0d-b9b7-a2ea65b6b79e: 46 internal nodes; 1.6 s; peak memory 147 MiB.
2026-09-19T12:14:52Z INFO [177/500] 06725e0c-b79a-487e-90f4-2fceb008408d: 17 internal nodes; 0.4 s; peak memory 147 MiB.
2026-09-19T12:14:53Z INFO [178/500] 0672c6ea-b8a9-4268-afec-a5c0d7b40f6c: 31 internal nodes; 0.7 s; peak memory 147 MiB.
2026-09-19T12:14:57Z INFO [179/500] 06737f00-1e12-4ffe-96b9-958a9ec6b770: 158 internal nodes; 3.4 s; peak memory 147 MiB.
2026-09-19T12:14:57Z INFO [180/500] 0674b485-d393-44f1-80cf-85ad1eebd888: 30 internal nodes; 0.6 s; peak memory 147 MiB.
2026-09-19T12:14:58Z INFO [181/500] 06752a67-dfaf-4987-840c-6b42ba1e1cc7: 31 internal nodes; 0.6 s; peak memory 147 MiB.
2026-09-19T12:14:58Z INFO [182/500] 06760ea0-f991-4f89-ac3a-b7f77d3ee5ca: 17 internal nodes; 0.5 s; peak memory 147 MiB.
2026-09-19T12:14:59Z INFO [183/500] 06770aa1-7f0c-4bca-926c-1986745019d9: 31 internal nodes; 0.7 s; peak memory 147 MiB.
2026-09-19T12:15:00Z INFO [184/500] 067720cb-f739-4a07-b0e6-527c3138beb0: 31 internal nodes; 0.8 s; peak memory 147 MiB.
2026-09-19T12:15:00Z INFO [185/500] 06779cd8-6ab1-428c-99b0-7c4b688cb5df: 29 internal nodes; 0.6 s; peak memory 147 MiB.
2026-09-19T12:15:04Z INFO [186/500] 0677fdc3-5d92-4614-88d4-55ca0edf23da: 130 internal nodes; 3.3 s; peak memory 147 MiB.
2026-09-19T12:15:04Z INFO [187/500] 067803a4-c8cb-4420-a04f-97858aa1dcdb: 31 internal nodes; 0.7 s; peak memory 147 MiB.
2026-09-19T12:15:06Z INFO [188/500] 067899a7-e8d6-40d0-a8c7-5abeb032299d: 44 internal nodes; 1.6 s; peak memory 147 MiB.
2026-09-19T12:15:07Z INFO [189/500] 0678dd83-d6c0-4fa0-9b12-11a77f62458f: 22 internal nodes; 0.7 s; peak memory 147 MiB.
2026-09-19T12:15:08Z INFO [190/500] 0679437d-0e7c-424c-a8ee-5a23e63ae4a3: 44 internal nodes; 1.2 s; peak memory 147 MiB.
2026-09-19T12:15:08Z INFO [191/500] 0679a6e6-4c44-4e66-ba4e-f1f3922cd155: 19 internal nodes; 0.6 s; peak memory 147 MiB.
2026-09-19T12:15:09Z INFO [192/500] 067ab4db-be11-46c0-9988-ae251e4d92b4: 20 internal nodes; 1.1 s; peak memory 147 MiB.
2026-09-19T12:15:10Z INFO [193/500] 067b1310-aa5a-4e65-967f-6f05df4993c3: 17 internal nodes; 0.8 s; peak memory 147 MiB.
2026-09-19T12:15:11Z INFO [194/500] 067e0869-88d7-4858-8671-64bd9a4718b3: 59 internal nodes; 1.0 s; peak memory 147 MiB.
2026-09-19T12:15:12Z INFO [195/500] 067e2a15-cd15-4f21-90d7-2368247d0440: 44 internal nodes; 1.0 s; peak memory 147 MiB.
2026-09-19T12:15:13Z INFO [196/500] 067e99ec-def6-4ea4-a48f-4110ac40a042: 17 internal nodes; 0.5 s; peak memory 147 MiB.
2026-09-19T12:15:13Z INFO [197/500] 067ea211-38bd-4f0a-87d4-107267bd9b3b: 103 internal nodes; 0.7 s; peak memory 147 MiB.
2026-09-19T12:15:14Z INFO [198/500] 067ea819-e5c4-418b-b391-ec5d803bbbc6: 27 internal nodes; 0.6 s; peak memory 147 MiB.
2026-09-19T12:15:17Z INFO [199/500] 067f8a20-3286-4b8a-aab5-97caa767bf14: 73 internal nodes; 3.4 s; peak memory 147 MiB.
2026-09-19T12:15:18Z INFO [200/500] 06800a34-27c5-4b64-bd5b-af269ad51f88: 17 internal nodes; 0.4 s; peak memory 147 MiB.
2026-09-19T12:15:18Z INFO [200/500] 06800a34-27c5-4b64-bd5b-af269ad51f88: checkpointed 49206 records.
2026-09-19T12:15:19Z INFO [201/500] 0680a097-c76e-4382-8258-357f58305cad: 27 internal nodes; 0.5 s; peak memory 147 MiB.
2026-09-19T12:15:19Z INFO [202/500] 0681337e-3295-4bf2-bca6-4d88b3174b1c: 31 internal nodes; 0.8 s; peak memory 147 MiB.
2026-09-19T12:15:20Z INFO [203/500] 06822e81-78a2-489b-8385-98ed313a0bc1: 19 internal nodes; 0.5 s; peak memory 147 MiB.
2026-09-19T12:15:20Z INFO [204/500] 06823506-5894-477c-b550-f647813328bb: 27 internal nodes; 0.6 s; peak memory 147 MiB.
2026-09-19T12:15:21Z INFO [205/500] 06839373-286c-4716-b9cd-ed9dbff95b70: 17 internal nodes; 0.5 s; peak memory 147 MiB.
2026-09-19T12:15:24Z INFO [206/500] 06840152-7a68-4e42-a305-47635ddf2804: 56 internal nodes; 3.4 s; peak memory 147 MiB.
2026-09-19T12:15:28Z INFO [207/500] 068544af-4a80-4c85-aacc-7f424bdddebe: 65 internal nodes; 3.3 s; peak memory 147 MiB.
2026-09-19T12:15:28Z INFO [208/500] 0685cdec-9137-4d51-8a2c-7a03c41c3602: 31 internal nodes; 0.8 s; peak memory 147 MiB.
2026-09-19T12:15:29Z INFO [209/500] 0685f8af-b619-44f4-97f9-730de0f0a0cc: 23 internal nodes; 0.8 s; peak memory 147 MiB.
2026-09-19T12:15:30Z INFO [210/500] 06865f7a-9300-491f-b453-0579e039226d: 31 internal nodes; 0.7 s; peak memory 147 MiB.
2026-09-19T12:15:30Z INFO [211/500] 0686d53a-7143-445f-b9b3-2db75fb0174c: 17 internal nodes; 0.5 s; peak memory 147 MiB.
2026-09-19T12:15:31Z INFO [212/500] 0689954e-c04d-4da7-9c55-ffef5688914f: 11 internal nodes; 0.4 s; peak memory 147 MiB.
2026-09-19T12:15:31Z INFO [213/500] 0689bdf1-3d01-4a85-81bb-5e7893a8c61f: 19 internal nodes; 0.6 s; peak memory 147 MiB.
2026-09-19T12:15:32Z INFO [214/500] 068b1166-fad3-48d9-aeb9-f0c357b7e071: 27 internal nodes; 0.5 s; peak memory 147 MiB.
2026-09-19T12:15:32Z INFO [215/500] 068b739d-8203-494f-ac0a-62bac0e9c629: 11 internal nodes; 0.3 s; peak memory 147 MiB.
2026-09-19T12:15:33Z INFO [216/500] 068b9f1c-70d1-4bfe-a128-d3eb2266b2f5: 31 internal nodes; 0.6 s; peak memory 147 MiB.
2026-09-19T12:15:34Z INFO [217/500] 068c3275-84c4-4fbe-b2ae-3f3b783d6ae4: 31 internal nodes; 1.0 s; peak memory 147 MiB.
2026-09-19T12:15:34Z INFO [218/500] 068d32d5-549d-4bd9-a382-8614eb35bb41: 18 internal nodes; 0.4 s; peak memory 147 MiB.
2026-09-19T12:15:37Z INFO [219/500] 068dc429-acd4-4c92-8c2b-c27fe3189b83: 73 internal nodes; 2.8 s; peak memory 147 MiB.
2026-09-19T12:15:38Z INFO [220/500] 068e4a07-d6fb-42c2-a25a-06d488c926a5: 58 internal nodes; 0.7 s; peak memory 147 MiB.
2026-09-19T12:15:43Z INFO [221/500] 068e68ea-e5a3-4e6f-8b0c-c4f16a87bc5c: 211 internal nodes; 5.0 s; peak memory 147 MiB.
2026-09-19T12:15:44Z INFO [222/500] 068f7c23-e2cb-4a7e-92ea-2f9664da5f66: 46 internal nodes; 1.6 s; peak memory 147 MiB.
2026-09-19T12:15:47Z INFO [223/500] 06901957-e0d6-4878-9777-c6548606507a: 41 internal nodes; 3.0 s; peak memory 147 MiB.
2026-09-19T12:15:48Z INFO [224/500] 069032c7-9400-4a34-bed7-00b5b703e412: 17 internal nodes; 0.4 s; peak memory 147 MiB.
2026-09-19T12:15:49Z INFO [225/500] 06903dde-6011-402f-91e0-3c09f75d822e: 31 internal nodes; 0.9 s; peak memory 147 MiB.
2026-09-19T12:15:49Z INFO [226/500] 06907ff5-f13f-47d8-983c-1b4ad19e7d20: 17 internal nodes; 0.5 s; peak memory 147 MiB.
2026-09-19T12:15:50Z INFO [227/500] 0690d756-6b17-4950-8aec-5ad3f576a8f5: 67 internal nodes; 0.9 s; peak memory 147 MiB.
2026-09-19T12:15:51Z INFO [228/500] 06917472-079d-4450-aff0-3be17d684a7c: 15 internal nodes; 0.6 s; peak memory 147 MiB.
2026-09-19T12:15:51Z INFO [229/500] 06934eb7-ba6e-4cd3-9ed8-c58d4f839b0d: 31 internal nodes; 0.8 s; peak memory 147 MiB.
2026-09-19T12:15:52Z INFO [230/500] 0693fb77-1a5e-4d76-9007-c6bdc597d8cd: 27 internal nodes; 0.8 s; peak memory 147 MiB.
2026-09-19T12:15:53Z INFO [231/500] 06945228-6d8d-4dd2-a4fb-2f0b4909a370: 17 internal nodes; 0.5 s; peak memory 147 MiB.
2026-09-19T12:15:54Z INFO [232/500] 0694ea10-f91f-4812-8dfb-b07ac270fc98: 62 internal nodes; 0.8 s; peak memory 147 MiB.
2026-09-19T12:15:55Z INFO [233/500] 06951bd4-070e-410a-988f-4be2c7799d7a: 66 internal nodes; 1.1 s; peak memory 147 MiB.
2026-09-19T12:15:56Z INFO [234/500] 0695bf89-7f3e-4641-aec3-4890e462aaf1: 46 internal nodes; 1.7 s; peak memory 147 MiB.
2026-09-19T12:15:57Z INFO [235/500] 0696455a-cfe2-4312-a3d6-b028ff5ea3eb: 30 internal nodes; 0.7 s; peak memory 147 MiB.
2026-09-19T12:16:01Z INFO [236/500] 069661eb-7824-4010-bbe1-cb3bf218ac4a: 197 internal nodes; 4.1 s; peak memory 147 MiB.
2026-09-19T12:16:02Z INFO [237/500] 0696c590-0c01-44f7-9c9c-801eace5d87d: 17 internal nodes; 0.5 s; peak memory 147 MiB.
2026-09-19T12:16:02Z INFO [238/500] 06974da7-9166-4f1f-bfd0-50f5705ab1fd: 34 internal nodes; 0.5 s; peak memory 147 MiB.
2026-09-19T12:16:03Z INFO [239/500] 06985895-4eb7-4004-8fcd-cafb41ce8761: 31 internal nodes; 0.7 s; peak memory 147 MiB.
2026-09-19T12:16:04Z INFO [240/500] 069874f6-a203-45c4-a904-d8ac33082164: 66 internal nodes; 0.8 s; peak memory 147 MiB.
2026-09-19T12:16:05Z INFO [241/500] 06995c9a-893b-4235-b386-65bf579eafab: 44 internal nodes; 1.3 s; peak memory 147 MiB.
2026-09-19T12:16:06Z INFO [242/500] 069a0908-11ea-43fd-89c0-7161bb7a52a4: 31 internal nodes; 0.7 s; peak memory 147 MiB.
2026-09-19T12:16:06Z INFO [243/500] 069a3250-8ccd-4b02-85a3-da1e8284e601: 22 internal nodes; 0.6 s; peak memory 147 MiB.
2026-09-19T12:16:11Z INFO [244/500] 069a543e-c7e9-4015-987c-09fa1bbe122b: 217 internal nodes; 5.2 s; peak memory 147 MiB.
2026-09-19T12:16:12Z INFO [245/500] 069abc52-978a-4528-829b-957d9e6db292: 17 internal nodes; 0.5 s; peak memory 147 MiB.
2026-09-19T12:16:13Z INFO [246/500] 069b45d7-1d95-4679-b810-ad5ecef24d79: 31 internal nodes; 0.8 s; peak memory 147 MiB.
2026-09-19T12:16:13Z INFO [247/500] 069b8683-a0a8-41c1-a7ed-7f55d16264a4: 13 internal nodes; 0.3 s; peak memory 147 MiB.
2026-09-19T12:16:17Z INFO [248/500] 069bab1e-cbca-440c-87ee-d561e180749f: 161 internal nodes; 3.7 s; peak memory 147 MiB.
2026-09-19T12:16:17Z INFO [249/500] 069be5ca-4bce-4177-830b-a7e9b9395e78: 22 internal nodes; 0.4 s; peak memory 147 MiB.
2026-09-19T12:16:18Z INFO [250/500] 069c27ca-2242-42f4-9c61-d5b107ee62ce: 17 internal nodes; 0.5 s; peak memory 147 MiB.
2026-09-19T12:16:18Z INFO [250/500] 069c27ca-2242-42f4-9c61-d5b107ee62ce: checkpointed 49256 records.
2026-09-19T12:16:19Z INFO [251/500] 069c474d-9118-429a-a69c-034d8070ad1f: 58 internal nodes; 1.1 s; peak memory 147 MiB.
2026-09-19T12:16:20Z INFO [252/500] 069cb574-8dd0-4c46-9c45-e73a673dc394: 90 internal nodes; 0.6 s; peak memory 147 MiB.
2026-09-19T12:16:21Z INFO [253/500] 069d7758-9d88-4420-b691-a4bec2692b76: 69 internal nodes; 1.2 s; peak memory 147 MiB.
2026-09-19T12:16:21Z INFO [254/500] 069da60f-2eeb-4c8d-8d11-6140332dd31f: 27 internal nodes; 0.6 s; peak memory 147 MiB.
2026-09-19T12:16:22Z INFO [255/500] 069df294-cf2f-4195-b6dd-cd7471f17930: 27 internal nodes; 0.6 s; peak memory 147 MiB.
2026-09-19T12:16:27Z INFO [256/500] 069ec362-d03a-4f3c-b126-45d035de7e56: 2094 internal nodes; 5.2 s; peak memory 165 MiB.
2026-09-19T12:16:28Z INFO [257/500] 069f0101-1f71-4217-ad91-6cecb3262a42: 17 internal nodes; 0.5 s; peak memory 165 MiB.
2026-09-19T12:16:29Z INFO [258/500] 06a07c0b-36cb-432a-a785-ae557877dc4a: 31 internal nodes; 1.0 s; peak memory 165 MiB.
2026-09-19T12:16:29Z INFO [259/500] 06a0ca48-b819-4d49-8e4d-8ac0e0219a59: 22 internal nodes; 0.6 s; peak memory 165 MiB.
2026-09-19T12:16:30Z INFO [260/500] 06a1998b-ef7d-4390-aa1d-42ac2e7ea983: 17 internal nodes; 0.5 s; peak memory 165 MiB.
2026-09-19T12:16:30Z INFO [261/500] 06a2fb2e-48f7-4930-93d9-aeb6bfcce6e4: 27 internal nodes; 0.7 s; peak memory 165 MiB.
2026-09-19T12:16:31Z INFO [262/500] 06a30362-8d18-4dd3-96ea-63ef600a3c0e: 27 internal nodes; 0.6 s; peak memory 165 MiB.
2026-09-19T12:16:31Z INFO [263/500] 06a36259-7480-4845-bafc-25dcaf35d2d0: 11 internal nodes; 0.5 s; peak memory 165 MiB.
2026-09-19T12:16:32Z INFO [264/500] 06a37b5d-0bda-4735-ab67-a4ab67f74eda: 53 internal nodes; 0.6 s; peak memory 165 MiB.
2026-09-19T12:16:33Z INFO [265/500] 06a40fae-6f18-41cc-a11b-560a38ac0f01: 38 internal nodes; 0.7 s; peak memory 165 MiB.
2026-09-19T12:16:33Z INFO [266/500] 06a42936-152f-4887-bf61-69f1f342b3b7: 18 internal nodes; 0.6 s; peak memory 165 MiB.
2026-09-19T12:16:39Z INFO [267/500] 06a45a06-2c5e-46e0-b296-b0d2348f5b71: 71 internal nodes; 5.6 s; peak memory 165 MiB.
2026-09-19T12:16:40Z INFO [268/500] 06a4ac18-4298-4c0e-8de7-262480d26fe7: 44 internal nodes; 1.3 s; peak memory 165 MiB.
2026-09-19T12:16:41Z INFO [269/500] 06a4ba8d-3ee7-4b95-a526-cb115140ce6d: 27 internal nodes; 0.6 s; peak memory 165 MiB.
2026-09-19T12:16:41Z INFO [270/500] 06a51566-2b6a-4710-a7b0-766aa7fdec86: 27 internal nodes; 0.5 s; peak memory 165 MiB.
2026-09-19T12:16:42Z INFO [271/500] 06a6f7ca-0eb3-4bac-b3c3-92a3765e8411: 22 internal nodes; 0.7 s; peak memory 165 MiB.
2026-09-19T12:16:42Z INFO [272/500] 06a7698f-c5a0-4b99-b69f-c83403fb46b5: 17 internal nodes; 0.5 s; peak memory 165 MiB.
2026-09-19T12:16:43Z INFO [273/500] 06a7b248-dc05-43f6-b1ea-a3e94e9e1b2a: 15 internal nodes; 0.4 s; peak memory 165 MiB.
2026-09-19T12:16:43Z INFO [274/500] 06a84a58-3e91-4511-b33b-5c800dbc13d8: 17 internal nodes; 0.4 s; peak memory 165 MiB.
2026-09-19T12:16:44Z INFO [275/500] 06ab3ffb-96c8-4b4d-bca8-f703d14985e5: 60 internal nodes; 0.7 s; peak memory 165 MiB.
2026-09-19T12:16:44Z INFO [276/500] 06ab54c6-cc4b-47d6-bf59-4afac59d43f6: 31 internal nodes; 0.6 s; peak memory 165 MiB.
2026-09-19T12:16:45Z INFO [277/500] 06ac5207-b81a-4c1a-8f0b-7cd15dc2704d: 19 internal nodes; 0.6 s; peak memory 165 MiB.
2026-09-19T12:16:50Z INFO [278/500] 06ac6271-2864-4cf8-b722-7c8397d45830: 1730 internal nodes; 4.9 s; peak memory 165 MiB.
2026-09-19T12:16:51Z INFO [279/500] 06ac6daa-e3d7-4749-9a30-6332cd16fbcf: 27 internal nodes; 0.5 s; peak memory 165 MiB.
2026-09-19T12:16:51Z INFO [280/500] 06acabc1-55cb-41ae-99ba-470e7db3d465: 67 internal nodes; 0.9 s; peak memory 165 MiB.
2026-09-19T12:16:57Z INFO [281/500] 06acdb17-e04c-44b1-8b62-c1080201e2ff: 114 internal nodes; 5.4 s; peak memory 165 MiB.
2026-09-19T12:17:02Z INFO [282/500] 06ad1bff-d004-452b-ba77-8f733be981e3: 256 internal nodes; 5.3 s; peak memory 165 MiB.
2026-09-19T12:17:03Z INFO [283/500] 06ad3f12-3e5e-46b1-b1c9-4205e07b00b3: 66 internal nodes; 0.9 s; peak memory 165 MiB.
2026-09-19T12:17:03Z INFO [284/500] 06ad414d-b352-4ec2-b09b-08a4ac09e733: 19 internal nodes; 0.5 s; peak memory 165 MiB.
2026-09-19T12:17:04Z INFO [285/500] 06adb2f1-0c3a-4342-b837-8527b75b99a1: 61 internal nodes; 0.9 s; peak memory 165 MiB.
2026-09-19T12:17:05Z INFO [286/500] 06adf77a-2613-424c-8ce5-4f3d07408251: 11 internal nodes; 0.4 s; peak memory 165 MiB.
2026-09-19T12:17:06Z INFO [287/500] 06ae25ee-2d16-479a-b2bc-17c91a6a38c8: 56 internal nodes; 0.8 s; peak memory 165 MiB.
2026-09-19T12:17:10Z INFO [288/500] 06ae2a51-f31b-4cd5-96ed-0b4e6caff5a8: 64 internal nodes; 4.5 s; peak memory 165 MiB.
2026-09-19T12:17:11Z INFO [289/500] 06af3bf0-6431-4fed-ae2b-71ee6133a5f0: 29 internal nodes; 0.6 s; peak memory 165 MiB.
2026-09-19T12:17:11Z INFO [290/500] 06af6d3b-29e1-40ea-bcbf-4c6d7b4d90cd: 16 internal nodes; 0.5 s; peak memory 165 MiB.
2026-09-19T12:17:15Z INFO [291/500] 06af9f8c-02e6-4c1f-8c42-dd53f6a005ba: 115 internal nodes; 4.2 s; peak memory 165 MiB.
2026-09-19T12:17:16Z INFO [292/500] 06b1a6d6-af87-469c-9f6f-19adddfe35ef: 17 internal nodes; 0.6 s; peak memory 165 MiB.
2026-09-19T12:17:16Z INFO [293/500] 06b2dc87-d51a-4266-ad20-c26a6785ec04: 27 internal nodes; 0.6 s; peak memory 165 MiB.
2026-09-19T12:17:20Z INFO [294/500] 06b36388-bc43-438c-b223-1f1d1134cbdf: 177 internal nodes; 3.3 s; peak memory 165 MiB.
2026-09-19T12:17:20Z INFO [295/500] 06b59672-1987-4e5d-b42b-562d1dd6fb5e: 27 internal nodes; 0.6 s; peak memory 165 MiB.
2026-09-19T12:17:21Z INFO [296/500] 06b632fd-83d2-4b32-863f-0fa98e759dc7: 30 internal nodes; 0.8 s; peak memory 165 MiB.
2026-09-19T12:17:24Z INFO [297/500] 06b673dd-5b95-4a11-8842-be670539ffe6: 73 internal nodes; 2.7 s; peak memory 165 MiB.
2026-09-19T12:17:24Z INFO [298/500] 06b6d236-7acc-4b43-b7e8-0fb285f7476b: 21 internal nodes; 0.6 s; peak memory 165 MiB.
2026-09-19T12:17:25Z INFO [299/500] 06b87680-a495-47ee-914a-164c2ab6ce22: 17 internal nodes; 0.6 s; peak memory 165 MiB.
2026-09-19T12:17:29Z INFO [300/500] 06b939c9-ca7f-4051-8507-dcef3760e3c9: 254 internal nodes; 3.8 s; peak memory 165 MiB.
2026-09-19T12:17:29Z INFO [300/500] 06b939c9-ca7f-4051-8507-dcef3760e3c9: checkpointed 49306 records.
2026-09-19T12:17:30Z INFO [301/500] 06b948a5-44dd-4b83-a8b8-c2856a35a10d: 31 internal nodes; 0.7 s; peak memory 165 MiB.
2026-09-19T12:17:30Z INFO [302/500] 06b96a59-f5f6-4a18-a3e3-8c0a0307ccfe: 17 internal nodes; 0.5 s; peak memory 165 MiB.
2026-09-19T12:17:31Z INFO [303/500] 06b9f802-6066-4866-b081-0f938c7b8925: 66 internal nodes; 1.0 s; peak memory 165 MiB.
2026-09-19T12:17:34Z INFO [304/500] 06ba0464-670b-485a-b95f-7f6d2aecbbf5: 127 internal nodes; 2.5 s; peak memory 165 MiB.
2026-09-19T12:17:34Z INFO [305/500] 06ba45c5-df5d-4213-b3a6-ebd1f18cc60e: 17 internal nodes; 0.5 s; peak memory 165 MiB.
2026-09-19T12:17:34Z INFO [306/500] 06ba9f0a-50ef-4ddb-b8a2-06f5d6452eaf: 17 internal nodes; 0.5 s; peak memory 165 MiB.
2026-09-19T12:17:35Z INFO [307/500] 06bad4c6-b2f7-4d2f-9679-ea4493314f31: 17 internal nodes; 0.5 s; peak memory 165 MiB.
2026-09-19T12:17:36Z INFO [308/500] 06bb0218-d354-4d35-87e2-fa007a946e19: 27 internal nodes; 0.6 s; peak memory 165 MiB.
2026-09-19T12:17:36Z INFO [309/500] 06bb05e2-dfa6-44f7-8491-ecd85c5f8ea4: 6 internal nodes; 0.4 s; peak memory 165 MiB.
2026-09-19T12:17:37Z INFO [310/500] 06bbb83c-6693-462a-8baa-ae74321eff8f: 17 internal nodes; 0.5 s; peak memory 165 MiB.
2026-09-19T12:17:38Z INFO [311/500] 06bbba00-e75b-4026-9b43-6455ebe66ad7: 66 internal nodes; 1.1 s; peak memory 165 MiB.
2026-09-19T12:17:38Z INFO [312/500] 06bbd2ee-f2fd-4f08-b04a-4bbeafe6216a: 15 internal nodes; 0.4 s; peak memory 165 MiB.
2026-09-19T12:17:44Z INFO [313/500] 06bbf4c8-bf00-442c-a5c7-0aa4a8a92d52: 537 internal nodes; 5.6 s; peak memory 167 MiB.
2026-09-19T12:17:44Z INFO [314/500] 06bc3b1f-a27b-404b-ba6b-7ebb4abebcd2: 17 internal nodes; 0.5 s; peak memory 167 MiB.
2026-09-19T12:17:44Z INFO [315/500] 06bc47d6-e262-4301-9ce9-2e5e20fe51d2: 21 internal nodes; 0.3 s; peak memory 167 MiB.
2026-09-19T12:17:45Z INFO [316/500] 06bc75d9-df96-4627-8ccc-0d0e671b4a96: 31 internal nodes; 0.8 s; peak memory 167 MiB.
2026-09-19T12:17:46Z INFO [317/500] 06bcd71c-c799-4fd7-9d4c-a9a56f031fcb: 63 internal nodes; 0.7 s; peak memory 167 MiB.
2026-09-19T12:17:46Z INFO [318/500] 06bd46ab-8e6a-4fda-b7bb-1d598d741451: 17 internal nodes; 0.5 s; peak memory 167 MiB.
2026-09-19T12:17:47Z INFO [319/500] 06bdd708-d431-4143-9e4e-d02baa006fb9: 17 internal nodes; 0.5 s; peak memory 167 MiB.
2026-09-19T12:17:48Z INFO [320/500] 06be5078-b0e3-44e2-9c25-ef73b876fcbb: 39 internal nodes; 0.8 s; peak memory 167 MiB.
2026-09-19T12:17:53Z INFO [321/500] 06be77f0-37a4-4e69-b173-3b1264d4f5e3: 67 internal nodes; 5.3 s; peak memory 167 MiB.
2026-09-19T12:17:54Z INFO [322/500] 06bebdd1-bc00-406a-9ff8-ca0a034b2b21: 17 internal nodes; 0.6 s; peak memory 167 MiB.
2026-09-19T12:17:55Z INFO [323/500] 06bee6e5-3021-422d-bd25-1630b9b97a4b: 44 internal nodes; 1.1 s; peak memory 167 MiB.
2026-09-19T12:17:56Z INFO [324/500] 06c04671-cdc1-47d9-8ebf-e930fd7d0add: 41 internal nodes; 1.5 s; peak memory 167 MiB.
2026-09-19T12:17:57Z INFO [325/500] 06c04ecb-34a0-4ec2-848d-7f5ae5903928: 11 internal nodes; 0.4 s; peak memory 167 MiB.
2026-09-19T12:17:58Z INFO [326/500] 06c0852f-4274-4b87-86ba-0dcce0f391d5: 44 internal nodes; 1.3 s; peak memory 167 MiB.
2026-09-19T12:17:59Z INFO [327/500] 06c10bff-f902-4390-8905-d7d3caddf49c: 56 internal nodes; 1.5 s; peak memory 167 MiB.
2026-09-19T12:18:00Z INFO [328/500] 06c19121-b58c-4d1e-a9a2-8b0e15db9c80: 25 internal nodes; 0.6 s; peak memory 167 MiB.
2026-09-19T12:18:00Z INFO [329/500] 06c20fd0-c33b-4190-bd8a-444e6d8bd559: 13 internal nodes; 0.5 s; peak memory 167 MiB.
2026-09-19T12:18:01Z INFO [330/500] 06c22bf4-90fc-4c58-ae74-5a03cdf99482: 24 internal nodes; 0.6 s; peak memory 167 MiB.
2026-09-19T12:18:02Z INFO [331/500] 06c2d84a-f3f5-4814-bf4b-e2378aebb6a3: 90 internal nodes; 0.6 s; peak memory 167 MiB.
2026-09-19T12:18:02Z INFO [332/500] 06c2dd83-489b-4665-a4c4-ce80f90d42ea: 27 internal nodes; 0.6 s; peak memory 167 MiB.
2026-09-19T12:18:08Z INFO [333/500] 06c3cec9-b949-4f2f-987e-21d332d4eac0: 261 internal nodes; 5.5 s; peak memory 167 MiB.
2026-09-19T12:18:08Z INFO [334/500] 06c3d9d6-2d5b-46a4-8767-4ecfef786be4: 27 internal nodes; 0.6 s; peak memory 167 MiB.
2026-09-19T12:18:10Z INFO [335/500] 06c406c5-0b7d-4fa3-8c10-f1d837d51bec: 56 internal nodes; 1.5 s; peak memory 167 MiB.
2026-09-19T12:18:10Z INFO [336/500] 06c50847-1e39-4739-8888-27b33551fe89: 11 internal nodes; 0.3 s; peak memory 167 MiB.
2026-09-19T12:18:11Z INFO [337/500] 06c542eb-1cb7-4cf0-bb52-1a6b231acfe9: 17 internal nodes; 0.5 s; peak memory 167 MiB.
2026-09-19T12:18:11Z INFO [338/500] 06c66c66-f38d-4380-a413-3f61021cad42: 27 internal nodes; 0.6 s; peak memory 167 MiB.
2026-09-19T12:18:12Z INFO [339/500] 06c6ccac-13ef-4062-a36c-6629fc3ba100: 18 internal nodes; 0.4 s; peak memory 167 MiB.
2026-09-19T12:18:18Z INFO [340/500] 06c87314-0af0-415a-9ec2-4c979956f046: 120 internal nodes; 6.3 s; peak memory 167 MiB.
2026-09-19T12:18:19Z INFO [341/500] 06c8ec13-16fe-462a-b716-231bfa3755bf: 27 internal nodes; 0.7 s; peak memory 167 MiB.
2026-09-19T12:18:20Z INFO [342/500] 06c92b40-d753-4258-a87b-ac2dace91d87: 21 internal nodes; 1.2 s; peak memory 167 MiB.
2026-09-19T12:18:20Z INFO [343/500] 06c994a6-2512-4e1f-8047-7a27783fa13f: 17 internal nodes; 0.5 s; peak memory 167 MiB.
2026-09-19T12:18:21Z INFO [344/500] 06c9985c-8afd-4fc1-8512-f7952082900f: 17 internal nodes; 0.5 s; peak memory 167 MiB.
2026-09-19T12:18:22Z INFO [345/500] 06ca6240-e7b1-4c14-b85c-e944f1aa44ad: 44 internal nodes; 1.2 s; peak memory 167 MiB.
2026-09-19T12:18:23Z INFO [346/500] 06cb8990-43e4-47ab-87cc-9ea334cc8d52: 29 internal nodes; 0.8 s; peak memory 167 MiB.
2026-09-19T12:18:23Z INFO [347/500] 06cbb96c-4939-4f27-af8f-512813abb0b2: 17 internal nodes; 0.6 s; peak memory 167 MiB.
2026-09-19T12:18:24Z INFO [348/500] 06cc7740-f6c6-4ea3-9681-dbcbc8187e1e: 25 internal nodes; 0.6 s; peak memory 167 MiB.
2026-09-19T12:18:24Z INFO [349/500] 06cd30bc-0dba-4d70-8270-02c4a552a462: 17 internal nodes; 0.4 s; peak memory 167 MiB.
2026-09-19T12:18:25Z INFO [350/500] 06ce8281-62ab-4cd5-b8b4-f9e4737c7aef: 17 internal nodes; 0.6 s; peak memory 167 MiB.
2026-09-19T12:18:25Z INFO [350/500] 06ce8281-62ab-4cd5-b8b4-f9e4737c7aef: checkpointed 49356 records.
2026-09-19T12:18:30Z INFO [351/500] 06ceadf8-2b2f-4f6b-a381-e80283a89167: 192 internal nodes; 4.8 s; peak memory 167 MiB.
2026-09-19T12:18:31Z INFO [352/500] 06cec589-03ac-417e-923a-5e5f266a9c2e: 21 internal nodes; 1.1 s; peak memory 167 MiB.
2026-09-19T12:18:32Z INFO [353/500] 06cef23d-a24d-47a9-adc7-9f8b5b20c481: 37 internal nodes; 0.7 s; peak memory 167 MiB.
2026-09-19T12:18:32Z INFO [354/500] 06cf651b-5308-4c15-bc17-5a0190a8438c: 17 internal nodes; 0.5 s; peak memory 167 MiB.
2026-09-19T12:18:34Z INFO [355/500] 06d0fb30-3ae3-4f79-ba5e-40dc2d7db17c: 41 internal nodes; 1.2 s; peak memory 167 MiB.
2026-09-19T12:18:35Z INFO [356/500] 06d11aca-94ed-4cf7-8326-0448efb15d02: 72 internal nodes; 1.2 s; peak memory 167 MiB.
2026-09-19T12:18:36Z INFO [357/500] 06d12ec9-1968-42bc-805f-ccabe28df599: 31 internal nodes; 0.9 s; peak memory 167 MiB.
2026-09-19T12:18:36Z INFO [358/500] 06d16ae2-f3a2-404e-83a5-d07f5a70e4a5: 27 internal nodes; 0.6 s; peak memory 167 MiB.
2026-09-19T12:18:37Z INFO [359/500] 06d25ba4-8c20-4f6f-9769-4fca0bb337e8: 29 internal nodes; 0.8 s; peak memory 167 MiB.
2026-09-19T12:18:40Z INFO [360/500] 06d28ad6-b425-4f51-8d14-1b49549730f4: 65 internal nodes; 3.5 s; peak memory 167 MiB.
2026-09-19T12:18:41Z INFO [361/500] 06d313ec-ad43-4e30-962a-4b304e6ea6b7: 27 internal nodes; 0.6 s; peak memory 167 MiB.
2026-09-19T12:18:41Z INFO [362/500] 06d32643-00da-4004-b879-471f34300df5: 17 internal nodes; 0.4 s; peak memory 167 MiB.
2026-09-19T12:18:42Z INFO [363/500] 06d6dc25-6f9e-4b24-87e5-f487731cc6e9: 17 internal nodes; 0.4 s; peak memory 167 MiB.
2026-09-19T12:18:42Z INFO [364/500] 06d7c812-cb9f-46ce-b6f5-3a5004bde741: 17 internal nodes; 0.5 s; peak memory 167 MiB.
2026-09-19T12:18:43Z INFO [365/500] 06d8c67a-9191-475a-aaa9-c3f4a17e19c5: 20 internal nodes; 0.6 s; peak memory 167 MiB.
2026-09-19T12:18:43Z INFO [366/500] 06d8f77b-84b3-4aa9-938c-d578dfa97fb1: 17 internal nodes; 0.5 s; peak memory 167 MiB.
2026-09-19T12:18:44Z INFO [367/500] 06db3161-2640-4ad3-89bb-5cddd78a1167: 13 internal nodes; 0.4 s; peak memory 167 MiB.
2026-09-19T12:18:45Z INFO [368/500] 06dbdb68-2b75-4a46-b1e7-c1ae7acb4557: 42 internal nodes; 1.3 s; peak memory 167 MiB.
2026-09-19T12:18:48Z INFO [369/500] 06dcc3fa-9be5-464e-822d-dcbaed5cdb60: 177 internal nodes; 2.7 s; peak memory 167 MiB.
2026-09-19T12:18:49Z INFO [370/500] 06dcd44b-7f1f-43b3-9dcd-ca85717046ba: 53 internal nodes; 0.7 s; peak memory 167 MiB.
2026-09-19T12:18:55Z INFO [371/500] 06de4971-6636-470e-881d-d7fd3b459a80: 128 internal nodes; 6.2 s; peak memory 167 MiB.
2026-09-19T12:18:55Z INFO [372/500] 06de9942-a456-4778-bdb8-7af4fcddaaeb: 17 internal nodes; 0.5 s; peak memory 167 MiB.
2026-09-19T12:18:56Z INFO [373/500] 06e09502-583a-4aec-86ec-b7c0f47e8332: 31 internal nodes; 0.8 s; peak memory 167 MiB.
2026-09-19T12:18:57Z INFO [374/500] 06e0c2de-42c6-41a3-a564-8541cdebd293: 17 internal nodes; 0.5 s; peak memory 167 MiB.
2026-09-19T12:18:57Z INFO [375/500] 06e13c6d-9335-4112-a16c-3eb0edc50190: 31 internal nodes; 0.7 s; peak memory 167 MiB.
2026-09-19T12:18:58Z INFO [376/500] 06e1bcc1-c249-4881-9c21-51f98cc10b30: 17 internal nodes; 0.5 s; peak memory 167 MiB.
2026-09-19T12:18:59Z INFO [377/500] 06e2a615-8f69-4a81-b31a-12c1cd8d06d0: 18 internal nodes; 0.8 s; peak memory 167 MiB.
2026-09-19T12:18:59Z INFO [378/500] 06e43f54-b408-4be3-815d-5caec0547692: 31 internal nodes; 0.6 s; peak memory 167 MiB.
2026-09-19T12:19:00Z INFO [379/500] 06e46c02-ce70-4049-84c4-0e86db4d3bc8: 17 internal nodes; 0.4 s; peak memory 167 MiB.
2026-09-19T12:19:00Z INFO [380/500] 06e476f3-8f89-4e80-bbbe-f84e986fc681: 27 internal nodes; 0.7 s; peak memory 167 MiB.
2026-09-19T12:19:01Z INFO [381/500] 06e6fc99-1753-4f5f-9296-6ea4c90986ee: 27 internal nodes; 0.6 s; peak memory 167 MiB.
2026-09-19T12:19:03Z INFO [382/500] 06e78a4e-0d80-40ee-800e-c95929835da7: 73 internal nodes; 2.6 s; peak memory 167 MiB.
2026-09-19T12:19:04Z INFO [383/500] 06e7d33c-fd51-49d7-8496-b279d871d555: 31 internal nodes; 0.8 s; peak memory 167 MiB.
2026-09-19T12:19:05Z INFO [384/500] 06e7dd0a-1bde-4f60-98ca-263e7306c773: 27 internal nodes; 0.7 s; peak memory 167 MiB.
2026-09-19T12:19:05Z INFO [385/500] 06e82a3e-a375-4c5b-acce-84ce447a941d: 23 internal nodes; 0.6 s; peak memory 167 MiB.
2026-09-19T12:19:08Z INFO [386/500] 06e835df-a95d-4619-897b-326a03a9fc1a: 179 internal nodes; 3.0 s; peak memory 167 MiB.
2026-09-19T12:19:09Z INFO [387/500] 06e940c6-5b62-46a0-a5c2-85014d146978: 27 internal nodes; 0.4 s; peak memory 167 MiB.
2026-09-19T12:19:09Z INFO [388/500] 06e9e181-fb03-49ca-8f09-720e675ed171: 17 internal nodes; 0.5 s; peak memory 167 MiB.
2026-09-19T12:19:10Z INFO [389/500] 06eb1dd0-c897-431d-9096-5bc054b7e8bb: 29 internal nodes; 0.7 s; peak memory 167 MiB.
2026-09-19T12:19:15Z INFO [390/500] 06eb855e-71d0-4f18-b414-bb242df0753c: 179 internal nodes; 4.5 s; peak memory 167 MiB.
2026-09-19T12:19:15Z INFO [391/500] 06ebd6bf-3053-4ec4-b5bb-ca5afc7fc954: 18 internal nodes; 0.7 s; peak memory 167 MiB.
2026-09-19T12:19:16Z INFO [392/500] 06ed2009-7b81-41a1-9b65-8816b40401f5: 31 internal nodes; 0.8 s; peak memory 167 MiB.
2026-09-19T12:19:17Z INFO [393/500] 06ed35ac-acc7-457a-955f-1fc203adfcc9: 17 internal nodes; 0.5 s; peak memory 167 MiB.
2026-09-19T12:19:17Z INFO [394/500] 06ed95e7-af10-4d7b-8f9c-ce24e2c7e4d5: 17 internal nodes; 0.4 s; peak memory 167 MiB.
2026-09-19T12:19:18Z INFO [395/500] 06ef13db-f796-4940-8372-e5d1cb843615: 19 internal nodes; 0.6 s; peak memory 167 MiB.
2026-09-19T12:19:18Z INFO [396/500] 06ef59aa-7f93-462c-91f3-0b201f6e5247: 31 internal nodes; 0.7 s; peak memory 167 MiB.
2026-09-19T12:19:19Z INFO [397/500] 06f12bf9-59be-4f89-85b6-738469bcaea8: 26 internal nodes; 0.4 s; peak memory 167 MiB.
2026-09-19T12:19:24Z INFO [398/500] 06f1585c-ce8d-43c5-83f5-695393283d0c: 71 internal nodes; 5.5 s; peak memory 167 MiB.
2026-09-19T12:19:28Z INFO [399/500] 06f17a7e-eb1a-47f6-8a61-23d0a32d09e9: 170 internal nodes; 4.1 s; peak memory 167 MiB.
2026-09-19T12:19:30Z INFO [400/500] 06f22148-1d77-4cea-a4eb-8a2628ab171a: 46 internal nodes; 1.6 s; peak memory 167 MiB.
2026-09-19T12:19:30Z INFO [400/500] 06f22148-1d77-4cea-a4eb-8a2628ab171a: checkpointed 49406 records.
2026-09-19T12:19:31Z INFO [401/500] 06f257a6-436f-416d-b654-2fac9dd1d10b: 59 internal nodes; 1.2 s; peak memory 167 MiB.
2026-09-19T12:19:32Z INFO [402/500] 06f2fd04-61a2-4aa5-b2dd-71ea210095e0: 62 internal nodes; 0.8 s; peak memory 167 MiB.
2026-09-19T12:19:32Z INFO [403/500] 06f3755b-4e1b-44a0-adcd-bd6d3b2759f7: 18 internal nodes; 0.5 s; peak memory 167 MiB.
2026-09-19T12:19:33Z INFO [404/500] 06f3f475-696a-4597-b0a9-cd713ae9699b: 69 internal nodes; 1.0 s; peak memory 167 MiB.
2026-09-19T12:19:34Z INFO [405/500] 06f4e07e-45b2-4b05-8263-60565a16a381: 27 internal nodes; 0.5 s; peak memory 167 MiB.
2026-09-19T12:19:35Z INFO [406/500] 06f54428-d52c-4ef0-b95f-198d4096b805: 27 internal nodes; 0.5 s; peak memory 167 MiB.
2026-09-19T12:19:35Z INFO [407/500] 06f5a764-45fb-45a6-a0aa-10c356929d4e: 17 internal nodes; 0.6 s; peak memory 167 MiB.
2026-09-19T12:19:36Z INFO [408/500] 06f61bcb-bd0c-44c0-942d-40d5c3249ed0: 27 internal nodes; 0.5 s; peak memory 167 MiB.
2026-09-19T12:19:36Z INFO [409/500] 06f63e7e-d818-4771-81bb-0912290effa4: 53 internal nodes; 0.9 s; peak memory 167 MiB.
2026-09-19T12:19:37Z INFO [410/500] 06f64097-73ad-4f74-9bb8-fb2a48843f20: 27 internal nodes; 0.5 s; peak memory 167 MiB.
2026-09-19T12:19:38Z INFO [411/500] 06f6e545-50a8-40d1-b733-1fb4977078a9: 17 internal nodes; 0.5 s; peak memory 167 MiB.
2026-09-19T12:19:38Z INFO [412/500] 06f7b773-24ca-40b1-8088-6990c585c856: 13 internal nodes; 0.8 s; peak memory 167 MiB.
2026-09-19T12:19:50Z INFO [413/500] 06f8bad9-0b14-4f8f-bf22-36f9a2242a07: 250 internal nodes; 11.3 s; peak memory 172 MiB.
2026-09-19T12:19:51Z INFO [414/500] 06f931a2-9506-4cc0-9fd1-c9c92df87adf: 31 internal nodes; 1.0 s; peak memory 172 MiB.
2026-09-19T12:19:51Z INFO [415/500] 06f998a1-28f8-4fee-a22e-2474597bcbfe: 27 internal nodes; 0.7 s; peak memory 172 MiB.
2026-09-19T12:19:52Z INFO [416/500] 06f9b155-a3ed-405f-9d5c-5213e0b0e71a: 17 internal nodes; 0.6 s; peak memory 172 MiB.
2026-09-19T12:19:53Z INFO [417/500] 06fa60e0-a00b-4cc4-b923-b5dcabba25ce: 19 internal nodes; 0.6 s; peak memory 172 MiB.
2026-09-19T12:19:53Z INFO [418/500] 06fb1ace-4ae1-4e18-a878-878abda15773: 27 internal nodes; 0.7 s; peak memory 172 MiB.
2026-09-19T12:19:54Z INFO [419/500] 06fbc24f-d03a-4c68-b279-a2916544caf9: 31 internal nodes; 0.9 s; peak memory 172 MiB.
2026-09-19T12:19:55Z INFO [420/500] 06fc4f50-2b5d-47e2-9aa6-e81fd51207a4: 13 internal nodes; 0.4 s; peak memory 172 MiB.
2026-09-19T12:19:55Z INFO [421/500] 06fd00af-280d-4d53-b9e7-82c4e5ad438c: 26 internal nodes; 0.6 s; peak memory 172 MiB.
2026-09-19T12:19:56Z INFO [422/500] 06fe3605-7ecf-4a3f-9e1d-853fb1ad4297: 62 internal nodes; 0.8 s; peak memory 172 MiB.
2026-09-19T12:19:57Z INFO [423/500] 06fef91e-8699-4ea4-ad43-7ad0df5ac7df: 27 internal nodes; 0.6 s; peak memory 172 MiB.
2026-09-19T12:20:00Z INFO [424/500] 06ffd573-4d8a-45bf-a653-9c735ae31be6: 54 internal nodes; 3.0 s; peak memory 172 MiB.
2026-09-19T12:20:00Z INFO [425/500] 07003e4d-8bb0-4230-b029-3e012e13df7d: 27 internal nodes; 0.7 s; peak memory 172 MiB.
2026-09-19T12:20:01Z INFO [426/500] 07008987-f27d-4ab0-a4c6-894c319ce8fb: 27 internal nodes; 0.7 s; peak memory 172 MiB.
2026-09-19T12:20:04Z INFO [427/500] 070099e2-bc9f-41f9-a6ec-7d40420edfe1: 65 internal nodes; 3.4 s; peak memory 172 MiB.
2026-09-19T12:20:05Z INFO [428/500] 0700da34-af7e-4176-bfc6-7732b031df60: 34 internal nodes; 0.9 s; peak memory 172 MiB.
2026-09-19T12:20:05Z INFO [429/500] 0701ec53-cb26-40f4-997c-f406ebc7b4be: 11 internal nodes; 0.3 s; peak memory 172 MiB.
2026-09-19T12:20:06Z INFO [430/500] 0701fbd8-3edb-442c-b894-4c9b6abc5cea: 17 internal nodes; 0.7 s; peak memory 172 MiB.
2026-09-19T12:20:19Z INFO [431/500] 0702660c-3d22-4e8e-817b-cd4cacd923b3: 2506 internal nodes; 13.1 s; peak memory 198 MiB.
2026-09-19T12:20:20Z INFO [432/500] 07034945-e336-413b-b87d-83fa49b30fd5: 66 internal nodes; 1.2 s; peak memory 198 MiB.
2026-09-19T12:20:21Z INFO [433/500] 070357b8-7f0d-47b7-a35b-ee8d39d355f1: 11 internal nodes; 0.3 s; peak memory 198 MiB.
2026-09-19T12:20:25Z INFO [434/500] 0703a4a8-e981-49c0-ada1-ce47d31d3fb2: 114 internal nodes; 4.5 s; peak memory 198 MiB.
2026-09-19T12:20:28Z INFO [435/500] 07041944-de59-4ffb-98f3-cc23ce11a572: 99 internal nodes; 2.3 s; peak memory 198 MiB.
2026-09-19T12:20:28Z INFO [436/500] 07042ef1-9788-4308-a7ee-56b9923b0129: 13 internal nodes; 0.6 s; peak memory 198 MiB.
2026-09-19T12:20:29Z INFO [437/500] 0704849d-eeea-4f2c-8ac4-63988066a0bb: 17 internal nodes; 0.5 s; peak memory 198 MiB.
2026-09-19T12:20:35Z INFO [438/500] 07063804-daf8-4f83-9f4e-9be0d8243d95: 197 internal nodes; 6.0 s; peak memory 198 MiB.
2026-09-19T12:20:35Z INFO [439/500] 07066588-39ca-4e71-8b8f-a908405d326d: 29 internal nodes; 0.7 s; peak memory 198 MiB.
2026-09-19T12:20:36Z INFO [440/500] 07067ca9-8423-4e3d-8b0a-04a8b68778b8: 59 internal nodes; 0.8 s; peak memory 198 MiB.
2026-09-19T12:20:37Z INFO [441/500] 0706d397-73e8-45c6-a4f4-8c854728eff0: 17 internal nodes; 0.5 s; peak memory 198 MiB.
2026-09-19T12:20:37Z INFO [442/500] 07071782-23ce-4650-8412-ec8396cdd1c6: 27 internal nodes; 0.6 s; peak memory 198 MiB.
2026-09-19T12:20:38Z INFO [443/500] 07074908-486c-4c41-9842-07aef7048d4f: 54 internal nodes; 0.8 s; peak memory 198 MiB.
2026-09-19T12:20:38Z INFO [444/500] 07077974-7a67-45b0-b1ce-4ba169f3a1e6: 19 internal nodes; 0.4 s; peak memory 198 MiB.
2026-09-19T12:20:39Z INFO [445/500] 070789f6-d812-47af-b3b6-62a0da6b5619: 23 internal nodes; 0.6 s; peak memory 198 MiB.
2026-09-19T12:20:40Z INFO [446/500] 070840dc-f5b0-47cf-bbf1-fd8cf9d8b416: 55 internal nodes; 0.8 s; peak memory 198 MiB.
2026-09-19T12:20:41Z INFO [447/500] 0708893d-ac08-44c3-b6d2-3145594260ff: 65 internal nodes; 0.9 s; peak memory 198 MiB.
2026-09-19T12:20:45Z INFO [448/500] 070c4d31-440f-40b4-bf12-d35894905cd1: 115 internal nodes; 4.4 s; peak memory 198 MiB.
2026-09-19T12:20:45Z INFO [449/500] 070d7bca-f72e-48b8-99be-c07008318fa0: 17 internal nodes; 0.4 s; peak memory 198 MiB.
2026-09-19T12:20:46Z INFO [450/500] 070da36e-6a18-4a04-8d53-1b7beb1c3371: 11 internal nodes; 0.3 s; peak memory 198 MiB.
2026-09-19T12:20:46Z INFO [450/500] 070da36e-6a18-4a04-8d53-1b7beb1c3371: checkpointed 49456 records.
2026-09-19T12:20:47Z INFO [451/500] 070dabe3-52c1-46d9-ae7d-3dfacfbff542: 31 internal nodes; 0.6 s; peak memory 198 MiB.
2026-09-19T12:20:47Z INFO [452/500] 070f2492-8414-4f4f-a2b2-d66b88c95252: 31 internal nodes; 0.7 s; peak memory 198 MiB.
2026-09-19T12:20:48Z INFO [453/500] 070f4517-a09a-4e19-bf1a-aa5075892d0b: 30 internal nodes; 0.8 s; peak memory 198 MiB.
2026-09-19T12:20:49Z INFO [454/500] 070f4b83-a11a-48c4-8138-c3535495661d: 17 internal nodes; 0.6 s; peak memory 198 MiB.
2026-09-19T12:20:49Z INFO [455/500] 0710d9ad-feb6-4af0-b2b7-be0e59b1b1f7: 19 internal nodes; 0.8 s; peak memory 198 MiB.
2026-09-19T12:20:50Z INFO [456/500] 0711acaf-79ff-4381-b409-33a7576866d5: 17 internal nodes; 0.4 s; peak memory 198 MiB.
2026-09-19T12:20:54Z INFO [457/500] 0712768f-5f2b-4c4e-95e0-c1ebbc71df7d: 62 internal nodes; 4.2 s; peak memory 198 MiB.
2026-09-19T12:20:55Z INFO [458/500] 07128953-19af-4df4-877b-4cc922dccca2: 27 internal nodes; 0.7 s; peak memory 198 MiB.
2026-09-19T12:20:55Z INFO [459/500] 0712d6a8-8c7e-4f4f-aedd-98733508674e: 27 internal nodes; 0.6 s; peak memory 198 MiB.
2026-09-19T12:20:56Z INFO [460/500] 0713686f-e0d6-48a3-82c8-1eeb8b6481c9: 26 internal nodes; 0.8 s; peak memory 198 MiB.
2026-09-19T12:21:00Z INFO [461/500] 07137e05-e05e-4c25-8f3f-63d149e2b53c: 62 internal nodes; 3.6 s; peak memory 198 MiB.
2026-09-19T12:21:00Z INFO [462/500] 0713e2e1-ea0a-4621-86a0-65efa9fd2e8e: 13 internal nodes; 0.4 s; peak memory 198 MiB.
2026-09-19T12:21:05Z INFO [463/500] 0713e7cf-0824-449b-9de5-13520f6ff6fb: 302 internal nodes; 4.9 s; peak memory 198 MiB.
2026-09-19T12:21:06Z INFO [464/500] 0713eb77-db1f-4aea-8ce0-06e9bc44a142: 21 internal nodes; 0.5 s; peak memory 198 MiB.
2026-09-19T12:21:06Z INFO [465/500] 071532d9-c694-4c9f-bb78-ab2f78cc4e66: 27 internal nodes; 0.7 s; peak memory 198 MiB.
2026-09-19T12:23:03Z INFO [466/500] 0715b077-c584-4b11-a0fe-0c00f10c9b55: 3419 internal nodes; 117.1 s; peak memory 551 MiB.
2026-09-19T12:23:04Z INFO [467/500] 0715b3a9-d579-4fe1-9fb2-782eb531c812: 17 internal nodes; 0.5 s; peak memory 551 MiB.
2026-09-19T12:23:04Z INFO [468/500] 0715d982-92b5-4d1d-a3fc-2d3e8508dc95: 20 internal nodes; 0.3 s; peak memory 551 MiB.
2026-09-19T12:23:05Z INFO [469/500] 0715db53-477d-4ff6-86db-c0b800ca74ba: 27 internal nodes; 0.6 s; peak memory 551 MiB.
2026-09-19T12:23:05Z INFO [470/500] 07178dd5-cb9f-4cb6-914f-7a9426f386f5: 17 internal nodes; 0.4 s; peak memory 551 MiB.
2026-09-19T12:23:12Z INFO [471/500] 07179e04-df54-4929-b0db-0485903a2eed: 271 internal nodes; 6.9 s; peak memory 551 MiB.
2026-09-19T12:23:13Z INFO [472/500] 0717d38e-6908-4420-82f2-407333a224e7: 27 internal nodes; 0.5 s; peak memory 551 MiB.
2026-09-19T12:23:16Z INFO [473/500] 0717f896-750e-45a5-9e39-243a50fc9676: 196 internal nodes; 3.5 s; peak memory 551 MiB.
2026-09-19T12:23:17Z INFO [474/500] 07195b05-571c-4565-aee7-5b38736c4178: 17 internal nodes; 0.5 s; peak memory 551 MiB.
2026-09-19T12:23:17Z INFO [475/500] 07196402-94e5-48f1-8f6d-152bd9a088b7: 27 internal nodes; 0.6 s; peak memory 551 MiB.
2026-09-19T12:23:18Z INFO [476/500] 071966ba-39d0-4123-8025-bc3ff2f0842f: 17 internal nodes; 0.5 s; peak memory 551 MiB.
2026-09-19T12:23:20Z INFO [477/500] 071981bc-3d1d-4875-94f2-d4f8f7da46de: 160 internal nodes; 2.4 s; peak memory 551 MiB.
2026-09-19T12:23:21Z INFO [478/500] 0719b2ab-e5e1-4e5c-9422-d1bb724010f1: 27 internal nodes; 0.5 s; peak memory 551 MiB.
2026-09-19T12:23:21Z INFO [479/500] 071a0dd7-8a8d-484f-b569-cd47ac4893f3: 21 internal nodes; 0.5 s; peak memory 551 MiB.
2026-09-19T12:23:24Z INFO [480/500] 071aedc0-a111-4c80-82d8-595638a2a501: 57 internal nodes; 3.2 s; peak memory 551 MiB.
2026-09-19T12:23:25Z INFO [481/500] 071b7390-cd21-4a70-ada3-4ccaa729be12: 31 internal nodes; 0.8 s; peak memory 551 MiB.
2026-09-19T12:23:26Z INFO [482/500] 071b88d4-d6c7-4070-85c1-35c5a0b1c00c: 17 internal nodes; 0.4 s; peak memory 551 MiB.
2026-09-19T12:23:26Z INFO [483/500] 071bbac7-04f5-4dfc-9293-9fa05fade2e0: 17 internal nodes; 0.5 s; peak memory 551 MiB.
2026-09-19T12:23:27Z INFO [484/500] 071c06b2-8e72-4dca-9964-7b5e9eafbb27: 17 internal nodes; 0.4 s; peak memory 551 MiB.
2026-09-19T12:23:27Z INFO [485/500] 071c778a-d148-4325-bb5e-dedc6b25dad7: 17 internal nodes; 0.5 s; peak memory 551 MiB.
2026-09-19T12:23:28Z INFO [486/500] 071d11b9-f097-4808-952a-c04e45a5927e: 27 internal nodes; 0.5 s; peak memory 551 MiB.
2026-09-19T12:23:28Z INFO [487/500] 071dfbcf-3f2a-471a-a4eb-3b488844ed25: 31 internal nodes; 0.6 s; peak memory 551 MiB.
2026-09-19T12:23:30Z INFO [488/500] 071eb111-f73b-4ef1-93f1-935b88891f11: 46 internal nodes; 1.5 s; peak memory 551 MiB.
2026-09-19T12:23:36Z INFO [489/500] 071f06d4-06af-4f81-a035-17607a3f6607: 250 internal nodes; 5.8 s; peak memory 551 MiB.
2026-09-19T12:23:37Z INFO [490/500] 071feb7b-58d2-41a2-ad55-d1fa98e7ca4b: 59 internal nodes; 1.2 s; peak memory 551 MiB.
2026-09-19T12:23:37Z INFO [491/500] 07208599-0f58-4298-94db-aaa0f198928f: 27 internal nodes; 0.6 s; peak memory 551 MiB.
2026-09-19T12:23:38Z INFO [492/500] 0720b77b-9127-4baa-ace5-4819c4b5802f: 17 internal nodes; 0.3 s; peak memory 551 MiB.
2026-09-19T12:23:39Z INFO [493/500] 07212f56-f4a9-4f1c-9c09-95b22d156d72: 61 internal nodes; 0.7 s; peak memory 551 MiB.
2026-09-19T12:23:39Z INFO [494/500] 07227210-5913-459a-b9f6-af33f40ed55e: 13 internal nodes; 0.6 s; peak memory 551 MiB.
2026-09-19T12:23:40Z INFO [495/500] 072402f1-8a75-4ae4-ad4e-7581540d3514: 37 internal nodes; 0.7 s; peak memory 551 MiB.
2026-09-19T12:23:40Z INFO [496/500] 0724dab7-2a6f-43cc-9752-c168d70ed3d2: 18 internal nodes; 0.5 s; peak memory 551 MiB.
2026-09-19T12:23:45Z INFO [497/500] 07257087-71a0-4a9c-95e3-a00c129d6b8d: 44 internal nodes; 4.6 s; peak memory 554 MiB.
2026-09-19T12:23:49Z INFO [498/500] 07259e40-6f7e-4086-b6ae-3b008707a3ec: 171 internal nodes; 4.7 s; peak memory 554 MiB.
2026-09-19T12:23:50Z INFO [499/500] 07262202-2dad-42f6-8350-6219d9d99c9b: 17 internal nodes; 0.5 s; peak memory 554 MiB.
2026-09-19T12:23:51Z INFO [500/500] 07264206-5e57-4410-b345-f110514d57dc: 44 internal nodes; 1.3 s; peak memory 554 MiB.
2026-09-19T12:23:51Z INFO [500/500] 07264206-5e57-4410-b345-f110514d57dc: checkpointed 49506 records.
2026-09-19T12:23:52Z INFO Wrote 49506 records to /tmp/derivatives/valid_nwb_file_to_out_degrees.jsonl (499 new, 1 failed) in 12.1 min (peak memory 554 MiB).
