2026-09-21T14:44:32Z INFO Logging to /tmp/logs/update_2026-09-21T14-44-32Z.log.
2026-09-21T14:44:32Z INFO Update valid-nwb-file-to-out-degrees (base directory /tmp).
2026-09-21T14:44:33Z INFO Processing 500 items (51001 already recorded).
2026-09-21T14:44:34Z WARNING 024ef50f-ac6f-49ea-806b-93ef4b5e8644: failed while reading the NWB file (KeyError: 'Unable to synchronously open object (component not found)')
2026-09-21T14:44:34Z WARNING [1/500] 024ef50f-ac6f-49ea-806b-93ef4b5e8644: leaving unrecorded for a later run to retry.
2026-09-21T14:44:35Z WARNING 09073220-fbea-45d2-9a39-2cc61fcdc2a1: failed while reading the NWB file (KeyError: 'Unable to synchronously open object (component not found)')
2026-09-21T14:44:35Z WARNING [2/500] 09073220-fbea-45d2-9a39-2cc61fcdc2a1: leaving unrecorded for a later run to retry.
2026-09-21T14:44:36Z INFO [3/500] 0a3e413d-4cc9-469c-9060-20f7d244f468: 27 internal nodes; 0.9 s; peak memory 112 MiB.
2026-09-21T14:44:36Z INFO [4/500] 0a3ee913-b6cb-49c3-a143-971591e7a401: 17 internal nodes; 0.6 s; peak memory 112 MiB.
2026-09-21T14:44:37Z INFO [5/500] 0a3ef003-0a6b-49f1-81d1-4be327a71f1f: 13 internal nodes; 0.9 s; peak memory 112 MiB.
2026-09-21T14:44:40Z INFO [6/500] 0a3effe8-0601-4c43-a298-07ee9e1d09b3: 56 internal nodes; 2.3 s; peak memory 114 MiB.
2026-09-21T14:44:45Z INFO [7/500] 0a3f2d6f-1226-4bee-a58c-17978c6ade8f: 253 internal nodes; 5.9 s; peak memory 130 MiB.
2026-09-21T14:44:46Z INFO [8/500] 0a408e71-759b-4069-99e6-a63f58264ec6: 31 internal nodes; 1.0 s; peak memory 130 MiB.
2026-09-21T14:44:47Z INFO [9/500] 0a413005-4271-4cb0-a1f4-33ffe5d2d7dc: 31 internal nodes; 1.0 s; peak memory 130 MiB.
2026-09-21T14:44:48Z INFO [10/500] 0a4170e6-458e-4516-8394-e44c61d7c5af: 17 internal nodes; 0.7 s; peak memory 130 MiB.
2026-09-21T14:44:52Z INFO [11/500] 0a42a433-dd02-4fb3-a839-47710f124011: 54 internal nodes; 4.3 s; peak memory 130 MiB.
2026-09-21T14:44:54Z INFO [12/500] 0a432cf3-408a-4876-8592-0d31ad575e08: 53 internal nodes; 1.5 s; peak memory 130 MiB.
2026-09-21T14:44:54Z INFO [13/500] 0a44472d-9610-4df2-8831-af43bb5f6a52: 17 internal nodes; 0.6 s; peak memory 130 MiB.
2026-09-21T14:44:55Z INFO [14/500] 0a44865e-c13e-4a9e-b8f3-304dd87406be: 17 internal nodes; 0.5 s; peak memory 130 MiB.
2026-09-21T14:44:56Z INFO [15/500] 0a4493eb-6b5a-4235-a497-0706276e8289: 27 internal nodes; 0.9 s; peak memory 130 MiB.
2026-09-21T14:44:58Z INFO [16/500] 0a44b2c4-8304-4209-8268-ccc756155ce0: 44 internal nodes; 1.7 s; peak memory 130 MiB.
2026-09-21T14:44:58Z INFO [17/500] 0a462b0e-ff18-40a6-a4c6-f9c3bfea73c0: 27 internal nodes; 0.8 s; peak memory 130 MiB.
2026-09-21T14:44:59Z INFO [18/500] 0a46d490-5c46-4d7c-b737-97c0c62d09f0: 17 internal nodes; 0.7 s; peak memory 130 MiB.
2026-09-21T14:45:00Z INFO [19/500] 0a46ecef-ca86-4870-beae-fe161f2b46b4: 23 internal nodes; 0.9 s; peak memory 130 MiB.
2026-09-21T14:45:02Z INFO [20/500] 0a479461-f4ec-424f-a9c9-ccb1627fad4a: 18 internal nodes; 1.5 s; peak memory 130 MiB.
2026-09-21T14:45:05Z INFO [21/500] 0a47aa75-b2ab-4f35-8acf-b1734b22df8a: 43 internal nodes; 3.3 s; peak memory 130 MiB.
2026-09-21T14:45:14Z INFO [22/500] 0a486592-6b4d-4cd4-a0d7-f3ec3e3a061d: 271 internal nodes; 8.7 s; peak memory 139 MiB.
2026-09-21T14:45:14Z INFO [23/500] 0a487b28-4673-4a1a-a316-82eb7d51eae1: 22 internal nodes; 0.9 s; peak memory 139 MiB.
2026-09-21T14:45:23Z INFO [24/500] 0a4891d9-d457-401f-95fd-673fcdae3461: 242 internal nodes; 8.3 s; peak memory 143 MiB.
2026-09-21T14:45:24Z INFO [25/500] 0a48b05f-a1b9-43d0-977a-054ee4e293b5: 44 internal nodes; 1.7 s; peak memory 143 MiB.
2026-09-21T14:45:30Z INFO [26/500] 0a4992da-91fd-4ed4-aed5-79290becc1dd: 208 internal nodes; 5.9 s; peak memory 143 MiB.
2026-09-21T14:45:31Z INFO [27/500] 0a4a1fc5-07a6-46a9-bdc6-bbd8a6c36b44: 60 internal nodes; 1.1 s; peak memory 143 MiB.
2026-09-21T14:45:32Z INFO [28/500] 0a4a36a4-ee0e-46f5-9378-a7397376d7ee: 19 internal nodes; 0.8 s; peak memory 143 MiB.
2026-09-21T14:45:33Z INFO [29/500] 0a4a4498-aeff-4833-9363-0387e2331277: 17 internal nodes; 0.7 s; peak memory 143 MiB.
2026-09-21T14:45:34Z INFO [30/500] 0a4a7354-988d-48aa-8cad-3f4afa835834: 28 internal nodes; 1.2 s; peak memory 143 MiB.
2026-09-21T14:45:35Z INFO [31/500] 0a4b0eb0-937b-46c7-a7b3-73d22224aae6: 66 internal nodes; 1.1 s; peak memory 143 MiB.
2026-09-21T14:45:36Z INFO [32/500] 0a4c8a9c-f33c-4cf2-8a74-54acd3dba547: 27 internal nodes; 0.9 s; peak memory 143 MiB.
2026-09-21T14:45:38Z INFO [33/500] 0a4cf08d-895b-476f-a400-357b580693f9: 30 internal nodes; 1.4 s; peak memory 143 MiB.
2026-09-21T14:45:39Z INFO [34/500] 0a4d68eb-4086-411c-a19d-218416a16b5b: 31 internal nodes; 0.9 s; peak memory 143 MiB.
2026-09-21T14:45:39Z INFO [35/500] 0a4d896f-d0cb-416c-92b3-31b109ce8bdc: 16 internal nodes; 0.8 s; peak memory 143 MiB.
2026-09-21T14:45:40Z INFO [36/500] 0a4d9257-ff17-4774-8e47-ab872e2e007f: 69 internal nodes; 1.2 s; peak memory 143 MiB.
2026-09-21T14:45:42Z INFO [37/500] 0a4e34e8-e474-46f6-9e9e-a7365a2dc3c6: 46 internal nodes; 1.8 s; peak memory 143 MiB.
2026-09-21T14:45:46Z INFO [38/500] 0a4e94bb-17d0-4462-9458-7fb36094b2c4: 127 internal nodes; 4.1 s; peak memory 143 MiB.
2026-09-21T14:45:48Z INFO [39/500] 0a4ecbe7-9b65-46a7-8642-f6debdcd8341: 37 internal nodes; 1.3 s; peak memory 143 MiB.
2026-09-21T14:45:48Z INFO [40/500] 0a4f2257-66c4-4a0b-a413-fedf26ff4387: 17 internal nodes; 0.7 s; peak memory 143 MiB.
2026-09-21T14:45:50Z INFO [41/500] 0a4fe092-2727-440f-87d8-e128adf905d9: 31 internal nodes; 1.1 s; peak memory 143 MiB.
2026-09-21T14:45:50Z INFO [42/500] 0a50015e-8d46-4c65-902a-b56fe7749210: 17 internal nodes; 0.6 s; peak memory 143 MiB.
2026-09-21T14:45:51Z INFO [43/500] 0a500882-ed04-4f9e-9d7e-a0685158f67b: 17 internal nodes; 0.8 s; peak memory 143 MiB.
2026-09-21T14:45:55Z INFO [44/500] 0a503a89-c8c5-4ff2-a0f7-1c9c5abc2bc8: 160 internal nodes; 4.0 s; peak memory 143 MiB.
2026-09-21T14:45:55Z INFO [45/500] 0a515ee3-452f-4bb3-a29b-ce478b101fff: 17 internal nodes; 0.6 s; peak memory 143 MiB.
2026-09-21T14:45:56Z INFO [46/500] 0a52de7a-c40e-4a57-9884-155936d34b6f: 27 internal nodes; 0.9 s; peak memory 143 MiB.
2026-09-21T14:46:01Z INFO [47/500] 0a53bfbc-2c9c-49d4-a0ff-143bae8a1d93: 160 internal nodes; 4.5 s; peak memory 143 MiB.
2026-09-21T14:46:03Z INFO [48/500] 0a548989-fea2-4f84-b7d2-fec11f2b2e46: 45 internal nodes; 1.7 s; peak memory 143 MiB.
2026-09-21T14:46:05Z INFO [49/500] 0a56b867-5c3e-4e52-aea0-c506489bed69: 96 internal nodes; 2.4 s; peak memory 143 MiB.
2026-09-21T14:46:05Z INFO [50/500] 0a56cee9-3567-40e0-89db-3c21841a27a9: 18 internal nodes; 0.5 s; peak memory 143 MiB.
2026-09-21T14:46:06Z INFO [50/500] 0a56cee9-3567-40e0-89db-3c21841a27a9: checkpointed 51049 records.
2026-09-21T14:46:06Z INFO [51/500] 0a58bb1e-432d-440b-8e5d-460cbc8c120a: 23 internal nodes; 0.8 s; peak memory 143 MiB.
2026-09-21T14:46:07Z INFO [52/500] 0a598248-23db-455d-86e1-4b2e0eaf8056: 11 internal nodes; 0.4 s; peak memory 143 MiB.
2026-09-21T14:46:08Z INFO [53/500] 0a599d6c-4983-4f03-90bd-2fb0c1adb335: 27 internal nodes; 0.8 s; peak memory 143 MiB.
2026-09-21T14:46:09Z INFO [54/500] 0a59ac6f-d869-43d8-a5eb-0e3d17922e96: 28 internal nodes; 0.9 s; peak memory 143 MiB.
2026-09-21T14:46:11Z INFO [55/500] 0a5b2449-7d34-403d-bd5b-c263e8fade21: 44 internal nodes; 2.4 s; peak memory 143 MiB.
2026-09-21T14:46:12Z INFO [56/500] 0a5c07d8-6802-4036-a0c0-5d616b1d1067: 17 internal nodes; 0.7 s; peak memory 143 MiB.
2026-09-21T14:46:13Z INFO [57/500] 0a5c3b75-f690-4ae2-9e54-8de2920a39cc: 25 internal nodes; 0.9 s; peak memory 143 MiB.
2026-09-21T14:46:14Z INFO [58/500] 0a5ed463-2038-486f-a08d-9212764cb87d: 72 internal nodes; 1.4 s; peak memory 143 MiB.
2026-09-21T14:46:15Z INFO [59/500] 0a5ed989-8af7-48c8-8802-9be080414b9c: 29 internal nodes; 1.1 s; peak memory 143 MiB.
2026-09-21T14:46:20Z INFO [60/500] 0a5f6405-d361-4d9e-8fde-8ca00be0f3b4: 41 internal nodes; 5.3 s; peak memory 287 MiB.
2026-09-21T14:46:21Z INFO [61/500] 0a607bf6-5b59-4d7a-a48f-13b03aa469cb: 61 internal nodes; 1.0 s; peak memory 287 MiB.
2026-09-21T14:46:23Z INFO [62/500] 0a60cc59-486f-43aa-bb90-9270b6af8092: 29 internal nodes; 1.2 s; peak memory 287 MiB.
2026-09-21T14:46:23Z INFO [63/500] 0a612d67-854d-4f5a-a6a9-bbeeae6a647a: 17 internal nodes; 0.6 s; peak memory 287 MiB.
2026-09-21T14:46:24Z INFO [64/500] 0a62e368-b70a-4504-91f5-e439a558817b: 11 internal nodes; 0.5 s; peak memory 287 MiB.
2026-09-21T14:46:25Z INFO [65/500] 0a6365f8-c9b9-418e-9628-56fac7fae3a2: 66 internal nodes; 1.2 s; peak memory 287 MiB.
2026-09-21T14:46:25Z INFO [66/500] 0a641dee-6a01-42c5-80a4-4ab5e5c9a54e: 17 internal nodes; 0.6 s; peak memory 287 MiB.
2026-09-21T14:46:26Z INFO [67/500] 0a64ba62-f952-46ba-921f-6376c4f690be: 27 internal nodes; 0.9 s; peak memory 287 MiB.
2026-09-21T14:46:27Z INFO [68/500] 0a65dc69-ad15-40be-a746-0af193b39963: 27 internal nodes; 0.7 s; peak memory 287 MiB.
2026-09-21T14:46:27Z INFO [69/500] 0a6628e9-b386-4301-85d5-d389a5b2a333: 13 internal nodes; 0.5 s; peak memory 287 MiB.
2026-09-21T14:46:28Z INFO [70/500] 0a66ab88-6cdf-4beb-9846-a3f3443b4ee0: 19 internal nodes; 0.9 s; peak memory 287 MiB.
2026-09-21T14:46:29Z INFO [71/500] 0a672b5c-3c4d-4895-8f45-f0546d7f4c5b: 59 internal nodes; 0.7 s; peak memory 287 MiB.
2026-09-21T14:46:30Z INFO [72/500] 0a68ad89-ace2-4814-b543-015b06a87885: 91 internal nodes; 0.9 s; peak memory 287 MiB.
2026-09-21T14:46:31Z INFO [73/500] 0a68d5b1-ab7c-496e-96d9-bccb85952f61: 62 internal nodes; 1.0 s; peak memory 287 MiB.
2026-09-21T14:46:32Z INFO [74/500] 0a68d913-84a8-4e28-873d-1dee11ed142f: 19 internal nodes; 0.7 s; peak memory 287 MiB.
2026-09-21T14:46:32Z INFO [75/500] 0a699584-5903-41fe-8aa0-a0ea9aa2cd3f: 31 internal nodes; 0.8 s; peak memory 287 MiB.
2026-09-21T14:46:34Z INFO [76/500] 0a69d149-320f-49e3-a81d-5f843b104745: 42 internal nodes; 1.8 s; peak memory 287 MiB.
2026-09-21T14:46:35Z INFO [77/500] 0a6a669c-5666-4c92-9add-d46c733388b2: 11 internal nodes; 0.5 s; peak memory 287 MiB.
2026-09-21T14:46:35Z INFO [78/500] 0a6ab582-012b-4b00-83ae-f1a73694debf: 17 internal nodes; 0.7 s; peak memory 287 MiB.
2026-09-21T14:46:36Z INFO [79/500] 0a6b0764-f262-4205-a86b-665121eb8bba: 29 internal nodes; 0.7 s; peak memory 287 MiB.
2026-09-21T14:46:37Z INFO [80/500] 0a6b9053-376f-49ff-a88b-40bb3886bfac: 31 internal nodes; 1.0 s; peak memory 287 MiB.
2026-09-21T14:46:38Z INFO [81/500] 0a6bb48e-afcd-4632-a9e7-0716a081f3ad: 13 internal nodes; 0.5 s; peak memory 287 MiB.
2026-09-21T14:46:39Z INFO [82/500] 0a6c25bf-1019-4889-9864-9b180a62ff0b: 27 internal nodes; 1.0 s; peak memory 287 MiB.
2026-09-21T14:46:46Z INFO [83/500] 0a6cb1a6-2d3d-4e89-8901-32c392cf418f: 64 internal nodes; 7.0 s; peak memory 287 MiB.
2026-09-21T14:46:48Z INFO [84/500] 0a6cb1fa-cd25-4cc1-aad8-b36f26b753d8: 44 internal nodes; 2.0 s; peak memory 287 MiB.
2026-09-21T14:46:51Z INFO [85/500] 0a6dc924-6791-4eb4-9c0b-5a55b2d3bb8f: 73 internal nodes; 3.4 s; peak memory 287 MiB.
2026-09-21T14:46:52Z INFO [86/500] 0a6e7802-7c7a-46bc-a4d0-adf6aa50cd40: 27 internal nodes; 0.8 s; peak memory 287 MiB.
2026-09-21T14:46:53Z INFO [87/500] 0a6e7fb8-f07f-4ddb-8f36-58da19541841: 27 internal nodes; 0.7 s; peak memory 287 MiB.
2026-09-21T14:46:53Z INFO [88/500] 0a6eca22-2c9d-4e04-8b6b-fd0187bd31f2: 17 internal nodes; 0.6 s; peak memory 287 MiB.
2026-09-21T14:46:55Z INFO [89/500] 0a6fd2fe-870a-4981-a036-4bb50610ca29: 41 internal nodes; 1.5 s; peak memory 287 MiB.
2026-09-21T14:46:56Z INFO [90/500] 0a6fef21-add6-46bc-adc7-07e2fa2f8f37: 29 internal nodes; 1.0 s; peak memory 287 MiB.
2026-09-21T14:47:02Z INFO [91/500] 0a701d7b-48e0-4ae6-b506-38523d282d24: 220 internal nodes; 5.9 s; peak memory 291 MiB.
2026-09-21T14:47:02Z INFO [92/500] 0a713043-cb10-4ef6-a41d-43b404ca52a5: 17 internal nodes; 0.7 s; peak memory 291 MiB.
2026-09-21T14:47:20Z INFO [93/500] 0a729527-5239-451a-9e9f-d8b864304050: 329 internal nodes; 17.7 s; peak memory 302 MiB.
2026-09-21T14:47:21Z INFO [94/500] 0a736741-c67e-41d0-b17b-890e7aab1c0d: 27 internal nodes; 0.8 s; peak memory 302 MiB.
2026-09-21T14:47:22Z INFO [95/500] 0a7490ea-a982-4364-92db-7976e55f9061: 52 internal nodes; 0.9 s; peak memory 302 MiB.
2026-09-21T14:47:23Z INFO [96/500] 0a74d166-83a6-4307-9005-392d60435e1b: 69 internal nodes; 1.4 s; peak memory 302 MiB.
2026-09-21T14:47:24Z INFO [97/500] 0a74e9d2-bbae-4414-ab9b-2a4ff95db722: 25 internal nodes; 1.0 s; peak memory 302 MiB.
2026-09-21T14:47:25Z INFO [98/500] 0a74f70d-69ef-4f88-8f50-3a50b8464cdf: 27 internal nodes; 0.9 s; peak memory 302 MiB.
2026-09-21T14:47:28Z INFO [99/500] 0a7688fd-57f7-48c2-a06b-798e6aa3d8ca: 73 internal nodes; 2.9 s; peak memory 302 MiB.
2026-09-21T14:47:29Z INFO [100/500] 0a7756d8-a4b2-4027-8125-c7ea6a661689: 26 internal nodes; 1.3 s; peak memory 302 MiB.
2026-09-21T14:47:29Z INFO [100/500] 0a7756d8-a4b2-4027-8125-c7ea6a661689: checkpointed 51099 records.
2026-09-21T14:47:32Z INFO [101/500] 0a77ad71-a42a-4870-ad7d-259dc0aa2cdf: 46 internal nodes; 2.5 s; peak memory 302 MiB.
2026-09-21T14:47:33Z INFO [102/500] 0a78d4c6-2e47-4c32-a839-8307b9facaca: 17 internal nodes; 0.7 s; peak memory 302 MiB.
2026-09-21T14:47:33Z INFO [103/500] 0a792a0e-0484-4d83-963d-d0016d3e0ad5: 17 internal nodes; 0.5 s; peak memory 302 MiB.
2026-09-21T14:47:34Z INFO [104/500] 0a797f79-5b2d-49e8-aff9-bf53e378a0de: 27 internal nodes; 0.9 s; peak memory 302 MiB.
2026-09-21T14:47:37Z INFO [105/500] 0a7b563c-3781-49c6-93e9-ba671709f500: 73 internal nodes; 3.4 s; peak memory 302 MiB.
2026-09-21T14:47:42Z INFO [106/500] 0a7b7dd6-2675-41e5-8251-a1244b364328: 61 internal nodes; 4.1 s; peak memory 302 MiB.
2026-09-21T14:47:42Z INFO [107/500] 0a7bb020-d04c-4956-9407-7e71a1433918: 17 internal nodes; 0.6 s; peak memory 302 MiB.
2026-09-21T14:47:43Z INFO [108/500] 0a7cb91e-5e6b-4856-bf64-ac1b07888439: 17 internal nodes; 0.8 s; peak memory 302 MiB.
2026-09-21T14:47:45Z INFO [109/500] 0a7d0d2c-3641-4a88-9230-79e957d312f0: 45 internal nodes; 2.1 s; peak memory 302 MiB.
2026-09-21T14:47:46Z INFO [110/500] 0a7dc89c-1423-4b94-8c13-d3b264ad0efa: 18 internal nodes; 0.6 s; peak memory 302 MiB.
2026-09-21T14:47:47Z INFO [111/500] 0a7dd5bc-1456-43ea-bc3d-9d996a1da34f: 31 internal nodes; 0.9 s; peak memory 302 MiB.
2026-09-21T14:47:48Z INFO [112/500] 0a7ddf3f-95f3-43d4-ab54-d2c9414b2e21: 32 internal nodes; 1.4 s; peak memory 302 MiB.
2026-09-21T14:48:16Z INFO [113/500] 0a7f0a16-6600-4837-95f6-b976849e60e4: 1753 internal nodes; 27.8 s; peak memory 363 MiB.
2026-09-21T14:48:21Z INFO [114/500] 0a7f10dc-be3f-40f4-9f0b-307043658548: 168 internal nodes; 5.7 s; peak memory 363 MiB.
2026-09-21T14:48:22Z INFO [115/500] 0a7fa69f-cbb0-4984-8de9-d243c1afa2f9: 17 internal nodes; 0.6 s; peak memory 363 MiB.
2026-09-21T14:48:29Z INFO [116/500] 0a80bda8-220b-422e-80c1-4cfdaf8e99df: 150 internal nodes; 6.5 s; peak memory 363 MiB.
2026-09-21T14:48:29Z INFO [117/500] 0a817c77-1136-46bb-a8a7-77aa6ee6df27: 22 internal nodes; 0.4 s; peak memory 363 MiB.
2026-09-21T14:48:30Z INFO [118/500] 0a81ecdb-c7a4-4db1-8d29-6a34e3ba4c6b: 30 internal nodes; 1.1 s; peak memory 363 MiB.
2026-09-21T14:48:31Z INFO [119/500] 0a82102a-794e-4950-987f-cbce9f9be474: 17 internal nodes; 0.7 s; peak memory 363 MiB.
2026-09-21T14:48:32Z INFO [120/500] 0a8341eb-038b-4ffa-9c64-3d4cf0047732: 27 internal nodes; 1.3 s; peak memory 363 MiB.
2026-09-21T14:48:33Z INFO [121/500] 0a8350da-eb46-4fc8-8390-3c52eed3ca98: 19 internal nodes; 0.8 s; peak memory 363 MiB.
2026-09-21T14:48:34Z INFO [122/500] 0a8386d6-1ff1-47bc-b6cd-cfac8fc776f4: 27 internal nodes; 0.8 s; peak memory 363 MiB.
2026-09-21T14:48:38Z INFO [123/500] 0a84461c-181f-4f46-b1a4-a4642fef65ff: 175 internal nodes; 4.2 s; peak memory 363 MiB.
2026-09-21T14:48:39Z INFO [124/500] 0a84bf03-c7c5-42f6-b5ef-8de387365d2c: 27 internal nodes; 1.0 s; peak memory 363 MiB.
2026-09-21T14:48:40Z INFO [125/500] 0a84e4ef-6db1-430d-8487-1db639d7766b: 63 internal nodes; 1.2 s; peak memory 363 MiB.
2026-09-21T14:48:48Z INFO [126/500] 0a85baad-b893-44de-9b73-e1c7f97968aa: 297 internal nodes; 8.0 s; peak memory 363 MiB.
2026-09-21T14:48:49Z INFO [127/500] 0a86ba9e-9586-49a8-8b9a-16c96a1e76f2: 27 internal nodes; 0.9 s; peak memory 363 MiB.
2026-09-21T14:48:49Z INFO [128/500] 0a877886-28af-402a-9e02-d13dd3b04484: 11 internal nodes; 0.4 s; peak memory 363 MiB.
2026-09-21T14:48:55Z INFO [129/500] 0a87c2d2-d2d6-4f59-aec8-446a3097507e: 207 internal nodes; 5.6 s; peak memory 363 MiB.
2026-09-21T14:48:57Z INFO [130/500] 0a885379-ef0c-418e-940c-d424b99fc169: 46 internal nodes; 2.3 s; peak memory 363 MiB.
2026-09-21T14:48:58Z INFO [131/500] 0a88c6d1-bd94-4b2d-a3ce-7367ee2e0b4f: 26 internal nodes; 0.5 s; peak memory 363 MiB.
2026-09-21T14:48:58Z INFO [132/500] 0a89b310-78a2-4bb8-b9a0-f06f64ce2d6e: 11 internal nodes; 0.4 s; peak memory 363 MiB.
2026-09-21T14:48:59Z INFO [133/500] 0a8a7a4c-f121-4508-88b6-6b9518d2b045: 25 internal nodes; 0.5 s; peak memory 363 MiB.
2026-09-21T14:49:00Z INFO [134/500] 0a8bd1ca-b118-4971-ab9f-41085918b2de: 53 internal nodes; 1.0 s; peak memory 363 MiB.
2026-09-21T14:49:00Z INFO [135/500] 0a8bfeab-0cd5-4599-a43b-fa30f7cea325: 17 internal nodes; 0.6 s; peak memory 363 MiB.
2026-09-21T14:49:04Z INFO [136/500] 0a8c3be7-f5b3-4c8f-9504-82417230ddd5: 82 internal nodes; 4.2 s; peak memory 363 MiB.
2026-09-21T14:49:05Z INFO [137/500] 0a8c8b4c-ae83-42c6-a941-869332c709b1: 27 internal nodes; 0.8 s; peak memory 363 MiB.
2026-09-21T14:49:06Z INFO [138/500] 0a8ed172-bbb9-403b-a01f-f138715d5eb3: 31 internal nodes; 0.9 s; peak memory 363 MiB.
2026-09-21T14:49:07Z INFO [139/500] 0a8f38e1-c7ba-4175-b0a5-f2a30e88eccf: 17 internal nodes; 0.7 s; peak memory 363 MiB.
2026-09-21T14:49:16Z INFO [140/500] 0a90b642-c4a9-443d-bbd7-b2ec00e5cbb4: 665 internal nodes; 9.5 s; peak memory 363 MiB.
2026-09-21T14:49:17Z INFO [141/500] 0a915eb0-89a2-4b7c-87be-9b9cf235f5fa: 27 internal nodes; 0.8 s; peak memory 363 MiB.
2026-09-21T14:49:18Z INFO [142/500] 0a916026-1d7b-49c2-b464-01d6a2996d4f: 19 internal nodes; 0.8 s; peak memory 363 MiB.
2026-09-21T14:49:19Z INFO [143/500] 0a91b7d7-102d-4a81-84bf-01e8708b7130: 31 internal nodes; 1.2 s; peak memory 363 MiB.
2026-09-21T14:49:21Z INFO [144/500] 0a9232f8-5e29-4c3d-bac4-65dad5d9c440: 42 internal nodes; 1.6 s; peak memory 363 MiB.
2026-09-21T14:49:21Z INFO [145/500] 0a92a29c-b439-4407-a011-f353b25953c2: 11 internal nodes; 0.7 s; peak memory 363 MiB.
2026-09-21T14:49:27Z INFO [146/500] 0a930ee0-0474-4381-9af5-b8a2a4b7ab3e: 205 internal nodes; 5.8 s; peak memory 363 MiB.
2026-09-21T14:49:28Z INFO [147/500] 0a93578e-76d7-4f92-b2c3-35e6cdcf5fae: 27 internal nodes; 0.9 s; peak memory 363 MiB.
2026-09-21T14:49:29Z INFO [148/500] 0a93e7e5-b88a-43fc-a8ad-19f01be900ae: 27 internal nodes; 0.7 s; peak memory 363 MiB.
2026-09-21T14:49:29Z INFO [149/500] 0a94716b-48f3-4c83-a089-f58e1df732c0: 17 internal nodes; 0.6 s; peak memory 363 MiB.
2026-09-21T14:49:30Z INFO [150/500] 0a94fb7c-ee36-47a5-9044-4dd2427abf76: 27 internal nodes; 0.9 s; peak memory 363 MiB.
2026-09-21T14:49:30Z INFO [150/500] 0a94fb7c-ee36-47a5-9044-4dd2427abf76: checkpointed 51149 records.
2026-09-21T14:49:32Z INFO [151/500] 0a955b86-cc8f-42b8-8f97-0b51dbe60520: 31 internal nodes; 1.2 s; peak memory 363 MiB.
2026-09-21T14:49:32Z INFO [152/500] 0a957a7b-86f1-447e-805f-921d4f7f8927: 27 internal nodes; 0.9 s; peak memory 363 MiB.
2026-09-21T14:49:33Z INFO [153/500] 0a969919-d126-47d6-a67e-b309fbf245d3: 17 internal nodes; 0.6 s; peak memory 363 MiB.
2026-09-21T14:49:34Z INFO [154/500] 0a96f6d8-7697-45fe-b466-6dac9838abee: 27 internal nodes; 0.7 s; peak memory 363 MiB.
2026-09-21T14:49:35Z INFO [155/500] 0a97370a-6975-4755-be62-833901c8f736: 38 internal nodes; 1.2 s; peak memory 363 MiB.
2026-09-21T14:49:36Z INFO [156/500] 0a973e0b-3a90-4aa3-a62e-2d62f133c431: 31 internal nodes; 0.9 s; peak memory 363 MiB.
2026-09-21T14:49:37Z INFO [157/500] 0a978937-80fd-4507-8b00-f9ab781f7ca6: 17 internal nodes; 0.7 s; peak memory 363 MiB.
2026-09-21T14:49:37Z INFO [158/500] 0a97bb13-2dfe-434e-ae15-9a5750a6ab96: 29 internal nodes; 0.8 s; peak memory 363 MiB.
2026-09-21T14:49:38Z INFO [159/500] 0a97f411-604a-4cda-8b8e-c94b86d91de4: 17 internal nodes; 0.5 s; peak memory 363 MiB.
2026-09-21T14:49:39Z INFO [160/500] 0a98c57e-734b-49ba-b5f2-05f28a8a93f9: 58 internal nodes; 1.1 s; peak memory 363 MiB.
2026-09-21T14:49:40Z INFO [161/500] 0a990168-d0be-40f3-b3d3-37a8561584fb: 27 internal nodes; 0.9 s; peak memory 363 MiB.
2026-09-21T14:49:41Z INFO [162/500] 0a990f34-deb1-46ef-94be-54768990a87d: 18 internal nodes; 0.6 s; peak memory 363 MiB.
2026-09-21T14:49:43Z INFO [163/500] 0a991210-0ff9-4a54-bbfd-9d136d9d278f: 80 internal nodes; 2.3 s; peak memory 363 MiB.
2026-09-21T14:49:44Z INFO [164/500] 0a994268-f7ef-4a09-9621-5e3ac9502a3a: 25 internal nodes; 1.0 s; peak memory 363 MiB.
2026-09-21T14:49:45Z INFO [165/500] 0a99a33f-bf69-4398-ad2c-a593d0c31b5c: 17 internal nodes; 0.7 s; peak memory 363 MiB.
2026-09-21T14:49:46Z INFO [166/500] 0a99c170-6add-41b7-afee-8071de7f737b: 27 internal nodes; 1.0 s; peak memory 363 MiB.
2026-09-21T14:49:46Z INFO [167/500] 0a9a5583-6b78-4608-8282-c94cad4b6a11: 31 internal nodes; 0.9 s; peak memory 363 MiB.
2026-09-21T14:49:47Z INFO [168/500] 0a9af2f4-9c28-4fd5-85a0-392ebe99e7c4: 18 internal nodes; 0.7 s; peak memory 363 MiB.
2026-09-21T14:49:48Z INFO [169/500] 0a9af398-63d2-4763-9d0d-e90c7abf38d8: 19 internal nodes; 0.6 s; peak memory 363 MiB.
2026-09-21T14:49:52Z INFO [170/500] 0a9b106e-df98-4ada-b1e8-f3459466707c: 70 internal nodes; 3.9 s; peak memory 363 MiB.
2026-09-21T14:49:53Z INFO [171/500] 0a9b5c81-3429-44e9-bc26-25508b45377d: 72 internal nodes; 1.6 s; peak memory 363 MiB.
2026-09-21T14:49:54Z INFO [172/500] 0a9bc718-5f57-461d-aab4-6f3419828150: 60 internal nodes; 1.0 s; peak memory 363 MiB.
2026-09-21T14:49:56Z INFO [173/500] 0a9c0ffc-bc99-43ae-a649-122501f41878: 44 internal nodes; 2.0 s; peak memory 363 MiB.
2026-09-21T14:49:58Z INFO [174/500] 0a9c4170-5ea6-4d41-a5b3-0c611c8b9ce3: 53 internal nodes; 1.5 s; peak memory 363 MiB.
2026-09-21T14:49:59Z INFO [175/500] 0a9ca52e-3401-4d5b-adeb-de33b269bcef: 17 internal nodes; 0.7 s; peak memory 363 MiB.
2026-09-21T14:49:59Z INFO [176/500] 0a9ee7fe-45f3-4029-b1f7-52cd52fb1713: 29 internal nodes; 0.8 s; peak memory 363 MiB.
2026-09-21T14:50:00Z INFO [177/500] 0aa0559d-413e-497e-aa5e-88799d534b19: 115 internal nodes; 0.9 s; peak memory 363 MiB.
2026-09-21T14:50:01Z INFO [178/500] 0aa1b20e-adda-41c3-9376-71b0a230d3be: 30 internal nodes; 0.9 s; peak memory 363 MiB.
2026-09-21T14:50:02Z INFO [179/500] 0aa20dde-ac34-4ce7-a5b8-375a059a0fe8: 17 internal nodes; 0.6 s; peak memory 363 MiB.
2026-09-21T14:50:03Z INFO [180/500] 0aa25630-b842-4a59-8789-389610bd336c: 44 internal nodes; 1.2 s; peak memory 363 MiB.
2026-09-21T14:50:04Z INFO [181/500] 0aa27562-4fe5-4de6-812b-008e42b49a38: 44 internal nodes; 1.5 s; peak memory 363 MiB.
2026-09-21T14:50:05Z INFO [182/500] 0aa2f81e-8e53-4875-90b5-3ddb308ebe46: 17 internal nodes; 0.8 s; peak memory 363 MiB.
2026-09-21T14:50:06Z INFO [183/500] 0aa48ef8-1472-4b0a-8f67-b78c498a2a45: 30 internal nodes; 1.0 s; peak memory 363 MiB.
2026-09-21T14:50:07Z INFO [184/500] 0aa54342-3c57-4790-bfa4-081d373e16b4: 31 internal nodes; 1.0 s; peak memory 363 MiB.
2026-09-21T14:50:08Z INFO [185/500] 0aa5dc06-83f9-4a02-a882-4f8e347cb0b0: 17 internal nodes; 0.8 s; peak memory 363 MiB.
2026-09-21T14:50:11Z INFO [186/500] 0aa62704-b385-40d7-b08c-7ed17ec9feaf: 118 internal nodes; 3.3 s; peak memory 363 MiB.
2026-09-21T14:50:12Z INFO [187/500] 0aa69221-37f0-47f5-8774-deca6c319d70: 17 internal nodes; 0.5 s; peak memory 363 MiB.
2026-09-21T14:50:12Z INFO [188/500] 0aa75b96-d710-4835-9684-2fdfc2cd40a0: 24 internal nodes; 0.6 s; peak memory 363 MiB.
2026-09-21T14:50:19Z INFO [189/500] 0aa79b3a-a597-40e6-b70a-4b181e727a6c: 190 internal nodes; 6.6 s; peak memory 363 MiB.
2026-09-21T14:50:20Z INFO [190/500] 0aa85c44-60b0-4d23-bd29-174dbbc08dd0: 17 internal nodes; 0.6 s; peak memory 363 MiB.
2026-09-21T14:50:21Z INFO [191/500] 0aa998dc-d225-48e0-930a-8a097e7f6225: 65 internal nodes; 1.7 s; peak memory 363 MiB.
2026-09-21T14:50:24Z INFO [192/500] 0aaa988d-b328-4afe-b4cc-168f1632fbb4: 102 internal nodes; 2.5 s; peak memory 363 MiB.
2026-09-21T14:50:24Z INFO [193/500] 0aaaa051-27e7-48a1-8136-732bb58112b3: 27 internal nodes; 0.8 s; peak memory 363 MiB.
2026-09-21T14:50:25Z INFO [194/500] 0aab5edd-5dc7-438c-8363-26d7e913e354: 26 internal nodes; 0.8 s; peak memory 363 MiB.
2026-09-21T14:50:26Z INFO [195/500] 0aab9be8-10b3-4773-827b-13852bdf4e3d: 27 internal nodes; 0.9 s; peak memory 363 MiB.
2026-09-21T14:50:27Z INFO [196/500] 0aabab18-22c0-4e86-acbc-58845f103dbc: 13 internal nodes; 0.5 s; peak memory 363 MiB.
2026-09-21T14:50:27Z INFO [197/500] 0aabe5c8-8fc2-4946-be0c-0a4475bfd49c: 17 internal nodes; 0.6 s; peak memory 363 MiB.
2026-09-21T14:50:37Z INFO [198/500] 0aac7e52-0117-44ac-954c-7febcf039a35: 126 internal nodes; 10.0 s; peak memory 363 MiB.
2026-09-21T14:50:38Z INFO [199/500] 0aad4560-373e-437e-9bf3-ea93d1c035fd: 27 internal nodes; 0.6 s; peak memory 363 MiB.
2026-09-21T14:50:42Z INFO [200/500] 0aae2a2b-6fc8-4cb6-9950-641a530a1960: 54 internal nodes; 4.0 s; peak memory 363 MiB.
2026-09-21T14:50:42Z INFO [200/500] 0aae2a2b-6fc8-4cb6-9950-641a530a1960: checkpointed 51199 records.
2026-09-21T14:50:47Z INFO [201/500] 0aae5483-b01e-43ce-a288-62af8c0a53c1: 41 internal nodes; 4.4 s; peak memory 363 MiB.
2026-09-21T14:50:47Z INFO [202/500] 0aaf0566-c274-4052-9334-ff4cbaa26d91: 56 internal nodes; 0.9 s; peak memory 363 MiB.
2026-09-21T14:50:48Z INFO [203/500] 0aaf20ec-92c8-4894-aeb1-64324df3461a: 17 internal nodes; 0.5 s; peak memory 363 MiB.
2026-09-21T14:50:49Z INFO [204/500] 0aafd76e-fe14-4c87-8739-e136571ef98c: 31 internal nodes; 0.9 s; peak memory 363 MiB.
2026-09-21T14:50:50Z INFO [205/500] 0ab000dc-fa44-4eef-9345-59001617ec39: 27 internal nodes; 0.8 s; peak memory 363 MiB.
2026-09-21T14:50:50Z INFO [206/500] 0ab05917-75a7-4bb3-9836-73c0a59bcb72: 27 internal nodes; 0.8 s; peak memory 363 MiB.
2026-09-21T14:50:51Z INFO [207/500] 0ab08eab-cbe6-43e3-be14-954a1c408e65: 19 internal nodes; 0.6 s; peak memory 363 MiB.
2026-09-21T14:50:51Z INFO [208/500] 0ab0d282-18e8-4c0f-9f98-d991a71ae708: 15 internal nodes; 0.5 s; peak memory 363 MiB.
2026-09-21T14:50:52Z INFO [209/500] 0ab22882-6f78-4b97-b5e3-9ea68f74a4aa: 13 internal nodes; 0.6 s; peak memory 363 MiB.
2026-09-21T14:50:53Z INFO [210/500] 0ab22a61-bffc-470b-9b03-e13e3e0ff9ab: 18 internal nodes; 0.6 s; peak memory 363 MiB.
2026-09-21T14:50:53Z INFO [211/500] 0ab263ef-182c-4b93-877a-cd609216b645: 27 internal nodes; 0.8 s; peak memory 363 MiB.
2026-09-21T14:50:54Z INFO [212/500] 0ab2ed42-eced-49b6-9130-a987751c937c: 27 internal nodes; 0.9 s; peak memory 363 MiB.
2026-09-21T14:50:55Z INFO [213/500] 0ab32d5c-55de-413b-a8dc-9c0b69250beb: 31 internal nodes; 0.6 s; peak memory 363 MiB.
2026-09-21T14:50:56Z INFO [214/500] 0ab35b07-4fa7-47fe-a8d4-2f5feb52bf0d: 27 internal nodes; 0.7 s; peak memory 363 MiB.
2026-09-21T14:50:56Z INFO [215/500] 0ab3d3db-ed47-46d9-a436-94abed2f88dc: 17 internal nodes; 0.5 s; peak memory 363 MiB.
2026-09-21T14:50:58Z INFO [216/500] 0ab3e706-35c2-4fe6-bd6f-30ee99772414: 44 internal nodes; 2.0 s; peak memory 363 MiB.
2026-09-21T14:50:59Z INFO [217/500] 0ab45b8d-ff7e-43fc-88ad-1b0c8b7c258c: 27 internal nodes; 0.8 s; peak memory 363 MiB.
2026-09-21T14:51:00Z INFO [218/500] 0ab650c4-0ee1-4b38-8819-129a7567a006: 53 internal nodes; 0.9 s; peak memory 363 MiB.
2026-09-21T14:51:01Z INFO [219/500] 0ab68e44-025d-4a2f-973e-929bfdd8e6fd: 17 internal nodes; 0.8 s; peak memory 363 MiB.
2026-09-21T14:51:01Z INFO [220/500] 0ab6d5e4-8cd5-4754-89de-ef084aa54356: 86 internal nodes; 0.7 s; peak memory 363 MiB.
2026-09-21T14:51:03Z INFO [221/500] 0ab71fa8-7316-419f-a54e-6388ea2306f0: 21 internal nodes; 1.5 s; peak memory 363 MiB.
2026-09-21T14:51:04Z INFO [222/500] 0ab75af3-5f9a-4482-a92c-88621087d5a4: 28 internal nodes; 1.0 s; peak memory 363 MiB.
2026-09-21T14:51:04Z INFO [223/500] 0ab766f4-b94b-40e0-9b1c-bd3fffe888c9: 17 internal nodes; 0.5 s; peak memory 363 MiB.
2026-09-21T14:51:05Z INFO [224/500] 0ab7cc6b-635b-4211-9b7f-b9ce56f364fe: 18 internal nodes; 0.4 s; peak memory 363 MiB.
2026-09-21T14:51:05Z INFO [225/500] 0ab8976e-bd22-45c3-9eab-f62a28ae80be: 17 internal nodes; 0.6 s; peak memory 363 MiB.
2026-09-21T14:51:06Z INFO [226/500] 0ab93281-e1e4-4af2-837c-be133e04ad54: 27 internal nodes; 1.0 s; peak memory 363 MiB.
2026-09-21T14:51:07Z INFO [227/500] 0ab932d8-ee55-4a81-ace7-18f19f0c3753: 17 internal nodes; 0.6 s; peak memory 363 MiB.
2026-09-21T14:51:08Z INFO [228/500] 0ab9c878-42c0-4cdb-afdd-7c9fe2a2eb4b: 13 internal nodes; 0.6 s; peak memory 363 MiB.
2026-09-21T14:51:08Z INFO [229/500] 0aba92ff-9028-4895-a781-bc8a97298203: 22 internal nodes; 0.4 s; peak memory 363 MiB.
2026-09-21T14:51:09Z INFO [230/500] 0abb0449-cbb6-45b6-b51d-dc3833368783: 27 internal nodes; 0.7 s; peak memory 363 MiB.
2026-09-21T14:51:09Z INFO [231/500] 0abb3a72-6a5c-49ea-808b-674601eca90d: 11 internal nodes; 0.4 s; peak memory 363 MiB.
2026-09-21T14:51:12Z INFO [232/500] 0abc4283-409c-4dd1-97c2-329405f82e46: 123 internal nodes; 2.4 s; peak memory 363 MiB.
2026-09-21T14:51:13Z INFO [233/500] 0abe1f7f-eed2-4211-9039-ef7daf38746d: 25 internal nodes; 1.3 s; peak memory 363 MiB.
2026-09-21T14:51:14Z INFO [234/500] 0abe2947-16aa-4816-a0a3-8879f840a8bc: 13 internal nodes; 0.7 s; peak memory 363 MiB.
2026-09-21T14:51:14Z INFO [235/500] 0abe57aa-7acb-45de-a34b-b30f38dbf5f5: 27 internal nodes; 0.8 s; peak memory 363 MiB.
2026-09-21T14:51:15Z INFO [236/500] 0abe86ae-9ece-48ba-a97b-ebe48252b295: 27 internal nodes; 0.7 s; peak memory 363 MiB.
2026-09-21T14:51:16Z INFO [237/500] 0abeb587-b3f5-4a3e-858a-32465593e6d1: 60 internal nodes; 0.8 s; peak memory 363 MiB.
2026-09-21T14:51:18Z INFO [238/500] 0abef59f-f9af-4ea9-a4ec-3566a6853679: 46 internal nodes; 2.0 s; peak memory 363 MiB.
2026-09-21T14:51:19Z INFO [239/500] 0abf28c8-114f-40e6-8aa4-f41562970dad: 17 internal nodes; 0.6 s; peak memory 363 MiB.
2026-09-21T14:51:20Z INFO [240/500] 0abfbed6-dda8-4480-ac40-53762c6320c8: 31 internal nodes; 0.9 s; peak memory 363 MiB.
2026-09-21T14:51:21Z INFO [241/500] 0ac01b24-45be-4d9f-b8c7-7aedaaaf31fd: 31 internal nodes; 1.0 s; peak memory 363 MiB.
2026-09-21T14:51:22Z INFO [242/500] 0ac0740e-e72a-4e4f-8a4c-961ca5e9bbf7: 25 internal nodes; 1.1 s; peak memory 363 MiB.
2026-09-21T14:51:22Z INFO [243/500] 0ac2b93f-6027-46e2-a076-64f56f0c55df: 19 internal nodes; 0.8 s; peak memory 363 MiB.
2026-09-21T14:51:23Z INFO [244/500] 0ac30c91-e239-4c60-948a-0690a3be2114: 27 internal nodes; 0.9 s; peak memory 363 MiB.
2026-09-21T14:51:24Z INFO [245/500] 0ac5f089-d606-452b-ab34-4a03a8da6542: 31 internal nodes; 1.2 s; peak memory 363 MiB.
2026-09-21T14:51:25Z INFO [246/500] 0ac60dd1-aaf4-4a52-9a20-6d26b20eb359: 13 internal nodes; 0.6 s; peak memory 363 MiB.
2026-09-21T14:51:29Z INFO [247/500] 0ac67f3a-0f41-45df-9db9-f40d35c0ebdd: 294 internal nodes; 4.3 s; peak memory 363 MiB.
2026-09-21T14:51:30Z INFO [248/500] 0ac69f09-c8da-4b91-bd2b-f9b673350e24: 19 internal nodes; 0.6 s; peak memory 363 MiB.
2026-09-21T14:51:44Z INFO [249/500] 0ac6f5d5-0d99-43a5-b05c-bd3c72527077: 2145 internal nodes; 14.3 s; peak memory 363 MiB.
2026-09-21T14:51:45Z INFO [250/500] 0ac835bb-66ba-4b66-bad9-ee6d33b12ed0: 31 internal nodes; 1.0 s; peak memory 363 MiB.
2026-09-21T14:51:45Z INFO [250/500] 0ac835bb-66ba-4b66-bad9-ee6d33b12ed0: checkpointed 51249 records.
2026-09-21T14:51:49Z INFO [251/500] 0ac85ead-b5f9-4d74-9adc-8064bf0a9056: 68 internal nodes; 3.5 s; peak memory 363 MiB.
2026-09-21T14:51:53Z INFO [252/500] 0ac90ab6-5e76-4e1a-b9e1-89f5fa98e48d: 73 internal nodes; 4.4 s; peak memory 363 MiB.
2026-09-21T14:51:54Z INFO [253/500] 0ac9e2e7-3b08-4894-9742-9046e9c88e5c: 31 internal nodes; 0.9 s; peak memory 363 MiB.
2026-09-21T14:51:55Z INFO [254/500] 0acb93b7-028d-48bc-b4d7-7225303b77d5: 17 internal nodes; 0.6 s; peak memory 363 MiB.
2026-09-21T14:51:57Z INFO [255/500] 0acc44d9-1d7e-4807-9ce8-f8b408067b35: 46 internal nodes; 2.0 s; peak memory 363 MiB.
2026-09-21T14:51:57Z INFO [256/500] 0accbef3-edb7-403d-8566-4d7177941215: 27 internal nodes; 0.6 s; peak memory 363 MiB.
2026-09-21T14:51:58Z INFO [257/500] 0acd4407-1f9b-492d-b876-65dd37fe7ca9: 19 internal nodes; 0.8 s; peak memory 363 MiB.
2026-09-21T14:51:59Z INFO [258/500] 0acd5db7-c3b3-4db8-aa73-a87d72e73597: 13 internal nodes; 0.8 s; peak memory 363 MiB.
2026-09-21T14:52:00Z INFO [259/500] 0acd644a-d189-42b8-9991-68a921c0d571: 19 internal nodes; 0.8 s; peak memory 363 MiB.
2026-09-21T14:52:01Z INFO [260/500] 0acd6784-07f3-4feb-be04-639bd3953a7d: 31 internal nodes; 1.0 s; peak memory 363 MiB.
2026-09-21T14:52:02Z INFO [261/500] 0acdbeb9-b0bd-43ae-8886-7fd513950937: 19 internal nodes; 0.7 s; peak memory 363 MiB.
2026-09-21T14:52:03Z INFO [262/500] 0ace39f6-44e5-4b91-90a5-644a91fad831: 31 internal nodes; 1.3 s; peak memory 363 MiB.
2026-09-21T14:52:10Z INFO [263/500] 0ace4fea-75cf-4ec5-9af0-591eac73f7a9: 71 internal nodes; 6.9 s; peak memory 363 MiB.
2026-09-21T14:52:10Z INFO [264/500] 0ad10d12-ffd0-4623-b588-3abfe7272faa: 18 internal nodes; 0.6 s; peak memory 363 MiB.
2026-09-21T14:52:11Z INFO [265/500] 0ad1e09f-111a-4a6e-8c6e-f12f5b48297b: 11 internal nodes; 0.5 s; peak memory 363 MiB.
2026-09-21T14:52:11Z INFO [266/500] 0ad21b95-8a56-407a-9721-577fe1603059: 17 internal nodes; 0.6 s; peak memory 363 MiB.
2026-09-21T14:52:12Z INFO [267/500] 0ad2faef-73eb-4772-810b-25fb1ce54f01: 23 internal nodes; 1.0 s; peak memory 363 MiB.
2026-09-21T14:52:13Z INFO [268/500] 0ad3cd50-2e2e-4401-aa83-431ec809d2bd: 17 internal nodes; 0.5 s; peak memory 363 MiB.
2026-09-21T14:52:14Z INFO [269/500] 0ad41a62-e72c-44a9-8948-dfa0e417e8c8: 61 internal nodes; 0.9 s; peak memory 363 MiB.
2026-09-21T14:52:16Z INFO [270/500] 0ad555b0-e8d9-4c1d-b862-6fd029ae00b7: 45 internal nodes; 2.0 s; peak memory 363 MiB.
2026-09-21T14:52:16Z INFO [271/500] 0ad599b3-4acc-482d-8800-3b0fceff5f0b: 27 internal nodes; 0.5 s; peak memory 363 MiB.
2026-09-21T14:52:18Z INFO [272/500] 0ad5bbcf-c2ab-4f82-a23b-ff7204200a06: 55 internal nodes; 1.7 s; peak memory 363 MiB.
2026-09-21T14:52:20Z INFO [273/500] 0ad638d2-5c91-4470-983e-4bf8aa191e3c: 41 internal nodes; 2.1 s; peak memory 363 MiB.
2026-09-21T14:52:21Z INFO [274/500] 0ad674cf-7775-437c-a829-9a4f000cc4b6: 18 internal nodes; 0.8 s; peak memory 363 MiB.
2026-09-21T14:52:34Z INFO [275/500] 0ad70450-a0a2-43bd-81fe-cfcd6f77468b: 136 internal nodes; 13.1 s; peak memory 363 MiB.
2026-09-21T14:52:35Z INFO [276/500] 0ad71b83-87fe-4fef-82c9-87e772f708c4: 69 internal nodes; 1.1 s; peak memory 363 MiB.
2026-09-21T14:52:36Z INFO [277/500] 0ad7235a-51b4-4c8c-ad36-3a0295f643b3: 17 internal nodes; 0.8 s; peak memory 363 MiB.
2026-09-21T14:52:43Z INFO [278/500] 0ad7900c-f286-434e-9d5d-7c5296fefe8c: 67 internal nodes; 7.3 s; peak memory 363 MiB.
2026-09-21T14:52:44Z INFO [279/500] 0ad92174-be70-40a9-b7fd-1cde2465c32c: 17 internal nodes; 0.7 s; peak memory 363 MiB.
2026-09-21T14:52:44Z INFO [280/500] 0ad95af8-f3ac-4046-862e-bc9ad758a936: 13 internal nodes; 0.4 s; peak memory 363 MiB.
2026-09-21T14:52:45Z INFO [281/500] 0ada1fd9-af42-43e2-9f2a-a67e61ef3b56: 17 internal nodes; 0.6 s; peak memory 363 MiB.
2026-09-21T14:52:46Z INFO [282/500] 0adb344f-bb4b-4a47-9a31-0261fe2094dc: 29 internal nodes; 1.3 s; peak memory 363 MiB.
2026-09-21T14:52:47Z INFO [283/500] 0adb76b3-bdbd-4c8c-9167-4bf4b00128c6: 119 internal nodes; 0.9 s; peak memory 363 MiB.
2026-09-21T14:52:49Z INFO [284/500] 0adc98bb-71c2-4dd4-a017-e5a8376cc9ae: 31 internal nodes; 1.4 s; peak memory 363 MiB.
2026-09-21T14:52:49Z INFO [285/500] 0adcb5a9-bf0d-45de-a220-85141ffd28b3: 27 internal nodes; 0.7 s; peak memory 363 MiB.
2026-09-21T14:52:56Z INFO [286/500] 0adcc9cb-5fac-41fe-9938-bda567c14863: 71 internal nodes; 7.1 s; peak memory 363 MiB.
2026-09-21T14:52:57Z INFO [287/500] 0add04ff-cca2-4ec3-90e2-174c54e5c45a: 17 internal nodes; 0.6 s; peak memory 363 MiB.
2026-09-21T14:53:05Z INFO [288/500] 0add8ee9-ebf9-45d9-a75b-b1fe53d262de: 83 internal nodes; 7.9 s; peak memory 363 MiB.
2026-09-21T14:53:06Z INFO [289/500] 0ade3ab0-ff84-4c76-acae-618ce9ec279d: 27 internal nodes; 1.1 s; peak memory 363 MiB.
2026-09-21T14:53:07Z INFO [290/500] 0adf79f7-cda5-4fa0-b59b-3d13f0009c23: 18 internal nodes; 0.8 s; peak memory 363 MiB.
2026-09-21T14:53:08Z INFO [291/500] 0adfb6a4-4237-40e7-9f7e-dbf843d30882: 56 internal nodes; 1.2 s; peak memory 363 MiB.
2026-09-21T14:53:13Z INFO [292/500] 0ae020ac-d6cc-4da4-9da4-bb543b6d60e2: 139 internal nodes; 4.6 s; peak memory 363 MiB.
2026-09-21T14:53:14Z INFO [293/500] 0ae096b7-9f01-4d4d-b729-bcd07f1d85cb: 27 internal nodes; 0.9 s; peak memory 363 MiB.
2026-09-21T14:53:15Z INFO [294/500] 0ae0f84d-5a55-486c-acf2-0196631faa55: 31 internal nodes; 1.4 s; peak memory 363 MiB.
2026-09-21T14:53:16Z INFO [295/500] 0ae1d19c-2c4b-445e-9111-9e72df1e0eef: 13 internal nodes; 0.9 s; peak memory 363 MiB.
2026-09-21T14:53:16Z INFO [296/500] 0ae27e52-16b6-4249-bfdd-9cf38e50ec88: 13 internal nodes; 0.6 s; peak memory 363 MiB.
2026-09-21T14:53:20Z INFO [297/500] 0ae4285b-008c-4beb-85ac-dd1a62a46a2c: 148 internal nodes; 3.6 s; peak memory 363 MiB.
2026-09-21T14:53:23Z INFO [298/500] 0ae5f14b-bc21-43c7-a9c7-04792523bd5f: 49 internal nodes; 2.7 s; peak memory 363 MiB.
2026-09-21T14:53:24Z INFO [299/500] 0ae64889-c1db-41af-8636-2aad19ddd2d1: 17 internal nodes; 0.7 s; peak memory 363 MiB.
2026-09-21T14:53:30Z INFO [300/500] 0ae75867-1439-4e15-bcb2-94b833cfdd9a: 236 internal nodes; 6.1 s; peak memory 363 MiB.
2026-09-21T14:53:30Z INFO [300/500] 0ae75867-1439-4e15-bcb2-94b833cfdd9a: checkpointed 51299 records.
2026-09-21T14:53:36Z INFO [301/500] 0ae954ec-78d5-4886-9a76-307509c187b3: 49 internal nodes; 6.0 s; peak memory 363 MiB.
2026-09-21T14:53:36Z INFO [302/500] 0ae96714-3b8c-43ae-8841-c0f9a90ce29e: 13 internal nodes; 0.6 s; peak memory 363 MiB.
2026-09-21T14:53:37Z INFO [303/500] 0aea168d-24cf-4be9-a349-23cf00097519: 27 internal nodes; 0.6 s; peak memory 363 MiB.
2026-09-21T14:53:38Z INFO [304/500] 0aeaab18-94a5-4c72-849b-f9533cd55791: 67 internal nodes; 1.2 s; peak memory 363 MiB.
2026-09-21T14:53:39Z INFO [305/500] 0aeb8b39-fa6d-4485-965c-dec5873be3a2: 27 internal nodes; 0.7 s; peak memory 363 MiB.
2026-09-21T14:53:40Z INFO [306/500] 0aebc481-3481-4158-9713-d0478f788db9: 23 internal nodes; 0.7 s; peak memory 363 MiB.
2026-09-21T14:53:40Z INFO [307/500] 0aec4c15-f759-4c52-97ef-a876b46ba47c: 27 internal nodes; 0.8 s; peak memory 363 MiB.
2026-09-21T14:53:42Z INFO [308/500] 0aec7c80-a251-42a6-919a-3f152b202f6c: 53 internal nodes; 1.8 s; peak memory 363 MiB.
2026-09-21T14:53:49Z INFO [309/500] 0aec8adf-c6dd-4d01-9afc-2a936b71c485: 275 internal nodes; 6.9 s; peak memory 363 MiB.
2026-09-21T14:53:50Z INFO [310/500] 0aee389b-022b-4238-9c9d-ac661e5a2b48: 13 internal nodes; 0.5 s; peak memory 363 MiB.
2026-09-21T14:53:50Z INFO [311/500] 0af00a77-3cd5-4c33-8517-e32405940f12: 13 internal nodes; 0.7 s; peak memory 363 MiB.
2026-09-21T14:53:51Z INFO [312/500] 0af035c3-d58d-4117-bdd1-7c51521f9991: 115 internal nodes; 0.8 s; peak memory 363 MiB.
2026-09-21T14:53:54Z INFO [313/500] 0af0fd73-0628-421b-b3b1-ff0703182021: 41 internal nodes; 2.7 s; peak memory 363 MiB.
2026-09-21T14:53:55Z INFO [314/500] 0af11717-1a98-4b56-aaf1-e770247b9073: 17 internal nodes; 0.7 s; peak memory 363 MiB.
2026-09-21T14:53:55Z INFO [315/500] 0af135dd-5a20-4f51-af33-0ec43a0253cb: 27 internal nodes; 0.5 s; peak memory 363 MiB.
2026-09-21T14:53:56Z INFO [316/500] 0af13e5e-0748-42f2-9768-58bb3893e870: 31 internal nodes; 0.7 s; peak memory 363 MiB.
2026-09-21T14:53:56Z INFO [317/500] 0af1aa2c-e747-4b04-9237-9110e08264b6: 31 internal nodes; 0.8 s; peak memory 363 MiB.
2026-09-21T14:53:57Z INFO [318/500] 0af26694-d94f-44ab-b5fd-e41724cd8ab1: 27 internal nodes; 0.7 s; peak memory 363 MiB.
2026-09-21T14:53:58Z INFO [319/500] 0af2c281-9535-4471-b906-d57767cae990: 21 internal nodes; 0.7 s; peak memory 363 MiB.
2026-09-21T14:53:59Z INFO [320/500] 0af309f7-b810-42c3-9650-208ee1885ecf: 114 internal nodes; 0.6 s; peak memory 363 MiB.
2026-09-21T14:54:01Z INFO [321/500] 0af319d5-7d5f-480c-ac63-2f0a1ea10d22: 99 internal nodes; 2.9 s; peak memory 363 MiB.
2026-09-21T14:54:02Z INFO [322/500] 0af4e904-1b2b-4896-bbfb-95fc720f4283: 19 internal nodes; 0.7 s; peak memory 363 MiB.
2026-09-21T14:54:07Z INFO [323/500] 0af50129-a301-4004-8c8e-ecc8b9d6a5dc: 186 internal nodes; 4.6 s; peak memory 363 MiB.
2026-09-21T14:54:07Z INFO [324/500] 0af58bb2-b6e6-44ea-a207-a70e0307182c: 17 internal nodes; 0.6 s; peak memory 363 MiB.
2026-09-21T14:54:15Z INFO [325/500] 0af5eca0-17ea-4005-8f4d-af0f5b65099d: 58 internal nodes; 7.3 s; peak memory 363 MiB.
2026-09-21T14:54:16Z INFO [326/500] 0af60d5e-bc72-480e-8985-59b01bf86878: 31 internal nodes; 1.1 s; peak memory 363 MiB.
2026-09-21T14:54:16Z INFO [327/500] 0af63ca3-cbaf-4e64-9e8a-e566e1f52af2: 17 internal nodes; 0.5 s; peak memory 363 MiB.
2026-09-21T14:54:17Z INFO [328/500] 0af64420-65bd-4898-97e4-91396e6872f9: 25 internal nodes; 0.8 s; peak memory 363 MiB.
2026-09-21T14:54:19Z INFO [329/500] 0af80dc1-43bb-43f8-b984-901ab8b889ca: 44 internal nodes; 1.9 s; peak memory 363 MiB.
2026-09-21T14:54:20Z INFO [330/500] 0af88af9-c2d8-4e59-bdc5-9594d31dab7e: 44 internal nodes; 1.4 s; peak memory 363 MiB.
2026-09-21T14:54:21Z INFO [331/500] 0afa78e9-4b08-4a75-b8b3-1ef04e372b49: 11 internal nodes; 0.5 s; peak memory 363 MiB.
2026-09-21T14:54:21Z INFO [332/500] 0afb8ec1-79fd-43fc-8d2a-ec86cb0d5d18: 17 internal nodes; 0.6 s; peak memory 363 MiB.
2026-09-21T14:54:22Z INFO [333/500] 0afba705-3c1c-4d09-89b3-3554ebb03417: 17 internal nodes; 0.7 s; peak memory 363 MiB.
2026-09-21T14:54:23Z INFO [334/500] 0afbde31-a55d-4ea3-880a-40a8288b94b3: 17 internal nodes; 0.6 s; peak memory 363 MiB.
2026-09-21T14:54:24Z INFO [335/500] 0afc0cf5-ed8a-45dc-b0fb-27e0daac8a9f: 31 internal nodes; 1.1 s; peak memory 363 MiB.
2026-09-21T14:54:24Z INFO [336/500] 0afca395-e5b3-4532-9d71-36dc4ea08944: 31 internal nodes; 0.8 s; peak memory 363 MiB.
2026-09-21T14:54:34Z INFO [337/500] 0afd213f-3936-471d-88f7-d71a3775938b: 327 internal nodes; 10.0 s; peak memory 363 MiB.
2026-09-21T14:54:35Z INFO [338/500] 0afe69c8-6d7a-4d45-bac6-4b5687ca31cb: 17 internal nodes; 0.7 s; peak memory 363 MiB.
2026-09-21T14:54:39Z INFO [339/500] 0afee90f-aab3-4097-9b30-365e17f0d917: 73 internal nodes; 3.7 s; peak memory 363 MiB.
2026-09-21T14:54:39Z INFO [340/500] 0aff64f9-e99e-407b-a950-8bfc2170051d: 17 internal nodes; 0.5 s; peak memory 363 MiB.
2026-09-21T14:54:43Z INFO [341/500] 0aff987f-2fae-4f80-aeeb-b6449911f09d: 123 internal nodes; 3.7 s; peak memory 363 MiB.
2026-09-21T14:54:44Z INFO [342/500] 0affa9da-1cfe-4427-9432-fad6439f47ee: 31 internal nodes; 0.9 s; peak memory 363 MiB.
2026-09-21T14:54:44Z INFO [343/500] 0b001349-d3d3-4461-aef2-8639a82b172c: 17 internal nodes; 0.5 s; peak memory 363 MiB.
2026-09-21T14:54:46Z INFO [344/500] 0b010bab-a0ed-428f-93b1-d705b459eaff: 40 internal nodes; 1.7 s; peak memory 363 MiB.
2026-09-21T14:54:53Z INFO [345/500] 0b0164ee-dd7e-4530-b06d-d0b9f2ff1430: 211 internal nodes; 6.4 s; peak memory 363 MiB.
2026-09-21T14:54:53Z INFO [346/500] 0b01fe88-0867-462a-8f73-7ab9cfac037a: 17 internal nodes; 0.8 s; peak memory 363 MiB.
2026-09-21T14:54:54Z INFO [347/500] 0b027a03-fd2d-47fc-b554-5ed6fb9c9fd3: 35 internal nodes; 1.1 s; peak memory 363 MiB.
2026-09-21T14:54:59Z INFO [348/500] 0b02d10f-85bc-4047-a354-58fdfa676d8d: 197 internal nodes; 4.9 s; peak memory 363 MiB.
2026-09-21T14:55:04Z INFO [349/500] 0b0330b2-e100-4860-9ec0-b1d884d325ff: 61 internal nodes; 4.7 s; peak memory 363 MiB.
2026-09-21T14:55:05Z INFO [350/500] 0b047b9e-d595-424d-a365-37e6f8b8bf9b: 17 internal nodes; 0.7 s; peak memory 363 MiB.
2026-09-21T14:55:05Z INFO [350/500] 0b047b9e-d595-424d-a365-37e6f8b8bf9b: checkpointed 51349 records.
2026-09-21T14:55:06Z INFO [351/500] 0b05746d-7e90-473f-9416-f61da4eefba0: 21 internal nodes; 0.7 s; peak memory 363 MiB.
2026-09-21T14:55:10Z INFO [352/500] 0b066692-0a42-4c77-bb1a-dd3a53c6a505: 68 internal nodes; 4.5 s; peak memory 363 MiB.
2026-09-21T14:55:15Z INFO [353/500] 0b06e5d8-812b-45bd-8969-50dc710eaac0: 174 internal nodes; 4.8 s; peak memory 363 MiB.
2026-09-21T14:55:16Z INFO [354/500] 0b070d34-b3ce-41b2-afe0-1f7234119de0: 27 internal nodes; 0.8 s; peak memory 363 MiB.
2026-09-21T14:55:17Z INFO [355/500] 0b0743c0-01e9-4af8-aa21-ff9a521a2102: 91 internal nodes; 1.4 s; peak memory 363 MiB.
2026-09-21T14:55:18Z INFO [356/500] 0b07c672-0c3b-42ba-a8f3-ddbc014ce2d4: 17 internal nodes; 0.4 s; peak memory 363 MiB.
2026-09-21T14:55:18Z INFO [357/500] 0b0a1f81-b472-4ae5-aab5-c31502429a51: 27 internal nodes; 0.7 s; peak memory 363 MiB.
2026-09-21T14:55:19Z INFO [358/500] 0b0b7537-2b71-483b-922e-26a4d80aa959: 17 internal nodes; 0.7 s; peak memory 363 MiB.
2026-09-21T14:55:20Z INFO [359/500] 0b0bd7b2-3fa6-4d32-a5eb-8495395da999: 23 internal nodes; 0.8 s; peak memory 363 MiB.
2026-09-21T14:55:20Z INFO [360/500] 0b0bd9a1-6f50-4c90-907c-306fd9187661: 26 internal nodes; 0.5 s; peak memory 363 MiB.
2026-09-21T14:55:21Z INFO [361/500] 0b0c6671-c22e-4613-8cd7-c75f600eceb0: 27 internal nodes; 1.0 s; peak memory 363 MiB.
2026-09-21T14:55:22Z INFO [362/500] 0b0ca92b-dfc9-420c-b29e-ecf1ae5ecad8: 17 internal nodes; 0.7 s; peak memory 363 MiB.
2026-09-21T14:55:23Z INFO [363/500] 0b0d2cc5-42e9-4826-8202-9913dc61933d: 17 internal nodes; 0.6 s; peak memory 363 MiB.
2026-09-21T14:55:23Z INFO [364/500] 0b0dc8fe-6e5b-4933-8da2-ef3de24f6d83: 27 internal nodes; 0.9 s; peak memory 363 MiB.
2026-09-21T14:55:24Z INFO [365/500] 0b0dd946-873a-451c-ae8a-7184d4b911d7: 90 internal nodes; 0.9 s; peak memory 363 MiB.
2026-09-21T14:55:25Z INFO [366/500] 0b0edf71-57f7-4725-856d-722f65502c7a: 29 internal nodes; 1.1 s; peak memory 363 MiB.
2026-09-21T14:55:27Z INFO [367/500] 0b0f4166-271e-414b-be4e-db992084061c: 60 internal nodes; 1.6 s; peak memory 363 MiB.
2026-09-21T14:55:29Z INFO [368/500] 0b108be4-36a3-4958-bb10-b53232fbc0e8: 67 internal nodes; 1.6 s; peak memory 363 MiB.
2026-09-21T14:55:29Z INFO [369/500] 0b111e3f-8262-4c16-ae03-22db6f76a2c8: 17 internal nodes; 0.6 s; peak memory 363 MiB.
2026-09-21T14:55:33Z INFO [370/500] 0b11297d-fad3-4394-9830-fb738400580e: 73 internal nodes; 3.3 s; peak memory 363 MiB.
2026-09-21T14:55:35Z INFO [371/500] 0b11cf19-6b8a-4885-864c-3831252faeeb: 52 internal nodes; 2.1 s; peak memory 363 MiB.
2026-09-21T14:55:36Z INFO [372/500] 0b12375f-9b5f-4c6c-b06c-5c68df38f91d: 29 internal nodes; 1.1 s; peak memory 363 MiB.
2026-09-21T14:55:37Z INFO [373/500] 0b130a84-f9ef-4fa7-b7f8-1316775f8797: 95 internal nodes; 1.0 s; peak memory 363 MiB.
2026-09-21T14:55:38Z INFO [374/500] 0b132fe0-e035-4bc3-8ee8-97922da91591: 31 internal nodes; 1.0 s; peak memory 363 MiB.
2026-09-21T14:55:39Z INFO [375/500] 0b13567f-e19a-4f7a-879b-ef79a1a4e435: 18 internal nodes; 1.0 s; peak memory 363 MiB.
2026-09-21T14:55:40Z INFO [376/500] 0b13b022-ba1f-4d3b-ad99-dc7c00bc83c6: 27 internal nodes; 0.9 s; peak memory 363 MiB.
2026-09-21T14:55:48Z INFO [377/500] 0b13fd06-a888-45d3-ab8d-c462c6d4078f: 300 internal nodes; 8.7 s; peak memory 363 MiB.
2026-09-21T14:55:50Z INFO [378/500] 0b140668-8aef-47bd-984a-57d5dc37fec1: 41 internal nodes; 1.9 s; peak memory 363 MiB.
2026-09-21T14:55:51Z INFO [379/500] 0b140c93-49c9-4815-ad98-a47e04df9969: 27 internal nodes; 0.8 s; peak memory 363 MiB.
2026-09-21T14:55:58Z INFO [380/500] 0b144ccd-9078-4bae-abb8-c58784bffaca: 196 internal nodes; 7.3 s; peak memory 363 MiB.
2026-09-21T14:55:59Z INFO [381/500] 0b14a359-d461-4b79-a076-04fda88e2892: 27 internal nodes; 0.9 s; peak memory 363 MiB.
2026-09-21T14:56:00Z INFO [382/500] 0b153acc-e280-4929-9436-20d76beff624: 116 internal nodes; 0.9 s; peak memory 363 MiB.
2026-09-21T14:56:01Z INFO [383/500] 0b153bdd-926e-41ee-b193-9621feefcea2: 18 internal nodes; 0.9 s; peak memory 363 MiB.
2026-09-21T14:56:02Z INFO [384/500] 0b168f2a-3ba4-4292-99d2-e4ea750ee6bb: 27 internal nodes; 0.8 s; peak memory 363 MiB.
2026-09-21T14:56:02Z INFO [385/500] 0b170191-8357-4511-bb30-96428a1f3717: 17 internal nodes; 0.6 s; peak memory 363 MiB.
2026-09-21T14:56:18Z INFO [386/500] 0b1737ed-bdd4-48d0-b0df-5daf258a171b: 307 internal nodes; 15.5 s; peak memory 363 MiB.
2026-09-21T14:56:19Z INFO [387/500] 0b1751d9-c838-45e0-bcd7-00b485df86cb: 27 internal nodes; 0.8 s; peak memory 363 MiB.
2026-09-21T14:56:22Z INFO [388/500] 0b17d3eb-7c09-4746-8039-460fd8899511: 177 internal nodes; 3.9 s; peak memory 363 MiB.
2026-09-21T14:56:26Z INFO [389/500] 0b1915eb-ea6c-4bc7-8110-b235ad1ac4c3: 174 internal nodes; 3.7 s; peak memory 363 MiB.
2026-09-21T14:56:32Z INFO [390/500] 0b1918db-80bd-4295-ae37-1b07e7f952e2: 182 internal nodes; 5.7 s; peak memory 363 MiB.
2026-09-21T14:56:32Z INFO [391/500] 0b195e2a-f0a1-4078-b28c-4f38c40081a1: 17 internal nodes; 0.7 s; peak memory 363 MiB.
2026-09-21T14:56:33Z INFO [392/500] 0b19f873-f537-4388-87bf-ee8622c0e4b5: 55 internal nodes; 0.9 s; peak memory 363 MiB.
2026-09-21T14:56:35Z INFO [393/500] 0b1a420d-17c3-410d-aba1-89fd9d46f36a: 67 internal nodes; 1.9 s; peak memory 363 MiB.
2026-09-21T14:56:36Z INFO [394/500] 0b1a66b8-0bd0-4d95-b240-21c6d3d6500c: 27 internal nodes; 0.9 s; peak memory 363 MiB.
2026-09-21T14:56:37Z INFO [395/500] 0b1b8f06-b25e-4206-b69e-11f241e40fca: 16 internal nodes; 0.6 s; peak memory 363 MiB.
2026-09-21T14:56:37Z INFO [396/500] 0b1caea8-ffb5-4062-816f-307577a45c63: 17 internal nodes; 0.7 s; peak memory 363 MiB.
2026-09-21T14:56:41Z INFO [397/500] 0b1d9622-7cd1-4ad0-ac68-c080c27b14e5: 64 internal nodes; 4.0 s; peak memory 363 MiB.
2026-09-21T14:56:42Z INFO [398/500] 0b1d98f8-70d5-436c-8a66-aa64ad11ee1d: 11 internal nodes; 0.6 s; peak memory 363 MiB.
2026-09-21T14:56:43Z INFO [399/500] 0b1f5481-f006-400d-9671-8594365359b8: 13 internal nodes; 0.5 s; peak memory 363 MiB.
2026-09-21T14:56:46Z INFO [400/500] 0b1fff1c-d192-4be1-b10b-6d4a4eb1dfd6: 99 internal nodes; 3.5 s; peak memory 363 MiB.
2026-09-21T14:56:46Z INFO [400/500] 0b1fff1c-d192-4be1-b10b-6d4a4eb1dfd6: checkpointed 51399 records.
2026-09-21T14:56:47Z INFO [401/500] 0b207236-a71f-4baf-b90e-d4c31160d487: 29 internal nodes; 0.9 s; peak memory 363 MiB.
2026-09-21T14:56:48Z INFO [402/500] 0b20bc75-27be-46b6-bf35-3f4b37f35f31: 67 internal nodes; 0.9 s; peak memory 363 MiB.
2026-09-21T14:56:49Z INFO [403/500] 0b21c438-12d7-43f8-8222-5c9ca072db27: 27 internal nodes; 1.1 s; peak memory 363 MiB.
2026-09-21T14:56:50Z INFO [404/500] 0b22a1f3-d4cc-4e1a-ae28-9f2a54233e84: 21 internal nodes; 0.7 s; peak memory 363 MiB.
2026-09-21T14:56:51Z INFO [405/500] 0b240139-7927-4c15-9841-602f3634a00a: 115 internal nodes; 0.8 s; peak memory 363 MiB.
2026-09-21T14:56:51Z INFO [406/500] 0b2574bf-156c-4870-b981-86d84ebe7262: 27 internal nodes; 0.7 s; peak memory 363 MiB.
2026-09-21T14:56:53Z INFO [407/500] 0b26edd8-7f95-4ec6-ad75-f09e34ebb64e: 44 internal nodes; 1.2 s; peak memory 363 MiB.
2026-09-21T14:58:24Z INFO [408/500] 0b2719b6-bdcd-4f90-b8b4-d6d5e30da392: 733 internal nodes; 91.1 s; peak memory 385 MiB.
2026-09-21T14:58:24Z INFO [409/500] 0b279b5c-3981-460b-98e2-c024ee1b2586: 17 internal nodes; 0.7 s; peak memory 385 MiB.
2026-09-21T14:58:25Z INFO [410/500] 0b27de9b-c376-4285-9717-7ad213eae955: 13 internal nodes; 1.0 s; peak memory 385 MiB.
2026-09-21T14:58:26Z INFO [411/500] 0b2899b5-d78f-48f3-a59a-d3fdf691f966: 30 internal nodes; 0.9 s; peak memory 385 MiB.
2026-09-21T14:58:27Z INFO [412/500] 0b2925d2-3d1e-473d-894b-f0eeb84dd8b0: 18 internal nodes; 0.7 s; peak memory 385 MiB.
2026-09-21T14:58:28Z INFO [413/500] 0b2a9b1b-5c69-49b0-9f8b-3e14857f0944: 17 internal nodes; 0.8 s; peak memory 385 MiB.
2026-09-21T14:58:37Z INFO [414/500] 0b2b0855-5c0c-429b-a196-902d5b101722: 218 internal nodes; 8.9 s; peak memory 385 MiB.
2026-09-21T14:58:41Z INFO [415/500] 0b2c62de-4220-4af7-8507-d724a4389560: 47 internal nodes; 4.6 s; peak memory 385 MiB.
2026-09-21T14:58:42Z INFO [416/500] 0b2dd134-8cc5-4dc9-af5a-ff04b8fe32a8: 13 internal nodes; 0.6 s; peak memory 385 MiB.
2026-09-21T14:58:43Z INFO [417/500] 0b2e2421-5df3-49f3-ad03-350004f315d5: 17 internal nodes; 0.7 s; peak memory 385 MiB.
2026-09-21T14:58:48Z INFO [418/500] 0b2f37af-7433-4c45-9c1a-e3e8c356183e: 117 internal nodes; 5.6 s; peak memory 385 MiB.
2026-09-21T14:58:50Z INFO [419/500] 0b2ff777-693a-4bb2-bd0f-7c9f7705debf: 72 internal nodes; 1.5 s; peak memory 385 MiB.
2026-09-21T14:58:51Z INFO [420/500] 0b2ffa75-c9a1-4bcc-a36c-675ed84cf1f7: 38 internal nodes; 0.9 s; peak memory 385 MiB.
2026-09-21T14:58:53Z INFO [421/500] 0b309d70-80bd-4c15-8822-ac18c5d3eca2: 45 internal nodes; 2.1 s; peak memory 385 MiB.
2026-09-21T14:58:53Z INFO [422/500] 0b323e98-bacb-419b-b23a-a4677b0da91d: 13 internal nodes; 0.4 s; peak memory 385 MiB.
2026-09-21T14:58:54Z INFO [423/500] 0b32a99b-65d8-4454-a49d-32e7243f158d: 17 internal nodes; 0.6 s; peak memory 385 MiB.
2026-09-21T14:58:55Z INFO [424/500] 0b32e366-4d8c-4116-be6c-81e7208b3f36: 37 internal nodes; 1.4 s; peak memory 385 MiB.
2026-09-21T14:58:56Z INFO [425/500] 0b332bc1-b791-45ec-9631-f7ca05530231: 17 internal nodes; 0.7 s; peak memory 385 MiB.
2026-09-21T14:58:57Z INFO [426/500] 0b33619d-020b-4094-b647-112caa8ab693: 17 internal nodes; 0.7 s; peak memory 385 MiB.
2026-09-21T14:58:57Z INFO [427/500] 0b336393-ee2a-41b3-b363-fd1d6efe0c5d: 27 internal nodes; 0.7 s; peak memory 385 MiB.
2026-09-21T14:58:58Z INFO [428/500] 0b338f75-e1f8-444f-bd23-b8d8518cf2ec: 31 internal nodes; 0.9 s; peak memory 385 MiB.
2026-09-21T14:58:59Z INFO [429/500] 0b34330d-2c83-4f10-b294-9aabe6004bb9: 18 internal nodes; 1.0 s; peak memory 385 MiB.
2026-09-21T14:59:00Z INFO [430/500] 0b34a5e8-4786-4e5c-8fb9-fc0fa220ced2: 29 internal nodes; 1.1 s; peak memory 385 MiB.
2026-09-21T14:59:01Z INFO [431/500] 0b34c2a6-c2f5-436e-bedd-08ff1cfff808: 17 internal nodes; 0.7 s; peak memory 385 MiB.
2026-09-21T14:59:02Z INFO [432/500] 0b3547b2-1a38-4488-a736-59bd0cbe2897: 31 internal nodes; 1.4 s; peak memory 385 MiB.
2026-09-21T14:59:03Z INFO [433/500] 0b359c34-a945-483e-a518-44f3e5255e7f: 27 internal nodes; 0.7 s; peak memory 385 MiB.
2026-09-21T14:59:04Z INFO [434/500] 0b3608b7-b509-4f69-84e8-8e60f5184c42: 17 internal nodes; 0.7 s; peak memory 385 MiB.
2026-09-21T14:59:05Z INFO [435/500] 0b36f13d-9ddc-42e3-ab7f-d5b148dfa5cd: 31 internal nodes; 1.1 s; peak memory 385 MiB.
2026-09-21T14:59:07Z INFO [436/500] 0b380c64-939d-4092-8f4e-a2310ae85ab5: 41 internal nodes; 2.3 s; peak memory 385 MiB.
2026-09-21T14:59:08Z INFO [437/500] 0b39222d-8556-4f68-aa49-363144913a60: 17 internal nodes; 0.7 s; peak memory 385 MiB.
2026-09-21T14:59:09Z INFO [438/500] 0b39b14c-add7-4ad6-ae87-242a0d56547a: 95 internal nodes; 1.2 s; peak memory 385 MiB.
2026-09-21T14:59:10Z INFO [439/500] 0b39f342-a2a4-477c-807a-9659ef3b03ee: 26 internal nodes; 1.1 s; peak memory 385 MiB.
2026-09-21T14:59:12Z INFO [440/500] 0b3a64b2-8589-4307-8493-336707bdfe21: 46 internal nodes; 2.3 s; peak memory 385 MiB.
2026-09-21T14:59:13Z INFO [441/500] 0b3b86fd-3a30-44fb-9b07-6d365bbcfe20: 26 internal nodes; 0.5 s; peak memory 385 MiB.
2026-09-21T14:59:18Z INFO [442/500] 0b3c9831-4a16-457a-a260-9d11ad6313b5: 209 internal nodes; 5.3 s; peak memory 385 MiB.
2026-09-21T14:59:19Z INFO [443/500] 0b3d8149-7e69-4fb2-91d3-8d2afe09b719: 27 internal nodes; 0.9 s; peak memory 385 MiB.
2026-09-21T14:59:20Z INFO [444/500] 0b3da296-e1cf-40ba-aac2-7a2fecec7df6: 17 internal nodes; 0.7 s; peak memory 385 MiB.
2026-09-21T14:59:21Z INFO [445/500] 0b3e9de9-773a-4fae-bcc7-8e55a1ef6582: 119 internal nodes; 0.9 s; peak memory 385 MiB.
2026-09-21T14:59:22Z INFO [446/500] 0b3e9eb4-6f39-4b6e-a97a-adb499c47239: 40 internal nodes; 1.4 s; peak memory 385 MiB.
2026-09-21T14:59:26Z INFO [447/500] 0b3f2c8c-2f2a-44c4-bc84-3ce52b8a84c0: 73 internal nodes; 3.8 s; peak memory 385 MiB.
2026-09-21T14:59:27Z INFO [448/500] 0b3f3640-d3db-4b1d-ad75-649fac331b6f: 27 internal nodes; 0.9 s; peak memory 385 MiB.
2026-09-21T14:59:27Z INFO [449/500] 0b40287e-8e0d-49ff-b7d1-a5c09ff1bdc3: 17 internal nodes; 0.7 s; peak memory 385 MiB.
2026-09-21T14:59:28Z INFO [450/500] 0b42baaa-1d2c-459a-a61e-49d22b93c63e: 11 internal nodes; 0.4 s; peak memory 385 MiB.
2026-09-21T14:59:28Z INFO [450/500] 0b42baaa-1d2c-459a-a61e-49d22b93c63e: checkpointed 51449 records.
2026-09-21T14:59:28Z INFO [451/500] 0b42e9b8-abdf-4b88-bebe-0f22e89d450c: 26 internal nodes; 0.5 s; peak memory 385 MiB.
2026-09-21T14:59:29Z INFO [452/500] 0b43bc0a-e7a0-406f-b17c-3803396cd68f: 25 internal nodes; 0.7 s; peak memory 385 MiB.
2026-09-21T14:59:30Z INFO [453/500] 0b44c302-629e-413f-b1d3-c642e104ffd3: 13 internal nodes; 0.7 s; peak memory 385 MiB.
2026-09-21T14:59:34Z INFO [454/500] 0b44fdc7-f631-4ebc-99ab-3db90dcd5d98: 208 internal nodes; 4.2 s; peak memory 385 MiB.
2026-09-21T14:59:35Z INFO [455/500] 0b450111-d416-4ce8-88ee-483ed81b43fe: 17 internal nodes; 0.8 s; peak memory 385 MiB.
2026-09-21T14:59:36Z INFO [456/500] 0b45608f-d656-4be1-b28f-3fc06d2acbc4: 30 internal nodes; 1.3 s; peak memory 385 MiB.
2026-09-21T14:59:37Z INFO [457/500] 0b456c21-bd29-49ab-b6c1-a4bb6805dee1: 17 internal nodes; 0.7 s; peak memory 385 MiB.
2026-09-21T14:59:37Z INFO [458/500] 0b4589b4-3f47-4822-a0c3-67e56875c74a: 17 internal nodes; 0.6 s; peak memory 385 MiB.
2026-09-21T14:59:38Z INFO [459/500] 0b46245f-b35b-4dc8-93cd-1a0c6e25bf9d: 27 internal nodes; 0.6 s; peak memory 385 MiB.
2026-09-21T14:59:39Z INFO [460/500] 0b468400-5d4d-4faf-bc1a-58af167326af: 63 internal nodes; 0.9 s; peak memory 385 MiB.
2026-09-21T14:59:44Z INFO [461/500] 0b46a676-9687-4612-8aee-f882e512f2e5: 171 internal nodes; 4.5 s; peak memory 385 MiB.
2026-09-21T14:59:45Z INFO [462/500] 0b479f50-474c-4d5c-bb9e-5860859b1610: 67 internal nodes; 1.3 s; peak memory 385 MiB.
2026-09-21T14:59:46Z INFO [463/500] 0b47f65a-62f1-4a31-9c18-80395815e9d8: 27 internal nodes; 0.8 s; peak memory 385 MiB.
2026-09-21T14:59:46Z INFO [464/500] 0b49e2e6-6290-45a2-b164-5c64c17d40ee: 17 internal nodes; 0.6 s; peak memory 385 MiB.
2026-09-21T14:59:47Z INFO [465/500] 0b4a0a1c-5263-422b-ab26-692ba7b5690b: 17 internal nodes; 0.8 s; peak memory 385 MiB.
2026-09-21T14:59:48Z INFO [466/500] 0b4a4659-d84c-403c-aa1d-86af47100770: 22 internal nodes; 0.5 s; peak memory 385 MiB.
2026-09-21T14:59:48Z INFO [467/500] 0b4af40a-ddbe-4ad1-b721-4973b4db278b: 27 internal nodes; 0.8 s; peak memory 385 MiB.
2026-09-21T14:59:49Z INFO [468/500] 0b4b8950-e0c9-49a4-b480-eef029e69d81: 27 internal nodes; 1.1 s; peak memory 385 MiB.
2026-09-21T14:59:51Z INFO [469/500] 0b4c7afe-a47c-4b90-a83d-0d836f556bf3: 59 internal nodes; 1.1 s; peak memory 385 MiB.
2026-09-21T14:59:51Z INFO [470/500] 0b4ca8a8-4100-4b24-b752-c8d961441986: 61 internal nodes; 0.8 s; peak memory 385 MiB.
2026-09-21T14:59:52Z INFO [471/500] 0b4cd329-30b8-4dc4-a799-409149521d7d: 17 internal nodes; 0.7 s; peak memory 385 MiB.
2026-09-21T14:59:53Z INFO [472/500] 0b4d0989-9193-46eb-b500-2f56b1416880: 17 internal nodes; 0.6 s; peak memory 385 MiB.
2026-09-21T14:59:53Z INFO [473/500] 0b4d690c-ddd9-4d95-80aa-1a6d9a23c907: 31 internal nodes; 0.6 s; peak memory 385 MiB.
2026-09-21T14:59:54Z INFO [474/500] 0b4d7b8d-ce40-42d3-872d-68495a72d88f: 27 internal nodes; 1.0 s; peak memory 385 MiB.
2026-09-21T14:59:55Z INFO [475/500] 0b4e843b-4878-447a-9a56-42b85d927027: 27 internal nodes; 0.8 s; peak memory 385 MiB.
2026-09-21T15:00:00Z INFO [476/500] 0b4eb1a8-a10b-4b55-8d3d-0969f1824364: 194 internal nodes; 5.2 s; peak memory 385 MiB.
2026-09-21T15:00:01Z INFO [477/500] 0b4ec03d-d338-4459-a0ee-7b3e70f289e4: 30 internal nodes; 1.1 s; peak memory 385 MiB.
2026-09-21T15:00:02Z INFO [478/500] 0b4f67e6-7a1a-44a9-9492-523ca7a487bb: 27 internal nodes; 0.7 s; peak memory 385 MiB.
2026-09-21T15:00:03Z INFO [479/500] 0b4fc9ac-ed67-4cf0-8968-12c5a09464eb: 17 internal nodes; 0.7 s; peak memory 385 MiB.
2026-09-21T15:00:03Z INFO [480/500] 0b4ff4f0-04e4-4288-a4fc-281d5dd91c8b: 17 internal nodes; 0.7 s; peak memory 385 MiB.
2026-09-21T15:00:05Z INFO [481/500] 0b5058e9-4f6e-45e9-a011-6385e2cedf2c: 38 internal nodes; 2.1 s; peak memory 385 MiB.
2026-09-21T15:00:06Z INFO [482/500] 0b522057-6c77-451e-9fde-e86f2ac2e7d5: 27 internal nodes; 0.8 s; peak memory 385 MiB.
2026-09-21T15:00:08Z INFO [483/500] 0b52fdb6-6afd-4611-a1c9-5798860fe16a: 44 internal nodes; 1.8 s; peak memory 385 MiB.
2026-09-21T15:00:09Z INFO [484/500] 0b5331d5-8e87-427e-b82e-d39280ad3fbd: 19 internal nodes; 0.6 s; peak memory 385 MiB.
2026-09-21T15:00:09Z INFO [485/500] 0b54270a-b8fe-4951-a6ba-d6dfac362c50: 31 internal nodes; 0.9 s; peak memory 385 MiB.
2026-09-21T15:00:10Z INFO [486/500] 0b54dadc-af2b-48cc-8668-cd18002f8d64: 18 internal nodes; 0.7 s; peak memory 385 MiB.
2026-09-21T15:00:16Z INFO [487/500] 0b553f93-b41d-4d48-bcb2-f6007e647272: 203 internal nodes; 6.2 s; peak memory 385 MiB.
2026-09-21T15:00:21Z INFO [488/500] 0b554ee0-0eb4-41fc-b22c-08f9ba4ec21a: 216 internal nodes; 5.0 s; peak memory 385 MiB.
2026-09-21T15:00:22Z INFO [489/500] 0b558a53-7c9a-4dcf-9539-abb8bc83becb: 27 internal nodes; 0.9 s; peak memory 385 MiB.
2026-09-21T15:00:23Z INFO [490/500] 0b55e872-bb10-49bf-9eb5-6d8be88918d8: 31 internal nodes; 0.9 s; peak memory 385 MiB.
2026-09-21T15:00:24Z INFO [491/500] 0b55f996-7eda-4cde-b042-f8ce861274bb: 27 internal nodes; 0.9 s; peak memory 385 MiB.
2026-09-21T15:00:25Z INFO [492/500] 0b561c45-9c92-4794-bdea-b04f9facb9bb: 26 internal nodes; 1.0 s; peak memory 385 MiB.
2026-09-21T15:00:26Z INFO [493/500] 0b56ac38-2d27-4129-9e5f-4daa17428719: 40 internal nodes; 1.0 s; peak memory 385 MiB.
2026-09-21T15:00:27Z INFO [494/500] 0b56fc97-342e-4ff7-922b-34e73e88abd1: 17 internal nodes; 0.6 s; peak memory 385 MiB.
2026-09-21T15:00:27Z INFO [495/500] 0b572e5d-fb3d-4282-8fc7-28ccbfc66f1f: 27 internal nodes; 0.8 s; peak memory 385 MiB.
2026-09-21T15:00:28Z INFO [496/500] 0b5764d3-a823-4886-8958-27f519b9bcc5: 17 internal nodes; 0.6 s; peak memory 385 MiB.
2026-09-21T15:00:29Z INFO [497/500] 0b578e34-101c-4a62-9814-ce73dc0ea2f4: 31 internal nodes; 1.2 s; peak memory 385 MiB.
2026-09-21T15:00:30Z INFO [498/500] 0b585bcf-164f-4f1d-8a2d-85c661a1d03a: 17 internal nodes; 0.7 s; peak memory 385 MiB.
2026-09-21T15:00:36Z INFO [499/500] 0b58640d-da8e-4457-a0cf-98333a9f5e69: 222 internal nodes; 5.9 s; peak memory 385 MiB.
2026-09-21T15:00:37Z INFO [500/500] 0b588dec-925e-430d-9a3d-6a405f8841bb: 31 internal nodes; 0.9 s; peak memory 385 MiB.
2026-09-21T15:00:37Z INFO [500/500] 0b588dec-925e-430d-9a3d-6a405f8841bb: checkpointed 51499 records.
2026-09-21T15:00:37Z INFO Wrote 51499 records to /tmp/derivatives/valid_nwb_file_to_out_degrees.jsonl (498 new, 2 failed) in 16.1 min (peak memory 385 MiB).
