2026-09-24T22:53:44Z INFO Logging to /tmp/logs/update_2026-09-24T22-53-44Z.log.
2026-09-24T22:53:44Z INFO Update valid-nwb-file-to-out-degrees (base directory /tmp).
2026-09-24T22:53:44Z INFO Processing 500 items (54479 already recorded).
2026-09-24T22:53:46Z WARNING 024ef50f-ac6f-49ea-806b-93ef4b5e8644: failed while reading the NWB file (KeyError: 'Unable to synchronously open object (component not found)')
2026-09-24T22:53:46Z WARNING [1/500] 024ef50f-ac6f-49ea-806b-93ef4b5e8644: leaving unrecorded for a later run to retry.
2026-09-24T22:53:47Z WARNING 09073220-fbea-45d2-9a39-2cc61fcdc2a1: failed while reading the NWB file (KeyError: 'Unable to synchronously open object (component not found)')
2026-09-24T22:53:47Z WARNING [2/500] 09073220-fbea-45d2-9a39-2cc61fcdc2a1: leaving unrecorded for a later run to retry.
2026-09-24T22:53:49Z WARNING 0dec427d-4db4-44c3-988a-c37959ceaff3: failed while reading the NWB file (KeyError: 'Unable to synchronously open object (component not found)')
2026-09-24T22:53:49Z WARNING [3/500] 0dec427d-4db4-44c3-988a-c37959ceaff3: leaving unrecorded for a later run to retry.
2026-09-24T22:53:50Z WARNING 0f7396ad-67ec-468a-b6a6-5599cb507f54: failed while reading the NWB file (KeyError: 'Unable to synchronously open object (component not found)')
2026-09-24T22:53:50Z WARNING [4/500] 0f7396ad-67ec-468a-b6a6-5599cb507f54: leaving unrecorded for a later run to retry.
2026-09-24T22:53:52Z WARNING 1066b3ba-83d9-4cb3-bfe3-ecf8539e2334: failed while reading the NWB file (KeyError: 'Unable to synchronously open object (component not found)')
2026-09-24T22:53:52Z WARNING [5/500] 1066b3ba-83d9-4cb3-bfe3-ecf8539e2334: leaving unrecorded for a later run to retry.
2026-09-24T22:53:58Z INFO [6/500] 1173798e-43a0-4f10-b832-e7b8469493ea: 68 internal nodes; 5.8 s; peak memory 128 MiB.
2026-09-24T22:53:59Z INFO [7/500] 11745690-30ba-459c-bb41-1abec2d3a800: 17 internal nodes; 1.0 s; peak memory 128 MiB.
2026-09-24T22:54:00Z INFO [8/500] 1174d7f7-ed85-47aa-a2ce-4a67440e0b9d: 120 internal nodes; 1.6 s; peak memory 128 MiB.
2026-09-24T22:54:02Z INFO [9/500] 1174fb0c-cd02-4bf1-be60-92fda6504a67: 44 internal nodes; 2.0 s; peak memory 128 MiB.
2026-09-24T22:54:03Z INFO [10/500] 117563a4-f582-4752-904e-77dc4b2a625b: 13 internal nodes; 1.0 s; peak memory 128 MiB.
2026-09-24T22:54:05Z INFO [11/500] 11756e3e-7284-4a13-8908-9fb52f9fe55a: 18 internal nodes; 1.4 s; peak memory 128 MiB.
2026-09-24T22:54:06Z INFO [12/500] 11760bfe-017e-4f70-b6ae-9932d83900dd: 13 internal nodes; 1.0 s; peak memory 128 MiB.
2026-09-24T22:54:07Z INFO [13/500] 11767948-318a-44da-bf6a-11006b27e870: 53 internal nodes; 1.6 s; peak memory 128 MiB.
2026-09-24T22:54:08Z INFO [14/500] 1176ef68-bd17-462c-bea5-43942de26c81: 13 internal nodes; 0.9 s; peak memory 128 MiB.
2026-09-24T22:54:09Z INFO [15/500] 1177650e-cd7c-4119-b9fd-610439b69dac: 23 internal nodes; 1.1 s; peak memory 128 MiB.
2026-09-24T22:54:20Z INFO [16/500] 1177a123-0055-471d-a84a-a77dd3742ab6: 64 internal nodes; 10.7 s; peak memory 132 MiB.
2026-09-24T22:54:27Z INFO [17/500] 1177ae93-fdbf-4147-98ec-5f90c2ba3320: 136 internal nodes; 7.3 s; peak memory 132 MiB.
2026-09-24T22:54:29Z INFO [18/500] 11785b42-9e65-4127-8d7e-eca3f69b5a09: 65 internal nodes; 1.7 s; peak memory 132 MiB.
2026-09-24T22:54:31Z INFO [19/500] 117863dd-9deb-4bd2-ba02-6dd37ae68917: 58 internal nodes; 1.7 s; peak memory 132 MiB.
2026-09-24T22:54:33Z INFO [20/500] 1178bd63-6cf9-4665-b76d-92a354fc493c: 25 internal nodes; 2.4 s; peak memory 132 MiB.
2026-09-24T22:54:34Z INFO [21/500] 1178fea4-7fc1-4ef6-811b-1a1f627e46ff: 17 internal nodes; 1.0 s; peak memory 132 MiB.
2026-09-24T22:54:35Z INFO [22/500] 117937f5-d57e-4f0e-b619-3bb2d0b97ce8: 27 internal nodes; 1.2 s; peak memory 132 MiB.
2026-09-24T22:54:36Z INFO [23/500] 11797bdf-c6d6-4387-a02e-8ed2346f61bf: 17 internal nodes; 0.9 s; peak memory 132 MiB.
2026-09-24T22:54:37Z INFO [24/500] 1179bcf1-3153-4931-8eed-839a57bc6afb: 22 internal nodes; 0.7 s; peak memory 132 MiB.
2026-09-24T22:54:38Z INFO [25/500] 117a764a-37cf-4d40-8a21-43cabae1d66e: 26 internal nodes; 0.9 s; peak memory 132 MiB.
2026-09-24T22:54:39Z INFO [26/500] 117d178f-b3d3-4ea1-b41f-ab4a289c96d5: 17 internal nodes; 1.0 s; peak memory 132 MiB.
2026-09-24T22:54:40Z INFO [27/500] 117d997e-fae5-4f3e-9cdb-9d4b5468571f: 27 internal nodes; 1.3 s; peak memory 132 MiB.
2026-09-24T22:54:41Z INFO [28/500] 117ebb7a-e806-4884-8604-67a9280df774: 29 internal nodes; 0.9 s; peak memory 132 MiB.
2026-09-24T22:54:42Z INFO [29/500] 117ed143-ed0a-4d7a-986b-ca71a4f94574: 28 internal nodes; 1.5 s; peak memory 132 MiB.
2026-09-24T22:54:44Z INFO [30/500] 117f610b-e66a-48bd-8244-417674542ee3: 27 internal nodes; 1.3 s; peak memory 132 MiB.
2026-09-24T22:54:47Z INFO [31/500] 11808620-996b-40bb-b37b-f62fa8839740: 46 internal nodes; 3.3 s; peak memory 132 MiB.
2026-09-24T22:54:48Z INFO [32/500] 118100c2-770f-4eb8-a6bc-7cc4f3cbb4e2: 115 internal nodes; 1.3 s; peak memory 132 MiB.
2026-09-24T22:54:52Z INFO [33/500] 1181144a-2faf-4ff1-a133-76f011280276: 46 internal nodes; 3.5 s; peak memory 132 MiB.
2026-09-24T22:54:53Z INFO [34/500] 1181a0f3-221f-45ef-b592-6de82a01bd5e: 27 internal nodes; 1.2 s; peak memory 132 MiB.
2026-09-24T22:54:55Z INFO [35/500] 1181b8e8-9f6c-4779-b8fe-1db3dde67160: 29 internal nodes; 1.8 s; peak memory 132 MiB.
2026-09-24T22:54:56Z INFO [36/500] 1182040a-0fa0-423f-9862-b5c992cbef49: 27 internal nodes; 1.2 s; peak memory 132 MiB.
2026-09-24T22:54:57Z INFO [37/500] 11827a3d-a9e8-41dd-ba43-fc31ed9a1292: 27 internal nodes; 1.2 s; peak memory 132 MiB.
2026-09-24T22:55:07Z INFO [38/500] 1182f3ac-c9c7-4dff-8ea0-b21aee6cf1ae: 114 internal nodes; 9.9 s; peak memory 136 MiB.
2026-09-24T22:55:08Z INFO [39/500] 11845074-9f94-4405-8aa3-129bc49f56ea: 25 internal nodes; 1.4 s; peak memory 136 MiB.
2026-09-24T22:55:15Z INFO [40/500] 11860e33-abd2-476b-86d0-4600aa9e095d: 46 internal nodes; 7.0 s; peak memory 136 MiB.
2026-09-24T22:55:16Z INFO [41/500] 11863281-688c-4e26-b8d6-d392f2ee466a: 19 internal nodes; 0.9 s; peak memory 136 MiB.
2026-09-24T22:55:17Z INFO [42/500] 11865de2-c651-4a37-bd86-d7ef77f110ef: 17 internal nodes; 1.1 s; peak memory 136 MiB.
2026-09-24T22:55:19Z INFO [43/500] 1186b8ef-36d4-4943-acfe-80fd00b5c522: 24 internal nodes; 1.9 s; peak memory 136 MiB.
2026-09-24T22:55:20Z INFO [44/500] 1186e3ac-1287-45d4-be59-2c89601cdd84: 27 internal nodes; 1.1 s; peak memory 136 MiB.
2026-09-24T22:55:21Z INFO [45/500] 118720f7-d7d5-4b1d-bfaf-75e2d38f9a26: 17 internal nodes; 1.0 s; peak memory 136 MiB.
2026-09-24T22:55:22Z INFO [46/500] 118728c0-c103-4220-a90d-ea65e928c69e: 17 internal nodes; 1.1 s; peak memory 136 MiB.
2026-09-24T22:55:24Z INFO [47/500] 11878d89-ee6a-4503-bff1-4c81b552116f: 31 internal nodes; 1.8 s; peak memory 136 MiB.
2026-09-24T22:55:25Z INFO [48/500] 1187f22d-579b-4668-aeae-f9aa1d4d7417: 17 internal nodes; 0.9 s; peak memory 136 MiB.
2026-09-24T22:55:28Z INFO [49/500] 1187f3f5-0f66-4a9a-84d0-889dd65ce640: 67 internal nodes; 2.7 s; peak memory 136 MiB.
2026-09-24T22:55:36Z INFO [50/500] 11885f42-109e-4a9e-8264-25d6f9ae462b: 140 internal nodes; 7.7 s; peak memory 136 MiB.
2026-09-24T22:55:36Z INFO [50/500] 11885f42-109e-4a9e-8264-25d6f9ae462b: checkpointed 54524 records.
2026-09-24T22:55:38Z INFO [51/500] 11888b31-07be-4694-9a74-0da5b059c1e8: 31 internal nodes; 2.0 s; peak memory 136 MiB.
2026-09-24T22:55:40Z INFO [52/500] 1188b656-31d0-45d4-bd0b-11708f2906c3: 32 internal nodes; 1.7 s; peak memory 136 MiB.
2026-09-24T22:55:41Z INFO [53/500] 1188f612-33e5-453d-804b-e6eb4aee47de: 27 internal nodes; 1.1 s; peak memory 136 MiB.
2026-09-24T22:55:42Z INFO [54/500] 118a173f-68ae-42a5-a670-68882dc72c96: 29 internal nodes; 1.6 s; peak memory 136 MiB.
2026-09-24T22:55:59Z INFO [55/500] 118a539d-9da4-4806-a14c-9f153e60e8d6: 173 internal nodes; 16.5 s; peak memory 138 MiB.
2026-09-24T22:56:01Z INFO [56/500] 118aca9c-4945-4907-bd9d-c912d41d4d1f: 31 internal nodes; 1.8 s; peak memory 138 MiB.
2026-09-24T22:56:02Z INFO [57/500] 118b5e4b-f67e-4e0a-a001-6c219947580e: 13 internal nodes; 0.9 s; peak memory 138 MiB.
2026-09-24T22:56:03Z INFO [58/500] 118e6f12-9157-47b2-8cc5-78eab2d9f39d: 25 internal nodes; 1.2 s; peak memory 138 MiB.
2026-09-24T22:56:04Z INFO [59/500] 118eba48-c260-450b-be0a-1a9a1e0275be: 17 internal nodes; 0.9 s; peak memory 138 MiB.
2026-09-24T22:56:05Z INFO [60/500] 118ffef4-c23b-41af-a8ed-b65d5a6402d4: 27 internal nodes; 1.3 s; peak memory 138 MiB.
2026-09-24T22:56:06Z INFO [61/500] 1191366a-14e9-44e9-a67d-d6c8214de1e0: 90 internal nodes; 1.2 s; peak memory 138 MiB.
2026-09-24T22:56:07Z INFO [62/500] 11914ae7-d0d2-4044-8fb0-62d0066988b9: 25 internal nodes; 1.2 s; peak memory 138 MiB.
2026-09-24T22:56:10Z INFO [63/500] 11934c9d-8dfb-4d07-b718-6017086516d1: 44 internal nodes; 2.9 s; peak memory 138 MiB.
2026-09-24T22:56:12Z INFO [64/500] 11935251-321e-4fdc-a8c0-8ac05227d0c6: 31 internal nodes; 1.6 s; peak memory 138 MiB.
2026-09-24T22:56:14Z INFO [65/500] 1193707a-50ce-4b29-8ec7-afc0e0916cba: 25 internal nodes; 1.9 s; peak memory 138 MiB.
2026-09-24T22:56:17Z INFO [66/500] 1193e4a5-453e-4391-bb60-6e45fa6882d8: 44 internal nodes; 3.0 s; peak memory 138 MiB.
2026-09-24T22:56:26Z INFO [67/500] 1194ee63-091f-42bb-be11-094a2eca6428: 190 internal nodes; 8.9 s; peak memory 139 MiB.
2026-09-24T22:56:27Z INFO [68/500] 11953f8f-f4f4-44cc-9192-9c5dd35d8ab9: 53 internal nodes; 1.5 s; peak memory 139 MiB.
2026-09-24T22:56:28Z INFO [69/500] 119554bc-f7ea-4dc8-9f3d-5e5d36f96c12: 17 internal nodes; 1.0 s; peak memory 139 MiB.
2026-09-24T22:56:29Z INFO [70/500] 11958edd-c4a6-475a-8879-0c6df60105ff: 27 internal nodes; 1.3 s; peak memory 139 MiB.
2026-09-24T22:56:31Z INFO [71/500] 1196df5b-7f2b-465c-a122-241b7ef1e616: 54 internal nodes; 1.6 s; peak memory 139 MiB.
2026-09-24T22:56:32Z INFO [72/500] 1196ffb8-f9b9-4271-b410-7ce55af434e6: 19 internal nodes; 1.2 s; peak memory 139 MiB.
2026-09-24T22:56:33Z INFO [73/500] 119803e6-0856-49c2-af16-65e7504d0a2f: 17 internal nodes; 1.1 s; peak memory 139 MiB.
2026-09-24T22:56:35Z INFO [74/500] 11980b42-d958-48e0-aead-d9f329a6b17c: 61 internal nodes; 1.4 s; peak memory 139 MiB.
2026-09-24T22:56:35Z INFO [75/500] 11985528-a9e1-451f-a61b-56e9f5b94d2a: 17 internal nodes; 0.8 s; peak memory 139 MiB.
2026-09-24T22:56:37Z INFO [76/500] 11985e26-32c8-4c05-90b2-a0c97c7c82db: 55 internal nodes; 1.6 s; peak memory 139 MiB.
2026-09-24T22:56:38Z INFO [77/500] 1198831e-ef18-465a-8ce2-1e4031395107: 31 internal nodes; 1.2 s; peak memory 139 MiB.
2026-09-24T22:56:40Z INFO [78/500] 119a02c0-e46a-452a-a4ce-6447f35f5182: 53 internal nodes; 1.5 s; peak memory 139 MiB.
2026-09-24T22:56:41Z INFO [79/500] 119a0f26-c392-4f44-a75b-5e48c300e322: 18 internal nodes; 1.4 s; peak memory 139 MiB.
2026-09-24T22:56:42Z INFO [80/500] 119a4913-b675-4589-b0a6-4f56fd1421ef: 17 internal nodes; 1.0 s; peak memory 139 MiB.
2026-09-24T22:56:49Z INFO [81/500] 119a962e-9511-43f4-bbcf-91b6f1a26ec7: 61 internal nodes; 6.6 s; peak memory 139 MiB.
2026-09-24T22:56:59Z INFO [82/500] 119b344e-2635-45ea-8315-00e120e2946c: 161 internal nodes; 10.5 s; peak memory 139 MiB.
2026-09-24T22:57:01Z INFO [83/500] 119b505a-11ab-48a0-94e0-ac377ebfeb27: 22 internal nodes; 1.5 s; peak memory 139 MiB.
2026-09-24T22:57:02Z INFO [84/500] 119c9eb5-dfb5-48a1-9bd5-4a28ce413d2c: 19 internal nodes; 1.0 s; peak memory 139 MiB.
2026-09-24T22:57:17Z INFO [85/500] 119d87d7-56dc-4178-9bdb-4db9aa7df894: 324 internal nodes; 15.6 s; peak memory 148 MiB.
2026-09-24T22:57:19Z INFO [86/500] 119d9aef-dfda-47c5-86e0-16f382aa7ac3: 27 internal nodes; 1.3 s; peak memory 148 MiB.
2026-09-24T22:57:20Z INFO [87/500] 119e8c56-e301-49fc-a4c7-63d7af6f2b8e: 15 internal nodes; 1.0 s; peak memory 148 MiB.
2026-09-24T22:57:21Z INFO [88/500] 119fc669-0a7b-48f6-b7e9-97adffbed663: 31 internal nodes; 1.4 s; peak memory 148 MiB.
2026-09-24T22:57:22Z INFO [89/500] 119fccac-0653-429e-b375-413c4727cf44: 27 internal nodes; 1.2 s; peak memory 148 MiB.
2026-09-24T22:57:24Z INFO [90/500] 119fdad5-6736-4155-8f94-9111a8b291e3: 27 internal nodes; 1.4 s; peak memory 148 MiB.
2026-09-24T22:57:25Z INFO [91/500] 11a034bd-96d5-4616-96c8-3d9728ceda73: 17 internal nodes; 1.1 s; peak memory 148 MiB.
2026-09-24T22:57:27Z INFO [92/500] 11a22716-4aab-4835-8900-243ae6fd9930: 18 internal nodes; 2.3 s; peak memory 148 MiB.
2026-09-24T22:57:29Z INFO [93/500] 11a26bbe-2831-45b9-9841-499fd637f5ed: 27 internal nodes; 2.0 s; peak memory 148 MiB.
2026-09-24T22:57:30Z INFO [94/500] 11a27c17-7c7e-4990-a638-b881d5d29c1e: 90 internal nodes; 1.4 s; peak memory 148 MiB.
2026-09-24T22:57:31Z INFO [95/500] 11a314dc-c634-4630-8d1c-07e56faba4de: 17 internal nodes; 1.1 s; peak memory 148 MiB.
2026-09-24T22:57:35Z INFO [96/500] 11a35a44-f6cf-4c5a-a58d-330492a5a077: 46 internal nodes; 3.4 s; peak memory 148 MiB.
2026-09-24T22:57:47Z INFO [97/500] 11a3cc94-3295-4d2a-a5f9-de9adcd4a5be: 75 internal nodes; 12.2 s; peak memory 148 MiB.
2026-09-24T22:57:49Z INFO [98/500] 11a3cd0d-e50e-4373-8071-36e14a3fbc17: 44 internal nodes; 2.2 s; peak memory 148 MiB.
2026-09-24T22:57:51Z INFO [99/500] 11a427d2-58cb-4d76-a21c-618bb2632ecc: 31 internal nodes; 1.6 s; peak memory 148 MiB.
2026-09-24T22:57:52Z INFO [100/500] 11a44560-fc37-4989-9482-e893202ad6cc: 11 internal nodes; 1.1 s; peak memory 148 MiB.
2026-09-24T22:57:52Z INFO [100/500] 11a44560-fc37-4989-9482-e893202ad6cc: checkpointed 54574 records.
2026-09-24T22:57:54Z INFO [101/500] 11a45dcf-3301-4eb5-bac7-377e3a6ba2be: 31 internal nodes; 2.2 s; peak memory 148 MiB.
2026-09-24T22:57:55Z INFO [102/500] 11a528f3-bf05-4d20-9422-f64503a6d5a2: 27 internal nodes; 1.3 s; peak memory 148 MiB.
2026-09-24T22:57:57Z INFO [103/500] 11a57823-10d4-4c79-95cf-e60b452fd523: 13 internal nodes; 1.1 s; peak memory 148 MiB.
2026-09-24T22:57:58Z INFO [104/500] 11a58774-affc-4727-af09-1b215503c618: 27 internal nodes; 1.4 s; peak memory 148 MiB.
2026-09-24T22:57:59Z INFO [105/500] 11a62d40-fefa-4c20-ac7f-62f3b1fc5f4c: 27 internal nodes; 1.2 s; peak memory 148 MiB.
2026-09-24T22:58:02Z INFO [106/500] 11a632d4-438f-4185-a547-3924a8ae0027: 44 internal nodes; 3.0 s; peak memory 148 MiB.
2026-09-24T22:58:16Z INFO [107/500] 11a64b97-14ca-41a2-b990-fe61a2e579eb: 292 internal nodes; 14.1 s; peak memory 153 MiB.
2026-09-24T22:58:17Z INFO [108/500] 11a6d3a7-1816-4a50-8b79-e3ed3e2b25a5: 17 internal nodes; 1.1 s; peak memory 153 MiB.
2026-09-24T22:58:18Z INFO [109/500] 11a7161c-dca1-4981-8408-3dbae4cd4771: 18 internal nodes; 1.1 s; peak memory 153 MiB.
2026-09-24T22:58:20Z INFO [110/500] 11a7d218-9c03-4034-ba36-f155e30cf69c: 31 internal nodes; 1.7 s; peak memory 153 MiB.
2026-09-24T22:58:21Z INFO [111/500] 11a83e2d-3909-47f7-a1f6-334aa292b538: 26 internal nodes; 0.8 s; peak memory 153 MiB.
2026-09-24T22:58:22Z INFO [112/500] 11a8e348-7a9e-43f7-94ba-2be99e0c88ce: 27 internal nodes; 1.3 s; peak memory 153 MiB.
2026-09-24T22:58:23Z INFO [113/500] 11a90903-6c52-49ff-be73-dbc151e52d64: 115 internal nodes; 1.2 s; peak memory 153 MiB.
2026-09-24T22:58:24Z INFO [114/500] 11a9364e-4d67-4594-a082-bfea5cc48004: 22 internal nodes; 0.7 s; peak memory 153 MiB.
2026-09-24T22:58:25Z INFO [115/500] 11a9f9a2-291b-4c28-975f-0f85b0236e31: 27 internal nodes; 1.2 s; peak memory 153 MiB.
2026-09-24T22:58:28Z INFO [116/500] 11aa2a3f-cc0b-487e-949b-fe25577ac10f: 45 internal nodes; 2.9 s; peak memory 153 MiB.
2026-09-24T22:58:30Z INFO [117/500] 11aa6f76-b4e8-4dcb-bcb8-a204afbc365c: 27 internal nodes; 1.4 s; peak memory 153 MiB.
2026-09-24T22:58:32Z INFO [118/500] 11aabcc9-cffc-4ddf-8c6c-46d6ee8ce05f: 42 internal nodes; 2.2 s; peak memory 153 MiB.
2026-09-24T22:58:33Z INFO [119/500] 11aadde2-6046-4776-83eb-c02e72685995: 17 internal nodes; 0.9 s; peak memory 153 MiB.
2026-09-24T22:58:34Z INFO [120/500] 11abdf9d-1d3e-4db2-a404-7b9c13281dc5: 17 internal nodes; 1.0 s; peak memory 153 MiB.
2026-09-24T22:58:44Z INFO [121/500] 11ae20b4-60e1-4cf0-b6eb-57103a3bfaff: 50 internal nodes; 10.2 s; peak memory 233 MiB.
2026-09-24T22:58:45Z INFO [122/500] 11ae86a3-01b9-4c8b-87be-ae0fa79d1bb5: 17 internal nodes; 1.1 s; peak memory 233 MiB.
2026-09-24T22:58:47Z INFO [123/500] 11af1ce7-ded6-4f25-8bcc-66e3e4498999: 27 internal nodes; 1.4 s; peak memory 233 MiB.
2026-09-24T22:58:48Z INFO [124/500] 11af22a7-e045-4596-b770-99e5a441a833: 17 internal nodes; 1.1 s; peak memory 233 MiB.
2026-09-24T22:58:56Z INFO [125/500] 11afe493-2d4a-4f13-8de6-2564184214b0: 182 internal nodes; 8.6 s; peak memory 239 MiB.
2026-09-24T22:59:00Z INFO [126/500] 11b05f79-e04b-4f16-b3d9-820cc649d92c: 82 internal nodes; 3.9 s; peak memory 239 MiB.
2026-09-24T22:59:01Z INFO [127/500] 11b05fac-f744-4fbc-b559-1f7caa980e2a: 17 internal nodes; 0.9 s; peak memory 239 MiB.
2026-09-24T22:59:07Z INFO [128/500] 11b09c0e-3617-4328-8494-b0ab06d1ae4c: 54 internal nodes; 5.7 s; peak memory 239 MiB.
2026-09-24T22:59:10Z INFO [129/500] 11b0aa1c-c380-4ed8-96a6-615e1e59ef64: 44 internal nodes; 2.7 s; peak memory 239 MiB.
2026-09-24T22:59:11Z INFO [130/500] 11b0f31f-05f9-4683-8fe6-d4d26f03be55: 17 internal nodes; 1.0 s; peak memory 239 MiB.
2026-09-24T22:59:12Z INFO [131/500] 11b1b701-b699-4e2c-ae0b-2714aa25537f: 17 internal nodes; 1.0 s; peak memory 239 MiB.
2026-09-24T22:59:13Z INFO [132/500] 11b21750-e159-493b-bb4e-88959d913254: 15 internal nodes; 0.9 s; peak memory 239 MiB.
2026-09-24T22:59:16Z INFO [133/500] 11b21e19-9ec1-43c4-bb08-0e505ccdcfea: 41 internal nodes; 3.8 s; peak memory 239 MiB.
2026-09-24T22:59:18Z INFO [134/500] 11b2f505-6fad-4e40-93c5-b3b2941688cd: 26 internal nodes; 1.8 s; peak memory 239 MiB.
2026-09-24T22:59:21Z INFO [135/500] 11b406e7-b128-48bb-9b57-2def69e860ce: 56 internal nodes; 3.3 s; peak memory 239 MiB.
2026-09-24T22:59:31Z INFO [136/500] 11b4a378-d481-4310-a7ca-2422c4298e0f: 255 internal nodes; 9.9 s; peak memory 239 MiB.
2026-09-24T22:59:33Z INFO [137/500] 11b4d5cf-3425-4430-9123-ba76213704ae: 62 internal nodes; 1.9 s; peak memory 239 MiB.
2026-09-24T22:59:35Z INFO [138/500] 11b521b2-e247-4091-af0a-eeae28150642: 29 internal nodes; 1.5 s; peak memory 239 MiB.
2026-09-24T22:59:36Z INFO [139/500] 11b67e36-3c34-4992-bcd9-433323896002: 29 internal nodes; 1.4 s; peak memory 239 MiB.
2026-09-24T22:59:37Z INFO [140/500] 11b694ec-4456-4da9-809d-4596692b7614: 27 internal nodes; 1.3 s; peak memory 239 MiB.
2026-09-24T22:59:39Z INFO [141/500] 11b83325-7205-4c8d-a019-deb5cbfa8399: 61 internal nodes; 1.6 s; peak memory 239 MiB.
2026-09-24T22:59:41Z INFO [142/500] 11b8fbf8-c258-4f88-b26e-4f7f6d8cf19d: 31 internal nodes; 1.5 s; peak memory 239 MiB.
2026-09-24T22:59:42Z INFO [143/500] 11b943d7-94a2-44e6-a8e6-9eb21309cc63: 24 internal nodes; 1.7 s; peak memory 239 MiB.
2026-09-24T22:59:44Z INFO [144/500] 11ba6e72-d200-4135-afea-1e8fa127164d: 59 internal nodes; 2.2 s; peak memory 239 MiB.
2026-09-24T22:59:46Z INFO [145/500] 11bc4210-ff4b-4c8c-9d0d-c1f9a5e1c282: 115 internal nodes; 1.4 s; peak memory 239 MiB.
2026-09-24T22:59:49Z INFO [146/500] 11bc4a22-c5c9-4a83-92a0-4ec28a5b999a: 53 internal nodes; 2.8 s; peak memory 239 MiB.
2026-09-24T22:59:50Z INFO [147/500] 11bc879b-63c4-42d8-b45b-d680c391b024: 25 internal nodes; 1.3 s; peak memory 239 MiB.
2026-09-24T22:59:51Z INFO [148/500] 11bc89f4-bafa-4edd-8295-993953fe269f: 17 internal nodes; 0.8 s; peak memory 239 MiB.
2026-09-24T22:59:52Z INFO [149/500] 11bc8efa-b722-4cee-b674-d1210c391a94: 22 internal nodes; 1.2 s; peak memory 239 MiB.
2026-09-24T22:59:53Z INFO [150/500] 11be8eba-a934-4f2b-9fa6-79a9381e21a5: 17 internal nodes; 1.0 s; peak memory 239 MiB.
2026-09-24T22:59:53Z INFO [150/500] 11be8eba-a934-4f2b-9fa6-79a9381e21a5: checkpointed 54624 records.
2026-09-24T22:59:54Z INFO [151/500] 11beb20c-5cb0-4c60-8933-e53b20fbee36: 6 internal nodes; 0.7 s; peak memory 239 MiB.
2026-09-24T22:59:56Z INFO [152/500] 11c04b04-e4fd-4eb6-8c13-1ad0e729fc19: 66 internal nodes; 1.8 s; peak memory 239 MiB.
2026-09-24T22:59:57Z INFO [153/500] 11c14e61-0108-4249-9d0b-c9adcdbea644: 27 internal nodes; 1.4 s; peak memory 239 MiB.
2026-09-24T22:59:58Z INFO [154/500] 11c2b0ca-67fc-4262-9c78-626a2f94a9cf: 17 internal nodes; 1.0 s; peak memory 239 MiB.
2026-09-24T22:59:59Z INFO [155/500] 11c38cd0-18cb-4664-8e49-bb759e0696a4: 17 internal nodes; 1.0 s; peak memory 239 MiB.
2026-09-24T23:00:00Z INFO [156/500] 11c3ef0c-d847-4834-8691-c8401d863ee8: 17 internal nodes; 1.0 s; peak memory 239 MiB.
2026-09-24T23:00:07Z INFO [157/500] 11c7f808-60c3-47b4-bc58-cb4d54ed0f44: 116 internal nodes; 7.5 s; peak memory 239 MiB.
2026-09-24T23:00:09Z INFO [158/500] 11c8bffc-d1a4-4ed4-8dfa-dce26d30e31e: 18 internal nodes; 1.3 s; peak memory 239 MiB.
2026-09-24T23:00:11Z INFO [159/500] 11c9cc60-5fc9-48aa-9c26-c95697d1888f: 67 internal nodes; 2.1 s; peak memory 239 MiB.
2026-09-24T23:00:12Z INFO [160/500] 11ca5384-6049-49e8-93ae-9497d7ffa811: 17 internal nodes; 1.1 s; peak memory 239 MiB.
2026-09-24T23:00:23Z INFO [161/500] 11ca7433-804c-4112-9c2e-7b1abc6bc824: 182 internal nodes; 10.8 s; peak memory 239 MiB.
2026-09-24T23:00:24Z INFO [162/500] 11caa139-bd90-424c-a058-216444fc3f66: 17 internal nodes; 1.0 s; peak memory 239 MiB.
2026-09-24T23:00:26Z INFO [163/500] 11caab4e-d877-4f57-bd99-49ee6fa2e0dc: 31 internal nodes; 2.1 s; peak memory 239 MiB.
2026-09-24T23:00:27Z INFO [164/500] 11cc8802-f817-4560-af08-acc0f492ae8e: 17 internal nodes; 1.0 s; peak memory 239 MiB.
2026-09-24T23:00:28Z INFO [165/500] 11cc9db7-2582-4945-a8ab-f9bd42ceb26b: 26 internal nodes; 0.8 s; peak memory 239 MiB.
2026-09-24T23:00:30Z INFO [166/500] 11ccf009-19a2-43e8-9f85-81f81e47be3f: 44 internal nodes; 2.4 s; peak memory 239 MiB.
2026-09-24T23:00:42Z INFO [167/500] 11ce63ea-9f3c-433d-bb1f-bccf3dc01e7f: 2101 internal nodes; 11.8 s; peak memory 244 MiB.
2026-09-24T23:00:43Z INFO [168/500] 11ce64bc-e749-44a6-94a7-8624b74794fa: 17 internal nodes; 1.1 s; peak memory 244 MiB.
2026-09-24T23:00:45Z INFO [169/500] 11cea577-bb53-4abd-ac05-7ae18d1aca20: 31 internal nodes; 1.6 s; peak memory 244 MiB.
2026-09-24T23:00:47Z INFO [170/500] 11cff7e1-646f-4ef4-b3aa-71d8acf5aaf5: 31 internal nodes; 2.3 s; peak memory 244 MiB.
2026-09-24T23:00:48Z INFO [171/500] 11d023b1-d3e2-4253-b6fb-f85d4f5e1f9b: 30 internal nodes; 1.5 s; peak memory 244 MiB.
2026-09-24T23:00:49Z INFO [172/500] 11d08e53-ce02-4815-a469-14cf46074411: 17 internal nodes; 1.1 s; peak memory 244 MiB.
2026-09-24T23:00:51Z INFO [173/500] 11d1b5d0-3d05-400b-b0fb-9be724a0f0d6: 27 internal nodes; 1.5 s; peak memory 244 MiB.
2026-09-24T23:00:53Z INFO [174/500] 11d29c76-0c11-483a-86db-7b1988c5d03e: 22 internal nodes; 2.5 s; peak memory 244 MiB.
2026-09-24T23:00:55Z INFO [175/500] 11d38f6a-d28d-468f-a942-bc2284024cf5: 59 internal nodes; 1.8 s; peak memory 244 MiB.
2026-09-24T23:00:56Z INFO [176/500] 11d4e474-9164-4e37-ac11-d41347e57812: 17 internal nodes; 1.0 s; peak memory 244 MiB.
2026-09-24T23:00:58Z INFO [177/500] 11d746fa-bdc2-4a92-83b5-8a4b77fe8a38: 27 internal nodes; 1.4 s; peak memory 244 MiB.
2026-09-24T23:00:59Z INFO [178/500] 11d77b47-c29c-4477-8a4f-b6d7adadc4a9: 17 internal nodes; 1.0 s; peak memory 244 MiB.
2026-09-24T23:01:00Z INFO [179/500] 11d8a194-f938-4aba-a59c-ea65a16672b8: 27 internal nodes; 0.9 s; peak memory 244 MiB.
2026-09-24T23:01:01Z INFO [180/500] 11d93f52-f83d-42b6-aecc-51ea86898fd8: 115 internal nodes; 1.2 s; peak memory 244 MiB.
2026-09-24T23:01:02Z INFO [181/500] 11d94c55-0ec5-4d8a-83f7-1eccbad80a95: 17 internal nodes; 1.0 s; peak memory 244 MiB.
2026-09-24T23:01:03Z INFO [182/500] 11d9d0b8-13f8-4ccb-a456-a4c7b5558450: 17 internal nodes; 1.0 s; peak memory 244 MiB.
2026-09-24T23:01:04Z INFO [183/500] 11da770a-56e0-41aa-95bc-75d1eb6c6504: 17 internal nodes; 0.9 s; peak memory 244 MiB.
2026-09-24T23:01:05Z INFO [184/500] 11da9056-ab64-40f9-b14b-78f7fa81afc2: 17 internal nodes; 1.0 s; peak memory 244 MiB.
2026-09-24T23:01:06Z INFO [185/500] 11dacd19-ca04-4a4e-a7b0-fb10e7d4f846: 17 internal nodes; 0.9 s; peak memory 244 MiB.
2026-09-24T23:01:07Z INFO [186/500] 11db390b-76b0-44a6-bc6c-9444376a03a7: 31 internal nodes; 1.4 s; peak memory 244 MiB.
2026-09-24T23:01:09Z INFO [187/500] 11db6667-8d7c-4003-8740-0d3d52f098f9: 31 internal nodes; 1.9 s; peak memory 244 MiB.
2026-09-24T23:01:11Z INFO [188/500] 11db8c5f-4ed9-41c5-8eb0-36b78b41abd3: 55 internal nodes; 1.6 s; peak memory 244 MiB.
2026-09-24T23:01:13Z INFO [189/500] 11dbada3-56e2-4c85-87d5-ade73d45dd07: 24 internal nodes; 2.1 s; peak memory 244 MiB.
2026-09-24T23:01:14Z INFO [190/500] 11dbd60f-58b3-4668-86b1-c966c3ce29c0: 17 internal nodes; 1.4 s; peak memory 244 MiB.
2026-09-24T23:01:16Z INFO [191/500] 11dc4696-8397-48b4-997b-0015b3d4973f: 39 internal nodes; 1.7 s; peak memory 244 MiB.
2026-09-24T23:01:18Z INFO [192/500] 11de4dbb-06a2-47df-8a4c-07ef55df3760: 42 internal nodes; 2.7 s; peak memory 244 MiB.
2026-09-24T23:01:20Z INFO [193/500] 11df0366-de40-4955-97f5-7944c95a0913: 31 internal nodes; 1.5 s; peak memory 244 MiB.
2026-09-24T23:01:22Z INFO [194/500] 11e02d61-5d5a-4f3f-bf40-58fbff135686: 65 internal nodes; 2.2 s; peak memory 244 MiB.
2026-09-24T23:01:23Z INFO [195/500] 11e0d70e-eaac-442e-8a85-12834df27c4b: 27 internal nodes; 0.8 s; peak memory 244 MiB.
2026-09-24T23:01:24Z INFO [196/500] 11e11d3d-4349-4ac5-8c9c-4120c5a20ed6: 41 internal nodes; 1.4 s; peak memory 244 MiB.
2026-09-24T23:01:25Z INFO [197/500] 11e16620-ea63-48e2-af1d-757e915c18b5: 17 internal nodes; 1.1 s; peak memory 244 MiB.
2026-09-24T23:01:28Z INFO [198/500] 11e18a2d-cd89-4101-8296-e84951a0ebb1: 55 internal nodes; 2.8 s; peak memory 244 MiB.
2026-09-24T23:01:30Z INFO [199/500] 11e25a7e-d94d-47b5-84f8-d442a70b108a: 31 internal nodes; 1.6 s; peak memory 244 MiB.
2026-09-24T23:01:31Z INFO [200/500] 11e2b502-e7b2-4872-8f9f-e7bd5004e34c: 27 internal nodes; 1.3 s; peak memory 244 MiB.
2026-09-24T23:01:31Z INFO [200/500] 11e2b502-e7b2-4872-8f9f-e7bd5004e34c: checkpointed 54674 records.
2026-09-24T23:01:32Z INFO [201/500] 11e34c8f-967e-4c55-971f-3462f6b6632a: 13 internal nodes; 0.8 s; peak memory 244 MiB.
2026-09-24T23:01:33Z INFO [202/500] 11e36a66-7a7b-4684-b015-d1ed0276fdcf: 13 internal nodes; 1.2 s; peak memory 244 MiB.
2026-09-24T23:01:34Z INFO [203/500] 11e44296-e009-4078-9ff1-2b268b5b1f41: 11 internal nodes; 0.8 s; peak memory 244 MiB.
2026-09-24T23:01:36Z INFO [204/500] 11e44ad1-83b8-42aa-90bf-782d5c94466e: 27 internal nodes; 1.3 s; peak memory 244 MiB.
2026-09-24T23:01:37Z INFO [205/500] 11e49c92-5af8-4c11-b5df-7131920b53fc: 17 internal nodes; 1.2 s; peak memory 244 MiB.
2026-09-24T23:01:38Z INFO [206/500] 11e567e9-3bac-460c-ac5b-61285a0caf1b: 22 internal nodes; 0.9 s; peak memory 244 MiB.
2026-09-24T23:01:47Z INFO [207/500] 11e5e937-b8f3-451a-8664-14b0346d7e5d: 87 internal nodes; 9.9 s; peak memory 244 MiB.
2026-09-24T23:01:49Z INFO [208/500] 11e6374a-3139-40f8-99f0-164622241642: 61 internal nodes; 1.6 s; peak memory 244 MiB.
2026-09-24T23:01:50Z INFO [209/500] 11e6ec10-f8e9-44ff-a57d-8367e15c30f1: 22 internal nodes; 1.3 s; peak memory 244 MiB.
2026-09-24T23:01:55Z INFO [210/500] 11e6f258-de0a-42b9-b7e4-b221580a05b8: 123 internal nodes; 5.2 s; peak memory 244 MiB.
2026-09-24T23:01:58Z INFO [211/500] 11e6fbd2-7727-42e1-a5ac-68f571b1b958: 31 internal nodes; 2.4 s; peak memory 244 MiB.
2026-09-24T23:01:59Z INFO [212/500] 11e7aeea-a059-4a69-90ab-5c0ebd339d11: 25 internal nodes; 1.0 s; peak memory 244 MiB.
2026-09-24T23:02:00Z INFO [213/500] 11e8301b-144c-43f6-a3a4-6e38b3f815f7: 91 internal nodes; 1.6 s; peak memory 244 MiB.
2026-09-24T23:02:08Z INFO [214/500] 11e89513-5ed1-4fc2-bc8f-4d32fe869e73: 1370 internal nodes; 7.8 s; peak memory 262 MiB.
2026-09-24T23:02:09Z INFO [215/500] 11e93042-2657-4b85-b033-1ee759817673: 26 internal nodes; 0.8 s; peak memory 262 MiB.
2026-09-24T23:02:11Z INFO [216/500] 11e9fbf5-64be-468b-9833-80746fb17793: 44 internal nodes; 1.9 s; peak memory 262 MiB.
2026-09-24T23:02:12Z INFO [217/500] 11ea1097-a9c5-4db7-8e99-82a1f6c777fb: 90 internal nodes; 1.2 s; peak memory 262 MiB.
2026-09-24T23:02:13Z INFO [218/500] 11eac290-0f75-42d8-982a-8ca25373505c: 17 internal nodes; 0.9 s; peak memory 262 MiB.
2026-09-24T23:02:21Z INFO [219/500] 11eb665a-9204-4904-9d94-c923c4555094: 158 internal nodes; 7.8 s; peak memory 262 MiB.
2026-09-24T23:02:23Z INFO [220/500] 11ebc16f-3eee-4b67-a5d6-16cce19d84a8: 53 internal nodes; 1.5 s; peak memory 262 MiB.
2026-09-24T23:02:35Z INFO [221/500] 11ebcd44-48f5-498f-98f6-430d7e028468: 229 internal nodes; 12.8 s; peak memory 262 MiB.
2026-09-24T23:02:38Z INFO [222/500] 11ebed8f-c38d-43c9-8342-098918138a2e: 44 internal nodes; 2.6 s; peak memory 262 MiB.
2026-09-24T23:02:41Z INFO [223/500] 11ebfeb2-1d34-4779-ad1e-2bde9017c249: 44 internal nodes; 2.8 s; peak memory 262 MiB.
2026-09-24T23:02:42Z INFO [224/500] 11ec77b9-c931-4779-8536-67735488da7f: 19 internal nodes; 1.0 s; peak memory 262 MiB.
2026-09-24T23:02:49Z INFO [225/500] 11eca715-f59a-4f71-a42e-5706d04b0665: 143 internal nodes; 7.1 s; peak memory 262 MiB.
2026-09-24T23:02:50Z INFO [226/500] 11ee000e-1890-415c-a316-07eed2aac577: 17 internal nodes; 1.1 s; peak memory 262 MiB.
2026-09-24T23:02:51Z INFO [227/500] 11ee001e-1354-447b-a545-6d8be013237d: 15 internal nodes; 1.0 s; peak memory 262 MiB.
2026-09-24T23:02:52Z INFO [228/500] 11ee6172-2cbc-4131-ab37-4fedf1a0d80d: 11 internal nodes; 0.8 s; peak memory 262 MiB.
2026-09-24T23:02:53Z INFO [229/500] 11ee716f-4be4-49af-86aa-b2af23f4b880: 13 internal nodes; 1.1 s; peak memory 262 MiB.
2026-09-24T23:02:54Z INFO [230/500] 11ee8084-a567-435b-b533-444923c0140c: 17 internal nodes; 1.0 s; peak memory 262 MiB.
2026-09-24T23:03:06Z INFO [231/500] 11ee8d3a-b164-4c17-84e2-4a761ba5ec68: 252 internal nodes; 12.2 s; peak memory 262 MiB.
2026-09-24T23:03:08Z INFO [232/500] 11eeb954-97ef-4902-8409-24989dae959e: 69 internal nodes; 1.8 s; peak memory 262 MiB.
2026-09-24T23:03:09Z INFO [233/500] 11eed946-5b46-47cf-ba65-3a7627f85771: 17 internal nodes; 1.0 s; peak memory 262 MiB.
2026-09-24T23:03:10Z INFO [234/500] 11eede50-a27b-4d8b-8ce5-192981258f33: 119 internal nodes; 1.4 s; peak memory 262 MiB.
2026-09-24T23:03:11Z INFO [235/500] 11efd6e6-1b59-44a5-96c7-843e97ee5566: 17 internal nodes; 1.0 s; peak memory 262 MiB.
2026-09-24T23:03:13Z INFO [236/500] 11f0be72-b5cb-4dec-872b-ce453ffee39a: 54 internal nodes; 1.6 s; peak memory 262 MiB.
2026-09-24T23:03:14Z INFO [237/500] 11f0da7b-a05b-4508-9540-6eb793b9777f: 22 internal nodes; 1.4 s; peak memory 262 MiB.
2026-09-24T23:03:15Z INFO [238/500] 11f15691-529b-47ea-8a78-fab6a9fbadcf: 17 internal nodes; 1.1 s; peak memory 262 MiB.
2026-09-24T23:03:30Z INFO [239/500] 11f190c2-b7a3-4b16-be3d-c32a47d90673: 44 internal nodes; 14.5 s; peak memory 262 MiB.
2026-09-24T23:03:32Z INFO [240/500] 11f1ef7b-7afa-4f9d-bb5c-e1957d40bfa1: 65 internal nodes; 2.2 s; peak memory 262 MiB.
2026-09-24T23:03:41Z INFO [241/500] 11f362a8-1f2b-4779-b383-e6affd3aa9c9: 186 internal nodes; 8.8 s; peak memory 262 MiB.
2026-09-24T23:03:42Z INFO [242/500] 11f3b531-ef2c-44da-b6a7-3e8f83221ba9: 27 internal nodes; 1.4 s; peak memory 262 MiB.
2026-09-24T23:03:49Z INFO [243/500] 11f3c185-10a8-4808-a89d-3ae50cd4507e: 79 internal nodes; 7.0 s; peak memory 262 MiB.
2026-09-24T23:03:50Z INFO [244/500] 11f3d9e6-0619-4f3b-aff1-b10435cbcb57: 17 internal nodes; 1.1 s; peak memory 262 MiB.
2026-09-24T23:03:52Z INFO [245/500] 11f3e0d0-4edd-4a8e-bf53-b9bd5b8391e4: 27 internal nodes; 1.3 s; peak memory 262 MiB.
2026-09-24T23:04:01Z INFO [246/500] 11f421ee-a92c-4da0-8e03-1cb125033c4a: 174 internal nodes; 9.5 s; peak memory 262 MiB.
2026-09-24T23:04:03Z INFO [247/500] 11f433b5-17cf-452d-a67b-24403bec05e5: 31 internal nodes; 1.9 s; peak memory 262 MiB.
2026-09-24T23:04:04Z INFO [248/500] 11f4873a-bb94-445b-9a6d-6952171482d6: 11 internal nodes; 0.7 s; peak memory 262 MiB.
2026-09-24T23:04:05Z INFO [249/500] 11f48ffd-e66f-4b33-a346-286638ecb6cc: 11 internal nodes; 0.8 s; peak memory 262 MiB.
2026-09-24T23:04:06Z INFO [250/500] 11f50bf2-a51f-4077-a2f5-96c3cc535607: 30 internal nodes; 1.5 s; peak memory 262 MiB.
2026-09-24T23:04:06Z INFO [250/500] 11f50bf2-a51f-4077-a2f5-96c3cc535607: checkpointed 54724 records.
2026-09-24T23:04:07Z INFO [251/500] 11f50bfe-d3db-4a63-820d-6af2e3a7f028: 19 internal nodes; 1.1 s; peak memory 262 MiB.
2026-09-24T23:04:09Z INFO [252/500] 11f65b60-01f0-48f8-805e-9f0cd1b0c9d8: 60 internal nodes; 1.6 s; peak memory 262 MiB.
2026-09-24T23:04:11Z INFO [253/500] 11f68282-640e-49b6-a27f-a6858de2cd2b: 56 internal nodes; 1.5 s; peak memory 262 MiB.
2026-09-24T23:04:12Z INFO [254/500] 11f6f243-f5ad-46a0-a944-20f7ff6df797: 27 internal nodes; 1.3 s; peak memory 262 MiB.
2026-09-24T23:04:55Z INFO [255/500] 11f7b47e-bb42-42bf-b138-b8f58d5c7840: 2421 internal nodes; 42.9 s; peak memory 296 MiB.
2026-09-24T23:04:56Z INFO [256/500] 11f7c8cc-7223-4c4c-9708-971dd32bd90f: 31 internal nodes; 1.7 s; peak memory 296 MiB.
2026-09-24T23:05:09Z INFO [257/500] 11f8700e-f585-415e-b3ca-b13cc1620ef6: 288 internal nodes; 12.5 s; peak memory 296 MiB.
2026-09-24T23:05:13Z INFO [258/500] 11f8c177-b44f-4874-a526-a891b14de36a: 57 internal nodes; 4.4 s; peak memory 296 MiB.
2026-09-24T23:06:08Z INFO [259/500] 11f8cc2e-afac-4dac-b575-567471c8ba15: 540 internal nodes; 54.8 s; peak memory 296 MiB.
2026-09-24T23:06:45Z INFO [260/500] 11f90025-e8bd-40da-82b4-16fb0eecc8ca: 327 internal nodes; 36.5 s; peak memory 296 MiB.
2026-09-24T23:06:46Z INFO [261/500] 11f92f3a-ac9f-4022-bbe2-ef0f21bb8dff: 19 internal nodes; 1.2 s; peak memory 296 MiB.
2026-09-24T23:06:48Z INFO [262/500] 11f93b27-0367-4344-8e71-5f0e82074d1a: 38 internal nodes; 2.6 s; peak memory 296 MiB.
2026-09-24T23:06:50Z INFO [263/500] 11f99a2c-f06a-4f15-bb9d-8db12c6c86be: 17 internal nodes; 1.1 s; peak memory 296 MiB.
2026-09-24T23:06:51Z INFO [264/500] 11fb8235-157f-4239-9fc2-7620978a61c5: 27 internal nodes; 1.4 s; peak memory 296 MiB.
2026-09-24T23:06:52Z INFO [265/500] 11fb97ad-fb19-4b0d-ba27-817a46de01d9: 17 internal nodes; 1.1 s; peak memory 296 MiB.
2026-09-24T23:06:54Z INFO [266/500] 11fbc4d1-a204-4f06-af01-9b20905404f5: 29 internal nodes; 1.9 s; peak memory 296 MiB.
2026-09-24T23:07:03Z INFO [267/500] 11fc6920-b435-4628-9446-35754187f33d: 250 internal nodes; 9.1 s; peak memory 296 MiB.
2026-09-24T23:07:12Z INFO [268/500] 11fc6a93-d244-4752-b8bf-b5fb6873d8c6: 209 internal nodes; 8.7 s; peak memory 296 MiB.
2026-09-24T23:07:12Z INFO [269/500] 11fcb818-bca0-44e1-a074-76e02b5c332b: 11 internal nodes; 0.8 s; peak memory 296 MiB.
2026-09-24T23:07:23Z INFO [270/500] 11fda530-e803-474c-8d48-2a0e0bbef3ad: 114 internal nodes; 10.6 s; peak memory 296 MiB.
2026-09-24T23:07:24Z INFO [271/500] 11feaeef-3944-402a-add1-519a7056c4b4: 15 internal nodes; 0.8 s; peak memory 296 MiB.
2026-09-24T23:07:25Z INFO [272/500] 11ff0d56-e359-4ca0-8562-788c921538f4: 27 internal nodes; 0.9 s; peak memory 296 MiB.
2026-09-24T23:07:25Z INFO [273/500] 11ffb9ce-d6fe-4d85-a7fb-bb599e6dda48: 17 internal nodes; 0.8 s; peak memory 296 MiB.
2026-09-24T23:07:34Z INFO [274/500] 12002ebd-c3c0-4c7d-9a77-db590f4795d9: 243 internal nodes; 8.6 s; peak memory 296 MiB.
2026-09-24T23:07:35Z INFO [275/500] 1200b15a-028a-4414-943e-b32aeaf31200: 29 internal nodes; 1.2 s; peak memory 296 MiB.
2026-09-24T23:07:37Z INFO [276/500] 1200e0e3-e430-4006-a469-53f1fde9c00d: 27 internal nodes; 1.5 s; peak memory 296 MiB.
2026-09-24T23:07:38Z INFO [277/500] 1200f110-f397-46d2-a2e0-f6ae84674653: 17 internal nodes; 1.0 s; peak memory 296 MiB.
2026-09-24T23:07:47Z INFO [278/500] 12015104-8ec2-4418-872e-51ed11095dec: 83 internal nodes; 9.1 s; peak memory 296 MiB.
2026-09-24T23:07:48Z INFO [279/500] 12019d91-2b45-45da-89cb-f345f018722d: 22 internal nodes; 1.3 s; peak memory 296 MiB.
2026-09-24T23:07:50Z INFO [280/500] 1201b39a-a8ae-4032-89ab-eb8c5402f42f: 29 internal nodes; 1.7 s; peak memory 296 MiB.
2026-09-24T23:07:51Z INFO [281/500] 12035adc-54f9-4e3b-8131-2ffb6b0cf7c3: 17 internal nodes; 1.0 s; peak memory 296 MiB.
2026-09-24T23:07:52Z INFO [282/500] 12041904-7898-4d75-9c4d-85f160d81e51: 17 internal nodes; 1.1 s; peak memory 296 MiB.
2026-09-24T23:07:53Z INFO [283/500] 12041b2a-269d-412b-8df8-c68c79604681: 27 internal nodes; 1.2 s; peak memory 296 MiB.
2026-09-24T23:07:55Z INFO [284/500] 1205bbd8-888a-4c32-b63e-4a1268ff95b7: 28 internal nodes; 1.5 s; peak memory 296 MiB.
2026-09-24T23:07:56Z INFO [285/500] 1205f767-eecb-4afd-a374-028c5fd7c6f4: 17 internal nodes; 1.0 s; peak memory 296 MiB.
2026-09-24T23:07:56Z INFO [286/500] 12060631-d404-43ea-a54e-32d7e47a4470: 11 internal nodes; 0.8 s; peak memory 296 MiB.
2026-09-24T23:07:57Z INFO [287/500] 1206f64c-3d08-4916-8039-ce5e121555d4: 17 internal nodes; 1.0 s; peak memory 296 MiB.
2026-09-24T23:08:03Z INFO [288/500] 1208df2d-6d5b-4037-b56f-0d6f6b2f9d60: 102 internal nodes; 5.4 s; peak memory 296 MiB.
2026-09-24T23:08:05Z INFO [289/500] 1208eb1e-8106-4d13-b157-b834ad6b1d53: 24 internal nodes; 2.0 s; peak memory 296 MiB.
2026-09-24T23:08:15Z INFO [290/500] 1209f31a-acda-4ee9-9d9b-4eb861acf8f4: 83 internal nodes; 9.9 s; peak memory 296 MiB.
2026-09-24T23:08:16Z INFO [291/500] 120a2703-8221-4418-889f-be0adf7495cf: 25 internal nodes; 1.4 s; peak memory 296 MiB.
2026-09-24T23:08:27Z INFO [292/500] 120a27e8-f074-41fd-80be-513db971a0dc: 328 internal nodes; 11.4 s; peak memory 296 MiB.
2026-09-24T23:08:29Z INFO [293/500] 120a6996-db51-4ade-aba8-5087c0e6d68f: 24 internal nodes; 1.6 s; peak memory 296 MiB.
2026-09-24T23:08:34Z INFO [294/500] 120abe6d-b4d4-44a6-b8af-bfa70bb337f0: 68 internal nodes; 5.3 s; peak memory 296 MiB.
2026-09-24T23:08:35Z INFO [295/500] 120aeeca-3322-4569-b04d-864adbe35bc1: 17 internal nodes; 1.1 s; peak memory 296 MiB.
2026-09-24T23:08:37Z INFO [296/500] 120b3e34-b185-4a48-ae86-cddf1fa345be: 55 internal nodes; 1.6 s; peak memory 296 MiB.
2026-09-24T23:08:38Z INFO [297/500] 120b836e-9afb-492b-9d44-974f89656b11: 13 internal nodes; 0.9 s; peak memory 296 MiB.
2026-09-24T23:08:39Z INFO [298/500] 120c1ef9-093e-4646-82fb-850abc4ae2bc: 24 internal nodes; 1.5 s; peak memory 296 MiB.
2026-09-24T23:08:43Z INFO [299/500] 120cfb9e-71fc-445f-b4fe-d7e32399f4db: 41 internal nodes; 3.1 s; peak memory 296 MiB.
2026-09-24T23:08:44Z INFO [300/500] 120d912a-4407-4399-9c9e-7554f1ce6f36: 31 internal nodes; 1.4 s; peak memory 296 MiB.
2026-09-24T23:08:44Z INFO [300/500] 120d912a-4407-4399-9c9e-7554f1ce6f36: checkpointed 54774 records.
2026-09-24T23:08:45Z INFO [301/500] 120dd847-87da-4ca8-97c5-b91969f12fae: 17 internal nodes; 1.1 s; peak memory 296 MiB.
2026-09-24T23:08:46Z INFO [302/500] 120df354-e893-4d32-91e6-5d6abfb784a3: 17 internal nodes; 1.0 s; peak memory 296 MiB.
2026-09-24T23:08:48Z INFO [303/500] 120e44a1-5706-46e9-ab6e-f1a6fe7cc24c: 67 internal nodes; 1.6 s; peak memory 296 MiB.
2026-09-24T23:08:49Z INFO [304/500] 120f147a-ce99-41da-9dc0-05d67c6517f0: 23 internal nodes; 1.2 s; peak memory 296 MiB.
2026-09-24T23:08:50Z INFO [305/500] 120f542e-9dbf-4e31-9021-e6c7460f38ff: 25 internal nodes; 1.3 s; peak memory 296 MiB.
2026-09-24T23:08:52Z INFO [306/500] 120f78da-7bc0-40f9-8019-c90e4995bcb3: 27 internal nodes; 1.2 s; peak memory 296 MiB.
2026-09-24T23:08:53Z INFO [307/500] 12101f91-5658-4f2b-90fa-82943835d730: 83 internal nodes; 1.6 s; peak memory 296 MiB.
2026-09-24T23:08:54Z INFO [308/500] 12103d53-aba2-49a7-ae4a-bebacb0e4749: 27 internal nodes; 1.3 s; peak memory 296 MiB.
2026-09-24T23:08:56Z INFO [309/500] 1210a0bb-3534-4d5f-94c7-b4905a1eedc0: 36 internal nodes; 1.9 s; peak memory 296 MiB.
2026-09-24T23:08:57Z INFO [310/500] 12111f9c-54e0-4794-a151-4016e61b1a38: 17 internal nodes; 1.1 s; peak memory 296 MiB.
2026-09-24T23:08:59Z INFO [311/500] 12118745-95b5-4634-800c-56a068ad650d: 31 internal nodes; 2.1 s; peak memory 296 MiB.
2026-09-24T23:09:01Z INFO [312/500] 1212a13c-cd5a-4d7a-895d-5926e5f7d5d3: 23 internal nodes; 1.1 s; peak memory 296 MiB.
2026-09-24T23:09:10Z INFO [313/500] 1212b804-9350-470b-a18e-dbd8cd944a09: 311 internal nodes; 9.6 s; peak memory 296 MiB.
2026-09-24T23:09:11Z INFO [314/500] 12134ed9-8cb8-4b9b-840f-f31d01b93aaf: 19 internal nodes; 1.1 s; peak memory 296 MiB.
2026-09-24T23:09:14Z INFO [315/500] 121350f7-2f15-4894-b070-3bfbb20f3cd3: 44 internal nodes; 2.9 s; peak memory 296 MiB.
2026-09-24T23:09:15Z INFO [316/500] 1215143d-de87-4b46-b417-0e0bac375456: 17 internal nodes; 1.0 s; peak memory 296 MiB.
2026-09-24T23:09:24Z INFO [317/500] 1215d3f1-4998-4119-a1c8-3e2bc03ca793: 133 internal nodes; 8.6 s; peak memory 296 MiB.
2026-09-24T23:09:28Z INFO [318/500] 121643b9-965a-48cb-b1cc-a781615665dc: 86 internal nodes; 4.3 s; peak memory 296 MiB.
2026-09-24T23:10:23Z INFO [319/500] 1216b8bb-5b2d-463f-8814-dd441be25ae3: 1335 internal nodes; 55.1 s; peak memory 313 MiB.
2026-09-24T23:10:24Z INFO [320/500] 121720c9-e282-4112-bb5e-b4af4895da0a: 27 internal nodes; 1.3 s; peak memory 313 MiB.
2026-09-24T23:10:25Z INFO [321/500] 1217343c-f3cb-40c9-933c-eacd21fb8af3: 17 internal nodes; 1.1 s; peak memory 313 MiB.
2026-09-24T23:10:27Z INFO [322/500] 12174aa1-75f8-4865-b70a-23d7ed7f583c: 21 internal nodes; 1.4 s; peak memory 313 MiB.
2026-09-24T23:10:28Z INFO [323/500] 1217db55-6c2b-4a4c-b3c8-ebac212d1f82: 27 internal nodes; 1.1 s; peak memory 313 MiB.
2026-09-24T23:10:29Z INFO [324/500] 12183924-2f33-492d-8687-27f8ecb8f0c8: 23 internal nodes; 1.1 s; peak memory 313 MiB.
2026-09-24T23:10:31Z INFO [325/500] 121a1419-772f-407b-931e-1f6fdcc2d56b: 37 internal nodes; 1.7 s; peak memory 313 MiB.
2026-09-24T23:10:32Z INFO [326/500] 121aa54f-7a26-4e7a-855f-e209fac313cb: 15 internal nodes; 1.1 s; peak memory 313 MiB.
2026-09-24T23:10:33Z INFO [327/500] 121ad2be-6ddc-48e5-850d-76d4ddb02744: 17 internal nodes; 1.0 s; peak memory 313 MiB.
2026-09-24T23:10:35Z INFO [328/500] 121b56b5-3d0d-49bb-9297-bd9d6ae249b5: 34 internal nodes; 1.7 s; peak memory 313 MiB.
2026-09-24T23:10:36Z INFO [329/500] 121b9342-fa95-4e19-8af4-9b427f1757b7: 27 internal nodes; 1.3 s; peak memory 313 MiB.
2026-09-24T23:10:38Z INFO [330/500] 121c346c-e1ed-4bc9-a021-1b243412f0d8: 31 internal nodes; 1.7 s; peak memory 313 MiB.
2026-09-24T23:10:38Z INFO [331/500] 121da5c1-1e62-4edc-8ee1-7d32ddeab1db: 14 internal nodes; 0.8 s; peak memory 313 MiB.
2026-09-24T23:10:39Z INFO [332/500] 121dcef4-e731-44db-859f-8f961bc107ed: 17 internal nodes; 1.0 s; peak memory 313 MiB.
2026-09-24T23:10:41Z INFO [333/500] 121dfcbe-390b-4e0b-ae3e-10b7e3cd1239: 31 internal nodes; 1.5 s; peak memory 313 MiB.
2026-09-24T23:10:42Z INFO [334/500] 121e2cbb-5de4-464d-8f20-7c85137059e8: 24 internal nodes; 1.1 s; peak memory 313 MiB.
2026-09-24T23:10:43Z INFO [335/500] 121e8fe4-a633-422b-8a9f-c9116648c46c: 17 internal nodes; 1.0 s; peak memory 313 MiB.
2026-09-24T23:10:44Z INFO [336/500] 121ef46f-6008-41a2-acd0-a9eebf55a271: 13 internal nodes; 0.8 s; peak memory 313 MiB.
2026-09-24T23:10:45Z INFO [337/500] 121f035b-8e03-4ec3-8432-9e265cb5f36d: 17 internal nodes; 1.0 s; peak memory 313 MiB.
2026-09-24T23:10:47Z INFO [338/500] 121f2566-6460-45de-ac8b-6fba0d873a1a: 44 internal nodes; 2.5 s; peak memory 313 MiB.
2026-09-24T23:11:03Z INFO [339/500] 121f537b-2391-4335-aca1-42136475a638: 263 internal nodes; 15.7 s; peak memory 313 MiB.
2026-09-24T23:11:09Z INFO [340/500] 121f5974-fe5e-4ed1-a1e1-9f6f447f9448: 114 internal nodes; 5.8 s; peak memory 313 MiB.
2026-09-24T23:11:09Z INFO [341/500] 121fcbec-44a6-4e6b-b6c5-347da2cf2c45: 26 internal nodes; 0.8 s; peak memory 313 MiB.
2026-09-24T23:11:10Z INFO [342/500] 121ff89c-63ae-40b3-915f-6978e45abd07: 17 internal nodes; 1.0 s; peak memory 313 MiB.
2026-09-24T23:11:12Z INFO [343/500] 12201348-d45a-4678-a7db-40da18fdcaf2: 29 internal nodes; 1.7 s; peak memory 313 MiB.
2026-09-24T23:11:14Z INFO [344/500] 122015e2-1ed5-45a0-9b90-33a9d6654a05: 31 internal nodes; 1.8 s; peak memory 313 MiB.
2026-09-24T23:11:15Z INFO [345/500] 122019fc-ef8d-4e3c-a7ff-2495211b0e15: 17 internal nodes; 0.9 s; peak memory 313 MiB.
2026-09-24T23:11:16Z INFO [346/500] 1221263b-f8a8-4935-801a-1c1130ce4b4e: 11 internal nodes; 0.8 s; peak memory 313 MiB.
2026-09-24T23:11:20Z INFO [347/500] 12213733-f2a4-4f96-b27e-16a657582eaf: 58 internal nodes; 4.1 s; peak memory 313 MiB.
2026-09-24T23:11:21Z INFO [348/500] 12231469-3eea-4ebc-85fe-dcd922cfe67d: 65 internal nodes; 1.7 s; peak memory 313 MiB.
2026-09-24T23:11:22Z INFO [349/500] 1223d42e-0e81-4385-9a52-8074b59b7caf: 17 internal nodes; 0.9 s; peak memory 313 MiB.
2026-09-24T23:11:26Z INFO [350/500] 1224106b-06f6-4a29-970e-78714c1e01c1: 48 internal nodes; 3.9 s; peak memory 313 MiB.
2026-09-24T23:11:26Z INFO [350/500] 1224106b-06f6-4a29-970e-78714c1e01c1: checkpointed 54824 records.
2026-09-24T23:11:28Z INFO [351/500] 1225a220-011e-4835-8d3d-bf90747bf43e: 25 internal nodes; 1.4 s; peak memory 313 MiB.
2026-09-24T23:11:29Z INFO [352/500] 1225c307-def8-41a1-ad6c-910d9cc3e376: 27 internal nodes; 1.4 s; peak memory 313 MiB.
2026-09-24T23:11:31Z INFO [353/500] 122607e7-75b1-4a4f-9d62-5232feea57c4: 63 internal nodes; 1.6 s; peak memory 313 MiB.
2026-09-24T23:11:32Z INFO [354/500] 1226946d-2167-4dd4-9909-1fcadf8c1465: 17 internal nodes; 1.0 s; peak memory 313 MiB.
2026-09-24T23:11:37Z INFO [355/500] 122694f6-2581-4218-9f00-963af2fe1551: 54 internal nodes; 5.6 s; peak memory 313 MiB.
2026-09-24T23:11:38Z INFO [356/500] 1227d65c-a3c4-4e0c-94ba-d7dc2eccc981: 17 internal nodes; 1.1 s; peak memory 313 MiB.
2026-09-24T23:11:42Z INFO [357/500] 12283c9b-6149-4981-8010-38c63e41ac25: 50 internal nodes; 3.2 s; peak memory 313 MiB.
2026-09-24T23:11:47Z INFO [358/500] 1228415a-1cd2-44e2-ad59-8c87f3ef0445: 73 internal nodes; 5.4 s; peak memory 313 MiB.
2026-09-24T23:11:48Z INFO [359/500] 1228c416-6ba4-4a1d-af59-6973ed089126: 17 internal nodes; 0.9 s; peak memory 313 MiB.
2026-09-24T23:11:49Z INFO [360/500] 1228dc38-0dff-4856-b197-9f9771154139: 26 internal nodes; 0.7 s; peak memory 313 MiB.
2026-09-24T23:11:50Z INFO [361/500] 12291183-811e-4512-93b8-f8cd24e52ff0: 27 internal nodes; 1.4 s; peak memory 313 MiB.
2026-09-24T23:11:52Z INFO [362/500] 12298b03-60ee-4bc9-8703-4a48c964c449: 26 internal nodes; 1.8 s; peak memory 313 MiB.
2026-09-24T23:11:53Z INFO [363/500] 122ad4d8-647b-49d9-992b-0f55c9e0f1fe: 31 internal nodes; 1.6 s; peak memory 313 MiB.
2026-09-24T23:11:54Z INFO [364/500] 122bcd31-2025-4cc0-8893-ea9ffac15000: 27 internal nodes; 1.2 s; peak memory 313 MiB.
2026-09-24T23:11:56Z INFO [365/500] 122d7796-6bf3-41fd-9588-a0ab9173878e: 27 internal nodes; 1.4 s; peak memory 313 MiB.
2026-09-24T23:11:58Z INFO [366/500] 122d9b95-433b-433f-af03-f0ed5a8ffb3a: 44 internal nodes; 2.6 s; peak memory 313 MiB.
2026-09-24T23:12:08Z INFO [367/500] 122ded53-02cb-4754-9410-ce06319c5015: 50 internal nodes; 9.7 s; peak memory 313 MiB.
2026-09-24T23:12:09Z INFO [368/500] 122e9d9f-8201-498e-ae1b-ad67df4c2a88: 17 internal nodes; 0.8 s; peak memory 313 MiB.
2026-09-24T23:12:10Z INFO [369/500] 122f3d58-d0cd-45ce-a706-2aeee35fb44e: 17 internal nodes; 0.8 s; peak memory 313 MiB.
2026-09-24T23:12:10Z INFO [370/500] 122f48e9-d34c-4a02-9a6f-9f6211fb696d: 11 internal nodes; 0.7 s; peak memory 313 MiB.
2026-09-24T23:12:13Z INFO [371/500] 122f9538-8877-4679-b22d-40ae8953d4ae: 49 internal nodes; 2.3 s; peak memory 313 MiB.
2026-09-24T23:12:15Z INFO [372/500] 12305f60-5d53-45fc-a84a-bc1de12ccfa5: 44 internal nodes; 2.5 s; peak memory 313 MiB.
2026-09-24T23:12:16Z INFO [373/500] 12309178-a161-4588-a2db-2f823eea3318: 17 internal nodes; 1.0 s; peak memory 313 MiB.
2026-09-24T23:12:17Z INFO [374/500] 1230d2ec-c89c-4eb1-a4c9-ea7e944e325d: 17 internal nodes; 0.9 s; peak memory 313 MiB.
2026-09-24T23:12:19Z INFO [375/500] 123237a3-0fc9-4279-a233-0d43afcf7d8f: 30 internal nodes; 1.6 s; peak memory 313 MiB.
2026-09-24T23:12:20Z INFO [376/500] 1232e661-8518-4acd-a2ac-b8e2bb7d5c9a: 17 internal nodes; 1.0 s; peak memory 313 MiB.
2026-09-24T23:12:21Z INFO [377/500] 1232f915-dfcc-44dc-9dba-01b0aad35a76: 27 internal nodes; 1.4 s; peak memory 313 MiB.
2026-09-24T23:13:13Z INFO [378/500] 12331c6c-1773-4743-93cc-f47318d928f6: 608 internal nodes; 52.2 s; peak memory 313 MiB.
2026-09-24T23:13:15Z INFO [379/500] 1233a047-9995-4dc9-a165-ffc3ad78e76a: 29 internal nodes; 2.1 s; peak memory 313 MiB.
2026-09-24T23:13:16Z INFO [380/500] 12341f9f-a878-4193-9a48-3d77a6e181c1: 17 internal nodes; 1.0 s; peak memory 313 MiB.
2026-09-24T23:13:20Z INFO [381/500] 1234795a-8904-4acd-8294-ee6b35823257: 46 internal nodes; 3.7 s; peak memory 313 MiB.
2026-09-24T23:13:35Z INFO [382/500] 1235ec9c-5b62-41fb-8947-7aa7c5e963ac: 355 internal nodes; 15.2 s; peak memory 313 MiB.
2026-09-24T23:13:37Z INFO [383/500] 12364d6d-1440-4acb-b8c4-589689039451: 27 internal nodes; 1.3 s; peak memory 313 MiB.
2026-09-24T23:13:38Z INFO [384/500] 1236eb43-41b6-4d57-a955-45ed70f49e85: 27 internal nodes; 1.3 s; peak memory 313 MiB.
2026-09-24T23:13:39Z INFO [385/500] 1236f925-ff1e-40f6-9446-94707d7a52b3: 17 internal nodes; 1.0 s; peak memory 313 MiB.
2026-09-24T23:13:40Z INFO [386/500] 1237a22e-1c54-4ca0-b960-d114b1ffa75a: 17 internal nodes; 1.1 s; peak memory 313 MiB.
2026-09-24T23:13:42Z INFO [387/500] 12382fc7-378d-447f-abfc-61cd294d16f3: 66 internal nodes; 2.0 s; peak memory 313 MiB.
2026-09-24T23:13:43Z INFO [388/500] 12385aab-7078-459b-beeb-aeb8bff303be: 19 internal nodes; 0.7 s; peak memory 313 MiB.
2026-09-24T23:13:44Z INFO [389/500] 12388f91-3998-4586-a805-74ceedbddb58: 56 internal nodes; 1.5 s; peak memory 313 MiB.
2026-09-24T23:13:45Z INFO [390/500] 1239df50-c2bc-4c9e-a7e2-8fceb823b63b: 22 internal nodes; 1.0 s; peak memory 313 MiB.
2026-09-24T23:13:46Z INFO [391/500] 123a2644-802c-47b0-a907-593b71112a20: 27 internal nodes; 1.2 s; peak memory 313 MiB.
2026-09-24T23:13:48Z INFO [392/500] 123a6d68-d47d-426d-a706-a6b7d5e2cab4: 27 internal nodes; 1.2 s; peak memory 313 MiB.
2026-09-24T23:13:49Z INFO [393/500] 123ca2c4-e542-46ae-a15e-4288a816cb36: 17 internal nodes; 0.9 s; peak memory 313 MiB.
2026-09-24T23:13:50Z INFO [394/500] 123d2c8c-1d9d-4a5d-8e3d-f5d80ef68ef1: 17 internal nodes; 1.0 s; peak memory 313 MiB.
2026-09-24T23:14:11Z INFO [395/500] 123e8e3a-0480-451a-86fd-8d9e0fd00e0f: 2676 internal nodes; 21.2 s; peak memory 313 MiB.
2026-09-24T23:14:12Z INFO [396/500] 123f412d-5508-4584-9b81-c3d8488d8f46: 27 internal nodes; 1.3 s; peak memory 313 MiB.
2026-09-24T23:14:13Z INFO [397/500] 123f60a1-b332-442e-850f-5206d3a77867: 28 internal nodes; 1.0 s; peak memory 313 MiB.
2026-09-24T23:14:15Z INFO [398/500] 123f7c0c-5789-475b-846b-ada8cc415fce: 31 internal nodes; 1.6 s; peak memory 313 MiB.
2026-09-24T23:14:16Z INFO [399/500] 123f847c-95d9-445a-b82b-792060d0e6db: 17 internal nodes; 1.0 s; peak memory 313 MiB.
2026-09-24T23:14:17Z INFO [400/500] 1240195e-3812-4145-90b7-ee169150b96b: 17 internal nodes; 1.1 s; peak memory 313 MiB.
2026-09-24T23:14:17Z INFO [400/500] 1240195e-3812-4145-90b7-ee169150b96b: checkpointed 54874 records.
2026-09-24T23:14:18Z INFO [401/500] 12402105-b7a5-4fb7-9104-39eec9c02ce2: 115 internal nodes; 1.1 s; peak memory 313 MiB.
2026-09-24T23:14:32Z INFO [402/500] 124046f3-de4c-4282-beb8-1debfcd5d0f5: 297 internal nodes; 14.4 s; peak memory 313 MiB.
2026-09-24T23:14:40Z INFO [403/500] 1241486c-137c-4086-b89b-1150c6224489: 42 internal nodes; 7.4 s; peak memory 313 MiB.
2026-09-24T23:14:41Z INFO [404/500] 12414a9e-e429-480c-9f03-411adc1deda5: 58 internal nodes; 1.6 s; peak memory 313 MiB.
2026-09-24T23:14:47Z INFO [405/500] 12415cf0-7e0d-4ae5-a3d5-1b426f865e59: 73 internal nodes; 5.7 s; peak memory 313 MiB.
2026-09-24T23:14:48Z INFO [406/500] 1241959b-4eb8-424d-9da0-ebf7b5736ec4: 22 internal nodes; 0.8 s; peak memory 313 MiB.
2026-09-24T23:14:49Z INFO [407/500] 12420852-30b3-4107-8211-cb7b61555f3f: 31 internal nodes; 1.4 s; peak memory 313 MiB.
2026-09-24T23:14:50Z INFO [408/500] 1242178f-2342-4812-a8a3-5f4a5bc0aca2: 17 internal nodes; 1.0 s; peak memory 313 MiB.
2026-09-24T23:14:52Z INFO [409/500] 1242627f-7b68-4415-b21b-3bb9bfc1d644: 29 internal nodes; 1.4 s; peak memory 313 MiB.
2026-09-24T23:15:04Z INFO [410/500] 1242ac71-6197-4f94-a6c6-3e3caa3f9c98: 128 internal nodes; 12.3 s; peak memory 313 MiB.
2026-09-24T23:15:11Z INFO [411/500] 1243f7b5-aa1c-42c4-a2ab-57f55ab98148: 62 internal nodes; 6.8 s; peak memory 313 MiB.
2026-09-24T23:15:16Z INFO [412/500] 12443364-73c5-47d5-82f4-ef976f5cfe12: 73 internal nodes; 5.0 s; peak memory 313 MiB.
2026-09-24T23:15:17Z INFO [413/500] 124600a8-44fb-4c9f-b577-cf4d14ef8dc2: 31 internal nodes; 1.5 s; peak memory 313 MiB.
2026-09-24T23:15:21Z INFO [414/500] 12460bfd-07cc-46f5-8f59-519307d612bd: 46 internal nodes; 3.3 s; peak memory 313 MiB.
2026-09-24T23:15:22Z INFO [415/500] 1247fc1a-ad02-4e7c-ad3f-c7a4014c49b9: 65 internal nodes; 1.5 s; peak memory 313 MiB.
2026-09-24T23:15:27Z INFO [416/500] 1248607a-40e7-4606-8ba7-9d02bdf7d83a: 112 internal nodes; 4.6 s; peak memory 313 MiB.
2026-09-24T23:15:28Z INFO [417/500] 12498b74-d1df-474c-9220-7e524c696404: 17 internal nodes; 1.2 s; peak memory 313 MiB.
2026-09-24T23:15:29Z INFO [418/500] 1249a68b-2fb4-49e3-b02d-41eb60d90a33: 11 internal nodes; 0.9 s; peak memory 313 MiB.
2026-09-24T23:15:30Z INFO [419/500] 124a745e-1f4e-4585-b4b8-cbba82fcdb5f: 17 internal nodes; 1.0 s; peak memory 313 MiB.
2026-09-24T23:15:31Z INFO [420/500] 124acc53-a531-495c-badb-43aa32a7ce36: 15 internal nodes; 0.9 s; peak memory 313 MiB.
2026-09-24T23:15:32Z INFO [421/500] 124b2e02-2ba0-436e-991e-981974c56dda: 27 internal nodes; 1.2 s; peak memory 313 MiB.
2026-09-24T23:15:33Z INFO [422/500] 124c3dc4-9c68-49b5-b7bb-052fbdeaa224: 17 internal nodes; 0.9 s; peak memory 313 MiB.
2026-09-24T23:15:34Z INFO [423/500] 124e4633-08f7-4d19-b6ed-23ed0c251658: 27 internal nodes; 1.3 s; peak memory 313 MiB.
2026-09-24T23:15:35Z INFO [424/500] 124e7eb2-5d46-47b7-a6cf-dd317950d6e2: 13 internal nodes; 0.8 s; peak memory 313 MiB.
2026-09-24T23:15:37Z INFO [425/500] 124efbbf-f079-43c4-91e8-61f59c9401cb: 31 internal nodes; 1.6 s; peak memory 313 MiB.
2026-09-24T23:15:44Z INFO [426/500] 124efef8-e5d2-42dd-8734-c6d8deadaa9e: 158 internal nodes; 7.0 s; peak memory 313 MiB.
2026-09-24T23:15:45Z INFO [427/500] 124f5fe2-d2f9-4763-9a56-6bf7b70d2d6c: 90 internal nodes; 1.3 s; peak memory 313 MiB.
2026-09-24T23:15:46Z INFO [428/500] 124f6cb5-0892-4348-bc7d-155cecd5d670: 63 internal nodes; 1.6 s; peak memory 313 MiB.
2026-09-24T23:15:47Z INFO [429/500] 124f7e52-3c76-43ab-96bd-e281db735e30: 13 internal nodes; 1.0 s; peak memory 313 MiB.
2026-09-24T23:15:49Z INFO [430/500] 12514035-22af-47e6-96af-282555ba1ce2: 17 internal nodes; 1.1 s; peak memory 313 MiB.
2026-09-24T23:15:50Z INFO [431/500] 1251c57c-8849-4964-b23f-9dc4468f06d7: 17 internal nodes; 0.9 s; peak memory 313 MiB.
2026-09-24T23:15:51Z INFO [432/500] 1251e73d-441b-4130-b071-015e1bf6d9ea: 14 internal nodes; 1.1 s; peak memory 313 MiB.
2026-09-24T23:15:52Z INFO [433/500] 12522d01-f4da-4423-ac6b-6fb227faa0dd: 29 internal nodes; 1.4 s; peak memory 313 MiB.
2026-09-24T23:15:54Z INFO [434/500] 125292f9-971c-4027-95df-ce871c24a600: 66 internal nodes; 2.1 s; peak memory 313 MiB.
2026-09-24T23:15:56Z INFO [435/500] 125318fa-5cdc-49e6-8ce8-3f307649db2a: 31 internal nodes; 1.5 s; peak memory 313 MiB.
2026-09-24T23:15:57Z INFO [436/500] 12535101-3ccb-4a6e-83a8-c8e89b5db215: 11 internal nodes; 0.8 s; peak memory 313 MiB.
2026-09-24T23:15:59Z INFO [437/500] 12535109-2438-40d6-a6ec-05c1c545e11c: 44 internal nodes; 2.6 s; peak memory 313 MiB.
2026-09-24T23:16:01Z INFO [438/500] 12539831-cbdc-44cf-bbec-c15bc7d8fbd9: 27 internal nodes; 1.4 s; peak memory 313 MiB.
2026-09-24T23:16:07Z INFO [439/500] 1253eea8-6548-4539-a0ff-be47c9ba7ce0: 133 internal nodes; 6.3 s; peak memory 313 MiB.
2026-09-24T23:16:11Z INFO [440/500] 1254455e-bef2-443c-ba44-1ed4304a7054: 57 internal nodes; 3.9 s; peak memory 313 MiB.
2026-09-24T23:16:13Z INFO [441/500] 1254548d-4ebd-48d0-b42f-86ec4515ab78: 72 internal nodes; 1.9 s; peak memory 313 MiB.
2026-09-24T23:16:14Z INFO [442/500] 125461e5-22c5-422a-a61e-60d7757fc7e5: 31 internal nodes; 1.4 s; peak memory 313 MiB.
2026-09-24T23:16:15Z INFO [443/500] 12548bba-b547-4bd5-a5a6-e56d04cc8ccd: 17 internal nodes; 0.9 s; peak memory 313 MiB.
2026-09-24T23:16:17Z INFO [444/500] 1254d287-eb87-4a80-95f1-0b7b23371fef: 54 internal nodes; 1.9 s; peak memory 313 MiB.
2026-09-24T23:16:20Z INFO [445/500] 1254f907-de33-4551-b564-3da16bf1fb0a: 40 internal nodes; 3.0 s; peak memory 313 MiB.
2026-09-24T23:16:21Z INFO [446/500] 12555985-f1d0-4027-9770-7699e35a4050: 19 internal nodes; 1.0 s; peak memory 313 MiB.
2026-09-24T23:16:22Z INFO [447/500] 1255cceb-2eb4-4c2d-a90e-e0fe9eff33f1: 17 internal nodes; 0.9 s; peak memory 313 MiB.
2026-09-24T23:16:23Z INFO [448/500] 12569eec-a831-43f9-89f0-9a473ee350bf: 17 internal nodes; 1.0 s; peak memory 313 MiB.
2026-09-24T23:16:24Z INFO [449/500] 12578473-1b21-4b49-8502-95f71a0db2d6: 90 internal nodes; 1.5 s; peak memory 313 MiB.
2026-09-24T23:16:25Z INFO [450/500] 1257bf30-998e-44b8-afd7-fe33b43a58a4: 16 internal nodes; 1.0 s; peak memory 313 MiB.
2026-09-24T23:16:25Z INFO [450/500] 1257bf30-998e-44b8-afd7-fe33b43a58a4: checkpointed 54924 records.
2026-09-24T23:16:26Z INFO [451/500] 125864cf-d055-4978-96d0-acef5f190e50: 18 internal nodes; 0.9 s; peak memory 313 MiB.
2026-09-24T23:16:28Z INFO [452/500] 1258be3b-7d35-4ac5-a0f1-e25527b64386: 22 internal nodes; 1.3 s; peak memory 313 MiB.
2026-09-24T23:16:28Z INFO [453/500] 1258d09b-cc1b-40d7-a6c7-889462571c81: 11 internal nodes; 0.7 s; peak memory 313 MiB.
2026-09-24T23:16:29Z INFO [454/500] 125a86bd-7f93-4d09-a6bf-d291f3ba256a: 17 internal nodes; 1.0 s; peak memory 313 MiB.
2026-09-24T23:16:31Z INFO [455/500] 125afa04-0f20-46e1-a8f6-53e35e0cd103: 31 internal nodes; 1.5 s; peak memory 313 MiB.
2026-09-24T23:16:33Z INFO [456/500] 125ceb82-b587-4c71-83af-3371ccf65283: 31 internal nodes; 1.8 s; peak memory 313 MiB.
2026-09-24T23:16:35Z INFO [457/500] 125df51a-be52-4574-96b7-26b955be1957: 42 internal nodes; 3.0 s; peak memory 313 MiB.
2026-09-24T23:16:36Z INFO [458/500] 125e093e-e4d8-4d72-9c24-d774ae206d5b: 17 internal nodes; 1.0 s; peak memory 313 MiB.
2026-09-24T23:16:39Z INFO [459/500] 125fc347-ea2d-4571-8d96-1d81980d07bc: 44 internal nodes; 2.8 s; peak memory 313 MiB.
2026-09-24T23:16:40Z INFO [460/500] 126147eb-c6fd-46b9-bd09-194200e4ce6f: 13 internal nodes; 0.9 s; peak memory 313 MiB.
2026-09-24T23:16:41Z INFO [461/500] 12617c66-b813-4048-b218-05554201b4ba: 17 internal nodes; 0.9 s; peak memory 313 MiB.
2026-09-24T23:16:43Z INFO [462/500] 1262e222-4692-400a-b84e-8cd9e324a23e: 56 internal nodes; 1.5 s; peak memory 313 MiB.
2026-09-24T23:16:44Z INFO [463/500] 126311e8-658e-4043-8cfb-440a3a326079: 18 internal nodes; 1.4 s; peak memory 313 MiB.
2026-09-24T23:16:45Z INFO [464/500] 12639941-4a2e-4955-bd49-10dbba12aceb: 19 internal nodes; 1.2 s; peak memory 313 MiB.
2026-09-24T23:16:57Z INFO [465/500] 1263b99e-eb99-497e-b1e7-b0a3e38a19cc: 75 internal nodes; 11.4 s; peak memory 313 MiB.
2026-09-24T23:16:57Z INFO [466/500] 12640f33-231a-42a7-b1ab-e3c61ad9091c: 13 internal nodes; 0.9 s; peak memory 313 MiB.
2026-09-24T23:17:00Z INFO [467/500] 126613e7-11a3-4a0c-8d15-7b2ab9f075a2: 42 internal nodes; 2.5 s; peak memory 313 MiB.
2026-09-24T23:17:01Z INFO [468/500] 1266308f-ec74-4cd1-a81a-d537c18bb2eb: 17 internal nodes; 1.1 s; peak memory 313 MiB.
2026-09-24T23:17:02Z INFO [469/500] 1266c4f9-7f73-4f1a-b02a-ac64f8752cd8: 13 internal nodes; 0.9 s; peak memory 313 MiB.
2026-09-24T23:17:03Z INFO [470/500] 12672eab-1637-400d-88fe-82ab0130d89b: 19 internal nodes; 1.0 s; peak memory 313 MiB.
2026-09-24T23:17:05Z INFO [471/500] 1267b4fc-c933-4703-8ec1-25145a4cf7b5: 31 internal nodes; 2.3 s; peak memory 313 MiB.
2026-09-24T23:17:07Z INFO [472/500] 1268126d-dc0a-4241-8da4-cb50c87677c6: 27 internal nodes; 1.3 s; peak memory 313 MiB.
2026-09-24T23:17:08Z INFO [473/500] 12688cb9-cccf-488f-82aa-ee5934eadf44: 18 internal nodes; 1.3 s; peak memory 313 MiB.
2026-09-24T23:17:09Z INFO [474/500] 12690b7e-7351-46ac-be64-4e2376e713c5: 54 internal nodes; 1.4 s; peak memory 313 MiB.
2026-09-24T23:17:10Z INFO [475/500] 1269863b-2055-4dd1-bbe9-cd2184684d69: 27 internal nodes; 1.2 s; peak memory 313 MiB.
2026-09-24T23:17:12Z INFO [476/500] 1269bc3c-5a83-46a8-bfec-cc65b1e5c55b: 29 internal nodes; 1.3 s; peak memory 313 MiB.
2026-09-24T23:17:14Z INFO [477/500] 126a1077-1413-4d18-a522-610f795cdbb8: 44 internal nodes; 2.6 s; peak memory 313 MiB.
2026-09-24T23:17:15Z INFO [478/500] 126a3802-44fd-4c0f-9197-ed34b20c42d9: 17 internal nodes; 0.9 s; peak memory 313 MiB.
2026-09-24T23:17:17Z INFO [479/500] 126b6a50-5c5d-4a01-b179-52a68e81b586: 24 internal nodes; 1.8 s; peak memory 313 MiB.
2026-09-24T23:17:18Z INFO [480/500] 126b7b53-f6a4-4476-be15-10120dfbd884: 17 internal nodes; 0.9 s; peak memory 313 MiB.
2026-09-24T23:17:19Z INFO [481/500] 126bbcb6-d2ae-4a4a-b585-9e6ab8151ca0: 11 internal nodes; 0.8 s; peak memory 313 MiB.
2026-09-24T23:17:19Z INFO [482/500] 126c3d6e-65fb-4750-8d1c-a892cb4c5a98: 22 internal nodes; 0.8 s; peak memory 313 MiB.
2026-09-24T23:17:21Z INFO [483/500] 126c487a-edeb-490a-981b-cf21552ff528: 61 internal nodes; 1.3 s; peak memory 313 MiB.
2026-09-24T23:17:23Z INFO [484/500] 126cbf7b-1ae8-44e8-a8da-487c225fec15: 32 internal nodes; 2.2 s; peak memory 313 MiB.
2026-09-24T23:17:24Z INFO [485/500] 126d0fdd-fe8c-4cd0-82ac-f5a8ea2dc3a9: 16 internal nodes; 1.1 s; peak memory 313 MiB.
2026-09-24T23:17:25Z INFO [486/500] 126d5191-e49a-4e30-90ff-d6da4b742770: 29 internal nodes; 1.4 s; peak memory 313 MiB.
2026-09-24T23:17:26Z INFO [487/500] 126dc148-913a-4a84-a5c9-601da3dfad82: 17 internal nodes; 1.0 s; peak memory 313 MiB.
2026-09-24T23:17:27Z INFO [488/500] 126eec3d-1efc-44a0-8086-139f6b8b8b26: 17 internal nodes; 1.1 s; peak memory 313 MiB.
2026-09-24T23:17:29Z INFO [489/500] 126f8478-e555-4fd6-9b78-e90ad83203af: 91 internal nodes; 1.7 s; peak memory 313 MiB.
2026-09-24T23:17:30Z INFO [490/500] 126fa802-db00-400f-afb9-b984ce0e754c: 17 internal nodes; 1.0 s; peak memory 313 MiB.
2026-09-24T23:17:32Z INFO [491/500] 12702403-8a43-4c8a-afc3-f13621a52b81: 67 internal nodes; 2.0 s; peak memory 313 MiB.
2026-09-24T23:17:33Z INFO [492/500] 12702ecd-2ffc-4a0d-8049-b0d22529669f: 11 internal nodes; 0.7 s; peak memory 313 MiB.
2026-09-24T23:17:35Z INFO [493/500] 12704483-ebb1-4dc3-9d6e-05cc74f88bfc: 67 internal nodes; 1.7 s; peak memory 313 MiB.
2026-09-24T23:17:36Z INFO [494/500] 12712139-ee1b-4c20-9cd9-8455b8937e96: 17 internal nodes; 0.9 s; peak memory 313 MiB.
2026-09-24T23:17:37Z INFO [495/500] 1271b36a-a228-44e1-a223-4d5c5d69d094: 29 internal nodes; 1.7 s; peak memory 313 MiB.
2026-09-24T23:17:38Z INFO [496/500] 12722f7e-a132-4c9f-a643-edc122b2597c: 17 internal nodes; 1.1 s; peak memory 313 MiB.
2026-09-24T23:17:40Z INFO [497/500] 12723042-fd1d-430d-8c51-0954a2146d8b: 30 internal nodes; 1.7 s; peak memory 313 MiB.
2026-09-24T23:17:42Z INFO [498/500] 12726f6a-9245-49ec-94e2-5ec3ae859ee6: 31 internal nodes; 1.9 s; peak memory 313 MiB.
2026-09-24T23:17:46Z INFO [499/500] 127296c8-4314-4b8d-96bf-fffa3b325d77: 51 internal nodes; 3.9 s; peak memory 313 MiB.
2026-09-24T23:18:01Z INFO [500/500] 1272b61f-d316-4e55-a238-cafef4e28035: 97 internal nodes; 15.7 s; peak memory 313 MiB.
2026-09-24T23:18:02Z INFO [500/500] 1272b61f-d316-4e55-a238-cafef4e28035: checkpointed 54974 records.
2026-09-24T23:18:02Z INFO Wrote 54974 records to /tmp/derivatives/valid_nwb_file_to_out_degrees.jsonl (495 new, 5 failed) in 24.3 min (peak memory 313 MiB).
