2026-09-17T12:55:54Z INFO Logging to /tmp/logs/update_2026-09-17T12-55-54Z.log.
2026-09-17T12:55:54Z INFO Update valid-nwb-file-to-out-degrees (base directory /tmp).
2026-09-17T12:55:54Z INFO Processing 500 items (47011 already recorded).
2026-09-17T12:55:55Z INFO [1/500] 01db49f2-a069-4993-8cd4-e132d56e918c: 31 internal nodes; 1.0 s; peak memory 108 MiB.
2026-09-17T12:55:59Z INFO [2/500] 01dba8c4-bb09-4d7c-8ac5-4d1b75eb754c: 71 internal nodes; 4.2 s; peak memory 116 MiB.
2026-09-17T12:56:00Z INFO [3/500] 01dbab67-ffec-405d-ad86-9004848fb989: 17 internal nodes; 0.6 s; peak memory 116 MiB.
2026-09-17T12:56:03Z INFO [4/500] 01dbecbf-f48c-4dc6-b13c-99bcb330fee2: 41 internal nodes; 3.7 s; peak memory 116 MiB.
2026-09-17T12:56:04Z INFO [5/500] 01dcb018-0718-4a80-a33c-5cbe545e1416: 17 internal nodes; 0.6 s; peak memory 116 MiB.
2026-09-17T12:56:05Z INFO [6/500] 01dcc649-90d3-41c6-ad9f-55daaedc0a49: 13 internal nodes; 0.5 s; peak memory 116 MiB.
2026-09-17T12:56:05Z INFO [7/500] 01dd13d5-d04a-4666-81ff-525e6d8ea957: 18 internal nodes; 0.7 s; peak memory 116 MiB.
2026-09-17T12:56:06Z INFO [8/500] 01dd4bd1-3c53-4a20-8bc4-ffee84a816f4: 60 internal nodes; 0.9 s; peak memory 116 MiB.
2026-09-17T12:56:07Z INFO [9/500] 01ddc88f-20dd-4676-9499-0367d329eb6e: 17 internal nodes; 0.5 s; peak memory 116 MiB.
2026-09-17T12:56:10Z INFO [10/500] 01dde307-ca96-416f-9b45-57a80469dde8: 177 internal nodes; 3.1 s; peak memory 118 MiB.
2026-09-17T12:56:10Z INFO [11/500] 01ddfc53-b6bb-4a19-994f-edff9c47263e: 17 internal nodes; 0.6 s; peak memory 118 MiB.
2026-09-17T12:56:11Z INFO [12/500] 01de80e8-4efd-4e25-83d2-ff9cc98a42e7: 27 internal nodes; 0.7 s; peak memory 118 MiB.
2026-09-17T12:56:12Z INFO [13/500] 01dec86b-f2a7-442d-b42b-3ff501e93276: 18 internal nodes; 0.5 s; peak memory 118 MiB.
2026-09-17T12:56:12Z INFO [14/500] 01decf8f-dd7f-47c3-8a18-9e202b8ad2e8: 23 internal nodes; 0.8 s; peak memory 118 MiB.
2026-09-17T12:56:14Z INFO [15/500] 01dfaa5a-b260-475d-adb3-6639e665d174: 59 internal nodes; 1.2 s; peak memory 118 MiB.
2026-09-17T12:56:17Z INFO [16/500] 01e1eb7f-3461-429e-baa4-e800d2b01196: 156 internal nodes; 3.3 s; peak memory 122 MiB.
2026-09-17T12:56:21Z INFO [17/500] 01e1ec82-e7cd-4d1d-ae22-089c16bdefe8: 147 internal nodes; 3.8 s; peak memory 122 MiB.
2026-09-17T12:56:22Z INFO [18/500] 01e28f5c-77ea-42b8-9a43-752d11842a55: 42 internal nodes; 1.4 s; peak memory 122 MiB.
2026-09-17T12:56:23Z INFO [19/500] 01e2a106-cc37-49f9-b814-a5f2679e38ae: 27 internal nodes; 0.8 s; peak memory 122 MiB.
2026-09-17T12:56:24Z INFO [20/500] 01e2a9a8-2123-460c-b050-be35c88db2da: 31 internal nodes; 0.8 s; peak memory 122 MiB.
2026-09-17T12:56:24Z INFO [21/500] 01e2e0b4-a5fc-41cd-bd7a-2b2051dbd210: 26 internal nodes; 0.4 s; peak memory 122 MiB.
2026-09-17T12:56:24Z INFO [22/500] 01e3e6ff-7312-4932-8fc7-5d8d5b57b7c0: 20 internal nodes; 0.4 s; peak memory 122 MiB.
2026-09-17T12:56:26Z INFO [23/500] 01e4960e-0e71-4352-8455-03619c1791ea: 39 internal nodes; 1.8 s; peak memory 122 MiB.
2026-09-17T12:56:27Z INFO [24/500] 01e4d96d-ca50-4abb-9c6a-c22dac0d4381: 13 internal nodes; 0.6 s; peak memory 122 MiB.
2026-09-17T12:56:28Z INFO [25/500] 01e5caf3-97ed-45e9-9301-de5480987e34: 18 internal nodes; 0.8 s; peak memory 122 MiB.
2026-09-17T12:56:29Z INFO [26/500] 01e6d1aa-3869-4fe7-a5b2-a24f5084aade: 31 internal nodes; 0.9 s; peak memory 122 MiB.
2026-09-17T12:56:29Z INFO [27/500] 01e732fd-5b78-4082-92eb-84654e6d4f5c: 17 internal nodes; 0.6 s; peak memory 122 MiB.
2026-09-17T12:56:31Z INFO [28/500] 01e739e9-a40b-4b38-ab4d-722852972c70: 44 internal nodes; 1.5 s; peak memory 122 MiB.
2026-09-17T12:56:40Z INFO [29/500] 01e800cb-fa40-4dd8-a5ce-fe7c9b8feb50: 137 internal nodes; 9.4 s; peak memory 133 MiB.
2026-09-17T12:56:40Z INFO [30/500] 01e817b7-b6f5-47ad-9881-ed2752d3f81b: 17 internal nodes; 0.5 s; peak memory 133 MiB.
2026-09-17T12:56:41Z INFO [31/500] 01e842e6-9300-4893-bf5a-cdf5c3d144f9: 17 internal nodes; 0.6 s; peak memory 133 MiB.
2026-09-17T12:56:42Z INFO [32/500] 01e876b1-7e62-45a5-b5aa-c8ac85bb5a4a: 17 internal nodes; 0.5 s; peak memory 133 MiB.
2026-09-17T12:56:42Z INFO [33/500] 01e89a2e-91aa-4ffc-9dc7-42b827366595: 17 internal nodes; 0.6 s; peak memory 133 MiB.
2026-09-17T12:56:43Z INFO [34/500] 01e97c2d-5bbe-46a7-aef7-fa53c1bca24c: 119 internal nodes; 0.7 s; peak memory 133 MiB.
2026-09-17T12:56:47Z INFO [35/500] 01e97ef0-29db-41a1-a7b4-759090b8699e: 169 internal nodes; 4.1 s; peak memory 133 MiB.
2026-09-17T12:56:48Z INFO [36/500] 01e9935f-f732-4426-a107-de64be9cd4cf: 25 internal nodes; 0.6 s; peak memory 133 MiB.
2026-09-17T12:56:48Z INFO [37/500] 01e9ee3e-efd0-4f7b-bdfb-4f329d869e45: 17 internal nodes; 0.5 s; peak memory 133 MiB.
2026-09-17T12:56:49Z INFO [38/500] 01ea40f6-1b3a-4f4b-a06c-aa52166c70de: 19 internal nodes; 0.5 s; peak memory 133 MiB.
2026-09-17T12:56:54Z INFO [39/500] 01ea770b-13f9-4d63-b4e2-441537cecae8: 251 internal nodes; 5.5 s; peak memory 134 MiB.
2026-09-17T12:56:55Z INFO [40/500] 01eb4937-a7b9-442b-92f1-3f7ef62ced21: 27 internal nodes; 0.6 s; peak memory 134 MiB.
2026-09-17T12:56:58Z INFO [41/500] 01eb513e-a21b-465b-94c5-70df6bde39c3: 73 internal nodes; 3.2 s; peak memory 134 MiB.
2026-09-17T12:57:29Z INFO [42/500] 01eb69f6-5d1d-4afa-acd8-0a16cec7dc5d: 106 internal nodes; 31.1 s; peak memory 203 MiB.
2026-09-17T12:57:30Z INFO [43/500] 01eb7909-29d9-41de-aae0-02d41974f4f5: 27 internal nodes; 0.6 s; peak memory 203 MiB.
2026-09-17T12:57:30Z INFO [44/500] 01eba086-3165-4b39-9fbe-8b2515c29ff0: 17 internal nodes; 0.6 s; peak memory 203 MiB.
2026-09-17T12:57:31Z INFO [45/500] 01ebd676-ae68-4caa-a4ff-57bc794ba8f6: 11 internal nodes; 0.4 s; peak memory 203 MiB.
2026-09-17T12:57:31Z INFO [46/500] 01ec4f42-7f36-4360-adfc-3549f27806ce: 31 internal nodes; 0.7 s; peak memory 203 MiB.
2026-09-17T12:57:38Z INFO [47/500] 01ec51b1-7c42-4f54-ba52-864cccec6ee7: 70 internal nodes; 6.4 s; peak memory 203 MiB.
2026-09-17T12:57:38Z INFO [48/500] 01ecdc69-c753-49b5-b0c3-8bd0cd5c0556: 27 internal nodes; 0.7 s; peak memory 203 MiB.
2026-09-17T12:57:39Z INFO [49/500] 01ed7d4e-710e-49d0-8c0f-804bbca70236: 26 internal nodes; 0.5 s; peak memory 203 MiB.
2026-09-17T12:57:39Z INFO [50/500] 01ee0166-eb0d-4c07-99b6-5a6e9d99ad37: 11 internal nodes; 0.4 s; peak memory 203 MiB.
2026-09-17T12:57:39Z INFO [50/500] 01ee0166-eb0d-4c07-99b6-5a6e9d99ad37: checkpointed 47061 records.
2026-09-17T12:57:40Z INFO [51/500] 01ee39e8-1db6-4271-9e13-15b1c9ec3842: 11 internal nodes; 0.4 s; peak memory 203 MiB.
2026-09-17T12:57:40Z INFO [52/500] 01ee4cc0-f4aa-49b7-a61c-52115b6a35ad: 27 internal nodes; 0.6 s; peak memory 203 MiB.
2026-09-17T12:57:43Z INFO [53/500] 01ef3e50-3d0e-4d65-a856-479b6f0f260c: 60 internal nodes; 2.8 s; peak memory 203 MiB.
2026-09-17T12:57:45Z INFO [54/500] 01ef6e3e-fe97-4130-b0e4-c6af194eb11d: 44 internal nodes; 1.4 s; peak memory 203 MiB.
2026-09-17T12:57:46Z INFO [55/500] 01ef7f09-0476-490f-9834-5df2f5d872ba: 23 internal nodes; 0.9 s; peak memory 203 MiB.
2026-09-17T12:57:46Z INFO [56/500] 01f025eb-0c91-403b-8778-11df54222152: 115 internal nodes; 0.6 s; peak memory 203 MiB.
2026-09-17T12:57:47Z INFO [57/500] 01f04582-2adc-44b3-8d63-a799f15d9c34: 27 internal nodes; 0.6 s; peak memory 203 MiB.
2026-09-17T12:57:48Z INFO [58/500] 01f0ca66-b0fd-4dc2-a9e3-5f768240999c: 18 internal nodes; 0.8 s; peak memory 203 MiB.
2026-09-17T12:57:51Z INFO [59/500] 01f18173-0b58-4d78-b1b9-eaee5bd1ce42: 70 internal nodes; 3.1 s; peak memory 203 MiB.
2026-09-17T12:57:51Z INFO [60/500] 01f1fe5d-f618-48ab-a746-4d9993d5c801: 25 internal nodes; 0.7 s; peak memory 203 MiB.
2026-09-17T12:57:52Z INFO [61/500] 01f2d409-6235-41b8-9f74-9f58711ae411: 11 internal nodes; 0.3 s; peak memory 203 MiB.
2026-09-17T12:58:01Z INFO [62/500] 01f37333-8ac6-4f47-b4fc-58f80f85b4a7: 394 internal nodes; 9.0 s; peak memory 203 MiB.
2026-09-17T12:58:01Z INFO [63/500] 01f38d04-3a46-48a7-8e3a-7d50fa08f362: 17 internal nodes; 0.6 s; peak memory 203 MiB.
2026-09-17T12:58:02Z INFO [64/500] 01f3d4cb-344e-425f-8d3c-66c8ff1aa73e: 22 internal nodes; 0.7 s; peak memory 203 MiB.
2026-09-17T12:58:03Z INFO [65/500] 01f431a7-3637-4cbb-9192-8fb174f7aff0: 44 internal nodes; 1.4 s; peak memory 203 MiB.
2026-09-17T12:58:04Z INFO [66/500] 01f45287-02e7-4261-aa40-459953d232f0: 31 internal nodes; 0.9 s; peak memory 203 MiB.
2026-09-17T12:58:05Z INFO [67/500] 01f492b3-e3a0-4e96-9f47-de4a028504cf: 17 internal nodes; 0.6 s; peak memory 203 MiB.
2026-09-17T12:58:06Z INFO [68/500] 01f4e554-43ef-4c65-b8c7-e93be0724edd: 44 internal nodes; 1.3 s; peak memory 203 MiB.
2026-09-17T12:58:08Z INFO [69/500] 01f576c2-aa5d-49ed-8810-5c07e23f39a2: 125 internal nodes; 2.0 s; peak memory 203 MiB.
2026-09-17T12:58:11Z INFO [70/500] 01f57f70-b30e-4aaf-a769-a7a1c22d3670: 46 internal nodes; 2.2 s; peak memory 203 MiB.
2026-09-17T12:58:11Z INFO [71/500] 01f6afa1-149d-4717-bdcb-6b0dd4c32354: 61 internal nodes; 0.9 s; peak memory 203 MiB.
2026-09-17T12:58:12Z INFO [72/500] 01f6eea8-5fae-4c76-bde4-6537c882f4b0: 11 internal nodes; 0.3 s; peak memory 203 MiB.
2026-09-17T12:58:12Z INFO [73/500] 01f7c7d5-75d8-4aa2-b8c1-245ab298a704: 11 internal nodes; 0.4 s; peak memory 203 MiB.
2026-09-17T12:58:13Z INFO [74/500] 01f8895d-2c37-4156-b2c5-26c10d319ef3: 27 internal nodes; 0.6 s; peak memory 203 MiB.
2026-09-17T12:58:13Z INFO [75/500] 01f8cf1c-b84d-437b-9acb-8c002f012939: 23 internal nodes; 0.6 s; peak memory 203 MiB.
2026-09-17T12:58:15Z INFO [76/500] 01f9f7a6-057c-44ea-8a24-7ed9926d39cd: 30 internal nodes; 1.3 s; peak memory 203 MiB.
2026-09-17T12:58:15Z INFO [77/500] 01fa0c90-3ca5-4bca-bd2a-398d12002348: 63 internal nodes; 0.8 s; peak memory 203 MiB.
2026-09-17T12:58:17Z INFO [78/500] 01fa3e1e-0cc7-42d2-b29f-4b4515d64b3c: 45 internal nodes; 1.2 s; peak memory 203 MiB.
2026-09-17T12:58:18Z INFO [79/500] 01fb16ad-47a0-4b78-9fd3-1dfcdb8373ea: 31 internal nodes; 1.0 s; peak memory 203 MiB.
2026-09-17T12:58:18Z INFO [80/500] 01fcc753-dcff-4d51-bdcd-517a4fa5a06a: 27 internal nodes; 0.6 s; peak memory 203 MiB.
2026-09-17T12:58:19Z INFO [81/500] 01fcd800-f2e6-4d59-b793-9da1287e83e1: 67 internal nodes; 0.9 s; peak memory 203 MiB.
2026-09-17T12:58:20Z INFO [82/500] 01fd2952-63c5-4855-8960-d991ba6fd96c: 17 internal nodes; 0.6 s; peak memory 203 MiB.
2026-09-17T12:58:20Z INFO [83/500] 01fd37f4-6af9-46cd-9457-1eeaa3addd6e: 18 internal nodes; 0.5 s; peak memory 203 MiB.
2026-09-17T12:58:21Z INFO [84/500] 01fe967a-5a98-4aef-a975-105f1080673a: 20 internal nodes; 0.6 s; peak memory 203 MiB.
2026-09-17T12:58:25Z INFO [85/500] 01fecb69-389a-4e48-9857-c3cf8e478dd4: 44 internal nodes; 4.4 s; peak memory 221 MiB.
2026-09-17T12:58:26Z INFO [86/500] 0200159b-5cef-4f6f-a19e-da04194b688f: 31 internal nodes; 0.7 s; peak memory 221 MiB.
2026-09-17T12:58:26Z INFO [87/500] 02002359-552d-40c1-95b3-1b1c9df991c6: 11 internal nodes; 0.3 s; peak memory 221 MiB.
2026-09-17T12:58:27Z INFO [88/500] 020072db-36d6-44cc-a0c5-9a11304345be: 17 internal nodes; 0.4 s; peak memory 221 MiB.
2026-09-17T12:58:27Z INFO [89/500] 0200e900-6fed-484b-a901-55d241443864: 27 internal nodes; 0.6 s; peak memory 221 MiB.
2026-09-17T12:58:32Z INFO [90/500] 02013b4b-5642-48c7-ab6f-839d5e1877c4: 200 internal nodes; 4.5 s; peak memory 222 MiB.
2026-09-17T12:58:33Z INFO [91/500] 02013d9e-52bd-4a4e-a51a-7d36bd4e63d6: 31 internal nodes; 1.4 s; peak memory 222 MiB.
2026-09-17T12:58:34Z INFO [92/500] 02018c69-d2de-4dab-9878-774fcb8cab7c: 36 internal nodes; 0.6 s; peak memory 222 MiB.
2026-09-17T12:58:34Z INFO [93/500] 0201c128-f439-420a-a618-0ae9a439724f: 17 internal nodes; 0.5 s; peak memory 222 MiB.
2026-09-17T12:58:35Z INFO [94/500] 020205b2-c64f-4ea9-81d0-39d8bbe39d73: 17 internal nodes; 0.5 s; peak memory 222 MiB.
2026-09-17T12:58:35Z INFO [95/500] 02026466-ada5-432e-a1bb-a0a471ff2712: 17 internal nodes; 0.5 s; peak memory 222 MiB.
2026-09-17T12:58:39Z INFO [96/500] 0202d809-0b81-4d6a-b5d1-14427511a493: 195 internal nodes; 4.2 s; peak memory 223 MiB.
2026-09-17T12:58:40Z INFO [97/500] 0202e9fb-450c-4da1-bf7c-ceb782960a0f: 17 internal nodes; 0.6 s; peak memory 223 MiB.
2026-09-17T12:58:44Z INFO [98/500] 0203c1f4-b206-4701-b178-059324565f31: 59 internal nodes; 4.4 s; peak memory 223 MiB.
2026-09-17T12:58:45Z INFO [99/500] 0204dc1b-d5be-447e-a66a-c2e85d7ff02b: 27 internal nodes; 0.7 s; peak memory 223 MiB.
2026-09-17T12:58:46Z INFO [100/500] 0206cb4c-0d32-49ae-94cc-fc49159fe548: 114 internal nodes; 0.6 s; peak memory 223 MiB.
2026-09-17T12:58:46Z INFO [100/500] 0206cb4c-0d32-49ae-94cc-fc49159fe548: checkpointed 47111 records.
2026-09-17T12:58:46Z INFO [101/500] 0206e05a-84f3-4276-8ca8-42c63dc0fd3d: 17 internal nodes; 0.4 s; peak memory 223 MiB.
2026-09-17T12:58:47Z INFO [102/500] 0206e0b8-3993-4b25-ba45-81e6ddf48e29: 17 internal nodes; 0.5 s; peak memory 223 MiB.
2026-09-17T12:58:47Z INFO [103/500] 0209714e-5ea9-4cc1-b8d8-0605118a4f07: 23 internal nodes; 0.4 s; peak memory 223 MiB.
2026-09-17T12:58:48Z INFO [104/500] 02099db8-dc9a-4f06-bc2c-cb80aeebc57f: 44 internal nodes; 1.0 s; peak memory 223 MiB.
2026-09-17T12:58:49Z INFO [105/500] 020ac9fa-db6c-48e7-a442-d430acd488dc: 27 internal nodes; 0.7 s; peak memory 223 MiB.
2026-09-17T12:58:49Z INFO [106/500] 020b2974-3364-46f3-9e4a-5a1dc31dd549: 27 internal nodes; 0.6 s; peak memory 223 MiB.
2026-09-17T12:58:50Z INFO [107/500] 020b3a38-0a03-40d9-891a-039e2589e51e: 27 internal nodes; 0.6 s; peak memory 223 MiB.
2026-09-17T12:58:51Z INFO [108/500] 020c9347-39d5-454c-ab0d-17ebbdfa8336: 17 internal nodes; 0.7 s; peak memory 223 MiB.
2026-09-17T12:58:55Z INFO [109/500] 020d84ca-4c32-4c98-8345-35c3d13dd1b5: 61 internal nodes; 3.9 s; peak memory 223 MiB.
2026-09-17T12:58:55Z INFO [110/500] 020dd284-1b36-4959-affe-dc24f26f447e: 53 internal nodes; 0.7 s; peak memory 223 MiB.
2026-09-17T12:58:56Z INFO [111/500] 020e2949-5097-4f2d-9924-058b328dff84: 19 internal nodes; 0.6 s; peak memory 223 MiB.
2026-09-17T12:58:57Z INFO [112/500] 020e377b-013e-4d90-8e52-992b6f090f36: 42 internal nodes; 1.1 s; peak memory 223 MiB.
2026-09-17T12:58:58Z INFO [113/500] 020f33a0-a509-4021-8ada-4c83d2d3cd23: 31 internal nodes; 0.8 s; peak memory 223 MiB.
2026-09-17T12:58:58Z INFO [114/500] 020fb2c7-1e4e-4188-ad5f-328941671a23: 31 internal nodes; 0.7 s; peak memory 223 MiB.
2026-09-17T12:58:59Z INFO [115/500] 021078ad-6fe0-45e4-9fb6-4404fc7ea904: 31 internal nodes; 0.8 s; peak memory 223 MiB.
2026-09-17T12:59:00Z INFO [116/500] 02116997-1d31-45c8-9613-0daca1846bbb: 23 internal nodes; 0.4 s; peak memory 223 MiB.
2026-09-17T12:59:00Z INFO [117/500] 0211b58a-7025-4833-a441-6aba113c9c6b: 17 internal nodes; 0.6 s; peak memory 223 MiB.
2026-09-17T12:59:01Z INFO [118/500] 0211ccb0-e683-40ce-9016-5489dc082535: 29 internal nodes; 0.6 s; peak memory 223 MiB.
2026-09-17T12:59:01Z INFO [119/500] 021271f6-7aed-447a-baae-7a5060f502e4: 17 internal nodes; 0.6 s; peak memory 223 MiB.
2026-09-17T12:59:02Z INFO [120/500] 0212cdb4-e383-43dd-bb19-9fc006551315: 31 internal nodes; 0.8 s; peak memory 223 MiB.
2026-09-17T12:59:03Z INFO [121/500] 02131dd5-b976-456f-9743-660b1b7b7d00: 31 internal nodes; 0.7 s; peak memory 223 MiB.
2026-09-17T12:59:06Z INFO [122/500] 02134707-6800-4572-97a5-732cd4d9c309: 70 internal nodes; 2.9 s; peak memory 223 MiB.
2026-09-17T12:59:06Z INFO [123/500] 0213673b-eddc-4db0-8c07-1e477bb8b66a: 27 internal nodes; 0.7 s; peak memory 223 MiB.
2026-09-17T12:59:07Z INFO [124/500] 021388a2-19e0-4b6b-945d-2ee0d3a39930: 29 internal nodes; 0.6 s; peak memory 223 MiB.
2026-09-17T12:59:08Z INFO [125/500] 021433c3-33a4-4860-aafc-5f2a9650e89f: 115 internal nodes; 0.5 s; peak memory 223 MiB.
2026-09-17T12:59:08Z INFO [126/500] 0214ab45-a5da-4d07-9748-838f3ec9b46b: 11 internal nodes; 0.4 s; peak memory 223 MiB.
2026-09-17T12:59:09Z INFO [127/500] 021553cd-c5da-4b33-9019-0abf92c9af28: 44 internal nodes; 1.4 s; peak memory 223 MiB.
2026-09-17T12:59:10Z INFO [128/500] 0215df30-d9e8-4e30-aa42-fc63febd68a0: 18 internal nodes; 0.7 s; peak memory 223 MiB.
2026-09-17T12:59:11Z INFO [129/500] 02162606-2fd4-49f1-a967-4aa1b8e7f3c5: 90 internal nodes; 0.6 s; peak memory 223 MiB.
2026-09-17T12:59:11Z INFO [130/500] 0217144a-17da-4ce6-baa4-1b74b9bc1d33: 17 internal nodes; 0.4 s; peak memory 223 MiB.
2026-09-17T12:59:12Z INFO [131/500] 0217599f-e8df-4d9c-a471-b139a575195f: 29 internal nodes; 0.6 s; peak memory 223 MiB.
2026-09-17T12:59:15Z INFO [132/500] 0218437c-a7c5-4969-b886-b9c7ced671ae: 149 internal nodes; 3.0 s; peak memory 223 MiB.
2026-09-17T12:59:15Z INFO [133/500] 02192944-f638-4616-9e45-6b7438119c8f: 11 internal nodes; 0.5 s; peak memory 223 MiB.
2026-09-17T12:59:16Z INFO [134/500] 0219635a-c536-4dd6-906e-ce90231ac0d1: 17 internal nodes; 0.6 s; peak memory 223 MiB.
2026-09-17T12:59:16Z INFO [135/500] 0219a005-d38e-4491-a5da-fdad94f99c02: 17 internal nodes; 0.6 s; peak memory 223 MiB.
2026-09-17T12:59:20Z INFO [136/500] 0219aecc-9f52-48e2-9e9f-405debad6534: 1268 internal nodes; 4.0 s; peak memory 246 MiB.
2026-09-17T12:59:21Z INFO [137/500] 021a3fa8-1ba3-45a4-ba50-015ffa00ff89: 27 internal nodes; 0.8 s; peak memory 246 MiB.
2026-09-17T12:59:22Z INFO [138/500] 021a63dc-c8ba-4116-998c-dcfe2029b5b5: 31 internal nodes; 1.0 s; peak memory 246 MiB.
2026-09-17T12:59:26Z INFO [139/500] 021ba67d-f6c1-4b2a-aace-2ef31436dc12: 41 internal nodes; 3.7 s; peak memory 246 MiB.
2026-09-17T12:59:26Z INFO [140/500] 021c0c00-71bc-4a70-88f1-1058f89da08d: 18 internal nodes; 0.8 s; peak memory 246 MiB.
2026-09-17T12:59:27Z INFO [141/500] 021c7269-7dfa-439a-86b3-e0942494b823: 31 internal nodes; 0.8 s; peak memory 246 MiB.
2026-09-17T12:59:28Z INFO [142/500] 021f8583-dafb-49e9-bb86-767bdd6d36cd: 27 internal nodes; 0.7 s; peak memory 246 MiB.
2026-09-17T12:59:29Z INFO [143/500] 02200e9e-efac-4fa7-ab06-e93e672eb6c1: 21 internal nodes; 1.2 s; peak memory 246 MiB.
2026-09-17T12:59:31Z INFO [144/500] 022066a5-3000-4262-b90e-0f55e59c39be: 44 internal nodes; 1.5 s; peak memory 246 MiB.
2026-09-17T12:59:35Z INFO [145/500] 02214a03-32bd-48d4-b7f4-5bf97b00a1df: 73 internal nodes; 3.9 s; peak memory 246 MiB.
2026-09-17T12:59:40Z INFO [146/500] 02217475-9830-4f02-b35c-a6dccc8e8aa8: 248 internal nodes; 5.2 s; peak memory 246 MiB.
2026-09-17T12:59:40Z INFO [147/500] 0221f874-5c13-480d-ac4d-5099d8a85b7a: 17 internal nodes; 0.5 s; peak memory 246 MiB.
2026-09-17T12:59:41Z INFO [148/500] 02244ba2-685c-4ac0-baf5-0f61ebef75d3: 27 internal nodes; 0.7 s; peak memory 246 MiB.
2026-09-17T12:59:42Z INFO [149/500] 02253495-3c34-47ab-9121-d3e74909f5c9: 24 internal nodes; 0.7 s; peak memory 246 MiB.
2026-09-17T12:59:42Z INFO [150/500] 0225c5b9-3b9a-4af2-8765-009a3a65b30c: 6 internal nodes; 0.4 s; peak memory 246 MiB.
2026-09-17T12:59:42Z INFO [150/500] 0225c5b9-3b9a-4af2-8765-009a3a65b30c: checkpointed 47161 records.
2026-09-17T12:59:43Z INFO [151/500] 0225e258-b1f5-4649-aa11-b50389972297: 27 internal nodes; 0.6 s; peak memory 246 MiB.
2026-09-17T12:59:43Z INFO [152/500] 022611a0-c9b5-49b0-9e63-877d2c228171: 17 internal nodes; 0.5 s; peak memory 246 MiB.
2026-09-17T12:59:44Z INFO [153/500] 02262a07-b9e8-473e-8c77-79d24e0bd5af: 69 internal nodes; 0.8 s; peak memory 246 MiB.
2026-09-17T12:59:45Z INFO [154/500] 02268c7b-9fa3-4c41-bdf3-81b04989e0c0: 44 internal nodes; 1.2 s; peak memory 246 MiB.
2026-09-17T12:59:46Z INFO [155/500] 0226bdce-75ce-43b2-92e0-39000dbd3c81: 27 internal nodes; 0.6 s; peak memory 246 MiB.
2026-09-17T12:59:46Z INFO [156/500] 02286594-b159-455b-9d4b-4cda00f62a37: 27 internal nodes; 0.6 s; peak memory 246 MiB.
2026-09-17T12:59:47Z INFO [157/500] 0228e127-31ef-493c-9ab6-7ed874426dbb: 17 internal nodes; 0.4 s; peak memory 246 MiB.
2026-09-17T12:59:47Z INFO [158/500] 0229b01d-c981-45d9-b461-26e6da04a154: 28 internal nodes; 0.6 s; peak memory 246 MiB.
2026-09-17T12:59:48Z INFO [159/500] 022a2b7a-8cb7-4514-9afc-8df0d20dbd15: 17 internal nodes; 0.7 s; peak memory 246 MiB.
2026-09-17T12:59:49Z INFO [160/500] 022c682c-f4af-4c60-a4f8-e9217c1c62a2: 23 internal nodes; 0.6 s; peak memory 246 MiB.
2026-09-17T12:59:49Z INFO [161/500] 022e1f46-b049-4c83-9a3c-3bbdd4a41077: 31 internal nodes; 0.7 s; peak memory 246 MiB.
2026-09-17T12:59:50Z INFO [162/500] 022e8135-8686-48f0-b454-2668124ca593: 27 internal nodes; 0.8 s; peak memory 246 MiB.
2026-09-17T12:59:51Z INFO [163/500] 022ec9c5-ec21-4513-bcd3-2e835e4cd506: 11 internal nodes; 0.4 s; peak memory 246 MiB.
2026-09-17T12:59:52Z INFO [164/500] 022f150d-16e8-45d4-97b4-6181d63fd51f: 63 internal nodes; 0.9 s; peak memory 246 MiB.
2026-09-17T13:00:01Z INFO [165/500] 022f339d-9d26-426b-9ef1-ca63eb47d5ad: 146 internal nodes; 9.1 s; peak memory 246 MiB.
2026-09-17T13:00:02Z INFO [166/500] 022f8eb4-53ae-4af9-9bdc-674aae1edb51: 31 internal nodes; 0.8 s; peak memory 246 MiB.
2026-09-17T13:00:02Z INFO [167/500] 02309b5a-860c-4df0-a7be-857ff5d255b5: 27 internal nodes; 0.6 s; peak memory 246 MiB.
2026-09-17T13:00:03Z INFO [168/500] 0230eb57-d071-4bcc-9a22-6834afa40a85: 17 internal nodes; 0.5 s; peak memory 246 MiB.
2026-09-17T13:00:03Z INFO [169/500] 02311f29-addb-49c5-98a6-c442fb85b402: 11 internal nodes; 0.3 s; peak memory 246 MiB.
2026-09-17T13:00:04Z INFO [170/500] 02314e29-612a-4dc3-a24e-5af89266b939: 66 internal nodes; 1.2 s; peak memory 247 MiB.
2026-09-17T13:00:05Z INFO [171/500] 0231748a-c88e-46b1-a553-bfae358aeb70: 27 internal nodes; 0.5 s; peak memory 247 MiB.
2026-09-17T13:00:05Z INFO [172/500] 02328483-d31b-4de9-888a-574b619d2c97: 17 internal nodes; 0.5 s; peak memory 247 MiB.
2026-09-17T13:00:06Z INFO [173/500] 0232c59a-ac44-447d-9063-ad2a1856fa92: 11 internal nodes; 0.4 s; peak memory 247 MiB.
2026-09-17T13:00:06Z INFO [174/500] 0232edf3-d4db-44e4-ac0b-bca8596ed8c4: 17 internal nodes; 0.6 s; peak memory 247 MiB.
2026-09-17T13:00:07Z INFO [175/500] 0234fc59-3c5a-4238-8e00-b8639b27b2a8: 27 internal nodes; 0.7 s; peak memory 247 MiB.
2026-09-17T13:00:07Z INFO [176/500] 023522fa-48b1-4c9e-9a8b-37fb699f601f: 19 internal nodes; 0.5 s; peak memory 247 MiB.
2026-09-17T13:00:08Z INFO [177/500] 02353ebe-f8dc-4283-925c-03fcd22d8178: 31 internal nodes; 0.9 s; peak memory 247 MiB.
2026-09-17T13:00:09Z INFO [178/500] 023567f7-ce9d-4898-b402-2a07c9a0c61a: 31 internal nodes; 0.7 s; peak memory 247 MiB.
2026-09-17T13:00:10Z INFO [179/500] 02366416-a104-4f5a-9322-49a59a543094: 30 internal nodes; 0.6 s; peak memory 247 MiB.
2026-09-17T13:00:11Z INFO [180/500] 02384071-60ea-4822-9424-8f6d5d102b9c: 61 internal nodes; 0.9 s; peak memory 247 MiB.
2026-09-17T13:00:17Z INFO [181/500] 02384416-3bd6-4b38-bdd6-0b113df75307: 75 internal nodes; 6.3 s; peak memory 247 MiB.
2026-09-17T13:00:20Z INFO [182/500] 02391096-53ee-4f1f-b0fc-949452447198: 177 internal nodes; 3.5 s; peak memory 247 MiB.
2026-09-17T13:00:21Z INFO [183/500] 02399f2b-f3b5-4150-95bb-24db73e74493: 27 internal nodes; 0.6 s; peak memory 247 MiB.
2026-09-17T13:00:22Z INFO [184/500] 023aa742-1af9-4e46-93e9-7acf2d5d6259: 27 internal nodes; 0.7 s; peak memory 247 MiB.
2026-09-17T13:00:23Z INFO [185/500] 023ab37d-1bd1-44e0-88df-a0ef3acba32d: 21 internal nodes; 1.5 s; peak memory 247 MiB.
2026-09-17T13:00:24Z INFO [186/500] 023accbf-1eec-4548-9a9e-d33bd5d81eba: 27 internal nodes; 0.6 s; peak memory 247 MiB.
2026-09-17T13:00:25Z INFO [187/500] 023b8db2-1a14-44b5-9772-62a39003552d: 40 internal nodes; 1.8 s; peak memory 247 MiB.
2026-09-17T13:00:26Z INFO [188/500] 023be53b-62a9-4348-8491-a5635f7b2c8a: 31 internal nodes; 0.7 s; peak memory 247 MiB.
2026-09-17T13:00:27Z INFO [189/500] 023cd4ec-9f12-4acc-a100-31fc438c60a9: 29 internal nodes; 0.5 s; peak memory 247 MiB.
2026-09-17T13:00:34Z INFO [190/500] 023d394c-5b65-49f8-b2dc-e848e442157a: 275 internal nodes; 7.8 s; peak memory 247 MiB.
2026-09-17T13:00:35Z INFO [191/500] 023de8d7-011a-49df-ab78-450790e357e5: 17 internal nodes; 0.5 s; peak memory 247 MiB.
2026-09-17T13:00:36Z INFO [192/500] 023e2f62-a1b6-46e0-bf97-a552e16263cb: 31 internal nodes; 0.8 s; peak memory 247 MiB.
2026-09-17T13:00:36Z INFO [193/500] 023ed86e-9ccc-4f5e-89d4-75f8f3f61647: 19 internal nodes; 0.6 s; peak memory 247 MiB.
2026-09-17T13:00:38Z INFO [194/500] 023f13e6-5a20-46e4-90d3-bd40165f0b3e: 18 internal nodes; 1.2 s; peak memory 247 MiB.
2026-09-17T13:00:38Z INFO [195/500] 023f6326-2c0c-4725-a2c8-4b3583889d50: 17 internal nodes; 0.5 s; peak memory 247 MiB.
2026-09-17T13:00:39Z INFO [196/500] 023fef0f-fd7e-41ea-89be-fe513f8a92c9: 56 internal nodes; 0.9 s; peak memory 247 MiB.
2026-09-17T13:00:39Z INFO [197/500] 023ff1ca-0551-4307-b268-d50aeab24783: 17 internal nodes; 0.5 s; peak memory 247 MiB.
2026-09-17T13:00:40Z INFO [198/500] 02407b32-7320-4fd5-8859-34ac126b314b: 24 internal nodes; 1.0 s; peak memory 247 MiB.
2026-09-17T13:00:41Z INFO [199/500] 02411261-31e4-4c48-bff0-ad538f6f2bd4: 26 internal nodes; 0.4 s; peak memory 247 MiB.
2026-09-17T13:00:42Z INFO [200/500] 02422670-f4fb-4366-98ee-9d194ca98183: 61 internal nodes; 0.7 s; peak memory 247 MiB.
2026-09-17T13:00:42Z INFO [200/500] 02422670-f4fb-4366-98ee-9d194ca98183: checkpointed 47211 records.
2026-09-17T13:00:42Z INFO [201/500] 024319c7-263e-4d84-a82e-9c902772332c: 31 internal nodes; 0.7 s; peak memory 247 MiB.
2026-09-17T13:00:43Z INFO [202/500] 02439c1d-d548-4c8f-ab65-d050373789d2: 62 internal nodes; 0.9 s; peak memory 247 MiB.
2026-09-17T13:00:44Z INFO [203/500] 0244990f-1c79-4fcb-af48-11e466967bf9: 17 internal nodes; 0.5 s; peak memory 247 MiB.
2026-09-17T13:00:50Z INFO [204/500] 02452938-7c44-4f8f-a7a7-4be1b8af13be: 85 internal nodes; 5.9 s; peak memory 247 MiB.
2026-09-17T13:00:50Z INFO [205/500] 0245bdf4-38ea-4c16-83c6-79ce769c0b53: 17 internal nodes; 0.5 s; peak memory 247 MiB.
2026-09-17T13:00:51Z INFO [206/500] 0245e7c2-2f04-42a1-9302-4ff778105167: 17 internal nodes; 0.5 s; peak memory 247 MiB.
2026-09-17T13:00:51Z INFO [207/500] 0246d73f-65cd-43ac-bfce-54c34aaad5f4: 17 internal nodes; 0.6 s; peak memory 247 MiB.
2026-09-17T13:00:52Z INFO [208/500] 0247201e-6f40-485e-96d0-1f8d1540f624: 19 internal nodes; 0.5 s; peak memory 247 MiB.
2026-09-17T13:00:53Z INFO [209/500] 024735c1-6631-4c96-8aa1-cf2fbbd0b10c: 62 internal nodes; 0.6 s; peak memory 247 MiB.
2026-09-17T13:00:53Z INFO [210/500] 0248d9ba-aa14-4dd5-85f9-38b106897ba6: 90 internal nodes; 0.7 s; peak memory 247 MiB.
2026-09-17T13:00:54Z INFO [211/500] 0248ebf7-dd32-4621-adbc-62b03bf0da27: 26 internal nodes; 0.4 s; peak memory 247 MiB.
2026-09-17T13:00:54Z INFO [212/500] 0249de9b-bb18-44b3-9ef6-0ac2f47a2505: 17 internal nodes; 0.5 s; peak memory 247 MiB.
2026-09-17T13:00:58Z INFO [213/500] 024a433d-a791-4d22-95ef-d8ee83418dec: 194 internal nodes; 4.2 s; peak memory 247 MiB.
2026-09-17T13:01:01Z INFO [214/500] 024aeec4-c011-4e7a-bbc3-cc2a56f81abe: 127 internal nodes; 2.5 s; peak memory 247 MiB.
2026-09-17T13:01:01Z INFO [215/500] 024af1bc-a710-4b93-8f36-403e5a9050c9: 17 internal nodes; 0.5 s; peak memory 247 MiB.
2026-09-17T13:01:02Z INFO [216/500] 024b57be-36e6-4381-8014-ebfdbd3672f7: 14 internal nodes; 0.6 s; peak memory 247 MiB.
2026-09-17T13:01:12Z INFO [217/500] 024c16ec-2d6b-4f08-98d7-ea9cbe98a7e9: 1795 internal nodes; 10.3 s; peak memory 266 MiB.
2026-09-17T13:01:13Z INFO [218/500] 024c8ff9-866c-40a0-bfc1-3f31ba9e8506: 13 internal nodes; 0.5 s; peak memory 266 MiB.
2026-09-17T13:01:13Z INFO [219/500] 024c929f-ae68-47de-90a0-2a31d64822b0: 19 internal nodes; 0.6 s; peak memory 266 MiB.
2026-09-17T13:01:15Z INFO [220/500] 024c9e5b-e169-4639-8951-7a0a7960e4e7: 31 internal nodes; 1.1 s; peak memory 266 MiB.
2026-09-17T13:01:15Z INFO [221/500] 024cd809-fee8-45f9-b486-e268805d2d2f: 26 internal nodes; 0.4 s; peak memory 266 MiB.
2026-09-17T13:01:16Z INFO [222/500] 024e6a13-f90b-42ee-92ed-e841997a105d: 55 internal nodes; 1.5 s; peak memory 266 MiB.
2026-09-17T13:01:17Z WARNING 024ef50f-ac6f-49ea-806b-93ef4b5e8644: failed while reading the NWB file (KeyError: 'Unable to synchronously open object (component not found)')
2026-09-17T13:01:17Z WARNING [223/500] 024ef50f-ac6f-49ea-806b-93ef4b5e8644: leaving unrecorded for a later run to retry.
2026-09-17T13:01:18Z INFO [224/500] 02509ae0-e003-4390-9ad5-bbc66f840a48: 17 internal nodes; 0.5 s; peak memory 266 MiB.
2026-09-17T13:01:18Z INFO [225/500] 0251d188-8c68-4d63-a312-1613fd7f0bea: 116 internal nodes; 0.6 s; peak memory 266 MiB.
2026-09-17T13:01:21Z INFO [226/500] 02527521-97e8-4042-b54e-41bde2234281: 73 internal nodes; 2.6 s; peak memory 266 MiB.
2026-09-17T13:01:25Z INFO [227/500] 02528e5e-47c9-4647-992e-dfbcc869edef: 319 internal nodes; 3.8 s; peak memory 266 MiB.
2026-09-17T13:01:26Z INFO [228/500] 0252bb92-94f9-4450-bec6-3d16202344cb: 29 internal nodes; 0.7 s; peak memory 266 MiB.
2026-09-17T13:01:27Z INFO [229/500] 025311c1-a941-4cdb-9ca0-4e7d74e1acbd: 46 internal nodes; 1.7 s; peak memory 266 MiB.
2026-09-17T13:01:28Z INFO [230/500] 02537338-fe4e-492d-89ce-d33f06c99a76: 6 internal nodes; 0.4 s; peak memory 266 MiB.
2026-09-17T13:01:29Z INFO [231/500] 0253b369-5b51-4800-bbd1-045e1db0a2ac: 42 internal nodes; 1.0 s; peak memory 266 MiB.
2026-09-17T13:01:29Z INFO [232/500] 0253dc7c-5a6c-417a-910a-5f984c374001: 19 internal nodes; 0.6 s; peak memory 266 MiB.
2026-09-17T13:01:30Z INFO [233/500] 02541d8f-963b-43af-9981-a9e2dfe749a6: 26 internal nodes; 0.3 s; peak memory 266 MiB.
2026-09-17T13:01:30Z INFO [234/500] 02547517-2be9-4d24-9ded-3f6a99a23365: 23 internal nodes; 0.6 s; peak memory 266 MiB.
2026-09-17T13:01:31Z INFO [235/500] 02549eff-7d98-4458-92e7-284a56e6657c: 31 internal nodes; 0.6 s; peak memory 266 MiB.
2026-09-17T13:01:33Z INFO [236/500] 0254cfa7-c12c-434b-9222-d77c386a244c: 49 internal nodes; 2.0 s; peak memory 266 MiB.
2026-09-17T13:01:33Z INFO [237/500] 0256b433-cfa1-4537-a4a8-904050680cd9: 22 internal nodes; 0.3 s; peak memory 266 MiB.
2026-09-17T13:01:34Z INFO [238/500] 02572c21-3241-4db4-8594-d373920ab756: 27 internal nodes; 0.6 s; peak memory 266 MiB.
2026-09-17T13:01:34Z INFO [239/500] 025816cb-ed17-45e6-8e1c-9bd19df73649: 17 internal nodes; 0.6 s; peak memory 266 MiB.
2026-09-17T13:01:35Z INFO [240/500] 0258d312-619a-4c4c-9a10-2af71236aa0b: 13 internal nodes; 0.4 s; peak memory 266 MiB.
2026-09-17T13:01:35Z INFO [241/500] 0259095a-8c73-4a99-a5a6-55aa0c7e3254: 60 internal nodes; 0.7 s; peak memory 266 MiB.
2026-09-17T13:01:36Z INFO [242/500] 02593f98-9954-462f-840d-79240d42b396: 17 internal nodes; 0.5 s; peak memory 266 MiB.
2026-09-17T13:01:37Z INFO [243/500] 0259c826-316d-42c8-a97c-44fa8c8f8620: 22 internal nodes; 0.7 s; peak memory 266 MiB.
2026-09-17T13:01:40Z INFO [244/500] 025bdf39-a221-4bd0-b7de-9e02f03d035a: 73 internal nodes; 3.0 s; peak memory 266 MiB.
2026-09-17T13:01:40Z INFO [245/500] 025d2697-9601-4cf2-86b5-b208c1a5fbc8: 31 internal nodes; 0.8 s; peak memory 266 MiB.
2026-09-17T13:01:41Z INFO [246/500] 025de1d3-af05-46c2-b07a-d0c1e13239ff: 23 internal nodes; 0.7 s; peak memory 266 MiB.
2026-09-17T13:01:42Z INFO [247/500] 025e0e77-43c5-4f38-bc31-f896c8a14329: 27 internal nodes; 0.6 s; peak memory 266 MiB.
2026-09-17T13:01:42Z INFO [248/500] 025ecd20-bb2a-4931-978c-57c58c93476a: 29 internal nodes; 0.5 s; peak memory 266 MiB.
2026-09-17T13:01:50Z INFO [249/500] 025f4e29-2fc9-4629-9ec0-60cc276e677e: 281 internal nodes; 7.6 s; peak memory 266 MiB.
2026-09-17T13:01:50Z INFO [250/500] 025f5b3e-1580-4903-adac-42d9785baf5c: 22 internal nodes; 0.5 s; peak memory 266 MiB.
2026-09-17T13:01:51Z INFO [250/500] 025f5b3e-1580-4903-adac-42d9785baf5c: checkpointed 47260 records.
2026-09-17T13:01:51Z INFO [251/500] 025fcd35-7ea0-4c05-acd4-8ddb02db4ef8: 27 internal nodes; 0.3 s; peak memory 266 MiB.
2026-09-17T13:01:52Z INFO [252/500] 025fda14-1b5b-42d1-bece-d4498fc36c41: 13 internal nodes; 0.7 s; peak memory 266 MiB.
2026-09-17T13:01:58Z INFO [253/500] 02601806-e257-4127-b97e-7c3a7858666f: 238 internal nodes; 6.5 s; peak memory 266 MiB.
2026-09-17T13:01:59Z INFO [254/500] 02602788-2fe0-4e29-8667-88c36c23a3a5: 15 internal nodes; 0.4 s; peak memory 266 MiB.
2026-09-17T13:01:59Z INFO [255/500] 02616421-800f-4150-bc7e-6e8b46452c3f: 17 internal nodes; 0.6 s; peak memory 266 MiB.
2026-09-17T13:02:00Z INFO [256/500] 02616a8c-b5f8-4aba-8058-e8cb30ec822f: 31 internal nodes; 0.7 s; peak memory 266 MiB.
2026-09-17T13:02:01Z INFO [257/500] 0261f267-b39d-428e-9ef6-19a648e46e3d: 17 internal nodes; 0.6 s; peak memory 266 MiB.
2026-09-17T13:02:01Z INFO [258/500] 026205d8-4257-4600-aa81-8dd5d214f40d: 11 internal nodes; 0.3 s; peak memory 266 MiB.
2026-09-17T13:02:02Z INFO [259/500] 0262192f-33d6-4d2f-92d7-9bf49213473d: 27 internal nodes; 0.6 s; peak memory 266 MiB.
2026-09-17T13:02:02Z INFO [260/500] 0262e06f-7fdd-42fd-9cd9-9f358867890f: 13 internal nodes; 0.3 s; peak memory 266 MiB.
2026-09-17T13:02:03Z INFO [261/500] 0263c627-cc16-4c62-a29d-13b945380364: 24 internal nodes; 0.8 s; peak memory 266 MiB.
2026-09-17T13:02:04Z INFO [262/500] 0263cad7-9b43-4043-8e4e-d999d9cfcc27: 67 internal nodes; 0.9 s; peak memory 266 MiB.
2026-09-17T13:02:04Z INFO [263/500] 02649d2a-16ec-4d5f-bdba-a154b6245a1c: 17 internal nodes; 0.5 s; peak memory 266 MiB.
2026-09-17T13:02:05Z INFO [264/500] 0264a635-b276-45be-9dec-88484f1bc2bd: 27 internal nodes; 0.5 s; peak memory 266 MiB.
2026-09-17T13:02:05Z INFO [265/500] 0264c460-d4cd-4c05-9aaf-527824b9c523: 17 internal nodes; 0.6 s; peak memory 266 MiB.
2026-09-17T13:02:06Z INFO [266/500] 026504fc-3d87-47fc-acf8-eb8cabcf1d78: 42 internal nodes; 1.3 s; peak memory 266 MiB.
2026-09-17T13:02:07Z INFO [267/500] 026535d4-f345-4e0d-a322-0989787fce36: 17 internal nodes; 0.6 s; peak memory 266 MiB.
2026-09-17T13:02:08Z INFO [268/500] 0265e972-ce89-4e76-ad16-722e4b535f21: 29 internal nodes; 0.6 s; peak memory 266 MiB.
2026-09-17T13:02:12Z INFO [269/500] 026668b1-7ebc-4629-b7e3-65ee751b810d: 218 internal nodes; 4.4 s; peak memory 266 MiB.
2026-09-17T13:02:13Z INFO [270/500] 0266f327-f0e8-4906-bf87-c9044c231c47: 17 internal nodes; 0.5 s; peak memory 266 MiB.
2026-09-17T13:02:13Z INFO [271/500] 026732de-e63f-4c3d-8697-27bd6f0b927a: 72 internal nodes; 0.7 s; peak memory 266 MiB.
2026-09-17T13:02:14Z INFO [272/500] 02695368-ec1f-4f6f-a065-17083377175a: 17 internal nodes; 0.5 s; peak memory 266 MiB.
2026-09-17T13:02:15Z INFO [273/500] 02698ca0-93ef-495e-9c98-10c2514fa4aa: 17 internal nodes; 0.6 s; peak memory 266 MiB.
2026-09-17T13:02:15Z INFO [274/500] 026999f7-a034-4207-b483-9a840d0cd8d5: 31 internal nodes; 0.9 s; peak memory 266 MiB.
2026-09-17T13:02:16Z INFO [275/500] 026a656d-cab6-489b-963c-dca1fa70da99: 21 internal nodes; 0.3 s; peak memory 266 MiB.
2026-09-17T13:02:16Z INFO [276/500] 026aaef8-a741-49ee-8a08-da1a27af227c: 26 internal nodes; 0.3 s; peak memory 266 MiB.
2026-09-17T13:02:17Z INFO [277/500] 026ae42b-9345-40e0-943c-c33cbdf5d4f1: 44 internal nodes; 1.5 s; peak memory 266 MiB.
2026-09-17T13:02:18Z INFO [278/500] 026bebbd-e167-464d-b71c-0170734b09f4: 31 internal nodes; 0.7 s; peak memory 266 MiB.
2026-09-17T13:02:19Z INFO [279/500] 026c0e13-b0f0-4143-8074-a3fbae51024a: 27 internal nodes; 0.6 s; peak memory 266 MiB.
2026-09-17T13:02:20Z INFO [280/500] 026da8fc-01fd-4c50-b931-7513bb92e3d5: 31 internal nodes; 0.9 s; peak memory 266 MiB.
2026-09-17T13:02:20Z INFO [281/500] 026ea2d4-80b0-4dfa-87c6-91467b5d7456: 17 internal nodes; 0.6 s; peak memory 266 MiB.
2026-09-17T13:02:21Z INFO [282/500] 026ed2c0-0267-405b-a443-f610055369b3: 27 internal nodes; 0.5 s; peak memory 266 MiB.
2026-09-17T13:02:21Z INFO [283/500] 026edd41-d5c4-4eb9-bce6-aec2b28d3adb: 21 internal nodes; 0.6 s; peak memory 266 MiB.
2026-09-17T13:02:22Z INFO [284/500] 026f2545-e025-438d-a346-5a83ea2623ea: 28 internal nodes; 0.4 s; peak memory 266 MiB.
2026-09-17T13:02:23Z INFO [285/500] 026f8d08-f603-4e70-9471-3b1a17034aec: 13 internal nodes; 0.7 s; peak memory 266 MiB.
2026-09-17T13:02:23Z INFO [286/500] 0270603b-3fb5-40e3-a96a-85e60f4e1baf: 31 internal nodes; 0.7 s; peak memory 266 MiB.
2026-09-17T13:02:24Z INFO [287/500] 027104dc-4a1a-426e-88a0-b0b00153dbb0: 13 internal nodes; 0.7 s; peak memory 266 MiB.
2026-09-17T13:02:24Z INFO [288/500] 02717735-65c6-4ae7-8b49-305d3830a819: 27 internal nodes; 0.6 s; peak memory 266 MiB.
2026-09-17T13:02:26Z INFO [289/500] 02718419-2ed3-4aed-ba52-394f6e32bcd7: 65 internal nodes; 1.6 s; peak memory 266 MiB.
2026-09-17T13:02:27Z INFO [290/500] 0272af92-c8e8-49c5-8603-fe47a19522bb: 83 internal nodes; 0.6 s; peak memory 266 MiB.
2026-09-17T13:02:27Z INFO [291/500] 02732f18-5297-49be-9cdb-5ec2e5b3b8b4: 35 internal nodes; 0.8 s; peak memory 266 MiB.
2026-09-17T13:02:28Z INFO [292/500] 027397dd-2162-47ac-9f65-0ddfd6b69879: 55 internal nodes; 0.6 s; peak memory 266 MiB.
2026-09-17T13:02:29Z INFO [293/500] 02740701-1f67-45e0-b2a4-a7cbe7e62464: 27 internal nodes; 0.5 s; peak memory 266 MiB.
2026-09-17T13:02:30Z INFO [294/500] 02743f50-6873-4dc0-b940-b80dc244fbe9: 31 internal nodes; 0.9 s; peak memory 266 MiB.
2026-09-17T13:02:30Z INFO [295/500] 0275742a-fb13-4fd0-9feb-48a961e8ef61: 19 internal nodes; 0.4 s; peak memory 266 MiB.
2026-09-17T13:02:30Z INFO [296/500] 02757e50-e816-4a32-a8ef-3952a3ec217c: 29 internal nodes; 0.5 s; peak memory 266 MiB.
2026-09-17T13:02:36Z INFO [297/500] 0275dffb-2b13-4531-95aa-7d40f528b451: 50 internal nodes; 5.8 s; peak memory 266 MiB.
2026-09-17T13:02:39Z INFO [298/500] 02777391-5056-4835-a6d1-b32817d184ca: 73 internal nodes; 3.0 s; peak memory 266 MiB.
2026-09-17T13:02:40Z INFO [299/500] 0277c3fb-65b1-447b-b711-518f85f30f7d: 17 internal nodes; 0.5 s; peak memory 266 MiB.
2026-09-17T13:02:40Z INFO [300/500] 0277f95e-dd03-4740-a987-14a28bd7752f: 17 internal nodes; 0.5 s; peak memory 266 MiB.
2026-09-17T13:02:40Z INFO [300/500] 0277f95e-dd03-4740-a987-14a28bd7752f: checkpointed 47310 records.
2026-09-17T13:02:41Z INFO [301/500] 0277fd86-ed3f-4d1e-b0be-2300df8d0398: 63 internal nodes; 0.7 s; peak memory 266 MiB.
2026-09-17T13:02:42Z INFO [302/500] 0278b8b4-9f79-49e9-918e-e4bd0a99f2c9: 18 internal nodes; 0.5 s; peak memory 266 MiB.
2026-09-17T13:02:42Z INFO [303/500] 0278c933-c33d-4ac9-9f3a-14be8ec1ac1e: 27 internal nodes; 0.3 s; peak memory 266 MiB.
2026-09-17T13:02:43Z INFO [304/500] 02796435-95b1-463b-b902-dc06bc9be988: 44 internal nodes; 1.2 s; peak memory 266 MiB.
2026-09-17T13:02:44Z INFO [305/500] 02797d31-e8ef-481d-9149-2b81d191d1c0: 27 internal nodes; 0.6 s; peak memory 266 MiB.
2026-09-17T13:02:44Z INFO [306/500] 027982cc-b57a-436c-a634-131180f11c2e: 17 internal nodes; 0.6 s; peak memory 266 MiB.
2026-09-17T13:02:45Z INFO [307/500] 0279a7b7-9dc4-4d21-bf27-f03462f56851: 24 internal nodes; 0.8 s; peak memory 266 MiB.
2026-09-17T13:02:49Z INFO [308/500] 0279dca2-9cb3-44ba-8483-5c377e21acac: 54 internal nodes; 3.6 s; peak memory 266 MiB.
2026-09-17T13:02:49Z INFO [309/500] 027a144b-972f-4180-896b-734131520208: 27 internal nodes; 0.6 s; peak memory 266 MiB.
2026-09-17T13:02:50Z INFO [310/500] 027a7730-53ff-4421-8ef0-a2d633d65e25: 91 internal nodes; 1.0 s; peak memory 266 MiB.
2026-09-17T13:02:51Z INFO [311/500] 027adeb8-c4b7-427b-a077-7324df21255d: 31 internal nodes; 0.8 s; peak memory 266 MiB.
2026-09-17T13:02:54Z INFO [312/500] 027b10c9-78fd-4aa7-ab67-81482fe1c215: 100 internal nodes; 2.8 s; peak memory 266 MiB.
2026-09-17T13:02:55Z INFO [313/500] 027d699e-242e-4213-b29f-f1ef09dd2f58: 66 internal nodes; 1.2 s; peak memory 266 MiB.
2026-09-17T13:02:59Z INFO [314/500] 027dce51-df65-498c-9e04-3f842e8c4418: 61 internal nodes; 4.3 s; peak memory 266 MiB.
2026-09-17T13:03:00Z INFO [315/500] 027f323e-e5aa-4fc9-8325-1a0801c471a7: 27 internal nodes; 0.6 s; peak memory 266 MiB.
2026-09-17T13:03:01Z INFO [316/500] 02806552-1931-4326-9b41-78b57b043661: 17 internal nodes; 0.6 s; peak memory 266 MiB.
2026-09-17T13:03:01Z INFO [317/500] 028065d0-64d8-4609-99ec-92b978434b87: 27 internal nodes; 0.6 s; peak memory 266 MiB.
2026-09-17T13:03:02Z INFO [318/500] 02815e50-4d08-47c5-b2dc-c962bef41956: 17 internal nodes; 0.5 s; peak memory 266 MiB.
2026-09-17T13:03:02Z INFO [319/500] 0281843e-d70d-48fa-9fd4-31d528791927: 11 internal nodes; 0.3 s; peak memory 266 MiB.
2026-09-17T13:03:03Z INFO [320/500] 02822f47-95be-4b3a-aac2-e1f86eccb6d0: 17 internal nodes; 0.6 s; peak memory 266 MiB.
2026-09-17T13:03:03Z INFO [321/500] 02824bdd-446c-4ed9-bd3c-a3a17c926ca0: 18 internal nodes; 0.5 s; peak memory 266 MiB.
2026-09-17T13:03:04Z INFO [322/500] 02829433-4773-404a-9d2e-32d2e45cd77a: 27 internal nodes; 0.6 s; peak memory 266 MiB.
2026-09-17T13:03:04Z INFO [323/500] 0282fe98-1eac-49c8-9808-33f9c1aaa00a: 17 internal nodes; 0.6 s; peak memory 266 MiB.
2026-09-17T13:03:06Z INFO [324/500] 02831699-8efa-41a9-aca7-4a7bfcf664cf: 50 internal nodes; 1.2 s; peak memory 266 MiB.
2026-09-17T13:19:43Z INFO [325/500] 0284795a-a1ff-4230-b9ef-4158c57218a8: 9750 internal nodes; 997.8 s; peak memory 1216 MiB.
2026-09-17T13:19:44Z INFO [326/500] 0284c48e-b45e-403f-ab03-707ed04d6195: 35 internal nodes; 0.8 s; peak memory 1216 MiB.
2026-09-17T13:19:44Z INFO [327/500] 0285844c-4b1b-450f-af5a-d6417ba1cc79: 13 internal nodes; 0.3 s; peak memory 1216 MiB.
2026-09-17T13:19:45Z INFO [328/500] 02874466-b78c-41ae-8487-06726996a7d4: 17 internal nodes; 0.6 s; peak memory 1216 MiB.
2026-09-17T13:19:46Z INFO [329/500] 02878f31-f679-4940-b6e1-5645c2bc461b: 31 internal nodes; 0.8 s; peak memory 1216 MiB.
2026-09-17T13:19:47Z INFO [330/500] 028801d5-ab2d-4a7e-9561-673e12734d37: 27 internal nodes; 0.7 s; peak memory 1216 MiB.
2026-09-17T13:19:47Z INFO [331/500] 0288de74-0668-4073-9ec2-b1be49cd1fe2: 17 internal nodes; 0.6 s; peak memory 1216 MiB.
2026-09-17T13:19:48Z INFO [332/500] 028953a2-2dd4-4a63-ae1f-0b6ef1cfc94e: 29 internal nodes; 0.7 s; peak memory 1216 MiB.
2026-09-17T13:19:48Z INFO [333/500] 028979ab-3a71-405c-9eb1-85486f0b8192: 17 internal nodes; 0.5 s; peak memory 1216 MiB.
2026-09-17T13:19:49Z INFO [334/500] 028a4a06-4529-47fb-b5d8-9d0b041e4100: 27 internal nodes; 0.7 s; peak memory 1216 MiB.
2026-09-17T13:19:50Z INFO [335/500] 028b6b5e-5f02-4f14-a1c1-6db68da7eef4: 17 internal nodes; 0.5 s; peak memory 1216 MiB.
2026-09-17T13:19:50Z INFO [336/500] 028be36d-33e7-4cc7-aabe-b35d358f2eea: 27 internal nodes; 0.6 s; peak memory 1216 MiB.
2026-09-17T13:19:51Z INFO [337/500] 028c061c-c72b-49f9-a0da-04dcaf9da140: 53 internal nodes; 0.7 s; peak memory 1216 MiB.
2026-09-17T13:19:55Z INFO [338/500] 028d135a-7ce8-42eb-af71-7247c3203f28: 261 internal nodes; 4.5 s; peak memory 1216 MiB.
2026-09-17T13:19:56Z INFO [339/500] 028dfba3-b9bc-4f66-8875-e101935eecf3: 27 internal nodes; 0.6 s; peak memory 1216 MiB.
2026-09-17T13:19:57Z INFO [340/500] 028e5921-08e8-4dc6-8dd5-e536a8f320fb: 58 internal nodes; 1.2 s; peak memory 1216 MiB.
2026-09-17T13:19:58Z INFO [341/500] 028ead3b-09ae-4b5f-9697-c51638a55c9c: 17 internal nodes; 0.6 s; peak memory 1216 MiB.
2026-09-17T13:19:58Z INFO [342/500] 028ef11f-c970-4265-8ab7-83172c4be6aa: 17 internal nodes; 0.6 s; peak memory 1216 MiB.
2026-09-17T13:19:59Z INFO [343/500] 028fc389-ac38-4662-b310-efd45233854f: 11 internal nodes; 0.3 s; peak memory 1216 MiB.
2026-09-17T13:20:02Z INFO [344/500] 02905b08-b0de-402c-a7db-e62e49f05671: 134 internal nodes; 3.7 s; peak memory 1216 MiB.
2026-09-17T13:20:03Z INFO [345/500] 0290f830-5dad-4a54-81f3-fd456cd54b17: 17 internal nodes; 0.6 s; peak memory 1216 MiB.
2026-09-17T13:20:05Z INFO [346/500] 0290fa92-2465-4fed-8343-9bb5c1bc9974: 82 internal nodes; 1.6 s; peak memory 1216 MiB.
2026-09-17T13:20:05Z INFO [347/500] 0291822b-1a0b-4ce3-bef3-c4eb937ab88e: 17 internal nodes; 0.5 s; peak memory 1216 MiB.
2026-09-17T13:20:06Z INFO [348/500] 0291edda-91e2-4268-b7c4-453a5550909e: 19 internal nodes; 0.7 s; peak memory 1216 MiB.
2026-09-17T13:20:07Z INFO [349/500] 029295d9-7ab6-49d9-af94-d28f2b3bbde5: 31 internal nodes; 0.9 s; peak memory 1216 MiB.
2026-09-17T13:20:07Z INFO [350/500] 02935dd8-b9a1-4625-8c3a-f8f14ff0e25e: 17 internal nodes; 0.4 s; peak memory 1216 MiB.
2026-09-17T13:20:07Z INFO [350/500] 02935dd8-b9a1-4625-8c3a-f8f14ff0e25e: checkpointed 47360 records.
2026-09-17T13:20:11Z INFO [351/500] 02937297-72ad-4c19-8e02-f0bc9d9f5c0f: 279 internal nodes; 4.0 s; peak memory 1216 MiB.
2026-09-17T13:20:12Z INFO [352/500] 02938ebc-1379-4389-af75-d487d29f0a27: 31 internal nodes; 0.6 s; peak memory 1216 MiB.
2026-09-17T13:20:16Z INFO [353/500] 02946b87-acda-4ee1-8dc5-19939ec7b787: 198 internal nodes; 3.7 s; peak memory 1216 MiB.
2026-09-17T13:20:17Z INFO [354/500] 02949b71-7360-4a8f-9b81-9f51282f8e5c: 31 internal nodes; 1.0 s; peak memory 1216 MiB.
2026-09-17T13:20:18Z INFO [355/500] 0294e0a5-df23-4bd9-bb5f-f1660afbbc22: 31 internal nodes; 0.8 s; peak memory 1216 MiB.
2026-09-17T13:20:18Z INFO [356/500] 02950439-2230-46aa-bae8-d7ee63bff896: 17 internal nodes; 0.6 s; peak memory 1216 MiB.
2026-09-17T13:20:20Z INFO [357/500] 02954af6-e78d-4cde-8f65-e57e804b4eb1: 125 internal nodes; 2.1 s; peak memory 1216 MiB.
2026-09-17T13:20:21Z INFO [358/500] 02954c97-270f-4783-8d50-1017070272e0: 115 internal nodes; 0.6 s; peak memory 1216 MiB.
2026-09-17T13:20:21Z INFO [359/500] 02959882-f6a0-4953-8315-ae122f73ee3e: 17 internal nodes; 0.6 s; peak memory 1216 MiB.
2026-09-17T13:20:22Z INFO [360/500] 0295bd30-d875-4221-8bf9-fd26a50e4730: 29 internal nodes; 0.8 s; peak memory 1216 MiB.
2026-09-17T13:20:23Z INFO [361/500] 02966e4b-e374-497b-a978-f323a372b4da: 26 internal nodes; 0.3 s; peak memory 1216 MiB.
2026-09-17T13:20:24Z INFO [362/500] 0297c5f6-6d74-4df9-9180-0a63573ad406: 185 internal nodes; 1.4 s; peak memory 1216 MiB.
2026-09-17T13:20:24Z INFO [363/500] 02995666-ca83-462e-8955-8cade5c9dad0: 115 internal nodes; 0.5 s; peak memory 1216 MiB.
2026-09-17T13:20:25Z INFO [364/500] 0299a00d-47db-4aa9-b708-b4428c271107: 38 internal nodes; 0.8 s; peak memory 1216 MiB.
2026-09-17T13:20:26Z INFO [365/500] 0299aacd-4811-437f-9539-54feaa63e240: 19 internal nodes; 0.7 s; peak memory 1216 MiB.
2026-09-17T13:20:33Z INFO [366/500] 0299de1d-65a8-49d3-b61e-68a329ec7256: 234 internal nodes; 6.6 s; peak memory 1216 MiB.
2026-09-17T13:20:38Z INFO [367/500] 029aded6-3070-4d1f-a252-41fad264a6fe: 385 internal nodes; 5.0 s; peak memory 1216 MiB.
2026-09-17T13:20:38Z INFO [368/500] 029bf697-4540-4395-b264-3edb210470a8: 11 internal nodes; 0.6 s; peak memory 1216 MiB.
2026-09-17T13:20:39Z INFO [369/500] 029d5a86-0e9b-418c-813b-ffb02539af15: 31 internal nodes; 0.8 s; peak memory 1216 MiB.
2026-09-17T13:20:43Z INFO [370/500] 029d6050-dc13-418b-97a3-bbfbd958e998: 157 internal nodes; 4.3 s; peak memory 1216 MiB.
2026-09-17T13:20:44Z INFO [371/500] 029d681f-5887-4e88-9d28-627bd08d5723: 27 internal nodes; 0.6 s; peak memory 1216 MiB.
2026-09-17T13:20:45Z INFO [372/500] 029e9a5f-0496-4bb0-a829-867ab99f8839: 115 internal nodes; 0.7 s; peak memory 1216 MiB.
2026-09-17T13:20:52Z INFO [373/500] 029ea7e2-96c1-4daa-bed3-0251b54fc56e: 77 internal nodes; 7.6 s; peak memory 1216 MiB.
2026-09-17T13:20:53Z INFO [374/500] 029ecb06-e88c-4b7b-99f8-f434c257921c: 29 internal nodes; 0.8 s; peak memory 1216 MiB.
2026-09-17T13:20:59Z INFO [375/500] 02a17d04-270c-4fbf-9736-b02f5edc72bc: 234 internal nodes; 6.4 s; peak memory 1216 MiB.
2026-09-17T13:21:00Z INFO [376/500] 02a1d9ba-34cf-4ec3-9da4-a6d09389448f: 17 internal nodes; 0.5 s; peak memory 1216 MiB.
2026-09-17T13:21:02Z INFO [377/500] 02a24b84-5179-429c-8e97-d03da5ecbcb1: 46 internal nodes; 1.7 s; peak memory 1216 MiB.
2026-09-17T13:21:02Z INFO [378/500] 02a2d86b-f848-4846-9e29-d92b8cbc38d2: 31 internal nodes; 0.8 s; peak memory 1216 MiB.
2026-09-17T13:21:03Z INFO [379/500] 02a32839-becd-4722-9c93-59e02da90002: 90 internal nodes; 0.8 s; peak memory 1216 MiB.
2026-09-17T13:21:04Z INFO [380/500] 02a37861-2b09-4c07-8421-2ffa0a97102e: 39 internal nodes; 1.2 s; peak memory 1216 MiB.
2026-09-17T13:21:05Z INFO [381/500] 02a40a80-742a-424e-8e01-7cda99237e8e: 17 internal nodes; 0.6 s; peak memory 1216 MiB.
2026-09-17T13:21:06Z INFO [382/500] 02a42b1f-1cf4-436f-9320-c7d937bad4fa: 17 internal nodes; 0.6 s; peak memory 1216 MiB.
2026-09-17T13:21:06Z INFO [383/500] 02a5842f-430f-4b12-a276-798dd69ae01a: 13 internal nodes; 0.4 s; peak memory 1216 MiB.
2026-09-17T13:21:07Z INFO [384/500] 02a6166e-28e2-4e65-b0cb-809e8a8f6cec: 27 internal nodes; 0.6 s; peak memory 1216 MiB.
2026-09-17T13:21:07Z INFO [385/500] 02a767b0-1fb4-4989-ad41-174aafcd972e: 27 internal nodes; 0.7 s; peak memory 1216 MiB.
2026-09-17T13:21:13Z INFO [386/500] 02a82567-39a8-4040-8860-17a550d6257d: 220 internal nodes; 5.5 s; peak memory 1216 MiB.
2026-09-17T13:21:14Z INFO [387/500] 02a87624-9c8a-4fc5-b5a4-c595629b2717: 45 internal nodes; 1.8 s; peak memory 1216 MiB.
2026-09-17T13:21:19Z INFO [388/500] 02a87829-cda9-4cae-a640-72d93d360e9c: 217 internal nodes; 4.7 s; peak memory 1216 MiB.
2026-09-17T13:21:20Z INFO [389/500] 02a9596d-8286-4034-a5bb-80b902fed0ff: 17 internal nodes; 0.6 s; peak memory 1216 MiB.
2026-09-17T13:21:29Z INFO [390/500] 02a95f1a-6af7-44fa-870b-540be1598e25: 1897 internal nodes; 9.4 s; peak memory 1216 MiB.
2026-09-17T13:21:30Z INFO [391/500] 02ab385f-0a13-4617-9241-cb80277b5f04: 17 internal nodes; 0.6 s; peak memory 1216 MiB.
2026-09-17T13:21:31Z INFO [392/500] 02ab47cd-b9ff-46f8-9ae5-f7629e230317: 29 internal nodes; 1.0 s; peak memory 1216 MiB.
2026-09-17T13:21:32Z INFO [393/500] 02ab5f1d-b90f-4109-915f-94e39431d8fa: 49 internal nodes; 1.7 s; peak memory 1216 MiB.
2026-09-17T13:21:33Z INFO [394/500] 02abdba1-11e3-4245-a4d7-8af2193b29a6: 17 internal nodes; 0.6 s; peak memory 1216 MiB.
2026-09-17T13:21:33Z INFO [395/500] 02ace5ca-49ef-420e-b605-64cbc69ef4de: 29 internal nodes; 0.6 s; peak memory 1216 MiB.
2026-09-17T13:21:34Z INFO [396/500] 02acf65f-66d3-455f-880f-df80ab42894f: 27 internal nodes; 0.6 s; peak memory 1216 MiB.
2026-09-17T13:21:34Z INFO [397/500] 02ad6340-dfcd-48e5-b161-b51f099571a1: 11 internal nodes; 0.4 s; peak memory 1216 MiB.
2026-09-17T13:21:35Z INFO [398/500] 02ae98b5-b482-4527-8733-3e786e0d2f31: 27 internal nodes; 0.7 s; peak memory 1216 MiB.
2026-09-17T13:21:36Z INFO [399/500] 02ae9a44-bfe7-455d-8bb3-4d669cec400b: 27 internal nodes; 0.7 s; peak memory 1216 MiB.
2026-09-17T13:21:37Z INFO [400/500] 02aea000-12b7-400d-be09-43d9e78dd4ba: 17 internal nodes; 0.7 s; peak memory 1216 MiB.
2026-09-17T13:21:37Z INFO [400/500] 02aea000-12b7-400d-be09-43d9e78dd4ba: checkpointed 47410 records.
2026-09-17T13:21:37Z INFO [401/500] 02aef313-a606-4caf-af6d-b789ad626e2a: 31 internal nodes; 0.7 s; peak memory 1216 MiB.
2026-09-17T13:21:38Z INFO [402/500] 02aefefa-d833-4951-930b-7c8b5bb7eca1: 17 internal nodes; 0.5 s; peak memory 1216 MiB.
2026-09-17T13:21:38Z INFO [403/500] 02afb526-b429-48ab-8765-b40123a98db9: 27 internal nodes; 0.5 s; peak memory 1216 MiB.
2026-09-17T13:21:39Z INFO [404/500] 02b10584-99ff-45a6-a9d9-878dd321bdac: 27 internal nodes; 0.6 s; peak memory 1216 MiB.
2026-09-17T13:21:40Z INFO [405/500] 02b16757-61f2-40d3-9903-f22fe5a2f75d: 17 internal nodes; 0.5 s; peak memory 1216 MiB.
2026-09-17T13:21:40Z INFO [406/500] 02b22217-563b-410c-a30d-502f83b7f899: 27 internal nodes; 0.5 s; peak memory 1216 MiB.
2026-09-17T13:21:53Z INFO [407/500] 02b22372-1158-4c4f-9e96-54a4bbd622c6: 112 internal nodes; 13.0 s; peak memory 1216 MiB.
2026-09-17T13:21:54Z INFO [408/500] 02b2641e-321f-4252-a2c4-d8c7b9bbd0d4: 31 internal nodes; 0.7 s; peak memory 1216 MiB.
2026-09-17T13:21:55Z INFO [409/500] 02b2e50a-cff5-4dba-a62e-c2fe49769ad0: 54 internal nodes; 1.1 s; peak memory 1216 MiB.
2026-09-17T13:21:55Z INFO [410/500] 02b34177-d581-4cb8-9dd8-250d4638df5f: 17 internal nodes; 0.5 s; peak memory 1216 MiB.
2026-09-17T13:21:56Z INFO [411/500] 02b34a1c-6b34-4ea9-8b11-ca286ee9b6b6: 27 internal nodes; 0.8 s; peak memory 1216 MiB.
2026-09-17T13:21:57Z INFO [412/500] 02b36fcc-831b-47ac-b493-eefcbe929fdc: 27 internal nodes; 0.7 s; peak memory 1216 MiB.
2026-09-17T13:22:10Z INFO [413/500] 02b3b0b7-a112-4899-9fe9-6db12ed84160: 136 internal nodes; 13.0 s; peak memory 1216 MiB.
2026-09-17T13:22:11Z INFO [414/500] 02b4cbac-134b-4842-a931-d787465f579c: 42 internal nodes; 1.4 s; peak memory 1216 MiB.
2026-09-17T13:22:12Z INFO [415/500] 02b526a2-cfde-443c-9394-2f3efc6ef49b: 19 internal nodes; 0.5 s; peak memory 1216 MiB.
2026-09-17T13:22:12Z INFO [416/500] 02b64f62-eecc-44ea-a09a-0f98e7005304: 17 internal nodes; 0.6 s; peak memory 1216 MiB.
2026-09-17T13:22:13Z INFO [417/500] 02b83423-05ff-4a45-98a5-c192ee57da37: 27 internal nodes; 0.7 s; peak memory 1216 MiB.
2026-09-17T13:22:13Z INFO [418/500] 02b961c7-6f34-4998-86ed-a22bcf66f13e: 17 internal nodes; 0.4 s; peak memory 1216 MiB.
2026-09-17T13:22:14Z INFO [419/500] 02b96caa-8417-4c4c-b7c0-dc4bb21aadd0: 69 internal nodes; 0.9 s; peak memory 1216 MiB.
2026-09-17T13:22:15Z INFO [420/500] 02ba074a-1dfc-47f0-a7c1-cbd17fb6030c: 11 internal nodes; 0.4 s; peak memory 1216 MiB.
2026-09-17T13:22:15Z INFO [421/500] 02ba2272-b4a4-4dd8-9698-001a473a379b: 17 internal nodes; 0.6 s; peak memory 1216 MiB.
2026-09-17T13:22:16Z INFO [422/500] 02ba3493-299b-4008-baff-53a7969125a0: 53 internal nodes; 0.9 s; peak memory 1216 MiB.
2026-09-17T13:22:17Z INFO [423/500] 02bb68c9-ed47-4ac8-890f-89afe86dbea8: 25 internal nodes; 0.9 s; peak memory 1216 MiB.
2026-09-17T13:25:24Z INFO [424/500] 02bbeab5-9101-41d6-a75e-33154f1f780e: 8925 internal nodes; 186.4 s; peak memory 1216 MiB.
2026-09-17T13:25:24Z INFO [425/500] 02bcb96d-79c6-4a44-b07b-f6c28d5e5232: 17 internal nodes; 0.6 s; peak memory 1216 MiB.
2026-09-17T13:25:26Z INFO [426/500] 02bcf7de-0a80-43ce-bebc-08becede8e02: 46 internal nodes; 1.8 s; peak memory 1216 MiB.
2026-09-17T13:25:28Z INFO [427/500] 02bd1e75-7480-4af5-b706-1a3a2c7c5068: 50 internal nodes; 1.7 s; peak memory 1216 MiB.
2026-09-17T13:25:29Z INFO [428/500] 02bd842b-5d0e-4c31-a136-ac15e7990254: 27 internal nodes; 0.8 s; peak memory 1216 MiB.
2026-09-17T13:25:29Z INFO [429/500] 02bdffd3-b050-4bf6-beb2-9650c68334ed: 26 internal nodes; 0.6 s; peak memory 1216 MiB.
2026-09-17T13:25:30Z INFO [430/500] 02be6c8b-e8d6-4b0a-a733-011b818c17c8: 30 internal nodes; 0.9 s; peak memory 1216 MiB.
2026-09-17T13:25:31Z INFO [431/500] 02bfa38c-d3ac-48df-adb0-c5bf34e4bac3: 25 internal nodes; 0.7 s; peak memory 1216 MiB.
2026-09-17T13:25:31Z INFO [432/500] 02bfc69e-526d-44dc-b242-5eff08c1b1f6: 28 internal nodes; 0.5 s; peak memory 1216 MiB.
2026-09-17T13:25:32Z INFO [433/500] 02c0f83f-9a69-45ea-96d4-b2915f75a7d5: 31 internal nodes; 1.0 s; peak memory 1216 MiB.
2026-09-17T13:25:38Z INFO [434/500] 02c1d006-3ec9-4c43-b4f1-c49f8551d2a3: 82 internal nodes; 5.4 s; peak memory 1216 MiB.
2026-09-17T13:25:39Z INFO [435/500] 02c1d51f-5939-46a0-af2e-1ade5ff9290b: 65 internal nodes; 1.1 s; peak memory 1216 MiB.
2026-09-17T13:25:39Z INFO [436/500] 02c22b9c-3492-4094-b862-54be671929e0: 115 internal nodes; 0.6 s; peak memory 1216 MiB.
2026-09-17T13:25:40Z INFO [437/500] 02c23870-f2c1-4420-b773-b5372884af20: 40 internal nodes; 0.8 s; peak memory 1216 MiB.
2026-09-17T13:25:41Z INFO [438/500] 02c2a56e-43d4-46bc-851b-1161540ff8af: 17 internal nodes; 0.6 s; peak memory 1216 MiB.
2026-09-17T13:25:43Z INFO [439/500] 02c2aa99-cac2-43e6-9458-aa4f460091bb: 112 internal nodes; 2.4 s; peak memory 1216 MiB.
2026-09-17T13:25:44Z INFO [440/500] 02c3cba0-183f-4900-9f73-f06e14cf3827: 17 internal nodes; 0.6 s; peak memory 1216 MiB.
2026-09-17T13:25:44Z INFO [441/500] 02c42efa-e4ec-48ce-8fca-cd8f13fc78e8: 17 internal nodes; 0.7 s; peak memory 1216 MiB.
2026-09-17T13:25:45Z INFO [442/500] 02c4d5e1-4758-4fb6-9366-97a13461416c: 31 internal nodes; 0.9 s; peak memory 1216 MiB.
2026-09-17T13:25:46Z INFO [443/500] 02c53327-b441-4910-acd6-03e40551a884: 27 internal nodes; 0.6 s; peak memory 1216 MiB.
2026-09-17T13:25:47Z INFO [444/500] 02c54433-15c9-463d-b1de-9a4af8443ef7: 26 internal nodes; 0.5 s; peak memory 1216 MiB.
2026-09-17T13:25:51Z INFO [445/500] 02c5f702-3f70-4e81-90e8-1910a15d5ef1: 216 internal nodes; 4.2 s; peak memory 1216 MiB.
2026-09-17T13:26:00Z INFO [446/500] 02c5fe27-666e-4677-8f88-478463429b16: 370 internal nodes; 8.9 s; peak memory 1216 MiB.
2026-09-17T13:26:00Z INFO [447/500] 02c6be54-8f27-4ce5-a1ee-ec5648a40b94: 17 internal nodes; 0.6 s; peak memory 1216 MiB.
2026-09-17T13:26:01Z INFO [448/500] 02c6d158-5d1c-4990-9db7-d32a8d661fbb: 17 internal nodes; 0.6 s; peak memory 1216 MiB.
2026-09-17T13:26:02Z INFO [449/500] 02c70eb0-ba42-41e3-88d9-bb0fcfb6f9a3: 44 internal nodes; 1.4 s; peak memory 1216 MiB.
2026-09-17T13:26:03Z INFO [450/500] 02c73d6d-f642-48da-8e4b-38d78580f20f: 27 internal nodes; 0.6 s; peak memory 1216 MiB.
2026-09-17T13:26:03Z INFO [450/500] 02c73d6d-f642-48da-8e4b-38d78580f20f: checkpointed 47460 records.
2026-09-17T13:26:09Z INFO [451/500] 02c84150-72a0-497b-9bb4-e8ceafcb8e99: 330 internal nodes; 6.2 s; peak memory 1216 MiB.
2026-09-17T13:26:10Z INFO [452/500] 02c8e995-d570-42c6-a1ed-c825581348b4: 26 internal nodes; 1.1 s; peak memory 1216 MiB.
2026-09-17T13:26:11Z INFO [453/500] 02c9b5e8-98ac-4518-bb9b-48fbb7d1e283: 17 internal nodes; 0.5 s; peak memory 1216 MiB.
2026-09-17T13:26:11Z INFO [454/500] 02ca0691-09fe-46e9-998e-28d17115f1e4: 15 internal nodes; 0.5 s; peak memory 1216 MiB.
2026-09-17T13:26:28Z INFO [455/500] 02cc86ac-667f-49b3-87f7-424faa577def: 2668 internal nodes; 17.1 s; peak memory 1216 MiB.
2026-09-17T13:26:32Z INFO [456/500] 02cce8ca-42f1-4492-be67-83774648de5f: 161 internal nodes; 3.9 s; peak memory 1216 MiB.
2026-09-17T13:26:33Z INFO [457/500] 02ce26f9-0051-438a-8d72-37ab880d044b: 17 internal nodes; 0.5 s; peak memory 1216 MiB.
2026-09-17T13:26:35Z INFO [458/500] 02ce63e6-f796-4702-b3f7-364b28b450d9: 47 internal nodes; 1.6 s; peak memory 1216 MiB.
2026-09-17T13:26:35Z INFO [459/500] 02cf352a-fb27-4ce6-ad23-40a958426755: 53 internal nodes; 0.9 s; peak memory 1216 MiB.
2026-09-17T13:26:36Z INFO [460/500] 02d034ee-4d85-4ca6-a2b7-0172a703d6c8: 65 internal nodes; 0.9 s; peak memory 1216 MiB.
2026-09-17T13:26:37Z INFO [461/500] 02d179ea-2c11-4cc6-b716-044d19a9394d: 30 internal nodes; 0.9 s; peak memory 1216 MiB.
2026-09-17T13:26:38Z INFO [462/500] 02d1cc35-8795-4a56-8d48-004aa019b893: 17 internal nodes; 0.5 s; peak memory 1216 MiB.
2026-09-17T13:26:39Z INFO [463/500] 02d1e891-91c4-45d6-a951-4dd19b0f91f8: 44 internal nodes; 1.4 s; peak memory 1216 MiB.
2026-09-17T13:26:40Z INFO [464/500] 02d27691-e21b-4a8a-8b0e-413625167cb6: 31 internal nodes; 0.8 s; peak memory 1216 MiB.
2026-09-17T13:26:44Z INFO [465/500] 02d2d3e2-8e99-425a-8280-8d8f2996050b: 142 internal nodes; 4.2 s; peak memory 1216 MiB.
2026-09-17T13:26:44Z INFO [466/500] 02d2ffbe-0ad7-4399-be90-c0b6f907e21e: 11 internal nodes; 0.4 s; peak memory 1216 MiB.
2026-09-17T13:26:45Z INFO [467/500] 02d347e1-5043-4d06-8c22-56914461f5b7: 16 internal nodes; 0.5 s; peak memory 1216 MiB.
2026-09-17T13:26:46Z INFO [468/500] 02d41816-e0cc-4142-a33d-3a8d40b1ca9d: 17 internal nodes; 0.7 s; peak memory 1216 MiB.
2026-09-17T13:26:46Z INFO [469/500] 02d4320d-a735-410b-947b-038f6e51ae3d: 26 internal nodes; 0.4 s; peak memory 1216 MiB.
2026-09-17T13:26:47Z INFO [470/500] 02d44d71-fa9e-494c-ba7d-7b71a0023922: 116 internal nodes; 0.7 s; peak memory 1216 MiB.
2026-09-17T13:26:47Z INFO [471/500] 02d46ec8-d567-4552-8167-a4944232d45f: 23 internal nodes; 0.7 s; peak memory 1216 MiB.
2026-09-17T13:26:51Z INFO [472/500] 02d550da-21a4-4c8f-9d45-3623978fc9fd: 61 internal nodes; 4.0 s; peak memory 1216 MiB.
2026-09-17T13:26:55Z INFO [473/500] 02d58357-4564-48b3-b8a9-d832c7043fbb: 152 internal nodes; 3.4 s; peak memory 1216 MiB.
2026-09-17T13:26:55Z INFO [474/500] 02d5b29f-98cc-4088-b59f-fd1fff96b398: 17 internal nodes; 0.5 s; peak memory 1216 MiB.
2026-09-17T13:26:56Z INFO [475/500] 02d5d514-08e5-410d-9897-09bdf864c3f8: 17 internal nodes; 0.5 s; peak memory 1216 MiB.
2026-09-17T13:26:57Z INFO [476/500] 02d63deb-5c7c-4c62-842e-d3cffbfd3e1c: 27 internal nodes; 0.6 s; peak memory 1216 MiB.
2026-09-17T13:27:01Z INFO [477/500] 02d66a59-ea85-4f72-b07b-71e8ca24e502: 62 internal nodes; 4.0 s; peak memory 1216 MiB.
2026-09-17T13:27:01Z INFO [478/500] 02d7423e-12ea-43dd-865e-e3b1f984b107: 83 internal nodes; 0.8 s; peak memory 1216 MiB.
2026-09-17T13:27:10Z INFO [479/500] 02d7a696-cb85-4f64-a677-38b74335c000: 282 internal nodes; 8.2 s; peak memory 1216 MiB.
2026-09-17T13:27:10Z INFO [480/500] 02d83a5b-bf36-4682-b173-afe3a4fadf91: 27 internal nodes; 0.7 s; peak memory 1216 MiB.
2026-09-17T13:27:11Z INFO [481/500] 02d84158-53c8-4439-87b7-a0c31f690fb6: 19 internal nodes; 0.6 s; peak memory 1216 MiB.
2026-09-17T13:27:11Z INFO [482/500] 02d8a56e-04dd-4d10-8c65-2f324943bf7f: 17 internal nodes; 0.5 s; peak memory 1216 MiB.
2026-09-17T13:27:12Z INFO [483/500] 02d8ea86-616e-4937-944f-8bcac756c43f: 30 internal nodes; 0.7 s; peak memory 1216 MiB.
2026-09-17T13:27:23Z INFO [484/500] 02d8f88a-2643-4850-9160-a1e82a06a318: 135 internal nodes; 10.9 s; peak memory 1216 MiB.
2026-09-17T13:27:24Z INFO [485/500] 02da0e19-260b-48f9-999d-a30270abd0f3: 62 internal nodes; 1.0 s; peak memory 1216 MiB.
2026-09-17T13:27:25Z INFO [486/500] 02da96fc-3fd3-48b9-8f84-c5795acb8aa6: 17 internal nodes; 0.6 s; peak memory 1216 MiB.
2026-09-17T13:27:25Z INFO [487/500] 02dabfe8-6757-451c-ad62-59de4517ad2b: 27 internal nodes; 0.7 s; peak memory 1216 MiB.
2026-09-17T13:27:26Z INFO [488/500] 02db13aa-fcd0-4442-a45c-4a9eb772768a: 26 internal nodes; 0.6 s; peak memory 1216 MiB.
2026-09-17T13:27:31Z INFO [489/500] 02db2a6f-5b0d-4f8f-8f32-c90d39d74fcf: 230 internal nodes; 4.8 s; peak memory 1216 MiB.
2026-09-17T13:27:31Z INFO [490/500] 02db52e6-de4e-4cdf-8479-9c29e62d00e3: 27 internal nodes; 0.7 s; peak memory 1216 MiB.
2026-09-17T13:27:38Z INFO [491/500] 02dccc33-a6cb-4b17-85ab-c549e1c75011: 64 internal nodes; 6.3 s; peak memory 1216 MiB.
2026-09-17T13:27:38Z INFO [492/500] 02ddc403-775a-45da-a1da-dc2d4e06ae15: 17 internal nodes; 0.6 s; peak memory 1216 MiB.
2026-09-17T13:27:39Z INFO [493/500] 02de4e83-ba73-4527-8519-b8f5e8ddf284: 30 internal nodes; 0.9 s; peak memory 1216 MiB.
2026-09-17T13:27:40Z INFO [494/500] 02de9051-45d0-4add-adf5-a38d32a8ac90: 18 internal nodes; 0.7 s; peak memory 1216 MiB.
2026-09-17T13:27:41Z INFO [495/500] 02df1da9-0537-406e-9b4e-4fb16d02d6f8: 27 internal nodes; 0.8 s; peak memory 1216 MiB.
2026-09-17T13:27:44Z INFO [496/500] 02e0f0d2-86a3-449f-afd0-d63108249396: 54 internal nodes; 3.4 s; peak memory 1216 MiB.
2026-09-17T13:27:45Z INFO [497/500] 02e0f154-5b0f-44d9-9072-373d6fd320bf: 26 internal nodes; 0.7 s; peak memory 1216 MiB.
2026-09-17T13:27:49Z INFO [498/500] 02e1033f-27e9-44e4-8345-306206606873: 727 internal nodes; 4.5 s; peak memory 1216 MiB.
2026-09-17T13:27:50Z INFO [499/500] 02e1d369-f8b9-4c71-b071-a67349065b14: 31 internal nodes; 0.9 s; peak memory 1216 MiB.
2026-09-17T13:27:51Z INFO [500/500] 02e1fd4e-04be-4222-80d7-df7a82d79510: 61 internal nodes; 0.9 s; peak memory 1216 MiB.
2026-09-17T13:27:51Z INFO [500/500] 02e1fd4e-04be-4222-80d7-df7a82d79510: checkpointed 47510 records.
2026-09-17T13:27:51Z INFO Wrote 47510 records to /tmp/derivatives/valid_nwb_file_to_out_degrees.jsonl (499 new, 1 failed) in 32.0 min (peak memory 1216 MiB).
