2026-09-17T22:34:24Z INFO Logging to /tmp/logs/update_2026-09-17T22-34-24Z.log.
2026-09-17T22:34:24Z INFO Update valid-nwb-file-to-out-degrees (base directory /tmp).
2026-09-17T22:34:24Z INFO Processing 500 items (47510 already recorded).
2026-09-17T22:34:25Z WARNING 024ef50f-ac6f-49ea-806b-93ef4b5e8644: failed while reading the NWB file (KeyError: 'Unable to synchronously open object (component not found)')
2026-09-17T22:34:25Z WARNING [1/500] 024ef50f-ac6f-49ea-806b-93ef4b5e8644: leaving unrecorded for a later run to retry.
2026-09-17T22:34:26Z INFO [2/500] 02e21b0e-b78c-4b7c-8def-44bf1864b402: 27 internal nodes; 0.7 s; peak memory 109 MiB.
2026-09-17T22:34:26Z INFO [3/500] 02e35c8e-b323-4d49-9090-bee3af0d69ca: 19 internal nodes; 0.6 s; peak memory 109 MiB.
2026-09-17T22:34:27Z INFO [4/500] 02e3c4df-4228-40b2-b679-8aad639d688b: 13 internal nodes; 0.6 s; peak memory 109 MiB.
2026-09-17T22:34:27Z INFO [5/500] 02e3f9f0-f3d7-4882-9839-52cd639ea26f: 11 internal nodes; 0.3 s; peak memory 109 MiB.
2026-09-17T22:34:30Z INFO [6/500] 02e4cf89-0be1-443e-a607-f3ade1475aca: 177 internal nodes; 2.5 s; peak memory 118 MiB.
2026-09-17T22:34:34Z INFO [7/500] 02e55550-7245-4e31-8d39-dc8ab0acff80: 61 internal nodes; 3.8 s; peak memory 119 MiB.
2026-09-17T22:34:34Z INFO [8/500] 02e55cf5-933e-40ed-af5f-17898403a7bc: 25 internal nodes; 0.7 s; peak memory 119 MiB.
2026-09-17T22:34:38Z INFO [9/500] 02e6112e-79b4-4834-9934-73f963c37a77: 177 internal nodes; 4.0 s; peak memory 119 MiB.
2026-09-17T22:34:39Z INFO [10/500] 02e65616-a598-466f-ac63-f4116a5bbe5a: 11 internal nodes; 0.4 s; peak memory 119 MiB.
2026-09-17T22:34:40Z INFO [11/500] 02e6a0b1-fd20-4405-ae94-05d61eb79b64: 31 internal nodes; 1.4 s; peak memory 119 MiB.
2026-09-17T22:34:41Z INFO [12/500] 02e6d86f-4b19-494b-9881-fcb4dcf69050: 44 internal nodes; 1.2 s; peak memory 119 MiB.
2026-09-17T22:34:45Z INFO [13/500] 02e75675-a21f-4aa7-9835-b80f274719c9: 100 internal nodes; 3.2 s; peak memory 119 MiB.
2026-09-17T22:34:45Z INFO [14/500] 02e83c9a-c17c-4e44-ad83-e22008459794: 31 internal nodes; 0.9 s; peak memory 119 MiB.
2026-09-17T22:34:46Z INFO [15/500] 02e891b3-8e1d-4d1a-9989-8e281ff20199: 31 internal nodes; 1.1 s; peak memory 119 MiB.
2026-09-17T22:34:57Z INFO [16/500] 02e8f5c9-532d-45e4-ad5c-e62208fea04d: 135 internal nodes; 10.0 s; peak memory 130 MiB.
2026-09-17T22:34:58Z INFO [17/500] 02e942ba-d5c5-4435-af95-352a5a55ea6e: 62 internal nodes; 1.1 s; peak memory 130 MiB.
2026-09-17T22:34:58Z INFO [18/500] 02e99bd1-080e-4557-aabc-e19fbbf13793: 17 internal nodes; 0.5 s; peak memory 130 MiB.
2026-09-17T22:34:59Z INFO [19/500] 02ea18ba-068a-417d-bf31-28ae115e8a6b: 17 internal nodes; 0.5 s; peak memory 130 MiB.
2026-09-17T22:34:59Z INFO [20/500] 02ea4cae-bb79-4d54-94f2-aaaa46b07b79: 19 internal nodes; 0.5 s; peak memory 130 MiB.
2026-09-17T22:35:00Z INFO [21/500] 02eb3969-811f-49b9-aff7-1712a1b91188: 17 internal nodes; 0.6 s; peak memory 130 MiB.
2026-09-17T22:35:00Z INFO [22/500] 02eb7b03-a88f-42c8-9087-73f65d70c7f6: 17 internal nodes; 0.5 s; peak memory 130 MiB.
2026-09-17T22:35:01Z INFO [23/500] 02ec6454-8542-4363-9087-677d0403dde0: 27 internal nodes; 0.6 s; peak memory 130 MiB.
2026-09-17T22:35:02Z INFO [24/500] 02ec74f0-9e06-4771-a926-1d1f4c0aae16: 53 internal nodes; 0.9 s; peak memory 130 MiB.
2026-09-17T22:35:02Z INFO [25/500] 02ed7338-d16e-4691-a158-7f4f3aaaf52e: 18 internal nodes; 0.5 s; peak memory 130 MiB.
2026-09-17T22:35:03Z INFO [26/500] 02ee0601-e61a-4537-aeab-91b2f566c2bb: 27 internal nodes; 0.6 s; peak memory 130 MiB.
2026-09-17T22:35:04Z INFO [27/500] 02ee44e2-06f1-44f5-9871-2ae17d7c7a5b: 44 internal nodes; 1.1 s; peak memory 130 MiB.
2026-09-17T22:35:04Z INFO [28/500] 02eec476-4423-4408-9339-0d73851879cf: 17 internal nodes; 0.6 s; peak memory 130 MiB.
2026-09-17T22:35:06Z INFO [29/500] 02ef01a0-aad2-4eb2-a901-74e7cc4165c8: 72 internal nodes; 1.1 s; peak memory 130 MiB.
2026-09-17T22:35:06Z INFO [30/500] 02f02422-4164-413d-9dd7-e7c102deadb9: 23 internal nodes; 0.7 s; peak memory 130 MiB.
2026-09-17T22:35:07Z INFO [31/500] 02f06bed-bbdb-44a7-801c-38a248c20d21: 18 internal nodes; 0.8 s; peak memory 130 MiB.
2026-09-17T22:35:08Z INFO [32/500] 02f3cc94-dd30-4cce-b08d-be88198bb03c: 17 internal nodes; 0.5 s; peak memory 130 MiB.
2026-09-17T22:35:08Z INFO [33/500] 02f3db88-a514-4a6c-8217-badc8131da3a: 11 internal nodes; 0.4 s; peak memory 130 MiB.
2026-09-17T22:35:12Z INFO [34/500] 02f4bc2b-b24c-4e6b-8049-879ab195a7a6: 161 internal nodes; 4.1 s; peak memory 130 MiB.
2026-09-17T22:35:14Z INFO [35/500] 02f4dc05-fd83-4f5c-848e-d2ed006db186: 44 internal nodes; 1.5 s; peak memory 130 MiB.
2026-09-17T22:35:19Z INFO [36/500] 02f558bc-ae54-4d3a-8991-51176732d04d: 191 internal nodes; 5.2 s; peak memory 130 MiB.
2026-09-17T22:35:20Z INFO [37/500] 02f573e9-0b1f-494f-bbc4-849469cb73c6: 29 internal nodes; 0.9 s; peak memory 130 MiB.
2026-09-17T22:35:21Z INFO [38/500] 02f6647d-6024-4d65-b435-986ddd9e9f73: 21 internal nodes; 1.2 s; peak memory 130 MiB.
2026-09-17T22:35:22Z INFO [39/500] 02f67774-1582-4fa2-9965-eb1302985167: 27 internal nodes; 0.7 s; peak memory 130 MiB.
2026-09-17T22:35:22Z INFO [40/500] 02f6ae84-ea34-466d-a3ec-f95150c4f7a5: 27 internal nodes; 0.8 s; peak memory 130 MiB.
2026-09-17T22:35:23Z INFO [41/500] 02f7c770-a101-407f-8cbe-3d5977ef7ba0: 39 internal nodes; 0.9 s; peak memory 130 MiB.
2026-09-17T22:35:25Z INFO [42/500] 02f95812-16ac-4f9b-ac16-02ecd0e48b08: 65 internal nodes; 1.3 s; peak memory 130 MiB.
2026-09-17T22:35:25Z INFO [43/500] 02f9bc28-54e5-41dd-9386-a4d42845c57a: 17 internal nodes; 0.5 s; peak memory 130 MiB.
2026-09-17T22:35:26Z INFO [44/500] 02f9dc18-ecee-47da-b826-2b598c2b7091: 31 internal nodes; 1.1 s; peak memory 130 MiB.
2026-09-17T22:35:28Z INFO [45/500] 02f9ec3a-558b-43a3-b2fc-9d7e3dbe54b9: 44 internal nodes; 1.4 s; peak memory 130 MiB.
2026-09-17T22:35:28Z INFO [46/500] 02fa72cc-ebc8-4348-a420-b035bee95b89: 27 internal nodes; 0.6 s; peak memory 130 MiB.
2026-09-17T22:35:29Z INFO [47/500] 02fa7c00-efc5-4a80-9948-e8b676306bc2: 23 internal nodes; 0.7 s; peak memory 130 MiB.
2026-09-17T22:35:32Z INFO [48/500] 02fa9ed3-af82-4932-ba61-db5b28791821: 167 internal nodes; 2.8 s; peak memory 130 MiB.
2026-09-17T22:35:32Z INFO [49/500] 02faf2a3-2fde-4ba8-b45c-f8fea65b8fa7: 27 internal nodes; 0.6 s; peak memory 130 MiB.
2026-09-17T22:35:33Z INFO [50/500] 02fc806e-80c5-4edd-867e-f115437f1801: 13 internal nodes; 0.6 s; peak memory 130 MiB.
2026-09-17T22:35:33Z INFO [50/500] 02fc806e-80c5-4edd-867e-f115437f1801: checkpointed 47559 records.
2026-09-17T22:35:35Z INFO [51/500] 02fcbfad-d910-4f13-9656-3dfec2955670: 46 internal nodes; 1.4 s; peak memory 130 MiB.
2026-09-17T22:35:35Z INFO [52/500] 02fcf892-92e4-40bd-9ef6-e6ed61d2d334: 27 internal nodes; 0.7 s; peak memory 130 MiB.
2026-09-17T22:35:36Z INFO [53/500] 02fd5fbe-232c-43d2-b49c-e09f76abf3b3: 18 internal nodes; 0.5 s; peak memory 130 MiB.
2026-09-17T22:35:37Z INFO [54/500] 02fdaedc-cbb3-4b54-8243-119ce25fd0c0: 31 internal nodes; 1.0 s; peak memory 130 MiB.
2026-09-17T22:35:37Z INFO [55/500] 02fe5a5b-1a36-4c6c-8073-af972e319de3: 17 internal nodes; 0.6 s; peak memory 130 MiB.
2026-09-17T22:35:38Z INFO [56/500] 02ffcda0-8f26-4e1a-8efe-d4e3dc25e361: 27 internal nodes; 0.7 s; peak memory 130 MiB.
2026-09-17T22:35:39Z INFO [57/500] 03002cc1-5c2c-4d35-89ba-f572cb1b001e: 17 internal nodes; 0.6 s; peak memory 130 MiB.
2026-09-17T22:35:39Z INFO [58/500] 0300bf5a-ed68-4eef-81cd-3297b6197f8a: 17 internal nodes; 0.7 s; peak memory 130 MiB.
2026-09-17T22:35:48Z INFO [59/500] 030123d0-24d9-4fdd-9495-a006fc06aed6: 312 internal nodes; 8.3 s; peak memory 135 MiB.
2026-09-17T22:35:48Z INFO [60/500] 030131e8-f425-4799-bc97-e2c1c0865f62: 17 internal nodes; 0.6 s; peak memory 135 MiB.
2026-09-17T22:35:49Z INFO [61/500] 03013602-8516-48cd-8130-46bcb56b7abc: 61 internal nodes; 1.1 s; peak memory 135 MiB.
2026-09-17T22:35:51Z INFO [62/500] 0301ab30-f480-4e7c-b2e5-cc28fc5ef0c2: 44 internal nodes; 1.6 s; peak memory 135 MiB.
2026-09-17T22:35:52Z INFO [63/500] 0301b704-3832-4032-b33c-d8c782c1d06b: 17 internal nodes; 0.6 s; peak memory 135 MiB.
2026-09-17T22:35:52Z INFO [64/500] 03027bd0-07f8-400e-a26f-6e5758e00b73: 27 internal nodes; 0.7 s; peak memory 135 MiB.
2026-09-17T22:35:53Z INFO [65/500] 0302826d-9c37-4a3c-b94c-96102a524102: 17 internal nodes; 0.4 s; peak memory 135 MiB.
2026-09-17T22:35:53Z INFO [66/500] 03031657-2cbf-4b13-a8db-fd4156827e6b: 13 internal nodes; 0.6 s; peak memory 135 MiB.
2026-09-17T22:35:54Z INFO [67/500] 030392b2-952b-4f03-898f-0f8231a41b20: 58 internal nodes; 1.0 s; peak memory 135 MiB.
2026-09-17T22:35:55Z INFO [68/500] 0303b8d0-aa13-4483-a7d0-ed9d75efa221: 27 internal nodes; 0.6 s; peak memory 135 MiB.
2026-09-17T22:35:55Z INFO [69/500] 0303e5e3-5e53-43b6-93f3-265a4ce5f4da: 17 internal nodes; 0.6 s; peak memory 135 MiB.
2026-09-17T22:35:57Z INFO [70/500] 03046451-83ea-4f04-bbec-65ed978fd460: 40 internal nodes; 1.5 s; peak memory 135 MiB.
2026-09-17T22:35:58Z INFO [71/500] 03055cf2-dfa3-44c8-873d-0a8315e948df: 38 internal nodes; 0.8 s; peak memory 135 MiB.
2026-09-17T22:35:58Z INFO [72/500] 030742ac-8ded-4d25-af73-02c2874fe68b: 17 internal nodes; 0.5 s; peak memory 135 MiB.
2026-09-17T22:35:59Z INFO [73/500] 03075f58-1d38-4189-82da-006a44e06ebc: 31 internal nodes; 0.8 s; peak memory 135 MiB.
2026-09-17T22:36:00Z INFO [74/500] 0307fbaf-1a0f-4d69-ae1c-7d382011a9c4: 22 internal nodes; 0.7 s; peak memory 135 MiB.
2026-09-17T22:36:01Z INFO [75/500] 03080228-32cb-4b94-b309-1540af839cd6: 59 internal nodes; 1.1 s; peak memory 135 MiB.
2026-09-17T22:36:01Z INFO [76/500] 0308643c-a326-44d4-b5d1-4b2feb0e8af8: 26 internal nodes; 0.5 s; peak memory 135 MiB.
2026-09-17T22:36:02Z INFO [77/500] 03093050-61bc-4d81-ab79-de878c7ad9cd: 17 internal nodes; 0.5 s; peak memory 135 MiB.
2026-09-17T22:36:02Z INFO [78/500] 030991d9-8c63-414e-bbf5-ae5fd40de85c: 11 internal nodes; 0.4 s; peak memory 135 MiB.
2026-09-17T22:36:03Z INFO [79/500] 030996e3-65f0-4b8d-a0dd-a3ae30bc1d44: 17 internal nodes; 0.5 s; peak memory 135 MiB.
2026-09-17T22:36:05Z INFO [80/500] 0309ca0f-466b-4336-8b5e-13f131053423: 89 internal nodes; 1.8 s; peak memory 135 MiB.
2026-09-17T22:36:06Z INFO [81/500] 030a2ab5-e98f-4ae9-a688-35b928e5563f: 44 internal nodes; 1.4 s; peak memory 135 MiB.
2026-09-17T22:36:07Z INFO [82/500] 030a413c-2394-4c6f-bf28-9d6e37213ddd: 17 internal nodes; 0.6 s; peak memory 135 MiB.
2026-09-17T22:36:08Z INFO [83/500] 030a9c81-7fb9-4fdf-bc15-25f6e1c00bee: 31 internal nodes; 0.7 s; peak memory 135 MiB.
2026-09-17T22:36:08Z INFO [84/500] 030ab108-2215-48ba-ab1b-8fb2fd13582d: 17 internal nodes; 0.5 s; peak memory 135 MiB.
2026-09-17T22:36:09Z INFO [85/500] 030b171c-0ad4-43bc-9d1b-a86d9a736dae: 27 internal nodes; 0.7 s; peak memory 135 MiB.
2026-09-17T22:36:10Z INFO [86/500] 030b6128-762d-42fe-bbdf-823409da111c: 37 internal nodes; 0.9 s; peak memory 135 MiB.
2026-09-17T22:36:15Z INFO [87/500] 030df42c-8762-4716-847f-2176b84273da: 202 internal nodes; 5.1 s; peak memory 135 MiB.
2026-09-17T22:36:16Z INFO [88/500] 030f1e81-0dfa-42fb-aead-10ab63e7caa6: 56 internal nodes; 1.7 s; peak memory 135 MiB.
2026-09-17T22:36:17Z INFO [89/500] 030f5cc2-f68b-4f7a-a53b-0c0148530f5b: 21 internal nodes; 0.4 s; peak memory 135 MiB.
2026-09-17T22:36:17Z INFO [90/500] 030f638d-65f5-4e5b-b049-fa1c2ce2e9bb: 17 internal nodes; 0.7 s; peak memory 135 MiB.
2026-09-17T22:36:18Z INFO [91/500] 03105d89-b6ec-4c20-ae70-aa8474fde83c: 17 internal nodes; 0.6 s; peak memory 135 MiB.
2026-09-17T22:36:49Z INFO [92/500] 03106995-52a2-4916-93b9-6d3fe9eeadf2: 106 internal nodes; 30.8 s; peak memory 210 MiB.
2026-09-17T22:36:49Z INFO [93/500] 031175ff-2ab8-4a81-8389-7442884331f1: 25 internal nodes; 0.6 s; peak memory 210 MiB.
2026-09-17T22:36:50Z INFO [94/500] 0311c80a-3a4c-4f68-b3de-08b6807d25f6: 31 internal nodes; 0.7 s; peak memory 210 MiB.
2026-09-17T22:36:51Z INFO [95/500] 0313c322-7217-4fb7-aac3-bfa9a60f8fcd: 67 internal nodes; 1.0 s; peak memory 210 MiB.
2026-09-17T22:36:52Z INFO [96/500] 0317ac6e-9e0e-4dd9-8a94-f1cf7d34e060: 31 internal nodes; 0.8 s; peak memory 210 MiB.
2026-09-17T22:36:54Z INFO [97/500] 0317ccfb-c051-4f03-b402-477aeb29ecae: 127 internal nodes; 2.5 s; peak memory 210 MiB.
2026-09-17T22:36:55Z INFO [98/500] 03181bed-7518-4e5f-bb6e-6b73ef389516: 24 internal nodes; 0.7 s; peak memory 210 MiB.
2026-09-17T22:36:56Z INFO [99/500] 031adc62-7ff4-4ec4-9c7b-4c1618e5aee3: 44 internal nodes; 1.4 s; peak memory 210 MiB.
2026-09-17T22:36:57Z INFO [100/500] 031b36e2-7d46-49f1-a8d6-1416ff5884d8: 18 internal nodes; 0.6 s; peak memory 210 MiB.
2026-09-17T22:36:57Z INFO [100/500] 031b36e2-7d46-49f1-a8d6-1416ff5884d8: checkpointed 47609 records.
2026-09-17T22:36:58Z INFO [101/500] 031b73b8-00b5-4b30-a1d2-978889d65db8: 17 internal nodes; 0.5 s; peak memory 210 MiB.
2026-09-17T22:36:58Z INFO [102/500] 031bb851-76c6-45cf-b4d6-7b7e32f9fd8b: 17 internal nodes; 0.5 s; peak memory 210 MiB.
2026-09-17T22:37:01Z INFO [103/500] 031cecdf-83a6-45ee-8003-2f49efe237ad: 177 internal nodes; 2.8 s; peak memory 210 MiB.
2026-09-17T22:37:02Z INFO [104/500] 031d4337-0b6a-46e0-8e1a-63e355b3504f: 38 internal nodes; 0.6 s; peak memory 210 MiB.
2026-09-17T22:37:03Z INFO [105/500] 031d49b2-c8ed-43ff-8ffc-680bd208613b: 44 internal nodes; 1.6 s; peak memory 210 MiB.
2026-09-17T22:37:05Z INFO [106/500] 031d5cf4-c435-4c82-8afc-7258310af0d0: 44 internal nodes; 1.3 s; peak memory 210 MiB.
2026-09-17T22:37:07Z INFO [107/500] 031d98bb-0735-4125-8e39-2f8bb4bfa92b: 68 internal nodes; 2.8 s; peak memory 210 MiB.
2026-09-17T22:37:08Z INFO [108/500] 031de63e-9459-4ffb-a9c2-54d5ed465dd8: 17 internal nodes; 0.5 s; peak memory 210 MiB.
2026-09-17T22:37:08Z INFO [109/500] 031ead3d-5b25-470a-9e4a-ce71a59cce1e: 13 internal nodes; 0.5 s; peak memory 210 MiB.
2026-09-17T22:37:09Z INFO [110/500] 031eaed9-8c5a-4641-8dbc-727617a5e071: 59 internal nodes; 0.6 s; peak memory 210 MiB.
2026-09-17T22:37:10Z INFO [111/500] 031ec13b-5ba0-41ad-8616-4e096672c2cf: 27 internal nodes; 0.7 s; peak memory 210 MiB.
2026-09-17T22:37:13Z INFO [112/500] 031f08bd-8b9d-420c-a50b-1de3cbd5d026: 123 internal nodes; 3.2 s; peak memory 210 MiB.
2026-09-17T22:37:14Z INFO [113/500] 031f10e6-c448-4607-bf4d-105dac9357dd: 27 internal nodes; 0.6 s; peak memory 210 MiB.
2026-09-17T22:37:14Z INFO [114/500] 031f7146-a42c-4d6a-a31a-1e9f2c395779: 58 internal nodes; 0.7 s; peak memory 210 MiB.
2026-09-17T22:37:15Z INFO [115/500] 03206baf-a88c-4c20-b780-cb8a6e42624c: 31 internal nodes; 1.0 s; peak memory 210 MiB.
2026-09-17T22:37:16Z INFO [116/500] 03208b4c-3453-42ce-a4bc-66ba61308329: 18 internal nodes; 0.4 s; peak memory 210 MiB.
2026-09-17T22:37:16Z INFO [117/500] 0320bea0-3094-4c04-a8db-461b04e6eaf2: 17 internal nodes; 0.6 s; peak memory 210 MiB.
2026-09-17T22:37:17Z INFO [118/500] 032137d6-d4b1-467c-a85c-973ed7513df2: 27 internal nodes; 0.7 s; peak memory 210 MiB.
2026-09-17T22:37:17Z INFO [119/500] 03218b80-9caf-45af-bd7f-5956e243f5b8: 28 internal nodes; 0.5 s; peak memory 210 MiB.
2026-09-17T22:37:19Z INFO [120/500] 0322e3f9-64b5-4e78-865e-74f060889edf: 45 internal nodes; 1.9 s; peak memory 210 MiB.
2026-09-17T22:37:26Z INFO [121/500] 03238fef-42c2-4294-a6a1-5267a33c07d5: 280 internal nodes; 6.6 s; peak memory 210 MiB.
2026-09-17T22:37:27Z INFO [122/500] 0323b62c-bc7f-4806-9ad9-1696d2b42bb9: 83 internal nodes; 0.7 s; peak memory 210 MiB.
2026-09-17T22:37:27Z INFO [123/500] 0323c827-3c2a-4b92-98db-a7cac2f647c2: 13 internal nodes; 0.5 s; peak memory 210 MiB.
2026-09-17T22:37:28Z INFO [124/500] 0323f0ad-1a89-45ef-aaeb-cdcc6ef765df: 26 internal nodes; 0.6 s; peak memory 210 MiB.
2026-09-17T22:37:31Z INFO [125/500] 03254648-f5e8-4a29-b720-2ac3356e5a2f: 177 internal nodes; 2.9 s; peak memory 210 MiB.
2026-09-17T22:37:32Z INFO [126/500] 0326a20f-0453-4949-b951-637340e2a5aa: 51 internal nodes; 1.7 s; peak memory 210 MiB.
2026-09-17T22:37:33Z INFO [127/500] 03273dca-c55a-4ca9-868c-f1fbb2860e76: 17 internal nodes; 0.6 s; peak memory 210 MiB.
2026-09-17T22:37:33Z INFO [128/500] 0327aa4d-71e8-4f7d-8d9d-2e032fa568f5: 17 internal nodes; 0.4 s; peak memory 210 MiB.
2026-09-17T22:37:34Z INFO [129/500] 03286bbd-707b-4b66-925e-04609288a358: 116 internal nodes; 0.6 s; peak memory 210 MiB.
2026-09-17T22:37:35Z INFO [130/500] 032934d7-f9e2-43c8-be56-d6598ec75d69: 25 internal nodes; 0.8 s; peak memory 210 MiB.
2026-09-17T22:37:35Z INFO [131/500] 032952f0-410a-423c-be15-f17deb371265: 17 internal nodes; 0.6 s; peak memory 210 MiB.
2026-09-17T22:37:36Z INFO [132/500] 03297d06-7c90-42a4-b2ca-ca1c99cfc2b7: 27 internal nodes; 0.7 s; peak memory 210 MiB.
2026-09-17T22:37:37Z INFO [133/500] 032a5355-e71e-4389-b744-708ec235a859: 62 internal nodes; 0.9 s; peak memory 210 MiB.
2026-09-17T22:37:38Z INFO [134/500] 032a6458-d3de-48c2-8b3d-d2563f742a66: 66 internal nodes; 1.2 s; peak memory 210 MiB.
2026-09-17T22:37:39Z INFO [135/500] 032dcb2f-2af3-44c3-aa26-ad24f3b74f98: 17 internal nodes; 0.5 s; peak memory 210 MiB.
2026-09-17T22:37:39Z INFO [136/500] 032de5e9-9861-4d19-8fef-58f2781bf5ef: 27 internal nodes; 0.5 s; peak memory 210 MiB.
2026-09-17T22:37:40Z INFO [137/500] 032dffee-1ab3-4c02-ab04-7f37a305efa5: 42 internal nodes; 1.3 s; peak memory 210 MiB.
2026-09-17T22:37:41Z INFO [138/500] 032e2141-b01e-44e0-8143-9a2f093892fd: 27 internal nodes; 0.6 s; peak memory 210 MiB.
2026-09-17T22:37:42Z INFO [139/500] 032eb711-8a39-4b7f-a927-c9e5e94b9dae: 26 internal nodes; 0.6 s; peak memory 210 MiB.
2026-09-17T22:37:42Z INFO [140/500] 032f3a47-0dd7-43d1-a1e8-8c345fbc44ae: 17 internal nodes; 0.6 s; peak memory 210 MiB.
2026-09-17T22:37:43Z INFO [141/500] 032f4cf8-2f93-4bf6-a7eb-71866f271201: 31 internal nodes; 0.6 s; peak memory 210 MiB.
2026-09-17T22:37:46Z INFO [142/500] 0330349a-dfff-4bbd-9827-03414adb4d22: 52 internal nodes; 3.4 s; peak memory 210 MiB.
2026-09-17T22:37:47Z INFO [143/500] 03303c4c-c2f6-45f0-b66d-8938a09c6c17: 26 internal nodes; 0.4 s; peak memory 210 MiB.
2026-09-17T22:37:47Z INFO [144/500] 0330932f-e846-402d-8ee9-fa6148b98621: 25 internal nodes; 0.6 s; peak memory 210 MiB.
2026-09-17T22:37:48Z INFO [145/500] 03311cff-d6f1-425b-baa7-f0430beb5d51: 44 internal nodes; 1.3 s; peak memory 210 MiB.
2026-09-17T22:37:49Z INFO [146/500] 03316fb0-7256-4277-963b-a94dbfacfcf7: 17 internal nodes; 0.5 s; peak memory 210 MiB.
2026-09-17T22:37:50Z INFO [147/500] 033222b9-3dd6-47f5-a7de-594dd246cdfc: 17 internal nodes; 0.6 s; peak memory 210 MiB.
2026-09-17T22:37:50Z INFO [148/500] 033235e1-fa7c-4d33-8f15-d4a3e8f5a43d: 27 internal nodes; 0.6 s; peak memory 210 MiB.
2026-09-17T22:37:54Z INFO [149/500] 033296a7-f35e-45a0-9a46-3099413de401: 54 internal nodes; 3.6 s; peak memory 210 MiB.
2026-09-17T22:37:54Z INFO [150/500] 0332cbac-390d-42b3-ad6d-ac42d1bf1092: 26 internal nodes; 0.4 s; peak memory 210 MiB.
2026-09-17T22:37:54Z INFO [150/500] 0332cbac-390d-42b3-ad6d-ac42d1bf1092: checkpointed 47659 records.
2026-09-17T22:37:55Z INFO [151/500] 03332538-34cc-44c5-b960-273bdfbdcd73: 17 internal nodes; 0.6 s; peak memory 210 MiB.
2026-09-17T22:37:56Z INFO [152/500] 03338fd2-c2b9-45ea-89d0-1854e6729102: 58 internal nodes; 0.8 s; peak memory 210 MiB.
2026-09-17T22:37:56Z INFO [153/500] 0333f1fc-6191-4b7e-9c50-6bffc8e226bf: 29 internal nodes; 0.8 s; peak memory 210 MiB.
2026-09-17T22:37:57Z INFO [154/500] 03343aa5-19af-40a3-908a-199aa7ac621b: 17 internal nodes; 0.6 s; peak memory 210 MiB.
2026-09-17T22:37:58Z INFO [155/500] 033462b2-6abb-46df-a2fe-85fc771a18f7: 44 internal nodes; 1.4 s; peak memory 210 MiB.
2026-09-17T22:37:59Z INFO [156/500] 03357166-3956-4de7-8501-4d5e8d69c6ce: 27 internal nodes; 0.7 s; peak memory 210 MiB.
2026-09-17T22:38:01Z INFO [157/500] 0335edb5-00c2-4b57-87a4-9ff9afb2aaec: 46 internal nodes; 1.7 s; peak memory 210 MiB.
2026-09-17T22:38:02Z INFO [158/500] 03376a6e-24e2-4dae-a823-c32b693ad95e: 29 internal nodes; 0.7 s; peak memory 210 MiB.
2026-09-17T22:38:02Z INFO [159/500] 0337823f-ffab-4e5b-9816-b6efdcceade3: 17 internal nodes; 0.5 s; peak memory 210 MiB.
2026-09-17T22:38:03Z INFO [160/500] 0338279c-e3fa-4d30-9bec-8342785951fa: 31 internal nodes; 0.6 s; peak memory 210 MiB.
2026-09-17T22:38:03Z INFO [161/500] 03383de2-51cc-467a-9b50-99e5190964c0: 23 internal nodes; 0.5 s; peak memory 210 MiB.
2026-09-17T22:38:04Z INFO [162/500] 0338f7d1-7504-4746-ae6d-dc45564297b3: 27 internal nodes; 0.7 s; peak memory 210 MiB.
2026-09-17T22:38:05Z INFO [163/500] 033999bf-6d3d-4747-a29b-c298723ab87d: 17 internal nodes; 0.5 s; peak memory 210 MiB.
2026-09-17T22:38:13Z INFO [164/500] 0339f9c8-7306-44a4-8ded-a74556b40692: 301 internal nodes; 8.7 s; peak memory 210 MiB.
2026-09-17T22:38:14Z INFO [165/500] 033a1f6a-80d2-4a49-b9a8-9e6d5ced0d93: 15 internal nodes; 0.5 s; peak memory 210 MiB.
2026-09-17T22:38:14Z INFO [166/500] 033afa80-ba97-4b5a-acb9-bbd1c098de14: 17 internal nodes; 0.6 s; peak memory 210 MiB.
2026-09-17T22:38:15Z INFO [167/500] 033b5034-77c7-4a7c-8b99-61355fc77c85: 17 internal nodes; 0.6 s; peak memory 210 MiB.
2026-09-17T22:38:16Z INFO [168/500] 033b80a3-9b9b-4727-888d-e0ab54a1d97f: 44 internal nodes; 1.4 s; peak memory 210 MiB.
2026-09-17T22:38:17Z INFO [169/500] 033d382a-2c62-4ffe-bb74-96206a90494f: 27 internal nodes; 0.7 s; peak memory 210 MiB.
2026-09-17T22:38:18Z INFO [170/500] 033d8d0b-cea4-46cc-bfb3-e61d0c0752fb: 44 internal nodes; 1.2 s; peak memory 210 MiB.
2026-09-17T22:38:19Z INFO [171/500] 033d9c38-e089-4acd-98d1-f9ddea1d2f1f: 27 internal nodes; 0.6 s; peak memory 210 MiB.
2026-09-17T22:38:19Z INFO [172/500] 033e4d1b-3d5a-47f9-9bd9-84f13d5b61b0: 17 internal nodes; 0.5 s; peak memory 210 MiB.
2026-09-17T22:38:23Z INFO [173/500] 033e5861-9814-4ea9-954f-274d18eb7bee: 62 internal nodes; 3.9 s; peak memory 210 MiB.
2026-09-17T22:38:24Z INFO [174/500] 033ec5e9-54cd-42e6-89dc-8c322e840af7: 27 internal nodes; 0.6 s; peak memory 210 MiB.
2026-09-17T22:38:27Z INFO [175/500] 033ec793-815e-45de-8b0a-5a757a24088e: 73 internal nodes; 3.1 s; peak memory 210 MiB.
2026-09-17T22:38:28Z INFO [176/500] 033ecaf2-4476-4e89-b35f-62e574b72276: 17 internal nodes; 0.6 s; peak memory 210 MiB.
2026-09-17T22:38:28Z INFO [177/500] 033f1196-2003-4a85-9a8d-74c8be3f959c: 13 internal nodes; 0.6 s; peak memory 213 MiB.
2026-09-17T22:38:29Z INFO [178/500] 033f30d2-fded-43cc-92bf-5072c7f2ea79: 13 internal nodes; 0.5 s; peak memory 213 MiB.
2026-09-17T22:38:30Z INFO [179/500] 033ff4cc-fbf8-417e-ba0a-e80109ef5570: 41 internal nodes; 0.8 s; peak memory 213 MiB.
2026-09-17T22:38:30Z INFO [180/500] 0340759f-74fc-41fc-9fc9-605074496141: 11 internal nodes; 0.4 s; peak memory 213 MiB.
2026-09-17T22:38:31Z INFO [181/500] 0340dde7-e96d-4987-a010-3b1df685f62d: 59 internal nodes; 0.8 s; peak memory 213 MiB.
2026-09-17T22:38:31Z INFO [182/500] 0341d644-1a05-46c4-8ca1-0a92757b37e9: 17 internal nodes; 0.6 s; peak memory 213 MiB.
2026-09-17T22:38:32Z INFO [183/500] 03420196-33e6-459e-92e4-90fc641aa13b: 31 internal nodes; 0.8 s; peak memory 213 MiB.
2026-09-17T22:38:43Z INFO [184/500] 0342434a-7129-40e7-9047-553015a90051: 255 internal nodes; 10.4 s; peak memory 213 MiB.
2026-09-17T22:38:43Z INFO [185/500] 034337ce-552e-4693-a83c-51edff94dfde: 17 internal nodes; 0.5 s; peak memory 213 MiB.
2026-09-17T22:38:44Z INFO [186/500] 03439f5b-5ab5-439c-84d4-76c216a1193e: 31 internal nodes; 0.9 s; peak memory 213 MiB.
2026-09-17T22:38:46Z INFO [187/500] 0343e283-6f6b-476b-a17d-cdd0aa50c35b: 44 internal nodes; 1.6 s; peak memory 213 MiB.
2026-09-17T22:38:46Z INFO [188/500] 03445840-960f-4596-bf0a-9a4b4bbb4f13: 17 internal nodes; 0.5 s; peak memory 213 MiB.
2026-09-17T22:38:47Z INFO [189/500] 03455b72-9749-4c19-87c7-170f51106c83: 39 internal nodes; 1.0 s; peak memory 213 MiB.
2026-09-17T22:38:47Z INFO [190/500] 03458a9e-f0ea-4e95-9c55-75721462acf5: 11 internal nodes; 0.4 s; peak memory 213 MiB.
2026-09-17T22:38:48Z INFO [191/500] 0345d8a3-a5cc-4dbd-a587-119fa099bb0b: 13 internal nodes; 0.5 s; peak memory 213 MiB.
2026-09-17T22:38:49Z INFO [192/500] 0345fb05-12ed-4af4-b459-128708850477: 15 internal nodes; 0.6 s; peak memory 213 MiB.
2026-09-17T22:38:50Z INFO [193/500] 03463604-5296-48a3-9169-c90c6e33cad7: 28 internal nodes; 1.0 s; peak memory 213 MiB.
2026-09-17T22:38:50Z INFO [194/500] 0346ae94-a3ce-4f8a-bc61-d57ef25bd925: 27 internal nodes; 0.7 s; peak memory 213 MiB.
2026-09-17T22:38:51Z INFO [195/500] 03476e20-8bd0-461e-8f65-dd198fdf4fc0: 17 internal nodes; 0.6 s; peak memory 213 MiB.
2026-09-17T22:38:52Z INFO [196/500] 0348611c-b226-4e37-9a7a-df0669cb1782: 66 internal nodes; 1.5 s; peak memory 213 MiB.
2026-09-17T22:38:53Z INFO [197/500] 0348beb6-a9ca-4c0c-b413-ad8397de3c7d: 31 internal nodes; 0.8 s; peak memory 213 MiB.
2026-09-17T22:38:54Z INFO [198/500] 0348cc8f-2c8e-4bee-910d-f297f822aab0: 27 internal nodes; 0.7 s; peak memory 213 MiB.
2026-09-17T22:38:58Z INFO [199/500] 034990bf-01fe-42f3-b6f1-a9374dcd0066: 162 internal nodes; 4.3 s; peak memory 213 MiB.
2026-09-17T22:38:59Z INFO [200/500] 034a4374-232d-401c-9288-31e5ef206670: 17 internal nodes; 0.5 s; peak memory 213 MiB.
2026-09-17T22:38:59Z INFO [200/500] 034a4374-232d-401c-9288-31e5ef206670: checkpointed 47709 records.
2026-09-17T22:39:00Z INFO [201/500] 034ad8f1-bf60-41dd-bacd-c9ee2d7c71d0: 31 internal nodes; 0.8 s; peak memory 213 MiB.
2026-09-17T22:39:00Z INFO [202/500] 034b24e2-b699-442d-9625-35dbee1395ef: 17 internal nodes; 0.6 s; peak memory 213 MiB.
2026-09-17T22:39:01Z INFO [203/500] 034b904a-2535-4ebb-b627-0d294caa08fe: 17 internal nodes; 0.6 s; peak memory 213 MiB.
2026-09-17T22:39:01Z INFO [204/500] 034d5b77-441e-43a2-a04d-6bedd64b3fc3: 28 internal nodes; 0.5 s; peak memory 213 MiB.
2026-09-17T22:39:02Z INFO [205/500] 034e23ca-affb-43b4-aebe-02162fde2e1f: 19 internal nodes; 0.6 s; peak memory 213 MiB.
2026-09-17T22:39:02Z INFO [206/500] 034e72c9-7891-4cec-aa2d-7579701e253f: 17 internal nodes; 0.5 s; peak memory 213 MiB.
2026-09-17T22:39:09Z INFO [207/500] 034eb273-1e8a-4410-949e-a6871b2c0e83: 263 internal nodes; 6.5 s; peak memory 213 MiB.
2026-09-17T22:39:09Z INFO [208/500] 034ed842-a008-4d73-a069-caf9d4a462f9: 17 internal nodes; 0.5 s; peak memory 213 MiB.
2026-09-17T22:39:10Z INFO [209/500] 034f70b8-dde7-400e-bf1c-b38c8ea64315: 17 internal nodes; 0.6 s; peak memory 213 MiB.
2026-09-17T22:39:10Z INFO [210/500] 034f976b-103c-455a-adfd-b202c3142320: 19 internal nodes; 0.4 s; peak memory 213 MiB.
2026-09-17T22:39:11Z INFO [211/500] 035055d4-b113-430a-bd48-87ab6d55cef5: 13 internal nodes; 0.5 s; peak memory 213 MiB.
2026-09-17T22:39:12Z INFO [212/500] 0350bdf8-0463-49a4-9e14-223b6b99aa54: 55 internal nodes; 0.7 s; peak memory 213 MiB.
2026-09-17T22:39:12Z INFO [213/500] 0350cb7a-ae83-4a02-8bba-48f1d394070d: 17 internal nodes; 0.6 s; peak memory 213 MiB.
2026-09-17T22:39:13Z INFO [214/500] 03513beb-e6d7-4426-ad0b-8eb6c2d9a3e9: 19 internal nodes; 0.4 s; peak memory 213 MiB.
2026-09-17T22:39:13Z INFO [215/500] 03522f7c-36a3-47f8-80c3-05315333f89a: 17 internal nodes; 0.6 s; peak memory 213 MiB.
2026-09-17T22:39:14Z INFO [216/500] 03525e41-fd14-4324-bb75-1151a39a89d0: 115 internal nodes; 0.6 s; peak memory 213 MiB.
2026-09-17T22:39:19Z INFO [217/500] 0353b161-e5c3-4d09-a8f9-2002c88a197b: 202 internal nodes; 5.0 s; peak memory 213 MiB.
2026-09-17T22:39:22Z INFO [218/500] 035407c0-01e5-4282-9881-2a82cb6e0ece: 1188 internal nodes; 3.5 s; peak memory 213 MiB.
2026-09-17T22:39:23Z INFO [219/500] 03541dbd-fdb1-4dc0-b4d5-3c93f12ca306: 27 internal nodes; 0.7 s; peak memory 213 MiB.
2026-09-17T22:39:24Z INFO [220/500] 03553748-7730-479c-99f0-944d400569a3: 17 internal nodes; 0.5 s; peak memory 213 MiB.
2026-09-17T22:39:24Z INFO [221/500] 0356024c-a95a-4d6c-9553-cef9c890bb6c: 23 internal nodes; 0.4 s; peak memory 213 MiB.
2026-09-17T22:39:25Z INFO [222/500] 0356e792-4015-459e-85b5-84883cd137c7: 17 internal nodes; 0.5 s; peak memory 213 MiB.
2026-09-17T22:39:25Z INFO [223/500] 0357d8f4-06f6-47a9-a340-cc12d5160c31: 17 internal nodes; 0.5 s; peak memory 213 MiB.
2026-09-17T22:39:26Z INFO [224/500] 03584060-6183-4d46-8aef-e03954523b2c: 41 internal nodes; 0.6 s; peak memory 213 MiB.
2026-09-17T22:39:26Z INFO [225/500] 035963d3-35e8-4a3e-ab35-e777ea8f180b: 22 internal nodes; 0.6 s; peak memory 213 MiB.
2026-09-17T22:39:27Z INFO [226/500] 0359ab7f-ead0-4d29-89a3-2d7b222ee960: 29 internal nodes; 0.6 s; peak memory 213 MiB.
2026-09-17T22:39:28Z INFO [227/500] 035d2ab2-b408-4024-9734-08f4001b6fef: 53 internal nodes; 0.8 s; peak memory 213 MiB.
2026-09-17T22:39:33Z INFO [228/500] 035d7e09-4b1e-4e55-aba2-0108c0307bda: 181 internal nodes; 5.5 s; peak memory 213 MiB.
2026-09-17T22:39:34Z INFO [229/500] 035e4100-b31d-46ee-8cf3-cffd1b45bb9b: 13 internal nodes; 0.5 s; peak memory 213 MiB.
2026-09-17T22:39:34Z INFO [230/500] 035e8698-2903-4745-96d1-cbf452b495a6: 31 internal nodes; 0.8 s; peak memory 213 MiB.
2026-09-17T22:39:35Z INFO [231/500] 035ea321-9263-492e-bf39-ac90bbc1e076: 20 internal nodes; 0.6 s; peak memory 213 MiB.
2026-09-17T22:39:36Z INFO [232/500] 035f8da8-c282-4763-acd1-e6e254f65d29: 91 internal nodes; 1.0 s; peak memory 213 MiB.
2026-09-17T22:39:37Z INFO [233/500] 035fb1c0-567d-4f59-9140-f0d7cdd67882: 59 internal nodes; 1.1 s; peak memory 213 MiB.
2026-09-17T22:39:38Z INFO [234/500] 035ff603-49ef-41ce-bf8f-38e39f6f0780: 17 internal nodes; 0.5 s; peak memory 213 MiB.
2026-09-17T22:39:39Z INFO [235/500] 036089c0-5bef-4f09-97b1-bc7e5ddaa441: 44 internal nodes; 1.5 s; peak memory 213 MiB.
2026-09-17T22:39:40Z INFO [236/500] 0360b7ac-16ea-4852-823d-6525164e418d: 17 internal nodes; 0.4 s; peak memory 213 MiB.
2026-09-17T22:39:40Z INFO [237/500] 0360e12b-d6c4-4094-bc19-6a125f427d38: 17 internal nodes; 0.6 s; peak memory 213 MiB.
2026-09-17T22:39:42Z INFO [238/500] 0361752b-de7f-4a93-b272-4e35b9987ed0: 42 internal nodes; 1.5 s; peak memory 213 MiB.
2026-09-17T22:39:42Z INFO [239/500] 036212a9-0cc2-4b88-af0f-f2ac683244f0: 17 internal nodes; 0.5 s; peak memory 213 MiB.
2026-09-17T22:39:43Z INFO [240/500] 036217bf-e4b1-433e-8ca7-f2193e63991a: 17 internal nodes; 0.5 s; peak memory 213 MiB.
2026-09-17T22:39:43Z INFO [241/500] 0362a1f6-e2d0-4115-9d80-477aca7e9258: 19 internal nodes; 0.6 s; peak memory 213 MiB.
2026-09-17T22:39:44Z INFO [242/500] 0362fbde-a28a-428a-a17c-bfee09afdb6c: 27 internal nodes; 0.6 s; peak memory 213 MiB.
2026-09-17T22:39:45Z INFO [243/500] 0363223b-f442-47fe-ba10-461f0d59c477: 27 internal nodes; 0.7 s; peak memory 213 MiB.
2026-09-17T22:39:48Z INFO [244/500] 0363be5b-35e7-48c3-99eb-2114cd2f852d: 135 internal nodes; 3.7 s; peak memory 213 MiB.
2026-09-17T22:39:49Z INFO [245/500] 03640b7e-7a8d-4421-99d8-3b7ab51d3ff5: 66 internal nodes; 1.0 s; peak memory 213 MiB.
2026-09-17T22:39:53Z INFO [246/500] 036479ff-b638-4212-9329-6b5454fdc7a7: 54 internal nodes; 3.5 s; peak memory 213 MiB.
2026-09-17T22:39:57Z INFO [247/500] 03649a8b-8d4d-4ae8-93d3-a7de6d91de8e: 159 internal nodes; 4.0 s; peak memory 213 MiB.
2026-09-17T22:39:57Z INFO [248/500] 03663897-00d6-4966-8eed-80ffbf7b9ea5: 29 internal nodes; 0.5 s; peak memory 213 MiB.
2026-09-17T22:39:58Z INFO [249/500] 0366e129-5f82-43db-8a33-33fea8391cb4: 17 internal nodes; 0.4 s; peak memory 213 MiB.
2026-09-17T22:39:59Z INFO [250/500] 0366fa38-44be-4caa-8366-abf46045e308: 36 internal nodes; 1.0 s; peak memory 213 MiB.
2026-09-17T22:39:59Z INFO [250/500] 0366fa38-44be-4caa-8366-abf46045e308: checkpointed 47759 records.
2026-09-17T22:40:00Z INFO [251/500] 036719e6-8d14-44a8-853b-8b7cd6c94ebd: 61 internal nodes; 0.7 s; peak memory 213 MiB.
2026-09-17T22:40:00Z INFO [252/500] 036787b8-1205-4ca6-ae07-fa30d6d9ab41: 17 internal nodes; 0.6 s; peak memory 213 MiB.
2026-09-17T22:40:01Z INFO [253/500] 0367d7ed-5bfe-4f60-b1eb-5fa6b7a33595: 115 internal nodes; 0.7 s; peak memory 213 MiB.
2026-09-17T22:40:02Z INFO [254/500] 03686970-8ef3-4fe1-b01a-fd5336f55a48: 44 internal nodes; 1.5 s; peak memory 213 MiB.
2026-09-17T22:40:07Z INFO [255/500] 036886da-2908-4b4d-acc4-4012b20eb69f: 178 internal nodes; 4.3 s; peak memory 213 MiB.
2026-09-17T22:40:07Z INFO [256/500] 036a6fbe-2be9-4f4b-abe5-22cd936dda6b: 31 internal nodes; 0.8 s; peak memory 213 MiB.
2026-09-17T22:40:08Z INFO [257/500] 036b84a2-7fb0-4fe5-abe3-0b664f03ea46: 17 internal nodes; 0.5 s; peak memory 213 MiB.
2026-09-17T22:40:10Z INFO [258/500] 036cb812-7e39-44ed-a7aa-46f6d17f3a92: 46 internal nodes; 1.7 s; peak memory 213 MiB.
2026-09-17T22:40:10Z INFO [259/500] 036d9166-d206-48d0-84e2-8d0e0e7bde9d: 17 internal nodes; 0.6 s; peak memory 213 MiB.
2026-09-17T22:40:10Z INFO [260/500] 036ea15c-6a03-4daa-934e-4daf8ac79520: 17 internal nodes; 0.4 s; peak memory 213 MiB.
2026-09-17T22:40:11Z INFO [261/500] 036eff90-215e-4412-8c74-6089062aa4f8: 17 internal nodes; 0.6 s; peak memory 213 MiB.
2026-09-17T22:40:12Z INFO [262/500] 037021f4-bd1b-4183-a264-cd79e76aa68e: 17 internal nodes; 0.6 s; peak memory 213 MiB.
2026-09-17T22:40:12Z INFO [263/500] 03707dbc-8304-479c-88a1-a5b36a8cedde: 17 internal nodes; 0.5 s; peak memory 213 MiB.
2026-09-17T22:40:13Z INFO [264/500] 03709c6c-40e9-49bd-a214-1eb46261bec9: 27 internal nodes; 0.7 s; peak memory 213 MiB.
2026-09-17T22:40:13Z INFO [265/500] 0370fc2d-5cb0-4049-bc05-f0f9fcd935e0: 20 internal nodes; 0.4 s; peak memory 213 MiB.
2026-09-17T22:40:14Z INFO [266/500] 03713bf2-9ef7-4fe2-92e4-f2887fa4bfe5: 31 internal nodes; 0.9 s; peak memory 213 MiB.
2026-09-17T22:40:15Z INFO [267/500] 0371cdd7-3bf7-45a4-900a-2c90a2541dbd: 83 internal nodes; 0.7 s; peak memory 213 MiB.
2026-09-17T22:40:15Z INFO [268/500] 0372dbd7-aab3-4eef-9313-41693dae00cb: 21 internal nodes; 0.5 s; peak memory 213 MiB.
2026-09-17T22:40:16Z INFO [269/500] 0373060e-42f4-48b6-ad0c-5ce065996e9d: 30 internal nodes; 0.8 s; peak memory 213 MiB.
2026-09-17T22:40:17Z INFO [270/500] 03738ca4-472d-4510-8fc5-d05f1f6c1891: 29 internal nodes; 0.7 s; peak memory 213 MiB.
2026-09-17T22:40:17Z INFO [271/500] 0373e678-f683-488e-af98-8e4856874447: 17 internal nodes; 0.6 s; peak memory 213 MiB.
2026-09-17T22:40:18Z INFO [272/500] 03742bde-edac-4f4e-98b2-8a356d10fd35: 17 internal nodes; 0.6 s; peak memory 213 MiB.
2026-09-17T22:40:21Z INFO [273/500] 0375a406-f151-4e99-8ff4-3cb5ff79e2be: 121 internal nodes; 3.0 s; peak memory 213 MiB.
2026-09-17T22:40:22Z INFO [274/500] 037606f9-1415-4829-b7b9-84bf50525328: 13 internal nodes; 0.8 s; peak memory 213 MiB.
2026-09-17T22:40:22Z INFO [275/500] 03761aa2-e0ab-4711-bcf1-0df897c3b356: 27 internal nodes; 0.6 s; peak memory 213 MiB.
2026-09-17T22:40:23Z INFO [276/500] 03763b46-a5d2-4443-b896-f8576bd92ee2: 27 internal nodes; 0.5 s; peak memory 213 MiB.
2026-09-17T22:40:23Z INFO [277/500] 0376e06d-727c-4fef-8e83-262f298427ed: 11 internal nodes; 0.3 s; peak memory 213 MiB.
2026-09-17T22:40:24Z INFO [278/500] 03774c71-940e-4149-8d0b-ba76e76e0236: 45 internal nodes; 1.2 s; peak memory 213 MiB.
2026-09-17T22:40:28Z INFO [279/500] 03778925-295d-43ad-88cc-0a7f42ab901e: 114 internal nodes; 3.3 s; peak memory 213 MiB.
2026-09-17T22:40:28Z INFO [280/500] 0378476f-30d8-4389-9f55-b06da2f87969: 11 internal nodes; 0.4 s; peak memory 213 MiB.
2026-09-17T22:40:32Z INFO [281/500] 0378a803-fd3f-4fa4-9923-caf25115bd4b: 193 internal nodes; 4.1 s; peak memory 213 MiB.
2026-09-17T22:40:33Z INFO [282/500] 0378ef84-ebd7-4071-9b98-2bca75bbbbfd: 17 internal nodes; 0.5 s; peak memory 213 MiB.
2026-09-17T22:40:33Z INFO [283/500] 0379d168-f025-4d92-b771-370c4649d0c4: 22 internal nodes; 0.4 s; peak memory 213 MiB.
2026-09-17T22:40:34Z INFO [284/500] 0379d6a0-79d9-4ad9-a764-b1b39654b486: 31 internal nodes; 0.8 s; peak memory 213 MiB.
2026-09-17T22:40:35Z INFO [285/500] 037a2481-0021-4d3e-94a9-1d8e2433bc31: 44 internal nodes; 1.2 s; peak memory 213 MiB.
2026-09-17T22:40:36Z INFO [286/500] 037cc826-b4af-4b24-96ae-c69590ebb7ad: 23 internal nodes; 0.6 s; peak memory 213 MiB.
2026-09-17T22:40:36Z INFO [287/500] 037ccd47-6fbe-44dd-9ba1-56bf4fcead9f: 25 internal nodes; 0.4 s; peak memory 213 MiB.
2026-09-17T22:40:38Z INFO [288/500] 037d8044-a686-420e-a16a-f9b7d6882569: 46 internal nodes; 1.4 s; peak memory 213 MiB.
2026-09-17T22:40:38Z INFO [289/500] 037dc24e-bf2f-4947-b955-4697dd11e0cb: 29 internal nodes; 0.8 s; peak memory 213 MiB.
2026-09-17T22:40:39Z INFO [290/500] 037df688-fca5-4097-88b3-0413aab59c30: 27 internal nodes; 0.6 s; peak memory 213 MiB.
2026-09-17T22:40:40Z INFO [291/500] 037ea6ad-f988-4a52-b30e-562c3cc2ff48: 11 internal nodes; 0.4 s; peak memory 213 MiB.
2026-09-17T22:40:40Z INFO [292/500] 037f50e6-fae5-42ce-9dc4-11d02b4034b2: 27 internal nodes; 0.8 s; peak memory 213 MiB.
2026-09-17T22:40:41Z INFO [293/500] 037fde98-30cd-4670-87be-56f204cfb77f: 19 internal nodes; 0.6 s; peak memory 213 MiB.
2026-09-17T22:40:45Z INFO [294/500] 03803394-d5db-424f-9c60-17d991a73213: 177 internal nodes; 3.9 s; peak memory 213 MiB.
2026-09-17T22:40:51Z INFO [295/500] 03808049-e471-43e6-a4c4-075e3b3f3974: 87 internal nodes; 5.9 s; peak memory 213 MiB.
2026-09-17T22:40:51Z INFO [296/500] 0380e52a-2f7c-43af-b27b-f6fc0841e451: 17 internal nodes; 0.4 s; peak memory 213 MiB.
2026-09-17T22:40:55Z INFO [297/500] 038134b3-bc1e-4334-94d0-ae8f198d6b1a: 68 internal nodes; 3.5 s; peak memory 213 MiB.
2026-09-17T22:40:55Z INFO [298/500] 038183b2-a835-494d-940b-10a31c6cccc5: 17 internal nodes; 0.5 s; peak memory 213 MiB.
2026-09-17T22:40:56Z INFO [299/500] 038194e0-373a-4790-adc4-0c6b11f55738: 31 internal nodes; 1.0 s; peak memory 213 MiB.
2026-09-17T22:41:00Z INFO [300/500] 0381be98-811c-4d5b-b081-b55bf974a24f: 177 internal nodes; 3.8 s; peak memory 213 MiB.
2026-09-17T22:41:00Z INFO [300/500] 0381be98-811c-4d5b-b081-b55bf974a24f: checkpointed 47809 records.
2026-09-17T22:41:01Z INFO [301/500] 0381de47-4144-482f-a992-96c3a17298eb: 67 internal nodes; 1.0 s; peak memory 213 MiB.
2026-09-17T22:41:02Z INFO [302/500] 038234fb-22d2-4c07-928f-12d0c1b51ae4: 17 internal nodes; 0.6 s; peak memory 213 MiB.
2026-09-17T22:41:02Z INFO [303/500] 0382536b-e6b3-454c-873a-5ed0dc1a43e8: 17 internal nodes; 0.6 s; peak memory 213 MiB.
2026-09-17T22:41:03Z INFO [304/500] 03825f7f-c4a4-477e-a9a8-7d04f1c54d1e: 17 internal nodes; 0.6 s; peak memory 213 MiB.
2026-09-17T22:41:04Z INFO [305/500] 038272e9-ecd2-42a0-9f42-9cab74b414aa: 66 internal nodes; 1.0 s; peak memory 213 MiB.
2026-09-17T22:41:05Z INFO [306/500] 0384894a-ba22-4def-b826-358147c4a6ac: 27 internal nodes; 0.7 s; peak memory 213 MiB.
2026-09-17T22:41:05Z INFO [307/500] 0384e90d-2a50-472b-a550-0453a40ad71d: 31 internal nodes; 0.8 s; peak memory 213 MiB.
2026-09-17T22:41:08Z INFO [308/500] 0384f663-434d-4c13-be2c-4647b82f3df9: 133 internal nodes; 2.8 s; peak memory 213 MiB.
2026-09-17T22:41:09Z INFO [309/500] 03856ec4-c434-4210-9f5b-13ca6e24194b: 27 internal nodes; 0.7 s; peak memory 213 MiB.
2026-09-17T22:41:10Z INFO [310/500] 0385905e-2a51-48fa-bf1a-9cf23edc22fb: 19 internal nodes; 0.6 s; peak memory 213 MiB.
2026-09-17T22:41:10Z INFO [311/500] 0386a02a-eaff-4478-b1f4-a938a2160048: 31 internal nodes; 0.7 s; peak memory 213 MiB.
2026-09-17T22:41:11Z INFO [312/500] 0386b5ca-8880-4c62-9131-9220e031e0c5: 38 internal nodes; 0.8 s; peak memory 213 MiB.
2026-09-17T22:41:15Z INFO [313/500] 0387b816-4191-4a71-9ace-6e2db1b542e3: 65 internal nodes; 4.4 s; peak memory 213 MiB.
2026-09-17T22:41:16Z INFO [314/500] 0387d379-e527-4ccd-a19d-65f67cbc57e9: 13 internal nodes; 0.4 s; peak memory 213 MiB.
2026-09-17T22:41:19Z INFO [315/500] 03881080-0cee-4919-98a4-c6935d8728f5: 68 internal nodes; 3.0 s; peak memory 213 MiB.
2026-09-17T22:41:29Z INFO [316/500] 038886df-d3d1-40a6-a2af-d7ca9b52f7a9: 135 internal nodes; 9.7 s; peak memory 213 MiB.
2026-09-17T22:41:31Z INFO [317/500] 03889d5a-cb7b-4075-9e29-76998f7b4415: 46 internal nodes; 2.3 s; peak memory 213 MiB.
2026-09-17T22:41:32Z INFO [318/500] 038a042a-5490-4cf6-8378-9588f87dd5a1: 24 internal nodes; 0.9 s; peak memory 213 MiB.
2026-09-17T22:41:33Z INFO [319/500] 038a4292-b217-470f-a391-05e1c74b98d4: 63 internal nodes; 0.8 s; peak memory 213 MiB.
2026-09-17T22:41:41Z INFO [320/500] 038b3ef0-9086-42a9-9bad-3fa4363ad2d3: 333 internal nodes; 8.6 s; peak memory 213 MiB.
2026-09-17T22:41:42Z INFO [321/500] 038b8a2c-7110-4968-b26a-833665d3e660: 19 internal nodes; 0.7 s; peak memory 213 MiB.
2026-09-17T22:41:42Z INFO [322/500] 038b916d-c662-41f5-b252-be5af7f16f1b: 17 internal nodes; 0.5 s; peak memory 213 MiB.
2026-09-17T22:41:43Z INFO [323/500] 038bb7af-8f71-4efe-94de-42cd1a53645f: 17 internal nodes; 0.5 s; peak memory 213 MiB.
2026-09-17T22:41:44Z INFO [324/500] 038bd1e2-e633-4df0-9339-f4f0f53892c0: 50 internal nodes; 1.6 s; peak memory 213 MiB.
2026-09-17T22:41:45Z INFO [325/500] 038c0213-f647-4242-8202-9c2d8ac11f9a: 17 internal nodes; 0.5 s; peak memory 213 MiB.
2026-09-17T22:41:46Z INFO [326/500] 038c0e2e-ce3f-4d9f-bc7f-39cb36d79973: 55 internal nodes; 0.7 s; peak memory 213 MiB.
2026-09-17T22:41:47Z INFO [327/500] 038c8610-fc84-4f5e-bd30-a02b0cd2f71a: 31 internal nodes; 0.8 s; peak memory 213 MiB.
2026-09-17T22:41:47Z INFO [328/500] 038d3a18-6555-4ffa-8e6a-4c729c1cae03: 17 internal nodes; 0.6 s; peak memory 213 MiB.
2026-09-17T22:41:50Z INFO [329/500] 038e83e3-15c5-4c4b-b7f6-c963c08872a4: 59 internal nodes; 3.2 s; peak memory 213 MiB.
2026-09-17T22:41:51Z INFO [330/500] 038e862e-af4c-41e5-b854-df32655313a2: 28 internal nodes; 0.7 s; peak memory 213 MiB.
2026-09-17T22:41:52Z INFO [331/500] 038e9f92-1210-476e-ba7d-074d3556f11f: 54 internal nodes; 0.8 s; peak memory 213 MiB.
2026-09-17T22:41:52Z INFO [332/500] 038fcdba-f7db-4d74-948d-a3ac9cfd5915: 119 internal nodes; 0.5 s; peak memory 213 MiB.
2026-09-17T22:41:55Z INFO [333/500] 039207c0-4a31-4e05-ad1e-ae1fd5f680c9: 54 internal nodes; 3.0 s; peak memory 213 MiB.
2026-09-17T22:41:56Z INFO [334/500] 03922b26-2eef-463d-a371-53a5f646996a: 13 internal nodes; 0.4 s; peak memory 213 MiB.
2026-09-17T22:41:56Z INFO [335/500] 0392390a-1394-43ec-8f92-a41ff48a5330: 17 internal nodes; 0.5 s; peak memory 213 MiB.
2026-09-17T22:41:57Z INFO [336/500] 039270cd-caf4-41aa-9915-2db759fa38f0: 17 internal nodes; 0.5 s; peak memory 213 MiB.
2026-09-17T22:41:57Z INFO [337/500] 0392fa54-4a52-4f0e-9d53-7075f1c28b4c: 27 internal nodes; 0.6 s; peak memory 213 MiB.
2026-09-17T22:41:58Z INFO [338/500] 03931d6a-9e56-4814-970e-f001e480b8ff: 28 internal nodes; 0.7 s; peak memory 213 MiB.
2026-09-17T22:42:02Z INFO [339/500] 03931e1c-d46d-4a66-9463-89358dea1f67: 98 internal nodes; 4.1 s; peak memory 213 MiB.
2026-09-17T22:42:03Z INFO [340/500] 03933ea7-7826-4186-ae73-3a8d682e4f91: 116 internal nodes; 0.8 s; peak memory 213 MiB.
2026-09-17T22:42:07Z INFO [341/500] 03938cf8-73c2-43e3-b780-3e71ef11af85: 153 internal nodes; 3.6 s; peak memory 213 MiB.
2026-09-17T22:42:07Z INFO [342/500] 0393e4a6-ef56-4c93-b8ac-c57261604b59: 17 internal nodes; 0.5 s; peak memory 213 MiB.
2026-09-17T22:42:08Z INFO [343/500] 03941e56-4e9e-4d62-9ad1-8e888d8334c2: 27 internal nodes; 0.5 s; peak memory 213 MiB.
2026-09-17T22:42:08Z INFO [344/500] 039703c1-53c3-4e73-a60e-f10d7dbe6e94: 13 internal nodes; 0.6 s; peak memory 213 MiB.
2026-09-17T22:42:09Z INFO [345/500] 0397ef67-0ee3-4089-9ba2-a67dc785574e: 27 internal nodes; 0.4 s; peak memory 213 MiB.
2026-09-17T22:42:09Z INFO [346/500] 03996b24-aa29-4a9f-9e7d-afc90dd192bc: 27 internal nodes; 0.5 s; peak memory 213 MiB.
2026-09-17T22:42:10Z INFO [347/500] 0399c9f9-f6e5-4b05-bc4b-f0976b098de7: 19 internal nodes; 0.6 s; peak memory 213 MiB.
2026-09-17T22:42:14Z INFO [348/500] 039a8e9f-03ab-42ce-ab23-f7f1917c8efc: 172 internal nodes; 4.6 s; peak memory 213 MiB.
2026-09-17T22:42:15Z INFO [349/500] 039aca19-51c5-417f-b025-f289b5a126e8: 17 internal nodes; 0.5 s; peak memory 213 MiB.
2026-09-17T22:42:15Z INFO [350/500] 039d7c13-1b49-478e-b185-0da55623d5e4: 31 internal nodes; 0.7 s; peak memory 213 MiB.
2026-09-17T22:42:16Z INFO [350/500] 039d7c13-1b49-478e-b185-0da55623d5e4: checkpointed 47859 records.
2026-09-17T22:42:16Z INFO [351/500] 039dfb93-755f-42dd-ba72-72eb816d1896: 17 internal nodes; 0.6 s; peak memory 213 MiB.
2026-09-17T22:42:17Z INFO [352/500] 039e6a41-6d9e-4f0e-ae11-4eb371eeb343: 119 internal nodes; 0.6 s; peak memory 213 MiB.
2026-09-17T22:42:17Z INFO [353/500] 039f006c-4037-4ce5-bef0-b242cda999cc: 17 internal nodes; 0.6 s; peak memory 213 MiB.
2026-09-17T22:42:18Z INFO [354/500] 039f59ff-aba0-49e4-89d6-a1d348efaccb: 53 internal nodes; 0.5 s; peak memory 213 MiB.
2026-09-17T22:42:19Z INFO [355/500] 03a17e83-a36b-4d24-b5b3-0d96f7605f30: 34 internal nodes; 1.1 s; peak memory 213 MiB.
2026-09-17T22:42:19Z INFO [356/500] 03a1ce5e-d662-4fb7-8ed3-d30673b7fa91: 31 internal nodes; 0.5 s; peak memory 213 MiB.
2026-09-17T22:42:20Z INFO [357/500] 03a26f08-21ed-4f08-be0e-faa65c3bcb32: 27 internal nodes; 0.5 s; peak memory 213 MiB.
2026-09-17T22:42:21Z INFO [358/500] 03a2737c-b6ef-4224-aca3-7f33b8d06a4b: 66 internal nodes; 1.0 s; peak memory 213 MiB.
2026-09-17T22:42:24Z INFO [359/500] 03a2f8b6-7b65-4b54-acc3-8cbf488ab5bf: 143 internal nodes; 3.1 s; peak memory 213 MiB.
2026-09-17T22:42:24Z INFO [360/500] 03a3b0b4-315d-4444-a022-99405b0c50a0: 27 internal nodes; 0.4 s; peak memory 213 MiB.
2026-09-17T22:42:25Z INFO [361/500] 03a439fd-b93b-4820-92ab-8df48b85f4c8: 27 internal nodes; 0.6 s; peak memory 213 MiB.
2026-09-17T22:42:25Z INFO [362/500] 03a49dc1-dfcb-4697-8e81-ef96a9c512bb: 17 internal nodes; 0.5 s; peak memory 213 MiB.
2026-09-17T22:42:28Z INFO [363/500] 03a5817e-9949-455f-9c24-6da9777c5cb4: 177 internal nodes; 2.8 s; peak memory 213 MiB.
2026-09-17T22:42:29Z INFO [364/500] 03a5d4d1-7069-4cb7-821f-eead93b6e976: 40 internal nodes; 0.6 s; peak memory 213 MiB.
2026-09-17T22:42:30Z INFO [365/500] 03a66085-f01b-4651-b51b-9fc9e3f9aaf6: 61 internal nodes; 0.8 s; peak memory 213 MiB.
2026-09-17T22:42:33Z INFO [366/500] 03a6e32d-5e20-4bc7-990b-a5c5eb7a0f7d: 128 internal nodes; 2.9 s; peak memory 213 MiB.
2026-09-17T22:42:33Z INFO [367/500] 03a7eb27-bc12-4a72-ba0a-0b28599e37f8: 27 internal nodes; 0.7 s; peak memory 213 MiB.
2026-09-17T22:42:34Z INFO [368/500] 03a80078-da03-4c6d-aef4-b00b87402bcb: 55 internal nodes; 0.8 s; peak memory 213 MiB.
2026-09-17T22:42:35Z INFO [369/500] 03a8c3ec-dc5d-4de7-86d8-e6d5fa08c477: 66 internal nodes; 1.1 s; peak memory 213 MiB.
2026-09-17T22:42:36Z INFO [370/500] 03a943f2-7463-46cc-a392-d82e0a864d6d: 13 internal nodes; 0.4 s; peak memory 213 MiB.
2026-09-17T22:42:36Z INFO [371/500] 03a96456-38e0-445b-a831-879d39840db6: 17 internal nodes; 0.3 s; peak memory 213 MiB.
2026-09-17T22:42:37Z INFO [372/500] 03a96c44-87eb-4f77-9638-8088f7bc77b2: 26 internal nodes; 1.1 s; peak memory 213 MiB.
2026-09-17T22:42:37Z INFO [373/500] 03a99fed-ec35-4e20-bf74-cef5a8de0876: 17 internal nodes; 0.5 s; peak memory 213 MiB.
2026-09-17T22:42:38Z INFO [374/500] 03aa8a88-246f-4e78-a21b-345697d61e0f: 29 internal nodes; 0.6 s; peak memory 213 MiB.
2026-09-17T22:42:41Z INFO [375/500] 03abf0d0-58e8-40d8-81fc-45bad31188cb: 136 internal nodes; 2.8 s; peak memory 213 MiB.
2026-09-17T22:42:41Z INFO [376/500] 03ad9338-798c-4b6f-b1c6-81c3db7d7515: 27 internal nodes; 0.4 s; peak memory 213 MiB.
2026-09-17T22:42:44Z INFO [377/500] 03adfaa8-453f-47b4-a749-83cbce65e1de: 68 internal nodes; 2.9 s; peak memory 213 MiB.
2026-09-17T22:42:55Z INFO [378/500] 03af6b84-ea4e-4b97-aeb8-fd8a24148e8b: 113 internal nodes; 10.7 s; peak memory 213 MiB.
2026-09-17T22:42:56Z INFO [379/500] 03af7007-63c3-494b-a4ae-e0d0b152c576: 29 internal nodes; 0.7 s; peak memory 213 MiB.
2026-09-17T22:42:59Z INFO [380/500] 03af8f6d-e3dd-4250-8291-ea6328be6966: 376 internal nodes; 3.7 s; peak memory 213 MiB.
2026-09-17T22:43:00Z INFO [381/500] 03b00359-ddd3-43c4-84f3-d85fa08623d0: 29 internal nodes; 0.7 s; peak memory 213 MiB.
2026-09-17T22:43:01Z INFO [382/500] 03b0391e-7304-4649-8266-b3f9cc2b3371: 27 internal nodes; 0.6 s; peak memory 213 MiB.
2026-09-17T22:43:01Z INFO [383/500] 03b2638f-dfdc-4050-a52f-f373ce725ea4: 17 internal nodes; 0.6 s; peak memory 213 MiB.
2026-09-17T22:43:02Z INFO [384/500] 03b27246-cf92-4875-aa20-9806865f4638: 17 internal nodes; 0.5 s; peak memory 213 MiB.
2026-09-17T22:43:02Z INFO [385/500] 03b35f10-4401-4f10-9032-c14efb73f401: 27 internal nodes; 0.7 s; peak memory 213 MiB.
2026-09-17T22:43:03Z INFO [386/500] 03b39d0f-f7c6-4d67-899e-0deef00ecbc4: 17 internal nodes; 0.5 s; peak memory 213 MiB.
2026-09-17T22:43:03Z INFO [387/500] 03b3c918-b0fe-4070-88ed-c1180b765d6a: 27 internal nodes; 0.6 s; peak memory 213 MiB.
2026-09-17T22:43:11Z INFO [388/500] 03b49e97-c601-4867-8140-9f9f9a881446: 341 internal nodes; 7.2 s; peak memory 213 MiB.
2026-09-17T22:43:11Z INFO [389/500] 03b508ab-20c0-4e88-929e-9b4345f4c262: 26 internal nodes; 0.3 s; peak memory 213 MiB.
2026-09-17T22:43:13Z INFO [390/500] 03b5a503-be05-46c9-926a-776e632eae61: 41 internal nodes; 1.6 s; peak memory 213 MiB.
2026-09-17T22:43:14Z INFO [391/500] 03b5b3e0-5c49-4b4b-8c8e-8f7ae6f869f4: 41 internal nodes; 1.0 s; peak memory 213 MiB.
2026-09-17T22:43:14Z INFO [392/500] 03b5fa08-4dd1-49d6-8b38-539f4c6eea6e: 19 internal nodes; 0.5 s; peak memory 213 MiB.
2026-09-17T22:43:16Z INFO [393/500] 03b5fd74-4578-4bb5-84fb-18d1e6f92c81: 56 internal nodes; 1.8 s; peak memory 213 MiB.
2026-09-17T22:43:17Z INFO [394/500] 03b6d20b-8942-455b-8885-3f4efc436ace: 28 internal nodes; 1.0 s; peak memory 213 MiB.
2026-09-17T22:43:18Z INFO [395/500] 03b6ef09-af93-42b0-8093-c751cb9d7d05: 31 internal nodes; 0.8 s; peak memory 213 MiB.
2026-09-17T22:43:19Z INFO [396/500] 03b70f23-043a-4a93-b695-78fa65057de7: 44 internal nodes; 1.4 s; peak memory 213 MiB.
2026-09-17T22:43:20Z INFO [397/500] 03b84871-2dfb-430f-93d5-876a5947376a: 27 internal nodes; 0.6 s; peak memory 213 MiB.
2026-09-17T22:43:20Z INFO [398/500] 03b8a104-a365-412c-95c8-b3277fca4008: 11 internal nodes; 0.3 s; peak memory 213 MiB.
2026-09-17T22:43:21Z INFO [399/500] 03b934ea-1d1b-4f62-861d-2a0108287964: 115 internal nodes; 0.6 s; peak memory 213 MiB.
2026-09-17T22:43:21Z INFO [400/500] 03b9518f-4d72-4693-a07f-95d1ecb76873: 27 internal nodes; 0.5 s; peak memory 213 MiB.
2026-09-17T22:43:21Z INFO [400/500] 03b9518f-4d72-4693-a07f-95d1ecb76873: checkpointed 47909 records.
2026-09-17T22:43:22Z INFO [401/500] 03ba0c91-25d7-4243-aa81-04e239526f1d: 13 internal nodes; 0.3 s; peak memory 213 MiB.
2026-09-17T22:43:22Z INFO [402/500] 03baecf3-0b14-4149-a7a7-6f47fa69e251: 27 internal nodes; 0.5 s; peak memory 213 MiB.
2026-09-17T22:43:23Z INFO [403/500] 03bb4414-0ef0-46ea-a313-a785d7e1f0d6: 17 internal nodes; 0.4 s; peak memory 213 MiB.
2026-09-17T22:43:23Z INFO [404/500] 03bb5284-35df-48b2-9c30-5c38f948d9d1: 17 internal nodes; 0.5 s; peak memory 213 MiB.
2026-09-17T22:43:24Z INFO [405/500] 03bb6b02-bf0b-4e29-a6a1-f2fd67292c0f: 38 internal nodes; 0.8 s; peak memory 213 MiB.
2026-09-17T22:43:24Z INFO [406/500] 03bbc9f4-e57e-44d0-b958-ed4ef8bf68ad: 19 internal nodes; 0.5 s; peak memory 213 MiB.
2026-09-17T22:43:25Z INFO [407/500] 03bc7027-065b-4595-b8cf-d3b4c40a410d: 11 internal nodes; 0.3 s; peak memory 213 MiB.
2026-09-17T22:43:25Z INFO [408/500] 03bdf982-6d4b-4f31-901c-ea3828450718: 39 internal nodes; 0.8 s; peak memory 213 MiB.
2026-09-17T22:43:26Z INFO [409/500] 03be1195-3611-40c9-8506-6bdfee89b09f: 27 internal nodes; 1.0 s; peak memory 213 MiB.
2026-09-17T22:43:28Z INFO [410/500] 03be98df-ae6c-47e0-8a17-9d1b0bc3804e: 44 internal nodes; 1.2 s; peak memory 213 MiB.
2026-09-17T22:43:28Z INFO [411/500] 03becee8-5e6d-45c8-8719-2d26c85017db: 31 internal nodes; 0.8 s; peak memory 213 MiB.
2026-09-17T22:43:29Z INFO [412/500] 03bf086e-0d40-4c23-a20f-c0448d6789ea: 27 internal nodes; 0.6 s; peak memory 213 MiB.
2026-09-17T22:43:30Z INFO [413/500] 03bf6b6a-3e24-4beb-828a-684c37ae4e23: 31 internal nodes; 0.9 s; peak memory 213 MiB.
2026-09-17T22:43:30Z INFO [414/500] 03bfb8a3-deb2-49a4-bf41-0a4089431d57: 13 internal nodes; 0.5 s; peak memory 213 MiB.
2026-09-17T22:43:32Z INFO [415/500] 03c0c9a6-0fb6-4ffb-b7eb-9d4ad30c5be8: 46 internal nodes; 1.6 s; peak memory 213 MiB.
2026-09-17T22:43:33Z INFO [416/500] 03c16da4-e708-4e3e-9d52-bc2a675881eb: 17 internal nodes; 0.6 s; peak memory 213 MiB.
2026-09-17T22:43:34Z INFO [417/500] 03c19c14-8b10-4af9-86e2-30653c64c4b1: 30 internal nodes; 1.1 s; peak memory 213 MiB.
2026-09-17T22:43:35Z INFO [418/500] 03c34f85-48fd-4e87-b43f-f670dabd1a86: 25 internal nodes; 1.5 s; peak memory 213 MiB.
2026-09-17T22:43:36Z INFO [419/500] 03c39874-db50-43c4-9d8f-e43f08a9cf3c: 55 internal nodes; 0.7 s; peak memory 213 MiB.
2026-09-17T22:43:37Z INFO [420/500] 03c43af3-a5b1-4e72-85db-ba12e3748656: 17 internal nodes; 0.5 s; peak memory 213 MiB.
2026-09-17T22:43:37Z INFO [421/500] 03c521af-1033-456f-a758-accaedaff4f3: 17 internal nodes; 0.6 s; peak memory 213 MiB.
2026-09-17T22:43:38Z INFO [422/500] 03c65b1c-0849-4035-850b-5da6ded7f989: 27 internal nodes; 0.5 s; peak memory 213 MiB.
2026-09-17T22:43:38Z INFO [423/500] 03c68a5d-629d-4cd1-a269-6d8f26c0389d: 17 internal nodes; 0.5 s; peak memory 213 MiB.
2026-09-17T22:43:39Z INFO [424/500] 03c70e32-eed3-4aa3-a9e9-34eb94bf6366: 24 internal nodes; 0.7 s; peak memory 213 MiB.
2026-09-17T22:43:39Z INFO [425/500] 03c783ac-89a0-4004-b758-2ee5c894d633: 17 internal nodes; 0.5 s; peak memory 213 MiB.
2026-09-17T22:43:40Z INFO [426/500] 03c7bf13-2ca7-45d0-a1ef-ec6730d9c14f: 62 internal nodes; 0.8 s; peak memory 213 MiB.
2026-09-17T22:43:41Z INFO [427/500] 03c822e8-1c6b-49bf-a782-08f32ad4bae0: 31 internal nodes; 0.8 s; peak memory 213 MiB.
2026-09-17T22:43:41Z INFO [428/500] 03c9b621-be88-4792-b475-d94a09fd183e: 11 internal nodes; 0.4 s; peak memory 213 MiB.
2026-09-17T22:43:43Z INFO [429/500] 03caf4d3-2d41-4870-94a3-c6440d69de25: 42 internal nodes; 1.4 s; peak memory 213 MiB.
2026-09-17T22:43:44Z INFO [430/500] 03cb6af4-899a-412d-a60d-e99a6401cf68: 31 internal nodes; 0.7 s; peak memory 213 MiB.
2026-09-17T22:43:49Z INFO [431/500] 03cb7096-f086-431d-afb2-69d4d4382f73: 63 internal nodes; 5.0 s; peak memory 213 MiB.
2026-09-17T22:43:50Z INFO [432/500] 03cdc9b3-30d6-4cde-a777-8820b8ae67ab: 44 internal nodes; 1.5 s; peak memory 213 MiB.
2026-09-17T22:43:51Z INFO [433/500] 03ce16b8-c6fd-404d-b976-4e46859c83f4: 66 internal nodes; 1.4 s; peak memory 213 MiB.
2026-09-17T22:43:53Z INFO [434/500] 03ced12b-f056-4906-9e0a-ba72103efb8d: 31 internal nodes; 1.3 s; peak memory 213 MiB.
2026-09-17T22:43:53Z INFO [435/500] 03cfdf88-0534-4f8d-b8e6-977a69fe76d5: 53 internal nodes; 0.7 s; peak memory 213 MiB.
2026-09-17T22:43:54Z INFO [436/500] 03d0040b-8397-4d53-956b-e0c93e792bbd: 17 internal nodes; 0.6 s; peak memory 213 MiB.
2026-09-17T22:43:55Z INFO [437/500] 03d07605-258a-4676-a97b-4e088c19aedd: 27 internal nodes; 0.7 s; peak memory 213 MiB.
2026-09-17T22:43:56Z INFO [438/500] 03d08bd5-0910-4d5b-b6fa-63186462c868: 44 internal nodes; 1.5 s; peak memory 213 MiB.
2026-09-17T22:43:57Z INFO [439/500] 03d11f44-9f9a-4f45-8b92-a02f7ea880f7: 27 internal nodes; 0.5 s; peak memory 213 MiB.
2026-09-17T22:44:01Z INFO [440/500] 03d1381e-d6aa-40de-b763-59fa49a8ae0b: 76 internal nodes; 4.7 s; peak memory 213 MiB.
2026-09-17T22:44:02Z INFO [441/500] 03d14de2-11cb-494a-8bbc-d70546313137: 31 internal nodes; 0.8 s; peak memory 213 MiB.
2026-09-17T22:44:03Z INFO [442/500] 03d1b835-91dd-468b-97af-963cae29d521: 114 internal nodes; 0.5 s; peak memory 213 MiB.
2026-09-17T22:44:03Z INFO [443/500] 03d20e1e-c30a-4b6a-98ac-1d5f01db1930: 27 internal nodes; 0.6 s; peak memory 213 MiB.
2026-09-17T22:44:04Z INFO [444/500] 03d329e6-a1ad-4217-916a-b76adbd089f3: 27 internal nodes; 0.5 s; peak memory 213 MiB.
2026-09-17T22:44:04Z INFO [445/500] 03d32e21-7f60-408c-9723-0acbcb22160d: 17 internal nodes; 0.5 s; peak memory 213 MiB.
2026-09-17T22:44:05Z INFO [446/500] 03d371e1-05dd-4eae-91c3-d4ded3e8fdc1: 31 internal nodes; 0.9 s; peak memory 213 MiB.
2026-09-17T22:44:06Z INFO [447/500] 03d4d97b-3b1e-4e00-9dce-2251fb9f5c10: 6 internal nodes; 0.3 s; peak memory 213 MiB.
2026-09-17T22:44:06Z INFO [448/500] 03d5ed0b-744e-46e1-ab8b-37d7408cbaca: 19 internal nodes; 0.5 s; peak memory 213 MiB.
2026-09-17T22:44:07Z INFO [449/500] 03d794a1-4767-4870-8cfe-fa177048a5b9: 17 internal nodes; 0.5 s; peak memory 213 MiB.
2026-09-17T22:44:08Z INFO [450/500] 03d7f67e-714f-4e00-a364-90e347101b87: 41 internal nodes; 1.5 s; peak memory 213 MiB.
2026-09-17T22:44:08Z INFO [450/500] 03d7f67e-714f-4e00-a364-90e347101b87: checkpointed 47959 records.
2026-09-17T22:44:13Z INFO [451/500] 03d94654-76d5-4918-9cce-9f7f91d7de9e: 182 internal nodes; 4.5 s; peak memory 213 MiB.
2026-09-17T22:44:13Z INFO [452/500] 03dbac81-de7f-438a-bf55-62b6d688ad8a: 11 internal nodes; 0.4 s; peak memory 213 MiB.
2026-09-17T22:44:19Z INFO [453/500] 03dd367b-c8a5-4103-8168-2c376f573d0e: 64 internal nodes; 5.5 s; peak memory 213 MiB.
2026-09-17T22:44:22Z INFO [454/500] 03de4b32-beca-4329-9259-9744145a8d62: 122 internal nodes; 3.4 s; peak memory 213 MiB.
2026-09-17T22:44:22Z INFO [455/500] 03df35a8-2fc8-42b4-87d5-b138b4481ac8: 17 internal nodes; 0.5 s; peak memory 213 MiB.
2026-09-17T22:44:23Z INFO [456/500] 03df852b-6e9a-4c2c-9353-16514524c45b: 31 internal nodes; 0.8 s; peak memory 213 MiB.
2026-09-17T22:44:24Z INFO [457/500] 03e1134b-77fd-48b3-81d6-bab61553b6a7: 17 internal nodes; 0.5 s; peak memory 213 MiB.
2026-09-17T22:44:24Z INFO [458/500] 03e1d695-0111-4856-bea2-eda67da0f3fc: 27 internal nodes; 0.7 s; peak memory 213 MiB.
2026-09-17T22:44:25Z INFO [459/500] 03e2d6ba-7a8c-4eb7-8015-c741f4f42704: 23 internal nodes; 0.7 s; peak memory 213 MiB.
2026-09-17T22:44:26Z INFO [460/500] 03e33b55-5ae4-4361-b275-22db1e778545: 17 internal nodes; 0.5 s; peak memory 213 MiB.
2026-09-17T22:44:26Z INFO [461/500] 03e3ce8a-c548-4567-a700-b72ec6b654db: 19 internal nodes; 0.7 s; peak memory 213 MiB.
2026-09-17T22:44:27Z INFO [462/500] 03e3eb31-e31a-4994-9d8a-66c73ec842f8: 30 internal nodes; 0.8 s; peak memory 213 MiB.
2026-09-17T22:44:30Z INFO [463/500] 03e4e22c-3828-4b9e-81ae-fc232f95b7b7: 65 internal nodes; 3.2 s; peak memory 213 MiB.
2026-09-17T22:44:31Z INFO [464/500] 03e5b037-451e-4282-9289-c7acdfc3d9e7: 18 internal nodes; 0.6 s; peak memory 213 MiB.
2026-09-17T22:44:32Z INFO [465/500] 03e5f51d-60df-46c6-beb9-6613388170fd: 13 internal nodes; 0.6 s; peak memory 213 MiB.
2026-09-17T22:44:32Z INFO [466/500] 03e6aadc-eaba-4a6e-a0e2-247c6a49ec10: 17 internal nodes; 0.5 s; peak memory 213 MiB.
2026-09-17T22:44:33Z INFO [467/500] 03e78578-c95b-4139-9fda-66f774028dfa: 31 internal nodes; 0.7 s; peak memory 213 MiB.
2026-09-17T22:44:49Z INFO [468/500] 03e7de10-be8c-44ba-8c26-454bb392ae81: 1702 internal nodes; 16.0 s; peak memory 223 MiB.
2026-09-17T22:44:50Z INFO [469/500] 03e8193f-79ad-4c50-aaf3-8dc2effa26b1: 24 internal nodes; 0.7 s; peak memory 223 MiB.
2026-09-17T22:44:50Z INFO [470/500] 03e82f2d-84a8-4de7-a091-915cb50e8483: 14 internal nodes; 0.5 s; peak memory 223 MiB.
2026-09-17T22:44:51Z INFO [471/500] 03e86e6a-e980-44eb-821d-89c8ba233ad5: 58 internal nodes; 1.1 s; peak memory 223 MiB.
2026-09-17T22:44:52Z INFO [472/500] 03e8ca1d-9e8c-456f-b38e-59dfa29e8f40: 27 internal nodes; 0.6 s; peak memory 223 MiB.
2026-09-17T22:44:53Z INFO [473/500] 03e9a542-6e32-4e55-b5b7-98f9a625795d: 60 internal nodes; 1.5 s; peak memory 223 MiB.
2026-09-17T22:44:54Z INFO [474/500] 03e9b575-7c10-4266-8c8e-1a543458f42a: 63 internal nodes; 1.1 s; peak memory 223 MiB.
2026-09-17T22:44:55Z INFO [475/500] 03ea0039-025f-4fce-94de-6e0a64d607d7: 27 internal nodes; 0.6 s; peak memory 223 MiB.
2026-09-17T22:46:01Z INFO [476/500] 03ea64d7-28d9-401e-ac61-aa251cbffa71: 600 internal nodes; 66.1 s; peak memory 229 MiB.
2026-09-17T22:46:02Z INFO [477/500] 03eb974e-41e4-4675-9c2a-d9549c006da5: 115 internal nodes; 0.7 s; peak memory 229 MiB.
2026-09-17T22:46:03Z INFO [478/500] 03ec0b0d-8399-4b63-8a42-4cba1609cb4f: 72 internal nodes; 1.3 s; peak memory 229 MiB.
2026-09-17T22:46:04Z INFO [479/500] 03ec1c40-d2be-4b16-a13c-4bdfb5070db7: 29 internal nodes; 0.7 s; peak memory 229 MiB.
2026-09-17T22:46:05Z INFO [480/500] 03ec5a4f-3173-42f8-850c-15ed08aed12c: 31 internal nodes; 1.0 s; peak memory 229 MiB.
2026-09-17T22:46:05Z INFO [481/500] 03ecbdfe-ab2e-49a1-8105-35c0e68b2375: 17 internal nodes; 0.7 s; peak memory 229 MiB.
2026-09-17T22:46:35Z INFO [482/500] 03eea484-e3c5-4e78-a5da-da00dd567585: 2394 internal nodes; 29.5 s; peak memory 306 MiB.
2026-09-17T22:46:35Z INFO [483/500] 03eea5a4-038d-4f00-ac1f-b6354a112958: 17 internal nodes; 0.6 s; peak memory 306 MiB.
2026-09-17T22:46:37Z INFO [484/500] 03ef2886-16d4-4dad-a144-f842850112b7: 44 internal nodes; 1.6 s; peak memory 306 MiB.
2026-09-17T22:46:38Z INFO [485/500] 03f0ba9a-9fba-4fbd-90e9-1fa2550d6e69: 27 internal nodes; 0.6 s; peak memory 306 MiB.
2026-09-17T22:46:38Z INFO [486/500] 03f14658-7775-40db-91c7-631753f4a679: 23 internal nodes; 0.5 s; peak memory 306 MiB.
2026-09-17T22:46:39Z INFO [487/500] 03f1c800-065e-49c5-ace1-c5c7c82e504d: 17 internal nodes; 0.6 s; peak memory 306 MiB.
2026-09-17T22:47:03Z INFO [488/500] 03f1cdc0-68da-4bb2-bf8e-1e3c8775ced3: 1251 internal nodes; 24.4 s; peak memory 306 MiB.
2026-09-17T22:47:07Z INFO [489/500] 03f2eca9-62ef-4346-a121-eed00bcea895: 114 internal nodes; 4.3 s; peak memory 306 MiB.
2026-09-17T22:47:08Z INFO [490/500] 03f2f433-cf73-4234-9ab5-77fb454001c7: 27 internal nodes; 0.4 s; peak memory 306 MiB.
2026-09-17T22:47:09Z INFO [491/500] 03f4ae5c-122a-49eb-8157-a17e7b3d53a0: 67 internal nodes; 1.0 s; peak memory 306 MiB.
2026-09-17T22:47:09Z INFO [492/500] 03f58e87-27be-4323-9e18-ef5f2d6ce202: 31 internal nodes; 0.7 s; peak memory 306 MiB.
2026-09-17T22:47:13Z INFO [493/500] 03f5a363-67cf-46d8-a613-1cd18948c791: 41 internal nodes; 3.2 s; peak memory 306 MiB.
2026-09-17T22:47:13Z INFO [494/500] 03f5e816-978b-4392-8af8-b6e00418d508: 27 internal nodes; 0.6 s; peak memory 306 MiB.
2026-09-17T22:47:14Z INFO [495/500] 03f67660-6b21-4123-bacf-d99035183cc7: 17 internal nodes; 0.5 s; peak memory 306 MiB.
2026-09-17T22:47:19Z INFO [496/500] 03f6ad99-e66c-40de-8912-9a6393f281b7: 164 internal nodes; 5.4 s; peak memory 306 MiB.
2026-09-17T22:47:27Z INFO [497/500] 03f75ed7-0bb7-4ba9-83b4-6cb8ce276b1c: 137 internal nodes; 7.6 s; peak memory 306 MiB.
2026-09-17T22:47:32Z INFO [498/500] 03f849ed-271b-4c8e-86ff-557e856af8ec: 44 internal nodes; 5.2 s; peak memory 308 MiB.
2026-09-17T22:47:33Z INFO [499/500] 03f87c79-0a7c-4d3d-b676-7ff81d9b5dcf: 44 internal nodes; 1.3 s; peak memory 308 MiB.
2026-09-17T22:47:34Z INFO [500/500] 03f95264-aa26-4e01-93c6-8d8f4d6f46b3: 30 internal nodes; 0.9 s; peak memory 308 MiB.
2026-09-17T22:47:34Z INFO [500/500] 03f95264-aa26-4e01-93c6-8d8f4d6f46b3: checkpointed 48009 records.
2026-09-17T22:47:34Z INFO Wrote 48009 records to /tmp/derivatives/valid_nwb_file_to_out_degrees.jsonl (499 new, 1 failed) in 13.2 min (peak memory 308 MiB).
