2026-09-29T23:19:24Z INFO Logging to /tmp/logs/update_2026-09-29T23-19-24Z.log.
2026-09-29T23:19:24Z INFO Update valid-nwb-file-to-out-degrees (base directory /tmp).
2026-09-29T23:19:25Z INFO Processing 500 items (59420 already recorded).
2026-09-29T23:19:25Z WARNING 024ef50f-ac6f-49ea-806b-93ef4b5e8644: failed while reading the NWB file (KeyError: 'Unable to synchronously open object (component not found)')
2026-09-29T23:19:25Z WARNING [1/500] 024ef50f-ac6f-49ea-806b-93ef4b5e8644: leaving unrecorded for a later run to retry.
2026-09-29T23:19:26Z WARNING 09073220-fbea-45d2-9a39-2cc61fcdc2a1: failed while reading the NWB file (KeyError: 'Unable to synchronously open object (component not found)')
2026-09-29T23:19:26Z WARNING [2/500] 09073220-fbea-45d2-9a39-2cc61fcdc2a1: leaving unrecorded for a later run to retry.
2026-09-29T23:19:27Z WARNING 0dec427d-4db4-44c3-988a-c37959ceaff3: failed while reading the NWB file (KeyError: 'Unable to synchronously open object (component not found)')
2026-09-29T23:19:27Z WARNING [3/500] 0dec427d-4db4-44c3-988a-c37959ceaff3: leaving unrecorded for a later run to retry.
2026-09-29T23:19:28Z WARNING 0f7396ad-67ec-468a-b6a6-5599cb507f54: failed while reading the NWB file (KeyError: 'Unable to synchronously open object (component not found)')
2026-09-29T23:19:28Z WARNING [4/500] 0f7396ad-67ec-468a-b6a6-5599cb507f54: leaving unrecorded for a later run to retry.
2026-09-29T23:19:29Z WARNING 1066b3ba-83d9-4cb3-bfe3-ecf8539e2334: failed while reading the NWB file (KeyError: 'Unable to synchronously open object (component not found)')
2026-09-29T23:19:29Z WARNING [5/500] 1066b3ba-83d9-4cb3-bfe3-ecf8539e2334: leaving unrecorded for a later run to retry.
2026-09-29T23:19:29Z WARNING 17a546c4-6425-4c56-a43e-9f9f272d299c: failed while reading the NWB file (KeyError: 'Unable to synchronously open object (component not found)')
2026-09-29T23:19:29Z WARNING [6/500] 17a546c4-6425-4c56-a43e-9f9f272d299c: leaving unrecorded for a later run to retry.
2026-09-29T23:19:30Z WARNING 19998990-d06f-40db-8d07-c5121b317b6a: failed while reading the NWB file (KeyError: 'Unable to synchronously open object (component not found)')
2026-09-29T23:19:30Z WARNING [7/500] 19998990-d06f-40db-8d07-c5121b317b6a: leaving unrecorded for a later run to retry.
2026-09-29T23:19:31Z WARNING 1a18ed31-9155-4512-919f-b6875d14b9f3: failed while reading the NWB file (KeyError: 'Unable to synchronously open object (component not found)')
2026-09-29T23:19:31Z WARNING [8/500] 1a18ed31-9155-4512-919f-b6875d14b9f3: leaving unrecorded for a later run to retry.
2026-09-29T23:19:32Z INFO [9/500] 1bb8cd36-e01c-4a52-b1ec-6d6bcdc89c6e: 27 internal nodes; 0.8 s; peak memory 132 MiB.
2026-09-29T23:19:33Z INFO [10/500] 1bb8e3aa-1ac8-4724-805b-43d0560278d5: 27 internal nodes; 0.8 s; peak memory 132 MiB.
2026-09-29T23:19:34Z INFO [11/500] 1bb9123f-6f79-4e73-b628-13524538c35d: 53 internal nodes; 1.1 s; peak memory 132 MiB.
2026-09-29T23:19:35Z INFO [12/500] 1bba4c71-7f4e-4caf-b457-efae76c40e4c: 63 internal nodes; 1.1 s; peak memory 132 MiB.
2026-09-29T23:19:36Z INFO [13/500] 1bbce7ef-0cea-456b-a15f-1166150dca4e: 23 internal nodes; 0.9 s; peak memory 132 MiB.
2026-09-29T23:19:40Z INFO [14/500] 1bbcf749-897c-4a6a-94e2-2118e26909eb: 59 internal nodes; 4.2 s; peak memory 135 MiB.
2026-09-29T23:19:40Z INFO [15/500] 1bbebdfb-e41d-4e73-b907-4eedf2f78557: 17 internal nodes; 0.5 s; peak memory 135 MiB.
2026-09-29T23:19:42Z INFO [16/500] 1bbf66cf-7300-4456-80a6-b0afdbf93293: 45 internal nodes; 1.6 s; peak memory 135 MiB.
2026-09-29T23:19:44Z INFO [17/500] 1bbfd89e-2452-4f6e-ad95-a08cef68d447: 37 internal nodes; 1.6 s; peak memory 135 MiB.
2026-09-29T23:20:00Z INFO [18/500] 1bc1b1ac-f4db-4141-961f-332f081589f5: 136 internal nodes; 16.6 s; peak memory 150 MiB.
2026-09-29T23:20:00Z INFO [19/500] 1bc1b9c5-d653-43e0-b96c-ba4dba09e6e9: 11 internal nodes; 0.3 s; peak memory 150 MiB.
2026-09-29T23:21:05Z INFO [20/500] 1bc2c516-c0c1-44d1-9a8d-7ecf005fa76e: 744 internal nodes; 64.9 s; peak memory 213 MiB.
2026-09-29T23:21:06Z INFO [21/500] 1bc3a505-5802-4b99-b92a-c3749d663cf0: 31 internal nodes; 0.8 s; peak memory 213 MiB.
2026-09-29T23:21:07Z INFO [22/500] 1bc3d8c7-c33d-47f1-953e-0bb43adc45a1: 17 internal nodes; 0.5 s; peak memory 213 MiB.
2026-09-29T23:21:07Z INFO [23/500] 1bc3ee46-1a42-416d-90ea-5e99f3f93505: 27 internal nodes; 0.8 s; peak memory 213 MiB.
2026-09-29T23:21:11Z INFO [24/500] 1bc427f5-ae7b-4fe2-80db-4c9b530db768: 196 internal nodes; 4.0 s; peak memory 213 MiB.
2026-09-29T23:21:12Z INFO [25/500] 1bc4c40d-3f54-4d45-9577-6cc59f4872a0: 90 internal nodes; 0.7 s; peak memory 213 MiB.
2026-09-29T23:21:13Z INFO [26/500] 1bc52b51-59ee-4a56-b01d-b3f23c964af9: 27 internal nodes; 0.6 s; peak memory 213 MiB.
2026-09-29T23:21:13Z INFO [27/500] 1bc66aba-b052-4dc0-b0d7-208eb09ad39e: 13 internal nodes; 0.7 s; peak memory 213 MiB.
2026-09-29T23:21:14Z INFO [28/500] 1bc69b06-03cc-436e-965d-cc61f26e6edc: 31 internal nodes; 0.7 s; peak memory 213 MiB.
2026-09-29T23:21:17Z INFO [29/500] 1bc74792-aa62-442b-bc16-2b4b34210fad: 177 internal nodes; 3.0 s; peak memory 213 MiB.
2026-09-29T23:21:22Z INFO [30/500] 1bc7694a-7273-4e54-b2a5-c153471e1818: 66 internal nodes; 4.5 s; peak memory 213 MiB.
2026-09-29T23:21:23Z INFO [31/500] 1bc76bba-a11d-408f-bc12-fa9452407852: 65 internal nodes; 0.9 s; peak memory 213 MiB.
2026-09-29T23:21:23Z INFO [32/500] 1bc80044-f753-4687-8118-460e5b7ce81f: 29 internal nodes; 0.7 s; peak memory 213 MiB.
2026-09-29T23:21:24Z INFO [33/500] 1bc8277b-2d7f-46a0-8296-e494337af2a8: 95 internal nodes; 1.1 s; peak memory 213 MiB.
2026-09-29T23:21:25Z INFO [34/500] 1bc8ea6a-b9d0-4660-a2e6-bf140c8823aa: 13 internal nodes; 0.4 s; peak memory 213 MiB.
2026-09-29T23:21:25Z INFO [35/500] 1bc94f1e-9420-4620-9e4c-8a11f12d86ac: 17 internal nodes; 0.5 s; peak memory 213 MiB.
2026-09-29T23:21:28Z INFO [36/500] 1bc9d481-697e-4889-b3f1-87002fa6a76e: 70 internal nodes; 3.1 s; peak memory 213 MiB.
2026-09-29T23:21:29Z INFO [37/500] 1bca0246-a688-436f-809e-9c079698c3a7: 17 internal nodes; 0.5 s; peak memory 213 MiB.
2026-09-29T23:21:31Z INFO [38/500] 1bca7a69-8267-41af-8f10-7e0e2cc75959: 151 internal nodes; 2.0 s; peak memory 213 MiB.
2026-09-29T23:21:37Z INFO [39/500] 1bca8a3d-3489-45b7-8570-0970de6092bf: 75 internal nodes; 6.1 s; peak memory 213 MiB.
2026-09-29T23:21:40Z INFO [40/500] 1bcad460-6653-4ada-a79f-da3d80887ceb: 70 internal nodes; 3.0 s; peak memory 213 MiB.
2026-09-29T23:21:44Z INFO [41/500] 1bcc4dfd-34f5-4e1e-b5a0-591494782ddc: 154 internal nodes; 3.7 s; peak memory 213 MiB.
2026-09-29T23:21:44Z INFO [42/500] 1bcdc288-8e58-4f65-ba2a-4f44ba48eb76: 17 internal nodes; 0.6 s; peak memory 213 MiB.
2026-09-29T23:21:49Z INFO [43/500] 1bcdd97f-b4f4-4815-b4ef-8fb3e3f673c0: 193 internal nodes; 4.5 s; peak memory 213 MiB.
2026-09-29T23:21:49Z INFO [44/500] 1bce13a4-dec1-44cb-bad5-ab7eb40c7d3b: 27 internal nodes; 0.7 s; peak memory 213 MiB.
2026-09-29T23:21:54Z INFO [45/500] 1bce71c6-78e6-474a-83f7-1f668c5d8c28: 172 internal nodes; 4.3 s; peak memory 213 MiB.
2026-09-29T23:21:54Z INFO [46/500] 1bcf2b7a-94b5-41f2-833b-a65a71484a13: 31 internal nodes; 0.6 s; peak memory 213 MiB.
2026-09-29T23:22:02Z INFO [47/500] 1bcf5f93-e4cf-4127-87c4-91fa3600d951: 461 internal nodes; 7.4 s; peak memory 214 MiB.
2026-09-29T23:22:08Z INFO [48/500] 1bcfb926-6d0d-45b7-9612-463f735a433f: 367 internal nodes; 6.2 s; peak memory 214 MiB.
2026-09-29T23:22:09Z INFO [49/500] 1bd03718-ef33-4cda-a0c9-86049710ea69: 17 internal nodes; 0.5 s; peak memory 214 MiB.
2026-09-29T23:22:09Z INFO [50/500] 1bd0403f-00f1-435b-b58f-9b9dae1400ad: 27 internal nodes; 0.5 s; peak memory 214 MiB.
2026-09-29T23:22:09Z INFO [50/500] 1bd0403f-00f1-435b-b58f-9b9dae1400ad: checkpointed 59462 records.
2026-09-29T23:22:10Z INFO [51/500] 1bd083e3-6dfb-4d64-927a-eca2d1db6f47: 17 internal nodes; 0.7 s; peak memory 214 MiB.
2026-09-29T23:22:11Z INFO [52/500] 1bd08d25-2f70-48e2-84d1-de68a625824c: 15 internal nodes; 0.5 s; peak memory 214 MiB.
2026-09-29T23:22:11Z INFO [53/500] 1bd13e7f-dbfd-4832-9e33-db6ceb6cea7a: 31 internal nodes; 0.8 s; peak memory 214 MiB.
2026-09-29T23:22:12Z INFO [54/500] 1bd1a139-ab45-403a-af4a-252dc505d3fa: 20 internal nodes; 0.7 s; peak memory 214 MiB.
2026-09-29T23:22:13Z INFO [55/500] 1bd1a4cd-56ee-40dc-a594-3b769beaf415: 22 internal nodes; 0.6 s; peak memory 214 MiB.
2026-09-29T23:22:13Z INFO [56/500] 1bd1c4b3-0dd7-44e3-8d8a-18502991ffe0: 17 internal nodes; 0.5 s; peak memory 214 MiB.
2026-09-29T23:22:14Z INFO [57/500] 1bd23083-84cf-4505-b108-975854d6301e: 17 internal nodes; 0.7 s; peak memory 214 MiB.
2026-09-29T23:22:15Z INFO [58/500] 1bd25a4f-3822-49c0-a1a6-31a5be33a557: 31 internal nodes; 0.7 s; peak memory 214 MiB.
2026-09-29T23:22:15Z INFO [59/500] 1bd26f95-4513-4cd7-8eb3-6acccb0133fd: 11 internal nodes; 0.3 s; peak memory 214 MiB.
2026-09-29T23:22:16Z INFO [60/500] 1bd2a520-bfb6-432d-b054-8620eebb7eb1: 27 internal nodes; 0.7 s; peak memory 214 MiB.
2026-09-29T23:22:17Z INFO [61/500] 1bd32a51-6830-4d12-8f19-35d8b764d666: 31 internal nodes; 1.4 s; peak memory 214 MiB.
2026-09-29T23:22:17Z INFO [62/500] 1bd47cf1-317e-4c0a-a893-52c489b38bcb: 17 internal nodes; 0.4 s; peak memory 214 MiB.
2026-09-29T23:22:18Z INFO [63/500] 1bd48f54-5cc4-4731-b05f-5c165b5f0d39: 29 internal nodes; 0.8 s; peak memory 214 MiB.
2026-09-29T23:22:20Z INFO [64/500] 1bd4974e-66e9-4977-98f4-4e1837b29041: 101 internal nodes; 2.1 s; peak memory 214 MiB.
2026-09-29T23:22:21Z INFO [65/500] 1bd4f42c-42a5-4978-a0b9-a60670cfd794: 31 internal nodes; 1.0 s; peak memory 214 MiB.
2026-09-29T23:22:22Z INFO [66/500] 1bd51f15-a173-43f8-8c77-0459ba66f5ab: 15 internal nodes; 0.5 s; peak memory 214 MiB.
2026-09-29T23:22:23Z INFO [67/500] 1bd537f2-f979-4825-ac17-0824489fa4ca: 18 internal nodes; 0.8 s; peak memory 214 MiB.
2026-09-29T23:22:23Z INFO [68/500] 1bd5fbc0-7265-44a0-9739-cfa3c81ad66f: 27 internal nodes; 0.8 s; peak memory 214 MiB.
2026-09-29T23:22:27Z INFO [69/500] 1bd640be-0c2a-47c5-84ab-6df3d69e9012: 767 internal nodes; 4.1 s; peak memory 214 MiB.
2026-09-29T23:22:29Z INFO [70/500] 1bd67373-e621-4fa1-9c19-c965c2db79a5: 66 internal nodes; 1.3 s; peak memory 214 MiB.
2026-09-29T23:22:29Z INFO [71/500] 1bd6addd-a512-4fdb-badd-bb96f60880cd: 17 internal nodes; 0.6 s; peak memory 214 MiB.
2026-09-29T23:22:30Z INFO [72/500] 1bd700c7-73c7-4646-95fc-30e67519c5f4: 23 internal nodes; 0.5 s; peak memory 214 MiB.
2026-09-29T23:22:30Z INFO [73/500] 1bd93e6b-a1b2-4323-a4ed-7136e4341578: 17 internal nodes; 0.6 s; peak memory 214 MiB.
2026-09-29T23:22:31Z INFO [74/500] 1bda1058-91c0-4900-9080-fc449ee27cf5: 17 internal nodes; 0.7 s; peak memory 214 MiB.
2026-09-29T23:22:34Z INFO [75/500] 1bdb68be-4774-419b-98f8-f7571eab3ae6: 47 internal nodes; 2.8 s; peak memory 214 MiB.
2026-09-29T23:22:35Z INFO [76/500] 1bdb7ab9-87fe-4559-94b2-4a1100bd8deb: 34 internal nodes; 1.3 s; peak memory 214 MiB.
2026-09-29T23:22:36Z INFO [77/500] 1bdc1626-6dc9-4ba2-87ae-fb44a94d174e: 22 internal nodes; 0.7 s; peak memory 214 MiB.
2026-09-29T23:22:38Z INFO [78/500] 1bdc2eba-1361-4124-a54a-a4061e99e17e: 51 internal nodes; 2.0 s; peak memory 214 MiB.
2026-09-29T23:22:38Z INFO [79/500] 1bde2eca-3527-4d64-933d-8f798dc20b6e: 23 internal nodes; 0.4 s; peak memory 214 MiB.
2026-09-29T23:22:39Z INFO [80/500] 1bdee4de-31a1-4aa1-bf7a-b65e24bccb68: 31 internal nodes; 1.1 s; peak memory 214 MiB.
2026-09-29T23:22:40Z INFO [81/500] 1bdf1c77-5b78-4a06-9801-3793f651bf8f: 63 internal nodes; 0.6 s; peak memory 214 MiB.
2026-09-29T23:22:41Z INFO [82/500] 1bdf9c6a-7b6d-4b29-b45b-01d77a2bbea5: 17 internal nodes; 0.5 s; peak memory 214 MiB.
2026-09-29T23:22:45Z INFO [83/500] 1be0092f-c43a-4427-8a7a-e941be7078d8: 44 internal nodes; 4.1 s; peak memory 234 MiB.
2026-09-29T23:22:45Z INFO [84/500] 1be01043-1f87-4dfc-ac59-7876fe8123c0: 29 internal nodes; 0.9 s; peak memory 234 MiB.
2026-09-29T23:22:46Z INFO [85/500] 1be06e16-9540-42c0-ac1f-7015f950bc3f: 31 internal nodes; 0.7 s; peak memory 234 MiB.
2026-09-29T23:22:47Z INFO [86/500] 1be0a97b-fd40-4033-9f39-2fd589b44f10: 27 internal nodes; 0.8 s; peak memory 234 MiB.
2026-09-29T23:22:47Z INFO [87/500] 1be0d48b-e15e-4275-b77a-9d14e81b635e: 11 internal nodes; 0.4 s; peak memory 234 MiB.
2026-09-29T23:22:48Z INFO [88/500] 1be0e9d6-2875-48b4-9e08-a62de51bae1b: 18 internal nodes; 0.8 s; peak memory 234 MiB.
2026-09-29T23:22:49Z INFO [89/500] 1be1a199-9931-4cd6-aa2f-ea58e51fa491: 27 internal nodes; 0.6 s; peak memory 234 MiB.
2026-09-29T23:22:54Z INFO [90/500] 1be219d0-f811-4e93-94ed-b9c61b09bfdd: 857 internal nodes; 5.1 s; peak memory 234 MiB.
2026-09-29T23:22:55Z INFO [91/500] 1be24ae5-ca73-409a-98e0-d9e070407b85: 27 internal nodes; 0.6 s; peak memory 234 MiB.
2026-09-29T23:22:55Z INFO [92/500] 1be2b9be-26fc-4e1f-bb27-de2766c2c12e: 31 internal nodes; 0.7 s; peak memory 234 MiB.
2026-09-29T23:22:56Z INFO [93/500] 1be33111-0a28-43eb-b6ac-aaea86b130cb: 31 internal nodes; 0.7 s; peak memory 234 MiB.
2026-09-29T23:22:57Z INFO [94/500] 1be4a2ca-280f-47b5-bab7-765fb8295760: 115 internal nodes; 0.6 s; peak memory 234 MiB.
2026-09-29T23:22:57Z INFO [95/500] 1be4e1c8-b379-4621-8170-23c74e742371: 17 internal nodes; 0.5 s; peak memory 234 MiB.
2026-09-29T23:23:03Z INFO [96/500] 1be5ac15-7b72-47a8-9ea9-c5a7c716ce1d: 67 internal nodes; 5.8 s; peak memory 235 MiB.
2026-09-29T23:23:03Z INFO [97/500] 1be5be7e-11a4-4c12-ab04-203f2982e4e9: 27 internal nodes; 0.6 s; peak memory 235 MiB.
2026-09-29T23:23:07Z INFO [98/500] 1be68891-8bee-4d20-b967-794e9e2a10fc: 177 internal nodes; 3.5 s; peak memory 235 MiB.
2026-09-29T23:23:07Z INFO [99/500] 1be72235-7cde-49c2-ab2f-475299ac4561: 26 internal nodes; 0.3 s; peak memory 235 MiB.
2026-09-29T23:23:08Z INFO [100/500] 1be77a20-9759-4b2d-9664-61eebb5c1a57: 13 internal nodes; 0.6 s; peak memory 235 MiB.
2026-09-29T23:23:08Z INFO [100/500] 1be77a20-9759-4b2d-9664-61eebb5c1a57: checkpointed 59512 records.
2026-09-29T23:23:09Z INFO [101/500] 1be7a3d7-69d2-4d80-a3a5-536b30aca0f6: 27 internal nodes; 0.7 s; peak memory 235 MiB.
2026-09-29T23:23:15Z INFO [102/500] 1be7c9da-1ab4-4ab3-a061-635fab707d3b: 231 internal nodes; 6.0 s; peak memory 239 MiB.
2026-09-29T23:23:15Z INFO [103/500] 1be7fed8-2a66-4c0e-bd07-27fb23a8628d: 17 internal nodes; 0.5 s; peak memory 239 MiB.
2026-09-29T23:23:16Z INFO [104/500] 1be8a1c4-6187-4f13-8833-84e738469c89: 26 internal nodes; 0.7 s; peak memory 239 MiB.
2026-09-29T23:23:17Z INFO [105/500] 1be8c1ab-f206-4b9f-9485-87a112f27ebd: 44 internal nodes; 1.4 s; peak memory 239 MiB.
2026-09-29T23:23:18Z INFO [106/500] 1be9967d-e90b-462a-8c5b-765722b10f9d: 17 internal nodes; 0.6 s; peak memory 239 MiB.
2026-09-29T23:23:19Z INFO [107/500] 1bea9ad8-4985-4f97-a3d6-00a66e0093c8: 17 internal nodes; 0.7 s; peak memory 239 MiB.
2026-09-29T23:23:19Z INFO [108/500] 1beb74bf-155d-4b2f-bdb7-a23d0b9e31b3: 18 internal nodes; 0.7 s; peak memory 239 MiB.
2026-09-29T23:23:20Z INFO [109/500] 1bebb1f4-3266-44d8-803c-0b4d43a4ba84: 27 internal nodes; 0.7 s; peak memory 239 MiB.
2026-09-29T23:23:20Z INFO [110/500] 1bec8b77-8969-42e0-b33a-59b00955c358: 11 internal nodes; 0.3 s; peak memory 239 MiB.
2026-09-29T23:23:21Z INFO [111/500] 1becb849-f94f-42e2-bfb9-f71900b283bf: 27 internal nodes; 0.6 s; peak memory 239 MiB.
2026-09-29T23:23:21Z INFO [112/500] 1bedfd6d-08e9-46eb-a8b1-0367de0039a9: 17 internal nodes; 0.6 s; peak memory 239 MiB.
2026-09-29T23:23:22Z INFO [113/500] 1bee13f0-a0fa-4f30-9f9a-7eaeb7dcb160: 31 internal nodes; 0.7 s; peak memory 239 MiB.
2026-09-29T23:23:23Z INFO [114/500] 1bee6048-ddea-43e7-9335-954e86462ce8: 41 internal nodes; 1.1 s; peak memory 239 MiB.
2026-09-29T23:23:24Z INFO [115/500] 1bee8813-b286-48b5-9fc9-1449c83c8c4c: 17 internal nodes; 0.6 s; peak memory 239 MiB.
2026-09-29T23:23:25Z INFO [116/500] 1beef897-89e4-4b88-a0d1-0b1c45f7347d: 31 internal nodes; 1.0 s; peak memory 239 MiB.
2026-09-29T23:23:28Z INFO [117/500] 1bef608b-b6c6-4c06-83d4-e2218a399032: 73 internal nodes; 3.7 s; peak memory 239 MiB.
2026-09-29T23:23:31Z INFO [118/500] 1bef6b27-1c5f-4ebc-b4ae-4289f7b7adc6: 78 internal nodes; 2.9 s; peak memory 239 MiB.
2026-09-29T23:23:32Z INFO [119/500] 1bef9d4f-e5fc-4a98-a341-6248f5292cc9: 67 internal nodes; 1.1 s; peak memory 239 MiB.
2026-09-29T23:23:37Z INFO [120/500] 1bf06285-3652-4279-a8e2-05d4b0520093: 115 internal nodes; 5.2 s; peak memory 239 MiB.
2026-09-29T23:23:38Z INFO [121/500] 1bf15460-7433-41d4-a1c6-50073b34c68b: 17 internal nodes; 0.5 s; peak memory 239 MiB.
2026-09-29T23:23:39Z INFO [122/500] 1bf15947-e59c-4562-a7e3-b6cb7fa1534b: 17 internal nodes; 0.6 s; peak memory 239 MiB.
2026-09-29T23:23:40Z INFO [123/500] 1bf166fa-3fce-4501-8d64-e209ccd1596b: 58 internal nodes; 1.1 s; peak memory 239 MiB.
2026-09-29T23:23:40Z INFO [124/500] 1bf1729c-0475-426e-9e48-0525912aab92: 19 internal nodes; 0.6 s; peak memory 239 MiB.
2026-09-29T23:23:41Z INFO [125/500] 1bf2fc35-f7c7-4a5a-8925-87f20db8dba6: 17 internal nodes; 0.5 s; peak memory 239 MiB.
2026-09-29T23:23:42Z INFO [126/500] 1bf3b22a-eb4c-4f0a-89e4-ec249496c1bf: 44 internal nodes; 1.4 s; peak memory 239 MiB.
2026-09-29T23:23:43Z INFO [127/500] 1bf47b8f-31c1-45c8-a908-cca7143d9d0e: 17 internal nodes; 0.5 s; peak memory 239 MiB.
2026-09-29T23:23:45Z INFO [128/500] 1bf4b48e-48e7-46a5-a08c-44bcb1debcad: 79 internal nodes; 1.8 s; peak memory 239 MiB.
2026-09-29T23:23:47Z INFO [129/500] 1bf50be4-9079-49fb-bc16-0317d3c0cc40: 41 internal nodes; 2.1 s; peak memory 239 MiB.
2026-09-29T23:23:48Z INFO [130/500] 1bf599bf-3e7f-4c71-900c-2de316f68378: 62 internal nodes; 0.9 s; peak memory 239 MiB.
2026-09-29T23:23:49Z INFO [131/500] 1bf5d4f4-9b93-4e01-972c-76b93c2bc79e: 44 internal nodes; 1.4 s; peak memory 239 MiB.
2026-09-29T23:23:50Z INFO [132/500] 1bf6fb48-474f-4731-a365-d02a7f76219f: 27 internal nodes; 0.7 s; peak memory 239 MiB.
2026-09-29T23:23:50Z INFO [133/500] 1bf799a6-20e1-4bcf-b1a4-e4d6902f0304: 17 internal nodes; 0.6 s; peak memory 239 MiB.
2026-09-29T23:23:51Z INFO [134/500] 1bf845bf-dbde-40c2-972b-e749db753f31: 31 internal nodes; 0.5 s; peak memory 239 MiB.
2026-09-29T23:23:51Z INFO [135/500] 1bf8b134-a8c0-476e-a4fe-be4feba1a3b2: 17 internal nodes; 0.6 s; peak memory 239 MiB.
2026-09-29T23:23:55Z INFO [136/500] 1bf90d6e-ed43-4fb5-9ea9-556177642fbf: 50 internal nodes; 3.6 s; peak memory 239 MiB.
2026-09-29T23:23:55Z INFO [137/500] 1bf9325b-b63d-4f23-9043-0bd6c8d5675f: 19 internal nodes; 0.4 s; peak memory 239 MiB.
2026-09-29T23:23:56Z INFO [138/500] 1bf9a573-63b4-4aa1-8081-96946c5a043c: 11 internal nodes; 0.3 s; peak memory 239 MiB.
2026-09-29T23:23:59Z INFO [139/500] 1bfa0485-3d5e-46ac-801a-22dfb44613f8: 73 internal nodes; 3.2 s; peak memory 239 MiB.
2026-09-29T23:23:59Z INFO [140/500] 1bfa0979-2a35-4c28-8670-c43f4df4a73a: 27 internal nodes; 0.6 s; peak memory 239 MiB.
2026-09-29T23:24:00Z INFO [141/500] 1bfaa9b4-0e6f-497a-a36c-57880368a5f9: 31 internal nodes; 0.6 s; peak memory 239 MiB.
2026-09-29T23:24:01Z INFO [142/500] 1bfab03a-6718-43da-99cb-6446431c9d89: 17 internal nodes; 0.5 s; peak memory 239 MiB.
2026-09-29T23:24:01Z INFO [143/500] 1bfb5c30-90d7-4a11-84a9-a486c2a49fc0: 17 internal nodes; 0.5 s; peak memory 239 MiB.
2026-09-29T23:24:02Z INFO [144/500] 1bfbf964-98c2-45b6-a37a-90089f538f50: 17 internal nodes; 0.6 s; peak memory 239 MiB.
2026-09-29T23:24:02Z INFO [145/500] 1bfbfd10-c0ad-44ec-889c-14a129cc38e8: 17 internal nodes; 0.5 s; peak memory 239 MiB.
2026-09-29T23:24:03Z INFO [146/500] 1bfc038a-c926-43ae-b095-e454d28c7fbf: 17 internal nodes; 0.6 s; peak memory 239 MiB.
2026-09-29T23:24:03Z INFO [147/500] 1bfc1dbf-3e25-44fc-87d8-726b8dcdbd68: 11 internal nodes; 0.4 s; peak memory 239 MiB.
2026-09-29T23:24:05Z INFO [148/500] 1bfc5b93-c559-445c-9ecc-9424629eac82: 59 internal nodes; 2.1 s; peak memory 239 MiB.
2026-09-29T23:24:09Z INFO [149/500] 1bfc9a62-ecd7-40a9-a1e4-e3d2a279ddad: 41 internal nodes; 3.7 s; peak memory 239 MiB.
2026-09-29T23:24:09Z INFO [150/500] 1bff44ed-2004-450c-96ee-33859ad0c372: 17 internal nodes; 0.4 s; peak memory 239 MiB.
2026-09-29T23:24:10Z INFO [150/500] 1bff44ed-2004-450c-96ee-33859ad0c372: checkpointed 59562 records.
2026-09-29T23:24:10Z INFO [151/500] 1bffaae9-dd62-45a1-b6ae-f697b35646ca: 42 internal nodes; 1.0 s; peak memory 239 MiB.
2026-09-29T23:24:11Z INFO [152/500] 1bffce82-9052-49ec-8645-c1bce7dc630e: 27 internal nodes; 0.8 s; peak memory 239 MiB.
2026-09-29T23:24:12Z INFO [153/500] 1bffddd9-6d2b-4f3a-82c8-424f7694f9cd: 17 internal nodes; 0.6 s; peak memory 239 MiB.
2026-09-29T23:24:14Z INFO [154/500] 1c006de6-889e-49d1-9990-47185f384e2a: 67 internal nodes; 1.7 s; peak memory 239 MiB.
2026-09-29T23:24:14Z INFO [155/500] 1c010a3a-7241-4cc3-8ef4-9d697d639e8e: 37 internal nodes; 0.9 s; peak memory 239 MiB.
2026-09-29T23:24:15Z INFO [156/500] 1c01351c-1314-4c71-a3ae-6484afe6c1ec: 31 internal nodes; 1.0 s; peak memory 239 MiB.
2026-09-29T23:24:16Z INFO [157/500] 1c01ad48-90cd-43b4-8327-6c7a0a2a8ee6: 59 internal nodes; 0.6 s; peak memory 239 MiB.
2026-09-29T23:24:17Z INFO [158/500] 1c021c2b-76ed-4f3d-aa05-3a318034a8b8: 25 internal nodes; 0.5 s; peak memory 239 MiB.
2026-09-29T23:24:17Z INFO [159/500] 1c03b056-6b9b-45c1-9be8-01582357392f: 114 internal nodes; 0.4 s; peak memory 239 MiB.
2026-09-29T23:24:19Z INFO [160/500] 1c04836a-d407-44c0-8ff3-8154784f82bb: 46 internal nodes; 1.6 s; peak memory 239 MiB.
2026-09-29T23:24:19Z INFO [161/500] 1c048859-499a-44ba-8260-d4e85b236043: 27 internal nodes; 0.5 s; peak memory 239 MiB.
2026-09-29T23:24:20Z INFO [162/500] 1c04dcc0-eb4d-41f1-bf11-43521ea127f5: 59 internal nodes; 1.1 s; peak memory 239 MiB.
2026-09-29T23:24:21Z INFO [163/500] 1c055302-486c-496c-a626-e27d62b48698: 17 internal nodes; 0.6 s; peak memory 239 MiB.
2026-09-29T23:24:21Z INFO [164/500] 1c0560ef-b7e3-4f46-88ca-9edc6282820e: 26 internal nodes; 0.4 s; peak memory 239 MiB.
2026-09-29T23:24:22Z INFO [165/500] 1c058407-f2ff-4091-ae50-9207e5eb16c5: 31 internal nodes; 0.7 s; peak memory 239 MiB.
2026-09-29T23:24:25Z INFO [166/500] 1c058bd2-23b5-430d-8aa9-2f96c0ae05f3: 177 internal nodes; 2.8 s; peak memory 239 MiB.
2026-09-29T23:24:25Z INFO [167/500] 1c05b4af-74ff-4644-a7ba-c64c03c811e6: 27 internal nodes; 0.6 s; peak memory 239 MiB.
2026-09-29T23:24:27Z INFO [168/500] 1c05c88b-5015-4b9e-9632-0f8c926c0d7e: 45 internal nodes; 1.8 s; peak memory 239 MiB.
2026-09-29T23:24:28Z INFO [169/500] 1c0716d6-fab2-4d75-b445-4dd6f2b3b9a1: 17 internal nodes; 0.6 s; peak memory 239 MiB.
2026-09-29T23:24:29Z INFO [170/500] 1c078f36-e9aa-46d2-bbd6-16f81fca9796: 65 internal nodes; 1.3 s; peak memory 239 MiB.
2026-09-29T23:24:29Z INFO [171/500] 1c08318b-3c2e-4510-83b9-5ab5593313db: 17 internal nodes; 0.5 s; peak memory 239 MiB.
2026-09-29T23:24:30Z INFO [172/500] 1c0962e0-64ae-4e0a-a074-77d0521dcd8d: 27 internal nodes; 0.7 s; peak memory 239 MiB.
2026-09-29T23:24:31Z INFO [173/500] 1c09e76c-6bb0-4142-ae75-829ad6f284b0: 17 internal nodes; 0.7 s; peak memory 239 MiB.
2026-09-29T23:24:31Z INFO [174/500] 1c0a30f9-4fc5-4a5f-8b44-33d12f46fd09: 27 internal nodes; 0.7 s; peak memory 239 MiB.
2026-09-29T23:24:35Z INFO [175/500] 1c0a8f82-aa8b-4487-996a-c72df923f65b: 177 internal nodes; 3.2 s; peak memory 239 MiB.
2026-09-29T23:24:35Z INFO [176/500] 1c0aad15-751d-4216-a265-bc433efc6923: 11 internal nodes; 0.3 s; peak memory 239 MiB.
2026-09-29T23:24:36Z INFO [177/500] 1c0b9639-6ced-48c5-9ff8-296b0cce34f4: 37 internal nodes; 0.8 s; peak memory 239 MiB.
2026-09-29T23:24:36Z INFO [178/500] 1c0bc72e-2f21-41b1-a6f5-ebe1379b3e09: 31 internal nodes; 0.7 s; peak memory 239 MiB.
2026-09-29T23:24:43Z INFO [179/500] 1c0cb24a-5b55-4037-ad58-cf060ae8d5ef: 257 internal nodes; 6.7 s; peak memory 249 MiB.
2026-09-29T23:24:46Z INFO [180/500] 1c0cb55a-d376-411c-a591-b99a0c4f4ee0: 177 internal nodes; 3.3 s; peak memory 249 MiB.
2026-09-29T23:24:47Z INFO [181/500] 1c0cfe52-105c-45da-b37e-13f5ff9284b8: 27 internal nodes; 0.8 s; peak memory 249 MiB.
2026-09-29T23:24:48Z INFO [182/500] 1c0d0271-f79b-452b-a79b-5a321737692f: 17 internal nodes; 0.5 s; peak memory 249 MiB.
2026-09-29T23:24:48Z INFO [183/500] 1c0e99a5-8451-4709-a50e-4a6c2b40a966: 17 internal nodes; 0.5 s; peak memory 249 MiB.
2026-09-29T23:24:55Z INFO [184/500] 1c0ec853-8e61-41aa-a197-1f14315c05d5: 304 internal nodes; 6.4 s; peak memory 249 MiB.
2026-09-29T23:24:55Z INFO [185/500] 1c0f2cad-80e9-4bcd-a8b5-1bb8e3456189: 29 internal nodes; 0.8 s; peak memory 249 MiB.
2026-09-29T23:24:56Z INFO [186/500] 1c0f80c9-7fba-4ca8-a0c0-ca85047c4587: 17 internal nodes; 0.6 s; peak memory 249 MiB.
2026-09-29T23:24:57Z INFO [187/500] 1c0fb08f-3ace-4318-bdfb-e1f87f4f8f29: 58 internal nodes; 1.1 s; peak memory 249 MiB.
2026-09-29T23:24:58Z INFO [188/500] 1c1075ac-200d-4daa-a717-f4da4a378f0c: 27 internal nodes; 0.7 s; peak memory 249 MiB.
2026-09-29T23:24:58Z INFO [189/500] 1c11119c-2450-457f-85f8-403897f7f6cb: 22 internal nodes; 0.4 s; peak memory 249 MiB.
2026-09-29T23:24:59Z INFO [190/500] 1c12ba78-d442-4a12-9818-3be45e528b24: 31 internal nodes; 0.8 s; peak memory 249 MiB.
2026-09-29T23:24:59Z INFO [191/500] 1c12c754-bc4f-4a9b-99a1-b40913052a23: 17 internal nodes; 0.5 s; peak memory 249 MiB.
2026-09-29T23:25:00Z INFO [192/500] 1c134897-eec8-426c-b6b1-7feaa0261d42: 27 internal nodes; 0.6 s; peak memory 249 MiB.
2026-09-29T23:25:04Z INFO [193/500] 1c134fa6-a84d-448b-b61b-813f1c634b3c: 52 internal nodes; 3.6 s; peak memory 249 MiB.
2026-09-29T23:25:04Z INFO [194/500] 1c134fed-9204-4c52-a3ec-dfee69fede6c: 27 internal nodes; 0.7 s; peak memory 249 MiB.
2026-09-29T23:25:05Z INFO [195/500] 1c13908c-954a-485a-8145-95050890eecc: 61 internal nodes; 0.9 s; peak memory 249 MiB.
2026-09-29T23:25:06Z INFO [196/500] 1c139e77-66b6-45d2-96df-8d77e5a09e2d: 26 internal nodes; 1.2 s; peak memory 249 MiB.
2026-09-29T23:25:07Z INFO [197/500] 1c140209-eced-40fd-a7d3-b2af0cf8c522: 17 internal nodes; 0.5 s; peak memory 249 MiB.
2026-09-29T23:25:08Z INFO [198/500] 1c1415ee-df44-43ed-b400-e074bf50c2a1: 27 internal nodes; 0.9 s; peak memory 249 MiB.
2026-09-29T23:25:08Z INFO [199/500] 1c14588c-8304-4d3e-8e61-2c5ae5f6ff15: 18 internal nodes; 0.6 s; peak memory 249 MiB.
2026-09-29T23:25:09Z INFO [200/500] 1c150deb-1c26-4464-9830-022f334cb2a1: 31 internal nodes; 0.8 s; peak memory 249 MiB.
2026-09-29T23:25:09Z INFO [200/500] 1c150deb-1c26-4464-9830-022f334cb2a1: checkpointed 59612 records.
2026-09-29T23:25:10Z INFO [201/500] 1c155735-0557-4dae-9beb-3f0717342d0c: 17 internal nodes; 0.6 s; peak memory 249 MiB.
2026-09-29T23:25:11Z INFO [202/500] 1c156102-d03e-4590-bcf8-cdcd05d3e244: 17 internal nodes; 0.6 s; peak memory 249 MiB.
2026-09-29T23:25:11Z INFO [203/500] 1c159827-cdc9-46eb-810c-59e0ae17731f: 116 internal nodes; 0.8 s; peak memory 249 MiB.
2026-09-29T23:25:16Z INFO [204/500] 1c15a9c0-236a-496a-a4e7-5eb70207d946: 267 internal nodes; 4.8 s; peak memory 249 MiB.
2026-09-29T23:25:17Z INFO [205/500] 1c169484-27b2-4f8f-8427-3506680a9a64: 27 internal nodes; 0.6 s; peak memory 249 MiB.
2026-09-29T23:25:18Z INFO [206/500] 1c1748b4-7792-4096-bcad-57803c9ee5c0: 29 internal nodes; 1.0 s; peak memory 249 MiB.
2026-09-29T23:25:18Z INFO [207/500] 1c1806b5-7f8e-4a77-9389-3012f35baf10: 17 internal nodes; 0.5 s; peak memory 249 MiB.
2026-09-29T23:25:19Z INFO [208/500] 1c181064-1af9-4fb6-83ce-7b71f83e8ca5: 25 internal nodes; 0.7 s; peak memory 249 MiB.
2026-09-29T23:25:19Z INFO [209/500] 1c189f93-8564-4c7b-aff1-10f1e45f5ba8: 27 internal nodes; 0.5 s; peak memory 249 MiB.
2026-09-29T23:25:20Z INFO [210/500] 1c18a120-a1a6-4952-8cb0-737e829fd29b: 27 internal nodes; 0.5 s; peak memory 249 MiB.
2026-09-29T23:25:21Z INFO [211/500] 1c19c3b2-d2ae-45ac-909b-8fa8eed03029: 27 internal nodes; 0.5 s; peak memory 249 MiB.
2026-09-29T23:25:22Z INFO [212/500] 1c19db43-16c3-48f4-a54b-3ae5ac105c5b: 41 internal nodes; 1.5 s; peak memory 249 MiB.
2026-09-29T23:25:22Z INFO [213/500] 1c1a6aac-e3ae-4ea4-858f-840dad50f5ce: 11 internal nodes; 0.3 s; peak memory 249 MiB.
2026-09-29T23:25:32Z INFO [214/500] 1c1a74cc-42d0-4d55-8de7-3a54a953ef65: 2875 internal nodes; 9.5 s; peak memory 316 MiB.
2026-09-29T23:25:32Z INFO [215/500] 1c1a7e4e-61ef-4d2e-b39d-60b6c62488c0: 27 internal nodes; 0.6 s; peak memory 316 MiB.
2026-09-29T23:25:33Z INFO [216/500] 1c1a862f-c3b3-4292-8bfa-e58cadf3e3f3: 17 internal nodes; 0.5 s; peak memory 316 MiB.
2026-09-29T23:25:33Z INFO [217/500] 1c1b48f8-c936-474a-a588-77d1713d1405: 15 internal nodes; 0.6 s; peak memory 316 MiB.
2026-09-29T23:25:34Z INFO [218/500] 1c1c6601-9eb1-4075-aacf-80d8d4426f32: 17 internal nodes; 0.7 s; peak memory 316 MiB.
2026-09-29T23:25:35Z INFO [219/500] 1c1ca16f-784c-4b93-bdad-e751df5611d2: 25 internal nodes; 0.7 s; peak memory 316 MiB.
2026-09-29T23:25:35Z INFO [220/500] 1c1d837d-0df4-4052-8d6a-4d1d436fdea9: 17 internal nodes; 0.5 s; peak memory 316 MiB.
2026-09-29T23:25:36Z INFO [221/500] 1c1d8590-3f83-4617-af05-ac34314f5330: 119 internal nodes; 0.6 s; peak memory 316 MiB.
2026-09-29T23:25:37Z INFO [222/500] 1c1f18b1-ffc3-492d-8a05-4ac145784147: 31 internal nodes; 0.8 s; peak memory 316 MiB.
2026-09-29T23:25:37Z INFO [223/500] 1c1f9c2a-9834-49f7-89c8-ddfba814c90d: 23 internal nodes; 0.9 s; peak memory 316 MiB.
2026-09-29T23:25:42Z INFO [224/500] 1c207a48-ff5e-4f3b-895f-6d893cc49770: 73 internal nodes; 4.6 s; peak memory 316 MiB.
2026-09-29T23:25:43Z INFO [225/500] 1c209bb6-dcdc-4b3e-ab1b-dcfa8b8514bc: 17 internal nodes; 0.5 s; peak memory 316 MiB.
2026-09-29T23:25:46Z INFO [226/500] 1c20c859-e9ad-4993-96d1-9183b8246017: 158 internal nodes; 2.9 s; peak memory 316 MiB.
2026-09-29T23:25:46Z INFO [227/500] 1c20d04b-4ea6-48bc-a152-ee94a43c6b7f: 31 internal nodes; 0.6 s; peak memory 316 MiB.
2026-09-29T23:25:47Z INFO [228/500] 1c2112c5-155a-4f83-929f-2d565b058043: 27 internal nodes; 0.7 s; peak memory 316 MiB.
2026-09-29T23:25:48Z INFO [229/500] 1c213d30-563b-49c5-b6fd-6f35011c2417: 26 internal nodes; 0.9 s; peak memory 316 MiB.
2026-09-29T23:25:49Z INFO [230/500] 1c217012-1762-4eac-9931-a81c7e8074c4: 44 internal nodes; 1.4 s; peak memory 316 MiB.
2026-09-29T23:25:52Z INFO [231/500] 1c2184d4-2cfb-42c7-a493-d4a4d96fa7e4: 57 internal nodes; 2.5 s; peak memory 316 MiB.
2026-09-29T23:25:52Z INFO [232/500] 1c221cd0-b523-4504-ae75-0aa36b97e6ee: 17 internal nodes; 0.5 s; peak memory 316 MiB.
2026-09-29T23:25:53Z INFO [233/500] 1c234c28-e4d9-4853-ae41-367e1fa5e554: 30 internal nodes; 1.0 s; peak memory 316 MiB.
2026-09-29T23:25:54Z INFO [234/500] 1c2357b1-e3fb-4f38-970b-3fc4ad1cad36: 17 internal nodes; 0.5 s; peak memory 316 MiB.
2026-09-29T23:25:54Z INFO [235/500] 1c2382a9-1d81-492f-8cbf-37c40f9ab5a5: 17 internal nodes; 0.5 s; peak memory 316 MiB.
2026-09-29T23:25:55Z INFO [236/500] 1c23cdb9-5c6a-4749-aeba-aa0206e38dd4: 61 internal nodes; 0.7 s; peak memory 316 MiB.
2026-09-29T23:25:56Z INFO [237/500] 1c24d80c-01d8-44d4-bbb4-a194e70d47f3: 17 internal nodes; 0.6 s; peak memory 316 MiB.
2026-09-29T23:25:57Z INFO [238/500] 1c251178-5e90-4221-a407-5bc5bb55949a: 51 internal nodes; 1.2 s; peak memory 316 MiB.
2026-09-29T23:26:03Z INFO [239/500] 1c255894-69ad-45b8-aa55-df2e13b7964c: 72 internal nodes; 6.8 s; peak memory 316 MiB.
2026-09-29T23:26:04Z INFO [240/500] 1c25d8b4-e74b-414e-a543-924f261c845d: 17 internal nodes; 0.5 s; peak memory 316 MiB.
2026-09-29T23:26:05Z INFO [241/500] 1c266f35-24dd-4079-9540-a33ad033e574: 23 internal nodes; 0.9 s; peak memory 316 MiB.
2026-09-29T23:26:05Z INFO [242/500] 1c270974-347a-4c2b-bcbd-143921ba245b: 17 internal nodes; 0.6 s; peak memory 316 MiB.
2026-09-29T23:26:06Z INFO [243/500] 1c27479a-667b-4536-9349-8d15250d7e13: 17 internal nodes; 0.5 s; peak memory 316 MiB.
2026-09-29T23:26:09Z INFO [244/500] 1c29da56-d2f6-41fc-aa2c-e64ae58bd2e9: 131 internal nodes; 3.0 s; peak memory 316 MiB.
2026-09-29T23:26:10Z INFO [245/500] 1c29e24e-e8d7-4d86-b6b0-3106249e1a24: 27 internal nodes; 0.7 s; peak memory 316 MiB.
2026-09-29T23:26:11Z INFO [246/500] 1c2a5626-b835-4456-8872-e05aef247325: 31 internal nodes; 0.8 s; peak memory 316 MiB.
2026-09-29T23:26:11Z INFO [247/500] 1c2ad790-31c2-423d-b512-06eda41727c9: 15 internal nodes; 0.5 s; peak memory 316 MiB.
2026-09-29T23:26:12Z INFO [248/500] 1c2ae0aa-a473-44da-a956-dae99a71bdf9: 27 internal nodes; 0.6 s; peak memory 316 MiB.
2026-09-29T23:26:13Z INFO [249/500] 1c2b8243-6135-408c-b351-a9e2340dd824: 44 internal nodes; 1.7 s; peak memory 316 MiB.
2026-09-29T23:26:14Z INFO [250/500] 1c2c8575-7356-45aa-b558-2de721061fc9: 27 internal nodes; 0.7 s; peak memory 316 MiB.
2026-09-29T23:26:14Z INFO [250/500] 1c2c8575-7356-45aa-b558-2de721061fc9: checkpointed 59662 records.
2026-09-29T23:26:15Z INFO [251/500] 1c2d808d-f4af-4c6b-a14d-23bfa609daaa: 27 internal nodes; 0.5 s; peak memory 316 MiB.
2026-09-29T23:26:16Z INFO [252/500] 1c2dddd2-9bf8-49a3-843e-f1f21272196b: 37 internal nodes; 1.0 s; peak memory 316 MiB.
2026-09-29T23:26:16Z INFO [253/500] 1c2e67d3-9546-4a13-a3d0-94cb757c8715: 17 internal nodes; 0.5 s; peak memory 316 MiB.
2026-09-29T23:26:17Z INFO [254/500] 1c2f38a3-74d0-4f04-82ec-c3ee1d68e1ab: 13 internal nodes; 0.3 s; peak memory 316 MiB.
2026-09-29T23:26:17Z INFO [255/500] 1c2f4794-e6b2-4ef3-b5d1-784138545703: 17 internal nodes; 0.7 s; peak memory 316 MiB.
2026-09-29T23:26:18Z INFO [256/500] 1c2f47b3-d235-4c24-bf31-d867b0c41d7c: 59 internal nodes; 0.7 s; peak memory 316 MiB.
2026-09-29T23:26:19Z WARNING 1c2fff6f-f3a7-43fb-b7e2-a33218d41614: failed while reading the NWB file (KeyError: 'Unable to synchronously open object (component not found)')
2026-09-29T23:26:19Z WARNING [257/500] 1c2fff6f-f3a7-43fb-b7e2-a33218d41614: leaving unrecorded for a later run to retry.
2026-09-29T23:26:19Z INFO [258/500] 1c3006f9-9c52-4294-ac87-29c95310a786: 115 internal nodes; 0.6 s; peak memory 316 MiB.
2026-09-29T23:26:20Z INFO [259/500] 1c308aea-4b5a-4d7d-840d-a969544cbbab: 31 internal nodes; 0.6 s; peak memory 316 MiB.
2026-09-29T23:26:21Z INFO [260/500] 1c30d534-4fe9-4596-acf2-f0b704be86d7: 19 internal nodes; 0.6 s; peak memory 316 MiB.
2026-09-29T23:26:24Z INFO [261/500] 1c30ddf3-a47f-430c-8b90-2734115af213: 41 internal nodes; 3.3 s; peak memory 316 MiB.
2026-09-29T23:26:30Z INFO [262/500] 1c32299f-2fe5-43af-9c65-8f1b7d7cae74: 251 internal nodes; 5.8 s; peak memory 316 MiB.
2026-09-29T23:26:30Z INFO [263/500] 1c32bf3e-cc4e-4544-a937-6ef3a99f9876: 17 internal nodes; 0.6 s; peak memory 316 MiB.
2026-09-29T23:26:31Z INFO [264/500] 1c3460e2-0933-4df4-a210-0f5834d4fda0: 31 internal nodes; 0.8 s; peak memory 316 MiB.
2026-09-29T23:26:32Z INFO [265/500] 1c34d378-508e-42b0-9f7b-ba9b31505c11: 17 internal nodes; 0.5 s; peak memory 316 MiB.
2026-09-29T23:26:32Z INFO [266/500] 1c35d82e-537a-475b-aff9-2d2f214a7952: 61 internal nodes; 0.9 s; peak memory 316 MiB.
2026-09-29T23:26:33Z INFO [267/500] 1c35eb92-efc6-412e-8706-7fc7ac5ddf53: 119 internal nodes; 0.7 s; peak memory 316 MiB.
2026-09-29T23:26:34Z INFO [268/500] 1c361c94-2662-4d32-9c0d-9e96d4d2b64d: 22 internal nodes; 0.7 s; peak memory 316 MiB.
2026-09-29T23:26:37Z INFO [269/500] 1c367d19-0a22-4a3b-b3e5-5043cc6fafe7: 54 internal nodes; 3.5 s; peak memory 316 MiB.
2026-09-29T23:26:38Z INFO [270/500] 1c36ff54-e930-45ac-b17d-399a1a1db08d: 17 internal nodes; 0.4 s; peak memory 316 MiB.
2026-09-29T23:26:38Z INFO [271/500] 1c370c95-f9a1-48df-839e-fe0f6cf2b1fe: 19 internal nodes; 0.5 s; peak memory 316 MiB.
2026-09-29T23:26:40Z INFO [272/500] 1c375bf4-414d-4e49-ab06-2d81f96a0b6a: 44 internal nodes; 1.6 s; peak memory 316 MiB.
2026-09-29T23:26:40Z INFO [273/500] 1c37b5f5-68fc-4be6-92d6-aeb57d359657: 17 internal nodes; 0.5 s; peak memory 316 MiB.
2026-09-29T23:26:41Z INFO [274/500] 1c39889d-2ec5-4dc5-85f5-f9a00b016c34: 86 internal nodes; 0.5 s; peak memory 316 MiB.
2026-09-29T23:26:41Z INFO [275/500] 1c39bb0c-d6a0-4938-8098-47fd169d6d2b: 11 internal nodes; 0.3 s; peak memory 316 MiB.
2026-09-29T23:26:42Z INFO [276/500] 1c3a0514-4180-4351-a47a-919706a03fee: 29 internal nodes; 1.0 s; peak memory 316 MiB.
2026-09-29T23:26:43Z INFO [277/500] 1c3a7dc4-0f5b-4dd8-89a2-44447066cacf: 27 internal nodes; 0.6 s; peak memory 316 MiB.
2026-09-29T23:26:44Z INFO [278/500] 1c3a9bee-e82d-4e5a-b3aa-927d81db7bc7: 47 internal nodes; 1.7 s; peak memory 316 MiB.
2026-09-29T23:26:48Z INFO [279/500] 1c3aa950-3b93-4969-82fd-e4c9bb04e963: 56 internal nodes; 3.4 s; peak memory 316 MiB.
2026-09-29T23:26:53Z INFO [280/500] 1c3b4c79-7c72-4874-8c07-e893998d9a0e: 134 internal nodes; 5.1 s; peak memory 316 MiB.
2026-09-29T23:26:54Z INFO [281/500] 1c3bc8f4-7aa5-4366-a6e6-2716edabb490: 63 internal nodes; 0.8 s; peak memory 316 MiB.
2026-09-29T23:26:54Z INFO [282/500] 1c3c7e47-56e5-4890-b9de-262b59c9ffc2: 31 internal nodes; 0.5 s; peak memory 316 MiB.
2026-09-29T23:26:57Z INFO [283/500] 1c3cfe78-a760-45a7-8836-b6be69c08f49: 115 internal nodes; 2.9 s; peak memory 316 MiB.
2026-09-29T23:26:58Z INFO [284/500] 1c3d204e-6d87-4b92-b744-0e343a1ada99: 27 internal nodes; 0.6 s; peak memory 316 MiB.
2026-09-29T23:26:59Z INFO [285/500] 1c3d8dce-7a77-4f08-abd9-66d54c54c143: 31 internal nodes; 0.7 s; peak memory 316 MiB.
2026-09-29T23:26:59Z INFO [286/500] 1c3e8881-4d8c-481d-b27c-9193a782ebf5: 12 internal nodes; 0.4 s; peak memory 316 MiB.
2026-09-29T23:26:59Z INFO [287/500] 1c3ebb8c-3ec6-400d-ad31-f28a91eaa425: 27 internal nodes; 0.4 s; peak memory 316 MiB.
2026-09-29T23:27:00Z INFO [288/500] 1c3efcea-df63-4f34-b905-0574a47b730a: 17 internal nodes; 0.6 s; peak memory 316 MiB.
2026-09-29T23:27:01Z INFO [289/500] 1c4106cc-8d88-43fe-95e6-87967dee9656: 29 internal nodes; 0.7 s; peak memory 316 MiB.
2026-09-29T23:27:01Z INFO [290/500] 1c4175a5-eada-45ba-96cb-3469c6b69a20: 17 internal nodes; 0.6 s; peak memory 316 MiB.
2026-09-29T23:27:02Z INFO [291/500] 1c419371-e258-48ca-9d8d-b5eea10c5713: 31 internal nodes; 0.6 s; peak memory 316 MiB.
2026-09-29T23:27:02Z INFO [292/500] 1c427bd4-b3a0-417c-a297-0e2dc45579a4: 23 internal nodes; 0.5 s; peak memory 316 MiB.
2026-09-29T23:27:03Z INFO [293/500] 1c42ed09-5003-4e18-9420-43c7a9ef3109: 17 internal nodes; 0.4 s; peak memory 316 MiB.
2026-09-29T23:27:04Z INFO [294/500] 1c434c8d-aef9-47a9-8aa7-7516a044cd65: 116 internal nodes; 0.9 s; peak memory 316 MiB.
2026-09-29T23:27:05Z INFO [295/500] 1c443cff-58a3-4554-ac43-c0dad9131597: 58 internal nodes; 1.1 s; peak memory 316 MiB.
2026-09-29T23:27:05Z INFO [296/500] 1c449cd7-b043-448e-8336-fc4b2494144b: 95 internal nodes; 0.6 s; peak memory 316 MiB.
2026-09-29T23:27:07Z INFO [297/500] 1c451cba-f5bf-4f5d-9475-2051c594c2e3: 50 internal nodes; 1.3 s; peak memory 316 MiB.
2026-09-29T23:27:07Z INFO [298/500] 1c453bce-c3c3-4630-b278-26e5defa964b: 17 internal nodes; 0.5 s; peak memory 316 MiB.
2026-09-29T23:27:08Z INFO [299/500] 1c45c7e7-bc87-4f36-bca5-cc3836be673b: 27 internal nodes; 0.7 s; peak memory 316 MiB.
2026-09-29T23:27:10Z INFO [300/500] 1c4628b6-7183-4f92-bef8-e95eeb911219: 109 internal nodes; 2.4 s; peak memory 316 MiB.
2026-09-29T23:27:10Z INFO [300/500] 1c4628b6-7183-4f92-bef8-e95eeb911219: checkpointed 59711 records.
2026-09-29T23:27:11Z INFO [301/500] 1c4695da-827f-4a23-8f7d-e9665f1797b3: 11 internal nodes; 0.4 s; peak memory 316 MiB.
2026-09-29T23:27:11Z INFO [302/500] 1c46fa13-9c6c-4d2b-9042-6abcbd18d78b: 17 internal nodes; 0.7 s; peak memory 316 MiB.
2026-09-29T23:27:13Z INFO [303/500] 1c46ff72-7230-449f-895a-13fa72d67866: 50 internal nodes; 1.3 s; peak memory 316 MiB.
2026-09-29T23:27:13Z INFO [304/500] 1c482057-562a-4454-8fe8-09003e338680: 17 internal nodes; 0.5 s; peak memory 316 MiB.
2026-09-29T23:27:14Z INFO [305/500] 1c48375f-3e7a-432a-a8f7-db96191f3175: 27 internal nodes; 0.6 s; peak memory 316 MiB.
2026-09-29T23:27:14Z INFO [306/500] 1c49563a-d22d-4c0c-936f-12d47327c986: 31 internal nodes; 0.6 s; peak memory 316 MiB.
2026-09-29T23:27:15Z INFO [307/500] 1c4a0e0a-d3b3-48a3-bd63-2b0a965274f1: 17 internal nodes; 0.5 s; peak memory 316 MiB.
2026-09-29T23:27:16Z INFO [308/500] 1c4cea3f-3874-4da9-b743-45cd4f73f5f2: 17 internal nodes; 0.6 s; peak memory 316 MiB.
2026-09-29T23:27:16Z INFO [309/500] 1c4d4036-0f6c-43c1-82f0-73cc952de0ff: 27 internal nodes; 0.7 s; peak memory 316 MiB.
2026-09-29T23:27:17Z INFO [310/500] 1c4ef482-37d5-4b3c-931b-d8536118a050: 61 internal nodes; 1.2 s; peak memory 316 MiB.
2026-09-29T23:27:18Z INFO [311/500] 1c4ef752-af7c-45e8-b41f-edc0cbb59288: 17 internal nodes; 0.4 s; peak memory 316 MiB.
2026-09-29T23:27:24Z INFO [312/500] 1c4f5b38-1181-4354-8376-b675678e3386: 221 internal nodes; 5.9 s; peak memory 316 MiB.
2026-09-29T23:27:24Z INFO [313/500] 1c4fe9fb-5cde-4e24-9d8c-576ce203ae93: 17 internal nodes; 0.5 s; peak memory 316 MiB.
2026-09-29T23:27:25Z INFO [314/500] 1c507242-7219-45f3-90f6-1e32c90db35a: 27 internal nodes; 0.8 s; peak memory 316 MiB.
2026-09-29T23:27:26Z INFO [315/500] 1c521598-dbb5-4249-80e5-ce2b4bf0d705: 60 internal nodes; 0.8 s; peak memory 316 MiB.
2026-09-29T23:27:26Z INFO [316/500] 1c5234b9-5ca7-46fa-83e1-7cc08d16cd11: 27 internal nodes; 0.6 s; peak memory 316 MiB.
2026-09-29T23:27:27Z INFO [317/500] 1c528ed7-296b-4312-80b8-82fff1e8608a: 11 internal nodes; 0.4 s; peak memory 316 MiB.
2026-09-29T23:28:36Z INFO [318/500] 1c538be5-ef7e-4ad2-b04f-118cee101e62: 2597 internal nodes; 69.4 s; peak memory 444 MiB.
2026-09-29T23:28:39Z INFO [319/500] 1c53c3e9-6086-4ea4-baa5-4ffec0361ee0: 437 internal nodes; 3.2 s; peak memory 444 MiB.
2026-09-29T23:28:41Z INFO [320/500] 1c543a71-350c-4ba7-a4f5-0b9d98df996c: 45 internal nodes; 1.3 s; peak memory 444 MiB.
2026-09-29T23:28:41Z INFO [321/500] 1c545159-e83a-4547-93d5-475ebd74d25d: 27 internal nodes; 0.5 s; peak memory 444 MiB.
2026-09-29T23:28:47Z INFO [322/500] 1c546033-98a4-4d16-9ce8-f08158c1f5e9: 74 internal nodes; 5.5 s; peak memory 444 MiB.
2026-09-29T23:28:47Z INFO [323/500] 1c5577b5-f122-4f28-be13-5ab76c0a683a: 17 internal nodes; 0.5 s; peak memory 444 MiB.
2026-09-29T23:28:49Z INFO [324/500] 1c56911a-5c14-48c3-a468-c71947e2039e: 44 internal nodes; 1.4 s; peak memory 444 MiB.
2026-09-29T23:28:49Z INFO [325/500] 1c56b5f6-7c1d-4bf7-94ed-407767d86e8c: 17 internal nodes; 0.4 s; peak memory 444 MiB.
2026-09-29T23:28:52Z INFO [326/500] 1c56e60f-355d-445a-8b4c-6772c9cc5537: 41 internal nodes; 2.4 s; peak memory 444 MiB.
2026-09-29T23:28:53Z INFO [327/500] 1c572678-a0aa-40d6-86a5-fdadefd000f2: 72 internal nodes; 1.1 s; peak memory 444 MiB.
2026-09-29T23:28:53Z INFO [328/500] 1c57792d-6b45-4cce-81f4-5d75dda3c5a3: 17 internal nodes; 0.5 s; peak memory 444 MiB.
2026-09-29T23:28:54Z INFO [329/500] 1c57de1c-1e9f-4974-abf7-a47c2032139f: 17 internal nodes; 0.5 s; peak memory 444 MiB.
2026-09-29T23:28:54Z INFO [330/500] 1c58ae4e-e873-45e0-8e42-48738078f8f9: 17 internal nodes; 0.4 s; peak memory 444 MiB.
2026-09-29T23:28:55Z INFO [331/500] 1c58c83f-5ef5-4dba-8c4b-594bd2c08930: 31 internal nodes; 0.7 s; peak memory 444 MiB.
2026-09-29T23:29:03Z INFO [332/500] 1c58d795-4fde-45ef-9429-86f022228eab: 83 internal nodes; 8.4 s; peak memory 444 MiB.
2026-09-29T23:29:04Z INFO [333/500] 1c591497-10e7-413f-b759-e9bc183d35ea: 27 internal nodes; 0.6 s; peak memory 444 MiB.
2026-09-29T23:29:05Z INFO [334/500] 1c5ac22d-47c6-4227-9d40-852c11166133: 69 internal nodes; 0.8 s; peak memory 444 MiB.
2026-09-29T23:29:06Z INFO [335/500] 1c5ae29d-15e7-4cc1-9e43-81b5aae38a86: 55 internal nodes; 1.6 s; peak memory 444 MiB.
2026-09-29T23:29:07Z INFO [336/500] 1c5b3d9d-0e53-4e71-8c33-9d544dcba374: 13 internal nodes; 0.4 s; peak memory 444 MiB.
2026-09-29T23:29:08Z INFO [337/500] 1c5b7589-a021-4140-a101-0caea5d98008: 44 internal nodes; 1.3 s; peak memory 444 MiB.
2026-09-29T23:29:09Z INFO [338/500] 1c5bdb3e-decf-4a54-8751-91316c677a7a: 52 internal nodes; 0.8 s; peak memory 444 MiB.
2026-09-29T23:29:09Z INFO [339/500] 1c5cfd0c-5190-4782-92d1-f557d2167081: 17 internal nodes; 0.5 s; peak memory 444 MiB.
2026-09-29T23:29:10Z INFO [340/500] 1c5d1fe3-6714-4890-92df-a688d0375e8c: 27 internal nodes; 0.7 s; peak memory 444 MiB.
2026-09-29T23:29:15Z INFO [341/500] 1c5d9e70-cf76-4917-9ebf-357cec883a3e: 250 internal nodes; 5.6 s; peak memory 444 MiB.
2026-09-29T23:29:17Z INFO [342/500] 1c5daefe-58b6-44de-8df1-2d6af8f9e2cf: 26 internal nodes; 1.3 s; peak memory 444 MiB.
2026-09-29T23:29:17Z INFO [343/500] 1c5dd05b-6c33-4575-a3dd-1a4cd264f89e: 17 internal nodes; 0.5 s; peak memory 444 MiB.
2026-09-29T23:29:18Z INFO [344/500] 1c5e086d-a5ee-4caa-84dc-7d0670667dbb: 17 internal nodes; 0.7 s; peak memory 444 MiB.
2026-09-29T23:29:19Z INFO [345/500] 1c5fb28c-2af9-4708-aa60-929cc22c8414: 27 internal nodes; 0.6 s; peak memory 444 MiB.
2026-09-29T23:29:19Z INFO [346/500] 1c5fe11b-f99c-4e29-86f2-123d31715c35: 26 internal nodes; 0.4 s; peak memory 444 MiB.
2026-09-29T23:29:20Z INFO [347/500] 1c600a03-6b47-4e32-9c47-4065b5266acf: 23 internal nodes; 0.5 s; peak memory 444 MiB.
2026-09-29T23:29:23Z INFO [348/500] 1c622626-48fa-4efd-b3a2-19ad9009cdb8: 54 internal nodes; 3.4 s; peak memory 444 MiB.
2026-09-29T23:29:25Z INFO [349/500] 1c626c7a-97a1-4699-8302-f088e16fcc88: 46 internal nodes; 1.8 s; peak memory 444 MiB.
2026-09-29T23:29:25Z INFO [350/500] 1c6272ec-ba39-4114-a820-4e3eb0d13573: 27 internal nodes; 0.7 s; peak memory 444 MiB.
2026-09-29T23:29:26Z INFO [350/500] 1c6272ec-ba39-4114-a820-4e3eb0d13573: checkpointed 59761 records.
2026-09-29T23:29:26Z INFO [351/500] 1c62f3d7-453d-4130-8ff7-e5e6e3f41d22: 27 internal nodes; 0.6 s; peak memory 444 MiB.
2026-09-29T23:29:27Z INFO [352/500] 1c62f4b1-cf37-4909-8628-5f328287b2f2: 27 internal nodes; 0.8 s; peak memory 444 MiB.
2026-09-29T23:29:28Z INFO [353/500] 1c631203-7cfd-4fb9-bef9-48de4f99f43c: 31 internal nodes; 0.7 s; peak memory 444 MiB.
2026-09-29T23:29:28Z INFO [354/500] 1c6376f4-1947-4866-b18e-d9efd5c744af: 17 internal nodes; 0.5 s; peak memory 444 MiB.
2026-09-29T23:29:29Z INFO [355/500] 1c64433b-ee00-4f95-8020-747aab5bf6df: 27 internal nodes; 0.6 s; peak memory 444 MiB.
2026-09-29T23:29:33Z INFO [356/500] 1c64c940-b313-41ce-b573-25b87ca1319e: 196 internal nodes; 4.2 s; peak memory 444 MiB.
2026-09-29T23:29:39Z INFO [357/500] 1c64e748-7c07-4172-869e-d71563d798b5: 239 internal nodes; 6.2 s; peak memory 444 MiB.
2026-09-29T23:29:40Z INFO [358/500] 1c64fdfd-ca84-4b17-8d29-a48117bd61c3: 17 internal nodes; 0.7 s; peak memory 444 MiB.
2026-09-29T23:29:40Z INFO [359/500] 1c65afb3-7ee9-41e4-9894-4bc848f0d72f: 27 internal nodes; 0.5 s; peak memory 444 MiB.
2026-09-29T23:29:41Z INFO [360/500] 1c65faf2-61ea-48c2-bc9a-1b61befb8e3b: 21 internal nodes; 0.7 s; peak memory 444 MiB.
2026-09-29T23:29:42Z INFO [361/500] 1c665b8c-26c3-4eef-aa1e-191df2687144: 31 internal nodes; 0.8 s; peak memory 444 MiB.
2026-09-29T23:29:45Z INFO [362/500] 1c66c883-2f76-4abf-ac30-7616b7befa1c: 123 internal nodes; 2.8 s; peak memory 444 MiB.
2026-09-29T23:29:45Z INFO [363/500] 1c68b54c-1d0e-4b59-9b81-d951a9f0eb78: 19 internal nodes; 0.5 s; peak memory 444 MiB.
2026-09-29T23:29:45Z INFO [364/500] 1c69e5db-c6ba-4109-8fd7-6381ac9ffeea: 26 internal nodes; 0.4 s; peak memory 444 MiB.
2026-09-29T23:29:50Z INFO [365/500] 1c6ba084-4eb0-47bf-8b66-56d9fcce22d5: 255 internal nodes; 4.6 s; peak memory 444 MiB.
2026-09-29T23:29:51Z INFO [366/500] 1c6c2284-7cc6-45c2-8b5c-02e96ebf63b6: 27 internal nodes; 0.7 s; peak memory 444 MiB.
2026-09-29T23:29:51Z INFO [367/500] 1c6c7359-e68e-4b9b-ad47-d1e3497a6677: 23 internal nodes; 0.3 s; peak memory 444 MiB.
2026-09-29T23:29:56Z INFO [368/500] 1c6d601f-3b8e-42da-862c-5accdf7bc38e: 65 internal nodes; 4.8 s; peak memory 444 MiB.
2026-09-29T23:29:56Z INFO [369/500] 1c6d6569-0fed-4307-adef-06eaa1b8a630: 21 internal nodes; 0.4 s; peak memory 444 MiB.
2026-09-29T23:29:57Z INFO [370/500] 1c6dcb4f-29ef-4a70-b0c2-e42e980f37d8: 37 internal nodes; 0.8 s; peak memory 444 MiB.
2026-09-29T23:29:59Z INFO [371/500] 1c6dcd76-2799-41ed-b1e5-8646e42497ba: 40 internal nodes; 2.3 s; peak memory 444 MiB.
2026-09-29T23:30:00Z INFO [372/500] 1c6e712f-6b12-4a13-afce-746c6c4ad767: 27 internal nodes; 0.6 s; peak memory 444 MiB.
2026-09-29T23:30:01Z INFO [373/500] 1c6f4a8e-0319-41ac-bfcf-bf8cb22459cb: 31 internal nodes; 0.8 s; peak memory 444 MiB.
2026-09-29T23:30:02Z INFO [374/500] 1c6fb513-e6c8-4e6b-9682-7295cfd54bb6: 31 internal nodes; 0.8 s; peak memory 444 MiB.
2026-09-29T23:30:02Z INFO [375/500] 1c705275-4abd-4ac8-9564-be3f394a4d04: 59 internal nodes; 0.9 s; peak memory 444 MiB.
2026-09-29T23:30:03Z INFO [376/500] 1c7061d5-1f00-4c15-8ff9-07b10297c0c4: 19 internal nodes; 0.6 s; peak memory 444 MiB.
2026-09-29T23:30:04Z INFO [377/500] 1c716ceb-8b98-4d05-8441-86d8cc352515: 13 internal nodes; 0.7 s; peak memory 444 MiB.
2026-09-29T23:30:05Z INFO [378/500] 1c71f9ce-1bba-42c3-baf5-91898067b821: 29 internal nodes; 0.9 s; peak memory 444 MiB.
2026-09-29T23:30:06Z INFO [379/500] 1c720772-0d54-4d96-bf06-dde08e9e1a80: 30 internal nodes; 1.0 s; peak memory 444 MiB.
2026-09-29T23:30:07Z INFO [380/500] 1c723520-a60f-41d5-aa97-9bfdbd10ec51: 29 internal nodes; 1.0 s; peak memory 444 MiB.
2026-09-29T23:30:07Z INFO [381/500] 1c73712a-a158-42f2-bb13-d403a2468e41: 17 internal nodes; 0.5 s; peak memory 444 MiB.
2026-09-29T23:30:08Z INFO [382/500] 1c73a288-db31-42f5-9764-c9d8ee8c7dd2: 27 internal nodes; 0.6 s; peak memory 444 MiB.
2026-09-29T23:30:08Z INFO [383/500] 1c73d78e-32fd-4703-bf56-a11313236d7d: 18 internal nodes; 0.5 s; peak memory 444 MiB.
2026-09-29T23:30:10Z INFO [384/500] 1c740fba-3b5d-4453-a31b-2364800236b7: 92 internal nodes; 1.9 s; peak memory 444 MiB.
2026-09-29T23:30:11Z INFO [385/500] 1c741a55-f433-4c42-b3bd-c089b6d7d5ea: 17 internal nodes; 0.6 s; peak memory 444 MiB.
2026-09-29T23:30:17Z INFO [386/500] 1c747991-f251-4dac-bf32-4d1c32a5af3a: 72 internal nodes; 6.4 s; peak memory 444 MiB.
2026-09-29T23:30:18Z INFO [387/500] 1c74a179-9c7a-4034-a94b-357dd88b1b5d: 90 internal nodes; 0.7 s; peak memory 444 MiB.
2026-09-29T23:30:18Z INFO [388/500] 1c74da12-5946-46e1-af9d-4252c584a68b: 23 internal nodes; 0.3 s; peak memory 444 MiB.
2026-09-29T23:30:20Z INFO [389/500] 1c7546c6-be7e-402e-89c4-95d59878f3e8: 46 internal nodes; 1.7 s; peak memory 444 MiB.
2026-09-29T23:30:21Z INFO [390/500] 1c77244a-b415-423d-b613-be42324703f4: 25 internal nodes; 1.2 s; peak memory 444 MiB.
2026-09-29T23:30:22Z INFO [391/500] 1c777095-3cbd-4c06-b4cf-6630e03b0ac3: 13 internal nodes; 0.6 s; peak memory 444 MiB.
2026-09-29T23:30:22Z INFO [392/500] 1c778529-a169-4a5f-8a58-3b394b51487f: 22 internal nodes; 0.7 s; peak memory 444 MiB.
2026-09-29T23:30:23Z INFO [393/500] 1c779793-cbb9-4c60-862d-2f9c0717b861: 17 internal nodes; 0.5 s; peak memory 444 MiB.
2026-09-29T23:30:23Z INFO [394/500] 1c78af2a-e296-4612-8a4a-099900a4adf1: 18 internal nodes; 0.5 s; peak memory 444 MiB.
2026-09-29T23:30:24Z INFO [395/500] 1c798adf-ae5d-48cc-acc3-5b7a37595e3c: 17 internal nodes; 0.5 s; peak memory 444 MiB.
2026-09-29T23:30:28Z INFO [396/500] 1c7a08f5-921a-43e9-8226-3538168ef128: 61 internal nodes; 3.9 s; peak memory 444 MiB.
2026-09-29T23:30:29Z INFO [397/500] 1c7aa2e6-9bcd-4e36-bb5d-23362f39cdaa: 41 internal nodes; 1.4 s; peak memory 444 MiB.
2026-09-29T23:30:30Z INFO [398/500] 1c7ae646-dc56-4a49-a6f4-c0a49851ced8: 61 internal nodes; 0.8 s; peak memory 444 MiB.
2026-09-29T23:30:32Z INFO [399/500] 1c7b6f59-cf65-4c66-8fb7-b74e3a183d7a: 46 internal nodes; 1.6 s; peak memory 444 MiB.
2026-09-29T23:30:32Z INFO [400/500] 1c7cd9cf-ae57-49ba-9726-2898bdd594fa: 55 internal nodes; 0.8 s; peak memory 444 MiB.
2026-09-29T23:30:33Z INFO [400/500] 1c7cd9cf-ae57-49ba-9726-2898bdd594fa: checkpointed 59811 records.
2026-09-29T23:30:37Z INFO [401/500] 1c7ddbd6-5195-4978-b611-8367ee2e906b: 148 internal nodes; 4.1 s; peak memory 444 MiB.
2026-09-29T23:30:37Z INFO [402/500] 1c7e2dec-1c27-4971-88dc-c7b0f94c2e63: 43 internal nodes; 0.5 s; peak memory 444 MiB.
2026-09-29T23:30:38Z INFO [403/500] 1c7f1173-5558-483d-80d7-366c3fe4d3f6: 31 internal nodes; 1.0 s; peak memory 444 MiB.
2026-09-29T23:30:39Z INFO [404/500] 1c7f2485-ba77-4a4b-a266-57bdd626ac92: 29 internal nodes; 0.8 s; peak memory 444 MiB.
2026-09-29T23:30:40Z INFO [405/500] 1c80b228-46d6-470b-b65f-dbcef52fba7e: 19 internal nodes; 0.6 s; peak memory 444 MiB.
2026-09-29T23:30:40Z INFO [406/500] 1c817e47-f85c-4860-8fc7-1d1af95e20be: 17 internal nodes; 0.3 s; peak memory 444 MiB.
2026-09-29T23:30:41Z INFO [407/500] 1c85924b-17d4-4606-8836-b355b7ebe12e: 13 internal nodes; 0.8 s; peak memory 444 MiB.
2026-09-29T23:30:42Z INFO [408/500] 1c86d1ee-1f52-4fb9-8050-c15b2e35552a: 26 internal nodes; 0.8 s; peak memory 444 MiB.
2026-09-29T23:30:42Z INFO [409/500] 1c86e8e1-dedc-4a69-90d7-dd44bcd658d6: 51 internal nodes; 0.9 s; peak memory 444 MiB.
2026-09-29T23:30:43Z INFO [410/500] 1c88219b-f312-4002-acbc-a1c2e7b8c5a8: 17 internal nodes; 0.6 s; peak memory 444 MiB.
2026-09-29T23:30:50Z INFO [411/500] 1c8a0686-b42b-4609-9f03-ddff8fcfd465: 336 internal nodes; 6.9 s; peak memory 444 MiB.
2026-09-29T23:30:51Z INFO [412/500] 1c8a48fd-f8d6-4d29-b63b-8caa35154f30: 27 internal nodes; 0.8 s; peak memory 444 MiB.
2026-09-29T23:30:51Z INFO [413/500] 1c8b1bd3-d4ff-4d1b-98ed-1310846d52ef: 31 internal nodes; 0.7 s; peak memory 444 MiB.
2026-09-29T23:30:52Z INFO [414/500] 1c8b7734-fc99-4374-bbbf-d487eca568a6: 21 internal nodes; 0.4 s; peak memory 444 MiB.
2026-09-29T23:30:52Z INFO [415/500] 1c8bca2f-a75e-437d-9c7a-2c6d1caf1bc1: 23 internal nodes; 0.5 s; peak memory 444 MiB.
2026-09-29T23:30:54Z INFO [416/500] 1c8bda3a-37d3-408f-886a-2839bb46517e: 41 internal nodes; 1.3 s; peak memory 444 MiB.
2026-09-29T23:31:00Z INFO [417/500] 1c8bdc0f-04e0-4083-8489-89652b649a28: 441 internal nodes; 6.8 s; peak memory 444 MiB.
2026-09-29T23:31:01Z INFO [418/500] 1c8ca8f5-205a-41f8-858b-23cdd47b01a8: 17 internal nodes; 0.7 s; peak memory 444 MiB.
2026-09-29T23:31:04Z INFO [419/500] 1c8cf6f8-6d64-4564-89a1-70e6113e1811: 73 internal nodes; 3.0 s; peak memory 444 MiB.
2026-09-29T23:31:04Z INFO [420/500] 1c8d55fb-e2dc-413a-90da-65d14061c135: 11 internal nodes; 0.3 s; peak memory 444 MiB.
2026-09-29T23:31:06Z INFO [421/500] 1c8d7216-e44b-4753-9321-352d0f785a27: 37 internal nodes; 1.2 s; peak memory 444 MiB.
2026-09-29T23:31:09Z INFO [422/500] 1c8d9f38-ca3b-4df9-a7bd-39e1eb056d54: 171 internal nodes; 3.0 s; peak memory 444 MiB.
2026-09-29T23:31:14Z INFO [423/500] 1c8dc80c-b192-4c93-88f5-7c7e890e4735: 228 internal nodes; 5.5 s; peak memory 444 MiB.
2026-09-29T23:31:15Z INFO [424/500] 1c8decc7-b789-4589-acbf-a5f9787ca551: 17 internal nodes; 0.5 s; peak memory 444 MiB.
2026-09-29T23:31:16Z INFO [425/500] 1c8e13fa-c6b5-40a4-911e-f9952e058b09: 29 internal nodes; 1.0 s; peak memory 444 MiB.
2026-09-29T23:31:20Z INFO [426/500] 1c8e2899-ade4-400b-aa80-74ec819f10c9: 66 internal nodes; 4.6 s; peak memory 444 MiB.
2026-09-29T23:31:21Z INFO [427/500] 1c8e6205-bc2d-49e0-9ab3-606ff34e13c3: 22 internal nodes; 0.6 s; peak memory 444 MiB.
2026-09-29T23:31:25Z INFO [428/500] 1c8e9f1f-15ca-4286-8e20-fca5e1592d32: 73 internal nodes; 3.8 s; peak memory 444 MiB.
2026-09-29T23:31:25Z INFO [429/500] 1c8f4b2a-db0f-4d03-afce-62a610d8e9ed: 22 internal nodes; 0.4 s; peak memory 444 MiB.
2026-09-29T23:31:26Z INFO [430/500] 1c8fecb7-bd32-4f54-94c3-cf01aead8561: 36 internal nodes; 0.8 s; peak memory 444 MiB.
2026-09-29T23:31:26Z INFO [431/500] 1c90e057-75a6-4877-b752-fd3b1d34d802: 17 internal nodes; 0.5 s; peak memory 444 MiB.
2026-09-29T23:31:27Z INFO [432/500] 1c9106c8-b7a6-4dcb-87e6-3d17b2e999d3: 69 internal nodes; 1.1 s; peak memory 444 MiB.
2026-09-29T23:31:31Z INFO [433/500] 1c915056-c7ac-4680-812f-5f5b3bd0c5e5: 119 internal nodes; 3.7 s; peak memory 444 MiB.
2026-09-29T23:31:32Z INFO [434/500] 1c915c32-8fc8-452d-b242-0ecf7a8d55e7: 29 internal nodes; 0.9 s; peak memory 444 MiB.
2026-09-29T23:31:36Z INFO [435/500] 1c9189d3-4dd6-4f15-a457-efe48839e57b: 177 internal nodes; 4.1 s; peak memory 444 MiB.
2026-09-29T23:31:37Z INFO [436/500] 1c91cafe-e1b1-4e38-bac5-fb07cae4f1c5: 27 internal nodes; 0.5 s; peak memory 444 MiB.
2026-09-29T23:31:38Z INFO [437/500] 1c91cce2-3d0b-4c42-a64e-383c7658edd6: 122 internal nodes; 1.0 s; peak memory 444 MiB.
2026-09-29T23:31:38Z INFO [438/500] 1c929943-e5e4-4da8-bfc5-e717c983fede: 11 internal nodes; 0.3 s; peak memory 444 MiB.
2026-09-29T23:31:39Z INFO [439/500] 1c92aa4e-33d9-4067-8d60-a41cda8ace23: 31 internal nodes; 0.8 s; peak memory 444 MiB.
2026-09-29T23:31:44Z INFO [440/500] 1c92c766-4377-4b0e-969b-405c7d07a8dc: 70 internal nodes; 5.2 s; peak memory 444 MiB.
2026-09-29T23:31:45Z INFO [441/500] 1c92d951-b837-4520-82dd-4d9c427fdec3: 27 internal nodes; 0.6 s; peak memory 444 MiB.
2026-09-29T23:31:50Z INFO [442/500] 1c93c07d-d83d-4abb-9bd6-035525913669: 74 internal nodes; 5.7 s; peak memory 444 MiB.
2026-09-29T23:31:51Z INFO [443/500] 1c95220d-d6b1-4667-9e64-d5fca2a8efaf: 26 internal nodes; 0.6 s; peak memory 444 MiB.
2026-09-29T23:31:52Z INFO [444/500] 1c95ca6b-6069-4163-923c-1f7beeb2a965: 27 internal nodes; 0.6 s; peak memory 444 MiB.
2026-09-29T23:31:55Z INFO [445/500] 1c965125-48a7-4fca-8b41-a5d71d2ea5bd: 156 internal nodes; 3.5 s; peak memory 444 MiB.
2026-09-29T23:31:55Z INFO [446/500] 1c965adc-edb4-4b7c-b4fb-1418b08351bf: 31 internal nodes; 0.5 s; peak memory 444 MiB.
2026-09-29T23:31:56Z INFO [447/500] 1c986159-d8bc-47ea-a7c1-9cde6cb0cbc0: 27 internal nodes; 0.7 s; peak memory 444 MiB.
2026-09-29T23:31:58Z INFO [448/500] 1c98c61a-ddf7-4fa7-8302-399e9048f46a: 25 internal nodes; 1.8 s; peak memory 444 MiB.
2026-09-29T23:31:59Z INFO [449/500] 1c9a2866-8e43-46bf-ad48-5ff7b9663171: 31 internal nodes; 0.8 s; peak memory 444 MiB.
2026-09-29T23:31:59Z INFO [450/500] 1c9a461a-e3c8-4c0d-b764-6d49a85ca609: 13 internal nodes; 0.5 s; peak memory 444 MiB.
2026-09-29T23:32:00Z INFO [450/500] 1c9a461a-e3c8-4c0d-b764-6d49a85ca609: checkpointed 59861 records.
2026-09-29T23:32:00Z INFO [451/500] 1c9b60ac-63cc-497d-89cd-a40bad664199: 20 internal nodes; 0.9 s; peak memory 444 MiB.
2026-09-29T23:32:02Z INFO [452/500] 1c9b8121-53b0-4967-8fa7-318ba2d521ad: 44 internal nodes; 1.6 s; peak memory 444 MiB.
2026-09-29T23:32:03Z INFO [453/500] 1c9d155a-7bb3-4fe6-9af3-98b292bb2569: 26 internal nodes; 0.8 s; peak memory 444 MiB.
2026-09-29T23:32:03Z INFO [454/500] 1c9d4228-152a-4825-9490-1c1955215f6f: 90 internal nodes; 0.5 s; peak memory 444 MiB.
2026-09-29T23:32:04Z INFO [455/500] 1c9d5129-a324-4785-a13c-a2c03e68394d: 17 internal nodes; 0.6 s; peak memory 444 MiB.
2026-09-29T23:32:10Z INFO [456/500] 1c9f263b-365c-489b-b37c-38a4d3aec202: 320 internal nodes; 5.7 s; peak memory 444 MiB.
2026-09-29T23:32:10Z INFO [457/500] 1c9f7439-df07-4616-9a4a-155c05f253d4: 17 internal nodes; 0.6 s; peak memory 444 MiB.
2026-09-29T23:32:11Z INFO [458/500] 1c9f75f0-734d-4c10-a99a-1c4a54a25077: 22 internal nodes; 0.6 s; peak memory 444 MiB.
2026-09-29T23:32:11Z INFO [459/500] 1ca0e110-ff72-40e0-8826-d7be617ec64b: 29 internal nodes; 0.4 s; peak memory 444 MiB.
2026-09-29T23:32:12Z INFO [460/500] 1ca10c6d-1f0f-4bb3-bf8a-0b9cfa73653d: 31 internal nodes; 1.0 s; peak memory 444 MiB.
2026-09-29T23:32:13Z INFO [461/500] 1ca128cb-8dd0-489c-aff0-09ab49636325: 17 internal nodes; 0.6 s; peak memory 444 MiB.
2026-09-29T23:32:13Z INFO [462/500] 1ca172a5-7de1-407c-93d2-83e3db2290df: 17 internal nodes; 0.5 s; peak memory 444 MiB.
2026-09-29T23:32:14Z INFO [463/500] 1ca1caa9-443f-4ab6-978e-fc5f6a7e418f: 27 internal nodes; 0.9 s; peak memory 444 MiB.
2026-09-29T23:32:15Z INFO [464/500] 1ca36ceb-8d1e-4403-8737-fea3aacb3b33: 22 internal nodes; 0.5 s; peak memory 444 MiB.
2026-09-29T23:32:15Z INFO [465/500] 1ca3da48-84bb-4761-b366-7ec6c5d614b5: 63 internal nodes; 0.6 s; peak memory 444 MiB.
2026-09-29T23:32:16Z INFO [466/500] 1ca42e04-14c1-41f0-8a9d-3d8e2a0b0caa: 27 internal nodes; 0.6 s; peak memory 444 MiB.
2026-09-29T23:32:19Z INFO [467/500] 1ca48418-b3fe-4895-9302-f14ba8dfacc2: 144 internal nodes; 2.6 s; peak memory 444 MiB.
2026-09-29T23:32:20Z INFO [468/500] 1ca4b071-0d5d-4fb5-97ca-27fd6e66a819: 26 internal nodes; 1.1 s; peak memory 444 MiB.
2026-09-29T23:32:20Z INFO [469/500] 1ca55373-91dc-4f11-989f-e378a67d3f96: 18 internal nodes; 0.7 s; peak memory 444 MiB.
2026-09-29T23:32:21Z INFO [470/500] 1ca6eb7c-f082-4e4d-ae5d-8e74824174e3: 27 internal nodes; 0.4 s; peak memory 444 MiB.
2026-09-29T23:32:21Z INFO [471/500] 1ca81958-f381-4fa7-a5a9-a439f6f781c7: 22 internal nodes; 0.4 s; peak memory 444 MiB.
2026-09-29T23:32:23Z INFO [472/500] 1ca85c2b-27f2-4461-99fc-379e43a3a6eb: 70 internal nodes; 2.0 s; peak memory 444 MiB.
2026-09-29T23:32:24Z INFO [473/500] 1ca8a50d-491f-4f7b-8765-77cc09253199: 65 internal nodes; 1.2 s; peak memory 444 MiB.
2026-09-29T23:32:26Z INFO [474/500] 1caaf39e-0b3d-41a1-8142-78e8f43b4512: 18 internal nodes; 1.4 s; peak memory 444 MiB.
2026-09-29T23:32:26Z INFO [475/500] 1cab00b7-7681-4a59-92a4-bf7cbbf2b2cd: 27 internal nodes; 0.6 s; peak memory 444 MiB.
2026-09-29T23:32:28Z INFO [476/500] 1cab0c3c-8155-4e3d-9f18-a1f151a38c81: 60 internal nodes; 1.7 s; peak memory 444 MiB.
2026-09-29T23:32:29Z INFO [477/500] 1cab339f-a771-4f01-8d76-676586f5f508: 13 internal nodes; 0.4 s; peak memory 444 MiB.
2026-09-29T23:32:29Z INFO [478/500] 1cab6de6-f4f7-4f65-8867-23d4784b9af4: 119 internal nodes; 0.6 s; peak memory 444 MiB.
2026-09-29T23:32:30Z INFO [479/500] 1cab95a6-4c53-4778-9dd9-ef12e2291155: 11 internal nodes; 0.4 s; peak memory 444 MiB.
2026-09-29T23:32:30Z INFO [480/500] 1cac1314-3230-4046-b04b-3ecd7799ae07: 17 internal nodes; 0.5 s; peak memory 444 MiB.
2026-09-29T23:32:31Z INFO [481/500] 1cac5a26-7a5d-4e31-80a7-d973d027257f: 17 internal nodes; 0.6 s; peak memory 444 MiB.
2026-09-29T23:32:31Z INFO [482/500] 1cac94f2-3b1e-441a-9db7-298bc1ba7067: 31 internal nodes; 0.5 s; peak memory 444 MiB.
2026-09-29T23:32:32Z INFO [483/500] 1cacd6ee-b9ef-4f37-91f3-2ff13b964c04: 17 internal nodes; 0.6 s; peak memory 444 MiB.
2026-09-29T23:32:32Z INFO [484/500] 1cad6a1e-f724-443b-bc95-0eae4fa93f88: 27 internal nodes; 0.3 s; peak memory 444 MiB.
2026-09-29T23:32:33Z INFO [485/500] 1cad99fc-be5d-4618-ab68-58dcbafd7e79: 27 internal nodes; 0.5 s; peak memory 444 MiB.
2026-09-29T23:32:34Z INFO [486/500] 1cadb2aa-3cf4-4516-8efb-862d4af6c733: 31 internal nodes; 0.9 s; peak memory 444 MiB.
2026-09-29T23:32:34Z INFO [487/500] 1cae27b5-c204-46b8-9039-1cae5be21365: 55 internal nodes; 0.7 s; peak memory 444 MiB.
2026-09-29T23:32:39Z INFO [488/500] 1caec590-ce08-47fe-8e54-907e3e1a004c: 182 internal nodes; 4.5 s; peak memory 444 MiB.
2026-09-29T23:32:39Z INFO [489/500] 1caed921-946a-409a-94f1-85787e43b2ee: 27 internal nodes; 0.4 s; peak memory 444 MiB.
2026-09-29T23:32:40Z INFO [490/500] 1caef009-e96e-470e-ad59-04eb0152267c: 23 internal nodes; 0.8 s; peak memory 444 MiB.
2026-09-29T23:32:40Z INFO [491/500] 1caf1036-a164-4d1b-bcda-04549be4acff: 27 internal nodes; 0.4 s; peak memory 444 MiB.
2026-09-29T23:32:41Z INFO [492/500] 1caf368f-7823-42f8-84f7-be2d3edbfc02: 17 internal nodes; 0.5 s; peak memory 444 MiB.
2026-09-29T23:32:41Z INFO [493/500] 1cafc1aa-bc67-4271-aa81-8b6230c12fed: 17 internal nodes; 0.5 s; peak memory 444 MiB.
2026-09-29T23:32:42Z INFO [494/500] 1cafc751-c930-4b88-9051-56b867de61c9: 27 internal nodes; 0.3 s; peak memory 444 MiB.
2026-09-29T23:32:42Z INFO [495/500] 1cb00f2b-9f35-49e0-a6c8-ba410838134c: 27 internal nodes; 0.7 s; peak memory 444 MiB.
2026-09-29T23:32:44Z INFO [496/500] 1cb02bd2-c645-42fd-b3bb-3a42b7f132e4: 65 internal nodes; 1.4 s; peak memory 444 MiB.
2026-09-29T23:32:44Z INFO [497/500] 1cb05ae3-8d77-438d-8ec8-3bc9ae507a51: 27 internal nodes; 0.6 s; peak memory 444 MiB.
2026-09-29T23:32:45Z INFO [498/500] 1cb0ecd3-c16d-4be0-9dc6-20010f2bfa9d: 17 internal nodes; 0.6 s; peak memory 444 MiB.
2026-09-29T23:32:46Z INFO [499/500] 1cb117b3-254f-422d-b652-ba805a034598: 69 internal nodes; 0.7 s; peak memory 444 MiB.
2026-09-29T23:32:46Z INFO [500/500] 1cb15364-89df-4926-9bc8-1f15dca94f78: 27 internal nodes; 0.6 s; peak memory 444 MiB.
2026-09-29T23:32:46Z INFO [500/500] 1cb15364-89df-4926-9bc8-1f15dca94f78: checkpointed 59911 records.
2026-09-29T23:32:47Z INFO Wrote 59911 records to /tmp/derivatives/valid_nwb_file_to_out_degrees.jsonl (491 new, 9 failed) in 13.4 min (peak memory 444 MiB).
