2026-09-30T14:31:37Z INFO Logging to /tmp/logs/update_2026-09-30T14-31-37Z.log.
2026-09-30T14:31:37Z INFO Update valid-nwb-file-to-out-degrees (base directory /tmp).
2026-09-30T14:31:38Z INFO Processing 500 items (59911 already recorded).
2026-09-30T14:31:38Z INFO [1/500] 0006b7a8-e570-48de-89ec-83f61ec6cf19: 25 internal nodes; 0.6 s; peak memory 115 MiB.
2026-09-30T14:31:39Z INFO [2/500] 009aa50f-cd5b-488b-83d2-d87d23c181f1: 25 internal nodes; 0.8 s; peak memory 116 MiB.
2026-09-30T14:31:42Z INFO [3/500] 00e81420-8fc1-4583-a9c8-d6df0167928d: 67 internal nodes; 2.6 s; peak memory 121 MiB.
2026-09-30T14:31:44Z INFO [4/500] 00eea04b-535c-4dde-ab27-aa34669531c4: 64 internal nodes; 2.7 s; peak memory 123 MiB.
2026-09-30T14:31:47Z INFO [5/500] 01c6c527-0845-4e25-8d76-753c02930a46: 67 internal nodes; 2.8 s; peak memory 123 MiB.
2026-09-30T14:31:48Z WARNING 024ef50f-ac6f-49ea-806b-93ef4b5e8644: failed while reading the NWB file (KeyError: 'Unable to synchronously open object (component not found)')
2026-09-30T14:31:48Z WARNING [6/500] 024ef50f-ac6f-49ea-806b-93ef4b5e8644: leaving unrecorded for a later run to retry.
2026-09-30T14:31:51Z INFO [7/500] 02ca499d-e7f9-4910-80e1-b17b5ebf6511: 67 internal nodes; 3.0 s; peak memory 123 MiB.
2026-09-30T14:31:52Z INFO [8/500] 02ed1d1a-8490-4ff5-8edf-487a49d4e031: 25 internal nodes; 0.6 s; peak memory 123 MiB.
2026-09-30T14:31:52Z INFO [9/500] 02f1de7c-880b-464c-afcb-d0ccee9e9c20: 25 internal nodes; 0.6 s; peak memory 123 MiB.
2026-09-30T14:31:53Z INFO [10/500] 03d85354-3030-4ffd-8ede-efd81e5123f4: 25 internal nodes; 0.6 s; peak memory 123 MiB.
2026-09-30T14:31:56Z INFO [11/500] 0493104c-32b3-4dfd-9016-3905afa9f1df: 67 internal nodes; 3.0 s; peak memory 123 MiB.
2026-09-30T14:31:56Z INFO [12/500] 050626c1-307a-485a-8353-28b5cfee24d8: 25 internal nodes; 0.5 s; peak memory 123 MiB.
2026-09-30T14:31:57Z INFO [13/500] 0530c00a-b306-4405-b8a1-e25c322c4337: 25 internal nodes; 0.6 s; peak memory 123 MiB.
2026-09-30T14:31:57Z INFO [14/500] 05bdb42b-abea-4d18-b57f-ae860af70774: 25 internal nodes; 0.6 s; peak memory 123 MiB.
2026-09-30T14:31:58Z INFO [15/500] 065f3acb-5d5e-4854-8d9d-d240ff55dc78: 21 internal nodes; 0.4 s; peak memory 123 MiB.
2026-09-30T14:31:58Z INFO [16/500] 0691fde2-e42f-4595-9566-64828a1d8b9c: 25 internal nodes; 0.6 s; peak memory 123 MiB.
2026-09-30T14:32:01Z INFO [17/500] 078cac45-94bc-4895-88fd-7c1f1825092d: 67 internal nodes; 2.9 s; peak memory 124 MiB.
2026-09-30T14:32:04Z INFO [18/500] 0798f687-696d-431f-b631-35dac97ac21f: 67 internal nodes; 2.9 s; peak memory 127 MiB.
2026-09-30T14:32:06Z INFO [19/500] 07b78a12-b867-4a66-b271-dbc1ac7441ce: 26 internal nodes; 2.1 s; peak memory 127 MiB.
2026-09-30T14:32:09Z INFO [20/500] 08bcd49b-4a48-4d79-9b16-59bdebcc0385: 67 internal nodes; 2.8 s; peak memory 127 MiB.
2026-09-30T14:32:09Z INFO [21/500] 0902ecd3-0875-473a-a25d-c93b5c587be5: 21 internal nodes; 0.4 s; peak memory 127 MiB.
2026-09-30T14:32:10Z WARNING 09073220-fbea-45d2-9a39-2cc61fcdc2a1: failed while reading the NWB file (KeyError: 'Unable to synchronously open object (component not found)')
2026-09-30T14:32:10Z WARNING [22/500] 09073220-fbea-45d2-9a39-2cc61fcdc2a1: leaving unrecorded for a later run to retry.
2026-09-30T14:32:11Z INFO [23/500] 09447afb-24da-49f2-a79f-c4248b77573d: 25 internal nodes; 0.7 s; peak memory 127 MiB.
2026-09-30T14:32:11Z INFO [24/500] 0adc547b-5922-4255-9690-7bd967e6a4c2: 25 internal nodes; 0.5 s; peak memory 127 MiB.
2026-09-30T14:32:12Z INFO [25/500] 0b5e3175-8ed4-4687-81be-923ba8825a58: 25 internal nodes; 0.5 s; peak memory 127 MiB.
2026-09-30T14:32:12Z INFO [26/500] 0bb3a36f-8617-4b5d-acc1-811f9a10c6e1: 24 internal nodes; 0.5 s; peak memory 127 MiB.
2026-09-30T14:32:13Z INFO [27/500] 0bb814ea-0794-48d4-9921-bec5cfdafea9: 21 internal nodes; 0.5 s; peak memory 127 MiB.
2026-09-30T14:32:13Z INFO [28/500] 0dbe42ae-005e-40dc-8cab-88e6a9477ada: 24 internal nodes; 0.5 s; peak memory 127 MiB.
2026-09-30T14:32:14Z WARNING 0dec427d-4db4-44c3-988a-c37959ceaff3: failed while reading the NWB file (KeyError: 'Unable to synchronously open object (component not found)')
2026-09-30T14:32:14Z WARNING [29/500] 0dec427d-4db4-44c3-988a-c37959ceaff3: leaving unrecorded for a later run to retry.
2026-09-30T14:32:17Z INFO [30/500] 0f0ff423-e117-4acf-bb77-2ed222b24a49: 67 internal nodes; 2.8 s; peak memory 127 MiB.
2026-09-30T14:32:17Z WARNING 0f7396ad-67ec-468a-b6a6-5599cb507f54: failed while reading the NWB file (KeyError: 'Unable to synchronously open object (component not found)')
2026-09-30T14:32:17Z WARNING [31/500] 0f7396ad-67ec-468a-b6a6-5599cb507f54: leaving unrecorded for a later run to retry.
2026-09-30T14:32:18Z INFO [32/500] 0f970f99-07c5-49db-b3e2-19cebb3521a2: 25 internal nodes; 0.7 s; peak memory 127 MiB.
2026-09-30T14:32:19Z WARNING 1066b3ba-83d9-4cb3-bfe3-ecf8539e2334: failed while reading the NWB file (KeyError: 'Unable to synchronously open object (component not found)')
2026-09-30T14:32:19Z WARNING [33/500] 1066b3ba-83d9-4cb3-bfe3-ecf8539e2334: leaving unrecorded for a later run to retry.
2026-09-30T14:32:19Z INFO [34/500] 10d6c1cd-1e02-4acd-b5d3-b2ffa6c3a179: 25 internal nodes; 0.5 s; peak memory 127 MiB.
2026-09-30T14:32:20Z INFO [35/500] 11b6b49b-a73e-461c-b833-43f5d9035a6c: 25 internal nodes; 0.6 s; peak memory 127 MiB.
2026-09-30T14:32:20Z INFO [36/500] 122bfbb8-fb66-4bc9-a841-8b929799157d: 21 internal nodes; 0.4 s; peak memory 127 MiB.
2026-09-30T14:32:21Z INFO [37/500] 12500f13-a311-4e27-96a0-27461c28facc: 25 internal nodes; 0.5 s; peak memory 127 MiB.
2026-09-30T14:32:22Z INFO [38/500] 12a418aa-14b2-4075-8523-93c3cca2a610: 26 internal nodes; 1.9 s; peak memory 127 MiB.
2026-09-30T14:32:25Z INFO [39/500] 12b1af79-c7b1-419a-a695-d7f5932e4140: 67 internal nodes; 2.8 s; peak memory 127 MiB.
2026-09-30T14:32:28Z INFO [40/500] 13687003-4be3-4fe8-b1ea-388e5788b0fb: 64 internal nodes; 2.8 s; peak memory 128 MiB.
2026-09-30T14:32:29Z INFO [41/500] 13c8fbf3-fe70-4819-a773-1ba08cec8111: 22 internal nodes; 0.5 s; peak memory 128 MiB.
2026-09-30T14:32:29Z INFO [42/500] 1406f1d9-d105-48c9-88a7-ed94a69a0ea7: 25 internal nodes; 0.6 s; peak memory 128 MiB.
2026-09-30T14:32:32Z INFO [43/500] 144695e2-c035-4374-afb0-c8c2141900c1: 67 internal nodes; 3.2 s; peak memory 128 MiB.
2026-09-30T14:32:33Z INFO [44/500] 144bfb09-a07f-4a9e-bea7-e61f49e44ce4: 25 internal nodes; 0.5 s; peak memory 128 MiB.
2026-09-30T14:32:34Z INFO [45/500] 14c8b7be-cec3-4561-92e8-c9590ac4f449: 22 internal nodes; 1.2 s; peak memory 128 MiB.
2026-09-30T14:32:37Z INFO [46/500] 1537471d-bed0-405e-8f9a-7f3c48a0e6cb: 26 internal nodes; 2.4 s; peak memory 128 MiB.
2026-09-30T14:32:39Z INFO [47/500] 15ecf2a8-3056-4582-b238-6c1cbb78dd22: 67 internal nodes; 2.7 s; peak memory 128 MiB.
2026-09-30T14:32:40Z INFO [48/500] 17741339-fbaf-41bc-b84c-e7213b51ae65: 21 internal nodes; 0.5 s; peak memory 128 MiB.
2026-09-30T14:32:40Z WARNING 17a546c4-6425-4c56-a43e-9f9f272d299c: failed while reading the NWB file (KeyError: 'Unable to synchronously open object (component not found)')
2026-09-30T14:32:40Z WARNING [49/500] 17a546c4-6425-4c56-a43e-9f9f272d299c: leaving unrecorded for a later run to retry.
2026-09-30T14:32:41Z INFO [50/500] 1900c1ca-92e7-495b-8624-0a4944ed4b46: 25 internal nodes; 0.5 s; peak memory 128 MiB.
2026-09-30T14:32:41Z INFO [50/500] 1900c1ca-92e7-495b-8624-0a4944ed4b46: checkpointed 59955 records.
2026-09-30T14:32:41Z INFO [51/500] 194e5b03-cc2a-49c8-88af-029bdf257c08: 21 internal nodes; 0.3 s; peak memory 128 MiB.
2026-09-30T14:32:42Z WARNING 19998990-d06f-40db-8d07-c5121b317b6a: failed while reading the NWB file (KeyError: 'Unable to synchronously open object (component not found)')
2026-09-30T14:32:42Z WARNING [52/500] 19998990-d06f-40db-8d07-c5121b317b6a: leaving unrecorded for a later run to retry.
2026-09-30T14:32:43Z INFO [53/500] 19c7c19a-22f8-4076-945b-5aacf154b40f: 22 internal nodes; 1.0 s; peak memory 128 MiB.
2026-09-30T14:32:44Z WARNING 1a18ed31-9155-4512-919f-b6875d14b9f3: failed while reading the NWB file (KeyError: 'Unable to synchronously open object (component not found)')
2026-09-30T14:32:44Z WARNING [54/500] 1a18ed31-9155-4512-919f-b6875d14b9f3: leaving unrecorded for a later run to retry.
2026-09-30T14:32:47Z INFO [55/500] 1ad7bf8b-ac54-4762-9af5-4c50ee4c02df: 67 internal nodes; 2.9 s; peak memory 130 MiB.
2026-09-30T14:32:49Z INFO [56/500] 1baf8740-46d7-4005-be11-a20c9bfc3cd2: 26 internal nodes; 2.7 s; peak memory 130 MiB.
2026-09-30T14:32:50Z INFO [57/500] 1c21669d-3f48-4e58-a53d-044eeb3c1811: 25 internal nodes; 0.6 s; peak memory 130 MiB.
2026-09-30T14:32:51Z WARNING 1c2fff6f-f3a7-43fb-b7e2-a33218d41614: failed while reading the NWB file (KeyError: 'Unable to synchronously open object (component not found)')
2026-09-30T14:32:51Z WARNING [58/500] 1c2fff6f-f3a7-43fb-b7e2-a33218d41614: leaving unrecorded for a later run to retry.
2026-09-30T14:32:51Z INFO [59/500] 1c44d091-cc33-4827-b8c5-8d82ebe5117b: 25 internal nodes; 0.5 s; peak memory 130 MiB.
2026-09-30T14:32:55Z INFO [60/500] 1cb2a4b2-4d9f-4059-a1d8-805f4df24f7c: 212 internal nodes; 3.9 s; peak memory 142 MiB.
2026-09-30T14:32:56Z INFO [61/500] 1cb36206-8064-4bc7-9cad-5496a610a69f: 29 internal nodes; 0.8 s; peak memory 142 MiB.
2026-09-30T14:32:56Z INFO [62/500] 1cb53456-e381-4691-9765-d9118118b693: 17 internal nodes; 0.6 s; peak memory 142 MiB.
2026-09-30T14:32:58Z INFO [63/500] 1cb559c1-6114-4fd5-a994-068197ea5d69: 65 internal nodes; 1.2 s; peak memory 142 MiB.
2026-09-30T14:32:58Z INFO [64/500] 1cb5c741-134b-42f8-8fb3-fcbbc13b129b: 17 internal nodes; 0.6 s; peak memory 142 MiB.
2026-09-30T14:33:01Z INFO [65/500] 1cb6622c-fcd5-4a74-8274-2230bbf5dea1: 46 internal nodes; 2.3 s; peak memory 142 MiB.
2026-09-30T14:33:02Z INFO [66/500] 1cb69bf7-3361-4a9c-9997-80b55f72f36f: 46 internal nodes; 1.7 s; peak memory 142 MiB.
2026-09-30T14:33:03Z INFO [67/500] 1cb6a6a6-abf9-4749-a9bf-cd61815bef61: 20 internal nodes; 0.6 s; peak memory 142 MiB.
2026-09-30T14:33:03Z INFO [68/500] 1cb6dac3-dc72-4595-baf4-5a67e37517df: 26 internal nodes; 0.5 s; peak memory 142 MiB.
2026-09-30T14:33:04Z INFO [69/500] 1cb6eec2-bacb-4fa2-8663-4d6114cd6397: 42 internal nodes; 1.2 s; peak memory 142 MiB.
2026-09-30T14:33:05Z INFO [70/500] 1cb6f392-1be5-4652-9b55-5e78fea28695: 35 internal nodes; 0.7 s; peak memory 142 MiB.
2026-09-30T14:33:12Z INFO [71/500] 1cb755ce-79c2-4706-b5a7-29ba039605a6: 77 internal nodes; 7.2 s; peak memory 142 MiB.
2026-09-30T14:33:13Z INFO [72/500] 1cb7a113-7f1c-4f62-bda9-86f5c0f70e38: 16 internal nodes; 0.6 s; peak memory 142 MiB.
2026-09-30T14:33:14Z INFO [73/500] 1cb8cc84-61b5-4dac-8db9-95bf359c4260: 19 internal nodes; 0.6 s; peak memory 142 MiB.
2026-09-30T14:33:18Z INFO [74/500] 1cb9c1f5-dff2-448d-86ff-c817bcd5811a: 62 internal nodes; 4.1 s; peak memory 142 MiB.
2026-09-30T14:33:18Z INFO [75/500] 1cba0f09-fd17-4c8a-affa-9b63401372f7: 60 internal nodes; 0.6 s; peak memory 142 MiB.
2026-09-30T14:33:19Z INFO [76/500] 1cbb44b0-787d-4594-af22-3ede98636763: 17 internal nodes; 0.5 s; peak memory 142 MiB.
2026-09-30T14:33:21Z INFO [77/500] 1cbb87bc-3117-4e56-96e0-a3beaa62d5e5: 46 internal nodes; 1.8 s; peak memory 142 MiB.
2026-09-30T14:33:21Z INFO [78/500] 1cbbbf9c-e27f-4c64-b28c-7f4b096d8275: 27 internal nodes; 0.6 s; peak memory 142 MiB.
2026-09-30T14:33:27Z INFO [79/500] 1cbc2cf8-4cff-459f-9902-387dba045338: 241 internal nodes; 5.6 s; peak memory 142 MiB.
2026-09-30T14:33:27Z INFO [80/500] 1cbd496c-0169-432e-bd79-de1d8e4f6593: 25 internal nodes; 0.5 s; peak memory 142 MiB.
2026-09-30T14:33:28Z INFO [81/500] 1cbd6735-a4d2-4d20-a8de-1140b468bb04: 23 internal nodes; 1.0 s; peak memory 142 MiB.
2026-09-30T14:33:30Z INFO [82/500] 1cbe4e1c-aebd-409e-be55-483b7c1b8498: 46 internal nodes; 1.7 s; peak memory 142 MiB.
2026-09-30T14:33:31Z INFO [83/500] 1cbed917-aef2-486b-a864-d6f9d6499ede: 44 internal nodes; 1.2 s; peak memory 142 MiB.
2026-09-30T14:33:32Z INFO [84/500] 1cc073e9-a0ce-43d3-8073-428f2f7d5b22: 23 internal nodes; 0.8 s; peak memory 142 MiB.
2026-09-30T14:33:33Z INFO [85/500] 1cc0d6fe-4fd9-4be3-9ab7-41379b8b02ab: 35 internal nodes; 0.8 s; peak memory 142 MiB.
2026-09-30T14:33:33Z INFO [86/500] 1cc110f0-ed43-48af-ac27-219e61a7572d: 17 internal nodes; 0.3 s; peak memory 142 MiB.
2026-09-30T14:33:34Z INFO [87/500] 1cc197ca-7363-4d3d-8c81-38321be9a29a: 17 internal nodes; 0.5 s; peak memory 142 MiB.
2026-09-30T14:33:38Z INFO [88/500] 1cc21348-f659-48e0-8920-6ced9d5b6a6b: 201 internal nodes; 4.4 s; peak memory 142 MiB.
2026-09-30T14:33:38Z INFO [89/500] 1cc2a0b3-04a7-4d66-9d75-370f02bdd661: 26 internal nodes; 0.4 s; peak memory 142 MiB.
2026-09-30T14:33:40Z INFO [90/500] 1cc375bc-caec-4653-834b-f27aff4093b3: 46 internal nodes; 1.7 s; peak memory 142 MiB.
2026-09-30T14:33:41Z INFO [91/500] 1cc4042c-8b05-4329-b460-9d5e2d566c85: 17 internal nodes; 0.5 s; peak memory 142 MiB.
2026-09-30T14:33:41Z INFO [92/500] 1cc49d17-de10-4566-bfa1-872913c1cd5d: 27 internal nodes; 0.6 s; peak memory 142 MiB.
2026-09-30T14:33:42Z INFO [93/500] 1cc4d6bf-58f4-4295-96b0-a459c8a6671a: 17 internal nodes; 0.5 s; peak memory 142 MiB.
2026-09-30T14:33:43Z INFO [94/500] 1cc552ca-c068-4631-b52a-52ddd53a74e5: 60 internal nodes; 0.9 s; peak memory 142 MiB.
2026-09-30T14:33:43Z INFO [95/500] 1cc5f54d-d197-4cc1-953e-8ef4c2d50135: 17 internal nodes; 0.5 s; peak memory 142 MiB.
2026-09-30T14:33:44Z INFO [96/500] 1cc66a61-40c4-4742-9bcf-ff536423d4ca: 69 internal nodes; 0.7 s; peak memory 142 MiB.
2026-09-30T14:33:48Z INFO [97/500] 1cc6dc33-7914-466f-a6d0-3528c8a82414: 187 internal nodes; 4.3 s; peak memory 143 MiB.
2026-09-30T14:33:52Z INFO [98/500] 1cc83b83-5680-4b77-9218-6cd797c942b9: 153 internal nodes; 3.7 s; peak memory 143 MiB.
2026-09-30T14:33:52Z INFO [99/500] 1cc88e56-b871-451f-9c7f-bb15de03e062: 31 internal nodes; 0.6 s; peak memory 143 MiB.
2026-09-30T14:33:53Z INFO [100/500] 1cc8c784-ffcb-4af8-a3cd-1d70b1d9a833: 17 internal nodes; 0.6 s; peak memory 143 MiB.
2026-09-30T14:33:53Z INFO [100/500] 1cc8c784-ffcb-4af8-a3cd-1d70b1d9a833: checkpointed 60002 records.
2026-09-30T14:33:54Z INFO [101/500] 1cc99a00-ac43-4863-bb23-7a3588a4f492: 18 internal nodes; 0.4 s; peak memory 143 MiB.
2026-09-30T14:33:55Z INFO [102/500] 1cc9ab6b-d9c6-4e35-9a4e-84a2624d021d: 37 internal nodes; 1.1 s; peak memory 143 MiB.
2026-09-30T14:33:57Z INFO [103/500] 1cc9c1b0-27e0-4f68-8971-f02abdc7ee12: 46 internal nodes; 1.8 s; peak memory 143 MiB.
2026-09-30T14:33:57Z INFO [104/500] 1cca0e2a-d827-4bf9-a9b9-cc689f7ddbcd: 27 internal nodes; 0.6 s; peak memory 143 MiB.
2026-09-30T14:33:58Z INFO [105/500] 1ccc4fbc-9319-47f9-8f91-155c8483163c: 60 internal nodes; 0.7 s; peak memory 143 MiB.
2026-09-30T14:33:58Z INFO [106/500] 1cccffce-2ac6-46e0-ba21-06763ac60423: 27 internal nodes; 0.6 s; peak memory 143 MiB.
2026-09-30T14:33:59Z INFO [107/500] 1ccd3b59-3ab9-4f68-b043-1f02b0613841: 29 internal nodes; 0.9 s; peak memory 143 MiB.
2026-09-30T14:34:00Z INFO [108/500] 1ccea12e-5bba-4fc9-b43b-e00e368f17d6: 17 internal nodes; 0.6 s; peak memory 143 MiB.
2026-09-30T14:34:01Z INFO [109/500] 1ccf809a-5774-4f29-be28-938d4aefe9ba: 22 internal nodes; 0.7 s; peak memory 143 MiB.
2026-09-30T14:34:01Z INFO [110/500] 1cd00c51-eae8-4247-bc32-627aad62bb8a: 55 internal nodes; 0.9 s; peak memory 143 MiB.
2026-09-30T14:34:02Z INFO [111/500] 1cd175da-b69a-4ebd-a453-583178564df7: 24 internal nodes; 0.7 s; peak memory 143 MiB.
2026-09-30T14:34:05Z INFO [112/500] 1cd1b2cc-b9ea-40a2-9320-69f1ab73a5e9: 41 internal nodes; 3.1 s; peak memory 143 MiB.
2026-09-30T14:34:11Z INFO [113/500] 1cd1bfb6-534b-4908-8785-a956a6b6aee7: 260 internal nodes; 5.9 s; peak memory 144 MiB.
2026-09-30T14:34:12Z INFO [114/500] 1cd1d2da-cd15-49e1-b58f-fc4f6f6c6259: 17 internal nodes; 0.6 s; peak memory 144 MiB.
2026-09-30T14:34:13Z INFO [115/500] 1cd2626a-3eea-4fb3-a346-8b80efb2b8f4: 90 internal nodes; 1.0 s; peak memory 144 MiB.
2026-09-30T14:34:14Z INFO [116/500] 1cd31185-b1e8-4b95-b019-32fb280202b8: 90 internal nodes; 0.8 s; peak memory 144 MiB.
2026-09-30T14:34:14Z INFO [117/500] 1cd34496-9a25-47b1-8309-ab4c83d612cb: 19 internal nodes; 0.5 s; peak memory 144 MiB.
2026-09-30T14:34:14Z INFO [118/500] 1cd369d3-dfe0-4ca4-835e-e89e54284eb3: 27 internal nodes; 0.3 s; peak memory 144 MiB.
2026-09-30T14:34:15Z INFO [119/500] 1cd392d1-3e17-4b84-9e63-a06abbdf2511: 17 internal nodes; 0.5 s; peak memory 144 MiB.
2026-09-30T14:34:15Z INFO [120/500] 1cd3f1e3-6964-43eb-baf6-bc2789f35647: 17 internal nodes; 0.4 s; peak memory 144 MiB.
2026-09-30T14:34:16Z INFO [121/500] 1cd4b2d0-9411-4263-9906-fbd65e0a1c72: 115 internal nodes; 0.5 s; peak memory 144 MiB.
2026-09-30T14:34:20Z INFO [122/500] 1cd4ea0f-baaa-4541-a764-24b46d339ad9: 182 internal nodes; 4.2 s; peak memory 147 MiB.
2026-09-30T14:34:21Z INFO [123/500] 1cd5ecef-833e-481a-abbe-e1194bc4b66f: 31 internal nodes; 0.7 s; peak memory 147 MiB.
2026-09-30T14:34:23Z INFO [124/500] 1cd70b89-8278-4fbb-a1e0-5916aad0f107: 46 internal nodes; 1.9 s; peak memory 147 MiB.
2026-09-30T14:34:23Z INFO [125/500] 1cd83a2a-0c16-47c7-a52f-8e95222735ea: 31 internal nodes; 0.7 s; peak memory 147 MiB.
2026-09-30T14:34:24Z INFO [126/500] 1cd8f547-d0d6-4ce8-9aa8-d862ae2c547a: 27 internal nodes; 0.8 s; peak memory 147 MiB.
2026-09-30T14:34:25Z INFO [127/500] 1cd96794-958d-41f3-a758-c5420e8518a9: 31 internal nodes; 0.7 s; peak memory 147 MiB.
2026-09-30T14:34:27Z INFO [128/500] 1cd97776-dd30-4b54-977a-a70661124c85: 45 internal nodes; 2.1 s; peak memory 147 MiB.
2026-09-30T14:34:27Z INFO [129/500] 1cda01af-d960-45a7-80f7-8ecbae64a836: 17 internal nodes; 0.5 s; peak memory 147 MiB.
2026-09-30T14:34:28Z INFO [130/500] 1cda3200-d63e-4810-b979-623cf21fb044: 27 internal nodes; 0.5 s; peak memory 147 MiB.
2026-09-30T14:34:28Z INFO [131/500] 1cdb0629-2a9c-4efc-a904-59abe7f244af: 27 internal nodes; 0.4 s; peak memory 147 MiB.
2026-09-30T14:34:29Z INFO [132/500] 1cdb2b16-ffdb-49f2-a004-82ba38cc646c: 17 internal nodes; 0.5 s; peak memory 147 MiB.
2026-09-30T14:34:30Z INFO [133/500] 1cdb7f14-4acb-4748-84d3-139041d1c711: 32 internal nodes; 0.9 s; peak memory 147 MiB.
2026-09-30T14:34:30Z INFO [134/500] 1cdc2a90-e164-4e93-99ee-3c4363883774: 17 internal nodes; 0.5 s; peak memory 147 MiB.
2026-09-30T14:34:31Z INFO [135/500] 1cdd1cc5-7922-4cc9-97cf-a9ae89739127: 27 internal nodes; 0.6 s; peak memory 147 MiB.
2026-09-30T14:34:39Z INFO [136/500] 1cde861e-3ef5-4c3d-8736-1911cc0fb5cb: 375 internal nodes; 8.2 s; peak memory 154 MiB.
2026-09-30T14:34:40Z INFO [137/500] 1cde943b-31a1-412c-9cdc-05ccfb7bb924: 27 internal nodes; 0.6 s; peak memory 154 MiB.
2026-09-30T14:34:41Z INFO [138/500] 1cdfe8f7-d589-4fdc-b4fa-5894ab24a9cb: 42 internal nodes; 1.1 s; peak memory 154 MiB.
2026-09-30T14:34:45Z INFO [139/500] 1ce090d3-f44c-4a04-9ade-5ff74f7d22fe: 62 internal nodes; 4.0 s; peak memory 154 MiB.
2026-09-30T14:34:45Z INFO [140/500] 1ce1b8a4-c312-4636-9a03-0b21f9e78c36: 17 internal nodes; 0.5 s; peak memory 154 MiB.
2026-09-30T14:34:46Z INFO [141/500] 1ce1f591-d1ea-4f6e-8b55-1a38cbd3c1d2: 16 internal nodes; 0.5 s; peak memory 154 MiB.
2026-09-30T14:34:46Z INFO [142/500] 1ce22088-d284-431c-b685-535bf7e3156d: 17 internal nodes; 0.6 s; peak memory 154 MiB.
2026-09-30T14:34:49Z INFO [143/500] 1ce36fdb-5b2e-4681-b638-e3fb09ad295a: 42 internal nodes; 2.1 s; peak memory 154 MiB.
2026-09-30T14:34:49Z INFO [144/500] 1ce3fcbf-a154-4537-921b-cfba70caecf9: 27 internal nodes; 0.6 s; peak memory 154 MiB.
2026-09-30T14:34:52Z INFO [145/500] 1ce5236a-8b22-4119-9277-3522bd4ba95b: 125 internal nodes; 2.8 s; peak memory 154 MiB.
2026-09-30T14:34:53Z INFO [146/500] 1ce5dbc5-8371-4598-b27e-f14e55e7a9cf: 27 internal nodes; 0.5 s; peak memory 154 MiB.
2026-09-30T14:34:54Z INFO [147/500] 1ce623ec-73e6-4bac-bb58-74a8c159b317: 65 internal nodes; 1.2 s; peak memory 154 MiB.
2026-09-30T14:34:54Z INFO [148/500] 1ce67c36-4bd2-4a71-bae9-b8872b22977b: 11 internal nodes; 0.3 s; peak memory 154 MiB.
2026-09-30T14:34:55Z INFO [149/500] 1ce68687-4fd4-4c91-a26d-edb59eb06f03: 27 internal nodes; 0.7 s; peak memory 154 MiB.
2026-09-30T14:34:55Z INFO [150/500] 1ce6a651-1342-4ab3-a616-7035ddbd8e92: 17 internal nodes; 0.6 s; peak memory 154 MiB.
2026-09-30T14:34:56Z INFO [150/500] 1ce6a651-1342-4ab3-a616-7035ddbd8e92: checkpointed 60052 records.
2026-09-30T14:34:56Z INFO [151/500] 1ce6b75a-d15e-4382-8d2e-11fb0684b06a: 31 internal nodes; 0.7 s; peak memory 154 MiB.
2026-09-30T14:34:57Z INFO [152/500] 1ce6e537-1cae-45bd-b959-219a91853a20: 11 internal nodes; 0.3 s; peak memory 154 MiB.
2026-09-30T14:34:57Z INFO [153/500] 1ce7065a-fe80-44b4-b31e-c28bd4499a1a: 17 internal nodes; 0.5 s; peak memory 154 MiB.
2026-09-30T14:34:58Z INFO [154/500] 1ce81e19-b64e-49db-9cbf-b55893c39fd1: 27 internal nodes; 0.6 s; peak memory 154 MiB.
2026-09-30T14:34:58Z INFO [155/500] 1cea09c2-a5be-4037-adc3-a93b174480a4: 17 internal nodes; 0.5 s; peak memory 154 MiB.
2026-09-30T14:34:59Z INFO [156/500] 1cea853e-1e68-4371-ab41-a3eb2a36c836: 29 internal nodes; 0.7 s; peak memory 154 MiB.
2026-09-30T14:34:59Z INFO [157/500] 1ceb0127-b0b3-4f00-8170-7ae18b20297a: 27 internal nodes; 0.6 s; peak memory 154 MiB.
2026-09-30T14:35:01Z INFO [158/500] 1ceb0f53-332f-4514-94bd-fc4388713eae: 45 internal nodes; 1.4 s; peak memory 154 MiB.
2026-09-30T14:35:01Z INFO [159/500] 1cec72e8-ebe5-4fb3-9955-5d409e10f210: 17 internal nodes; 0.7 s; peak memory 154 MiB.
2026-09-30T14:35:02Z INFO [160/500] 1ced0b64-d1f2-4515-9ecb-020fda5582e6: 27 internal nodes; 0.6 s; peak memory 154 MiB.
2026-09-30T14:35:03Z INFO [161/500] 1cedf8cc-2267-4621-8b68-fc21b8c78b6a: 29 internal nodes; 0.7 s; peak memory 154 MiB.
2026-09-30T14:35:04Z INFO [162/500] 1cee18f5-66c0-4e6a-9291-03c878979949: 31 internal nodes; 0.8 s; peak memory 154 MiB.
2026-09-30T14:35:04Z INFO [163/500] 1cee6c2d-6427-438d-bfaa-014737f33319: 13 internal nodes; 0.6 s; peak memory 154 MiB.
2026-09-30T14:35:05Z INFO [164/500] 1cf05dbb-8504-45bd-87e1-f40b1c182e51: 44 internal nodes; 1.0 s; peak memory 154 MiB.
2026-09-30T14:35:09Z INFO [165/500] 1cf13779-1d1a-480d-9c7e-152a7776dfc1: 227 internal nodes; 4.1 s; peak memory 154 MiB.
2026-09-30T14:35:10Z INFO [166/500] 1cf56b24-4638-4d76-a68e-59993f181cc0: 27 internal nodes; 0.7 s; peak memory 154 MiB.
2026-09-30T14:35:11Z INFO [167/500] 1cf5d4c7-de05-409f-a606-5c2ed04ae804: 17 internal nodes; 0.8 s; peak memory 154 MiB.
2026-09-30T14:35:11Z INFO [168/500] 1cf669c7-330f-4c0d-96d4-f4be2a1f8b26: 17 internal nodes; 0.5 s; peak memory 154 MiB.
2026-09-30T14:35:12Z INFO [169/500] 1cf6d389-d624-4273-9c07-bfda4bbdbc77: 36 internal nodes; 1.3 s; peak memory 154 MiB.
2026-09-30T14:35:21Z INFO [170/500] 1cf71b27-5693-48a5-819b-d9d1a6da3801: 156 internal nodes; 8.1 s; peak memory 154 MiB.
2026-09-30T14:35:21Z INFO [171/500] 1cf77f3e-f525-42f0-a7a8-14d1c6564779: 22 internal nodes; 0.8 s; peak memory 154 MiB.
2026-09-30T14:35:22Z INFO [172/500] 1cf82d37-eb0d-4046-a620-88bb692a5875: 38 internal nodes; 0.7 s; peak memory 154 MiB.
2026-09-30T14:35:23Z INFO [173/500] 1cf8889c-c684-4bc6-8ee2-f00c34ca07c2: 18 internal nodes; 0.6 s; peak memory 154 MiB.
2026-09-30T14:35:23Z INFO [174/500] 1cf9ecad-e6e5-4b49-81f8-c2cffabfb2dc: 17 internal nodes; 0.5 s; peak memory 154 MiB.
2026-09-30T14:35:24Z INFO [175/500] 1cfa8e17-6e09-424d-bcee-35e036de0f45: 29 internal nodes; 0.7 s; peak memory 154 MiB.
2026-09-30T14:35:25Z INFO [176/500] 1cfb1460-807b-41ce-b164-8be75038a065: 31 internal nodes; 0.6 s; peak memory 154 MiB.
2026-09-30T14:35:25Z INFO [177/500] 1cfb4210-6d9e-4edd-9dab-255e4162657f: 27 internal nodes; 0.6 s; peak memory 154 MiB.
2026-09-30T14:35:26Z INFO [178/500] 1cfbc469-597f-42f8-ae4c-e3b6aff63806: 66 internal nodes; 1.1 s; peak memory 154 MiB.
2026-09-30T14:35:27Z INFO [179/500] 1cfbf95b-356d-4f62-b0d6-68b098716f88: 17 internal nodes; 0.5 s; peak memory 154 MiB.
2026-09-30T14:35:27Z INFO [180/500] 1cfd741d-1946-4e01-b26c-0db0b03fd793: 119 internal nodes; 0.6 s; peak memory 154 MiB.
2026-09-30T14:35:28Z INFO [181/500] 1cffc313-a83c-43ac-b4cd-ff2fa81fc088: 29 internal nodes; 0.8 s; peak memory 154 MiB.
2026-09-30T14:35:31Z INFO [182/500] 1d00096b-f3a5-4e32-b2b3-b8b1188d8dd4: 109 internal nodes; 2.7 s; peak memory 154 MiB.
2026-09-30T14:35:32Z INFO [183/500] 1d0022e2-cf5b-4fe8-900b-37986ee2edb3: 69 internal nodes; 0.9 s; peak memory 154 MiB.
2026-09-30T14:35:33Z INFO [184/500] 1d00245c-4ee5-403c-8a74-147158a4df85: 27 internal nodes; 1.0 s; peak memory 154 MiB.
2026-09-30T14:35:33Z INFO [185/500] 1d00970c-1cef-4104-bee9-320ef318f388: 17 internal nodes; 0.6 s; peak memory 154 MiB.
2026-09-30T14:35:34Z INFO [186/500] 1d00b115-9b2d-43f2-bb4e-b49df3856445: 62 internal nodes; 0.7 s; peak memory 154 MiB.
2026-09-30T14:35:36Z INFO [187/500] 1d00be17-9d28-48a7-a2c7-2ee7b94afadd: 46 internal nodes; 1.9 s; peak memory 154 MiB.
2026-09-30T14:35:42Z INFO [188/500] 1d01910b-01b5-49b3-8994-c3ee47f44b6c: 79 internal nodes; 5.8 s; peak memory 154 MiB.
2026-09-30T14:35:42Z INFO [189/500] 1d019921-a0df-47ae-afac-8b40d3b3526f: 13 internal nodes; 0.4 s; peak memory 154 MiB.
2026-09-30T14:35:43Z INFO [190/500] 1d01a2f8-d189-4a58-8d6c-fa6710041bd8: 31 internal nodes; 0.7 s; peak memory 154 MiB.
2026-09-30T14:35:45Z INFO [191/500] 1d020e6b-52e4-4f83-9ff7-7bf535b1d8d1: 46 internal nodes; 2.0 s; peak memory 154 MiB.
2026-09-30T14:35:46Z INFO [192/500] 1d022953-5232-4d80-8284-933c64b175aa: 44 internal nodes; 1.6 s; peak memory 154 MiB.
2026-09-30T14:35:47Z INFO [193/500] 1d024bea-de72-4e36-9990-a637d8d83886: 17 internal nodes; 0.5 s; peak memory 154 MiB.
2026-09-30T14:35:47Z INFO [194/500] 1d02878a-e1b6-4dba-9ab7-ed2d97aa4f33: 27 internal nodes; 0.6 s; peak memory 154 MiB.
2026-09-30T14:35:48Z INFO [195/500] 1d036931-c55e-41e0-b26a-3e5b4a3473e5: 27 internal nodes; 0.6 s; peak memory 154 MiB.
2026-09-30T14:35:48Z INFO [196/500] 1d0390f4-d7f3-4b0c-a130-a4f2f068a44e: 31 internal nodes; 0.5 s; peak memory 154 MiB.
2026-09-30T14:35:54Z INFO [197/500] 1d039b2f-736d-4e91-bf48-4c29c94c2eab: 74 internal nodes; 5.8 s; peak memory 154 MiB.
2026-09-30T14:35:56Z INFO [198/500] 1d04c2ce-cf32-42e8-a69e-efc8f20af40d: 43 internal nodes; 1.6 s; peak memory 154 MiB.
2026-09-30T14:35:56Z INFO [199/500] 1d051d17-4648-4cb5-8d75-2ee031a8a235: 13 internal nodes; 0.4 s; peak memory 154 MiB.
2026-09-30T14:35:58Z INFO [200/500] 1d05706a-d7b0-4931-9a2b-116a068d2860: 44 internal nodes; 1.7 s; peak memory 154 MiB.
2026-09-30T14:35:58Z INFO [200/500] 1d05706a-d7b0-4931-9a2b-116a068d2860: checkpointed 60102 records.
2026-09-30T14:35:59Z INFO [201/500] 1d073ac4-e349-4434-9127-d8191c066930: 31 internal nodes; 0.9 s; peak memory 154 MiB.
2026-09-30T14:36:00Z INFO [202/500] 1d08a85f-9695-4edb-a2dd-20c850ec97b2: 27 internal nodes; 0.6 s; peak memory 154 MiB.
2026-09-30T14:36:01Z INFO [203/500] 1d091911-5b67-4882-b984-d71a59436111: 58 internal nodes; 1.1 s; peak memory 154 MiB.
2026-09-30T14:36:01Z INFO [204/500] 1d09e139-0a60-49f8-8155-6a8eba47d1f2: 66 internal nodes; 0.8 s; peak memory 154 MiB.
2026-09-30T14:36:03Z INFO [205/500] 1d0a9386-30d1-4f1b-be54-92d6de625322: 39 internal nodes; 1.1 s; peak memory 154 MiB.
2026-09-30T14:36:07Z INFO [206/500] 1d0ad948-9e73-4f2d-841d-20a2f8957115: 1716 internal nodes; 4.8 s; peak memory 159 MiB.
2026-09-30T14:36:08Z INFO [207/500] 1d0aeceb-63e8-4e1c-b3fa-3f6a6ad5b7c9: 27 internal nodes; 0.6 s; peak memory 159 MiB.
2026-09-30T14:36:09Z INFO [208/500] 1d0b910f-1e78-4a37-9033-444843f1dc78: 44 internal nodes; 1.5 s; peak memory 159 MiB.
2026-09-30T14:36:16Z INFO [209/500] 1d0be286-c42d-4dc7-8603-6a1b9589d22b: 395 internal nodes; 6.3 s; peak memory 172 MiB.
2026-09-30T14:36:17Z INFO [210/500] 1d0c0261-dd7a-4153-ac9d-b9a0ea65abe1: 29 internal nodes; 0.8 s; peak memory 172 MiB.
2026-09-30T14:36:17Z INFO [211/500] 1d0c7e0d-7f27-4069-8749-a8d999237470: 27 internal nodes; 0.6 s; peak memory 172 MiB.
2026-09-30T14:36:19Z INFO [212/500] 1d0ce60b-629e-43a2-9f01-2d5516ee818c: 53 internal nodes; 1.9 s; peak memory 172 MiB.
2026-09-30T14:36:20Z INFO [213/500] 1d0ceede-318d-4987-8731-d9e9585ea1b1: 17 internal nodes; 0.6 s; peak memory 172 MiB.
2026-09-30T14:36:20Z INFO [214/500] 1d0d9f8b-451a-4646-a779-8e4f6a890502: 29 internal nodes; 0.7 s; peak memory 172 MiB.
2026-09-30T14:36:21Z INFO [215/500] 1d0dbd98-897c-46ea-826d-de3e22689872: 17 internal nodes; 0.5 s; peak memory 172 MiB.
2026-09-30T14:36:21Z INFO [216/500] 1d0e7b18-6192-4d0c-a5ad-fb1594ee7b38: 27 internal nodes; 0.6 s; peak memory 172 MiB.
2026-09-30T14:36:22Z INFO [217/500] 1d0ec8af-d583-4d1a-8785-78ac24ef5c1e: 69 internal nodes; 0.8 s; peak memory 172 MiB.
2026-09-30T14:36:23Z INFO [218/500] 1d0edd8b-c91a-4f4b-95e1-9d1e51a5a86a: 13 internal nodes; 0.6 s; peak memory 172 MiB.
2026-09-30T14:36:34Z INFO [219/500] 1d0f1582-a429-4a13-a570-64413e15e479: 137 internal nodes; 11.4 s; peak memory 172 MiB.
2026-09-30T14:36:35Z INFO [220/500] 1d0f4fc9-c27b-49e0-93dc-57273d527e7d: 31 internal nodes; 0.9 s; peak memory 172 MiB.
2026-09-30T14:36:36Z INFO [221/500] 1d0f52a8-681b-4798-9ebb-799c137b117c: 31 internal nodes; 0.6 s; peak memory 172 MiB.
2026-09-30T14:36:36Z INFO [222/500] 1d0f90e1-b663-4997-94ac-25e8f5950aa3: 27 internal nodes; 0.6 s; peak memory 172 MiB.
2026-09-30T14:36:37Z INFO [223/500] 1d0fc676-8126-4830-a8ac-af98c52791da: 31 internal nodes; 0.7 s; peak memory 172 MiB.
2026-09-30T14:36:38Z INFO [224/500] 1d101de6-ff85-4da9-99d5-d093d8c7e718: 116 internal nodes; 0.5 s; peak memory 172 MiB.
2026-09-30T14:36:38Z INFO [225/500] 1d108ba9-4a85-4896-a4b4-0931f2cfff47: 18 internal nodes; 0.6 s; peak memory 172 MiB.
2026-09-30T14:36:39Z INFO [226/500] 1d10a6ec-72af-4d58-ad2c-9b87751349c8: 27 internal nodes; 0.5 s; peak memory 172 MiB.
2026-09-30T14:36:40Z INFO [227/500] 1d113359-45b3-4c14-a842-b2b1c0861190: 44 internal nodes; 1.5 s; peak memory 172 MiB.
2026-09-30T14:36:41Z INFO [228/500] 1d128541-081c-4892-979a-72ccdbb309a0: 17 internal nodes; 0.4 s; peak memory 172 MiB.
2026-09-30T14:36:41Z INFO [229/500] 1d12d61c-d2db-46ff-9063-27d7388cf0c1: 17 internal nodes; 0.5 s; peak memory 172 MiB.
2026-09-30T14:36:42Z INFO [230/500] 1d132a50-bf5a-49e0-b144-663c6c92949b: 17 internal nodes; 0.6 s; peak memory 172 MiB.
2026-09-30T14:36:42Z INFO [231/500] 1d13d176-99d1-4c11-9cb5-8e3d019a57a6: 31 internal nodes; 0.8 s; peak memory 172 MiB.
2026-09-30T14:36:43Z INFO [232/500] 1d143496-94f0-4481-8d7b-eeb14a74e83b: 17 internal nodes; 0.5 s; peak memory 172 MiB.
2026-09-30T14:36:44Z INFO [233/500] 1d14605b-a9bb-4c2b-b961-9f3e4584be12: 116 internal nodes; 0.6 s; peak memory 172 MiB.
2026-09-30T14:36:44Z INFO [234/500] 1d1470a6-f899-4080-90d7-de15a023ee5b: 20 internal nodes; 0.3 s; peak memory 172 MiB.
2026-09-30T14:36:44Z INFO [235/500] 1d149408-7642-4de2-853f-a9e7edba48bc: 11 internal nodes; 0.3 s; peak memory 172 MiB.
2026-09-30T14:36:46Z INFO [236/500] 1d14942d-ee29-41b7-b6cd-3d6428454ecc: 42 internal nodes; 1.3 s; peak memory 172 MiB.
2026-09-30T14:36:46Z INFO [237/500] 1d151e15-c03b-4620-9b25-12e585908663: 17 internal nodes; 0.5 s; peak memory 172 MiB.
2026-09-30T14:36:46Z INFO [238/500] 1d15e7bc-2d2d-4808-9efc-129d289534de: 18 internal nodes; 0.4 s; peak memory 172 MiB.
2026-09-30T14:36:47Z INFO [239/500] 1d1669cd-c3e0-4cc1-a1b8-1bfc75de2d55: 27 internal nodes; 0.5 s; peak memory 172 MiB.
2026-09-30T14:36:47Z INFO [240/500] 1d16a7f0-74e2-4713-b521-72f65a14e6aa: 27 internal nodes; 0.6 s; peak memory 172 MiB.
2026-09-30T14:36:58Z INFO [241/500] 1d174ea3-f4e8-4ab3-8c8f-67b637a00ceb: 107 internal nodes; 10.4 s; peak memory 172 MiB.
2026-09-30T14:36:58Z INFO [242/500] 1d1788ff-11c6-4c9c-97d5-3b987b72698e: 17 internal nodes; 0.6 s; peak memory 172 MiB.
2026-09-30T14:36:59Z INFO [243/500] 1d180bd4-cf1f-4509-99cf-9660fb487aec: 17 internal nodes; 0.5 s; peak memory 172 MiB.
2026-09-30T14:37:00Z INFO [244/500] 1d194dc1-c9a0-4819-9172-249696d8c51e: 67 internal nodes; 0.8 s; peak memory 172 MiB.
2026-09-30T14:37:00Z INFO [245/500] 1d195b95-d256-4bf6-b51c-2cf6f768d623: 63 internal nodes; 0.7 s; peak memory 172 MiB.
2026-09-30T14:37:01Z INFO [246/500] 1d19e6a3-dd7a-497c-9235-cd441d7434c1: 19 internal nodes; 0.7 s; peak memory 172 MiB.
2026-09-30T14:37:02Z INFO [247/500] 1d1ab247-601a-4967-a651-ffc041dc24ea: 17 internal nodes; 0.5 s; peak memory 172 MiB.
2026-09-30T14:37:02Z INFO [248/500] 1d1b2d93-6ab4-4a75-a35d-88969eb8582b: 27 internal nodes; 0.7 s; peak memory 172 MiB.
2026-09-30T14:37:03Z INFO [249/500] 1d1b61fa-3759-4d1f-ba90-df27cc511e05: 27 internal nodes; 0.5 s; peak memory 172 MiB.
2026-09-30T14:37:03Z INFO [250/500] 1d1b97c1-bd4f-40f4-b765-76977988ef0a: 58 internal nodes; 0.7 s; peak memory 172 MiB.
2026-09-30T14:37:04Z INFO [250/500] 1d1b97c1-bd4f-40f4-b765-76977988ef0a: checkpointed 60152 records.
2026-09-30T14:37:04Z INFO [251/500] 1d1e30ef-b182-4566-aea6-e76faa4dc7a4: 24 internal nodes; 0.4 s; peak memory 172 MiB.
2026-09-30T14:37:05Z INFO [252/500] 1d1ef16f-8963-4a7e-99fe-ac24267c1b38: 30 internal nodes; 0.9 s; peak memory 172 MiB.
2026-09-30T14:37:06Z INFO [253/500] 1d1f2340-11c3-4c15-a28d-6614c06aa1c2: 40 internal nodes; 1.2 s; peak memory 172 MiB.
2026-09-30T14:37:07Z INFO [254/500] 1d207737-d312-4f6e-a36c-6a5d2f959488: 27 internal nodes; 0.5 s; peak memory 172 MiB.
2026-09-30T14:37:11Z INFO [255/500] 1d2093ad-a67c-4ab8-b3eb-7851b9718055: 1511 internal nodes; 4.5 s; peak memory 192 MiB.
2026-09-30T14:37:14Z INFO [256/500] 1d211211-1807-4da1-a7f4-8c5d54bc3923: 43 internal nodes; 2.9 s; peak memory 192 MiB.
2026-09-30T14:37:15Z INFO [257/500] 1d225eb1-2e04-472e-96aa-89bb14c77715: 27 internal nodes; 0.7 s; peak memory 192 MiB.
2026-09-30T14:37:16Z INFO [258/500] 1d2337f2-2e53-4cca-b0ea-56832e51182e: 31 internal nodes; 1.0 s; peak memory 192 MiB.
2026-09-30T14:37:16Z INFO [259/500] 1d24da57-eda7-4f81-8dd4-0ec434c5f74d: 17 internal nodes; 0.5 s; peak memory 192 MiB.
2026-09-30T14:37:17Z INFO [260/500] 1d250bd2-1bde-441e-bcc6-c582531809bb: 27 internal nodes; 0.7 s; peak memory 192 MiB.
2026-09-30T14:37:20Z INFO [261/500] 1d258732-a70b-4f40-b428-457e71e6b9e8: 111 internal nodes; 2.9 s; peak memory 192 MiB.
2026-09-30T14:37:20Z INFO [262/500] 1d26dd21-7fd1-4d18-ba26-143e3ac51152: 115 internal nodes; 0.5 s; peak memory 192 MiB.
2026-09-30T14:37:21Z INFO [263/500] 1d2760ec-09f5-4394-befc-f33a97d9e6ce: 31 internal nodes; 0.8 s; peak memory 192 MiB.
2026-09-30T14:37:22Z INFO [264/500] 1d279127-bd5a-4e34-9eb4-d08075550f7e: 27 internal nodes; 0.6 s; peak memory 192 MiB.
2026-09-30T14:37:27Z INFO [265/500] 1d2963f8-d7c4-4e26-9260-da2120a4dd5f: 1676 internal nodes; 5.2 s; peak memory 201 MiB.
2026-09-30T14:37:28Z INFO [266/500] 1d29719d-fa70-40c0-bb0f-3ecd91fb1124: 24 internal nodes; 0.8 s; peak memory 201 MiB.
2026-09-30T14:37:28Z INFO [267/500] 1d29d50e-5553-44b2-8b9f-b259c54a7b51: 27 internal nodes; 0.6 s; peak memory 201 MiB.
2026-09-30T14:37:29Z INFO [268/500] 1d2bd393-b141-447c-9a3a-d6a475d32769: 24 internal nodes; 0.9 s; peak memory 201 MiB.
2026-09-30T14:37:31Z INFO [269/500] 1d2bdabd-e529-4617-9b41-1d93ff7c35e3: 57 internal nodes; 2.1 s; peak memory 201 MiB.
2026-09-30T14:37:32Z INFO [270/500] 1d2ce440-70af-4c02-815b-e3589e0ba4ac: 27 internal nodes; 0.6 s; peak memory 201 MiB.
2026-09-30T14:37:33Z INFO [271/500] 1d2d0ef0-99ae-47d9-b4ff-219d2ba65e46: 59 internal nodes; 0.7 s; peak memory 201 MiB.
2026-09-30T14:37:39Z INFO [272/500] 1d2d18b8-d275-4826-8135-9f641e69ae20: 71 internal nodes; 6.3 s; peak memory 201 MiB.
2026-09-30T14:37:40Z INFO [273/500] 1d2d25df-f8f7-4662-bf09-807e819503a8: 31 internal nodes; 0.7 s; peak memory 201 MiB.
2026-09-30T14:37:41Z INFO [274/500] 1d2d8359-1979-46f5-a8f6-ccc66803fc56: 44 internal nodes; 1.4 s; peak memory 201 MiB.
2026-09-30T14:37:41Z INFO [275/500] 1d2dbc63-3d46-43eb-9adf-a11e74d40827: 17 internal nodes; 0.6 s; peak memory 201 MiB.
2026-09-30T14:37:44Z INFO [276/500] 1d2e17fe-b4b3-4a75-8383-07705db540b6: 121 internal nodes; 2.4 s; peak memory 201 MiB.
2026-09-30T14:37:47Z INFO [277/500] 1d2e1c06-e4a9-4bfd-8e2a-43a37f1d0916: 177 internal nodes; 3.2 s; peak memory 201 MiB.
2026-09-30T14:37:51Z INFO [278/500] 1d2e2c12-a356-49f4-9143-8acb601a3a36: 177 internal nodes; 4.0 s; peak memory 201 MiB.
2026-09-30T14:37:52Z INFO [279/500] 1d2eb54a-9e30-4851-a04d-8cfd3d5335b0: 21 internal nodes; 0.6 s; peak memory 201 MiB.
2026-09-30T14:37:53Z INFO [280/500] 1d2eeab4-5861-4ab2-ac90-d372b07b6068: 72 internal nodes; 1.2 s; peak memory 201 MiB.
2026-09-30T14:37:54Z INFO [281/500] 1d2ef3db-c4e5-40b9-acc8-ce31b5e05e2b: 44 internal nodes; 1.5 s; peak memory 201 MiB.
2026-09-30T14:37:55Z INFO [282/500] 1d2fe2cb-d2bc-4ea8-8fcf-271a066dffef: 26 internal nodes; 0.8 s; peak memory 201 MiB.
2026-09-30T14:37:56Z INFO [283/500] 1d2fe5c6-d0ce-42a4-9a06-c6cc43e0b795: 31 internal nodes; 0.8 s; peak memory 201 MiB.
2026-09-30T14:37:56Z INFO [284/500] 1d2ff430-115b-486d-b331-19dbe6d22621: 15 internal nodes; 0.3 s; peak memory 201 MiB.
2026-09-30T14:37:57Z INFO [285/500] 1d3002bf-c389-40b8-8795-34b282480f3b: 27 internal nodes; 0.7 s; peak memory 201 MiB.
2026-09-30T14:37:57Z INFO [286/500] 1d3031af-2e09-469a-96e2-52cb2fb4178b: 17 internal nodes; 0.5 s; peak memory 201 MiB.
2026-09-30T14:37:58Z INFO [287/500] 1d3048a4-d35e-41d8-ae25-a25640815922: 25 internal nodes; 0.3 s; peak memory 201 MiB.
2026-09-30T14:37:58Z INFO [288/500] 1d30c942-4c02-478d-b8bc-1e256728856b: 22 internal nodes; 0.7 s; peak memory 201 MiB.
2026-09-30T14:38:03Z INFO [289/500] 1d31055e-c47c-4e37-9272-f8caa53aa0c0: 252 internal nodes; 4.7 s; peak memory 201 MiB.
2026-09-30T14:38:07Z INFO [290/500] 1d310e5b-e3bc-48fe-8dde-21c98a04e78f: 152 internal nodes; 3.6 s; peak memory 201 MiB.
2026-09-30T14:38:07Z INFO [291/500] 1d3119bb-f1c1-463e-ab9b-a24b89198c30: 27 internal nodes; 0.7 s; peak memory 201 MiB.
2026-09-30T14:38:09Z INFO [292/500] 1d313b95-39cb-44ed-9f22-39c8d25be4c9: 126 internal nodes; 1.7 s; peak memory 201 MiB.
2026-09-30T14:38:10Z INFO [293/500] 1d31400c-3550-4b85-a1ee-3a980146344b: 31 internal nodes; 0.6 s; peak memory 201 MiB.
2026-09-30T14:38:10Z INFO [294/500] 1d3220f5-034e-4c7a-ba7f-445433b5d067: 17 internal nodes; 0.5 s; peak memory 201 MiB.
2026-09-30T14:38:11Z INFO [295/500] 1d32a8e2-6cbd-4f6d-a11f-7939d6c3f7c9: 27 internal nodes; 0.5 s; peak memory 201 MiB.
2026-09-30T14:38:11Z INFO [296/500] 1d32c2c7-68e5-4723-80a7-782b463e2f36: 17 internal nodes; 0.5 s; peak memory 201 MiB.
2026-09-30T14:38:12Z INFO [297/500] 1d357c04-bfd9-46d5-abba-ac056496b0e8: 66 internal nodes; 1.4 s; peak memory 201 MiB.
2026-09-30T14:38:13Z INFO [298/500] 1d36cb6a-b65d-4e1c-b3d7-3e27e2a9a262: 11 internal nodes; 0.3 s; peak memory 201 MiB.
2026-09-30T14:38:13Z INFO [299/500] 1d3723e5-08a8-4e16-b206-ec6bcc4e61bb: 27 internal nodes; 0.6 s; peak memory 201 MiB.
2026-09-30T14:38:14Z INFO [300/500] 1d375bfa-d9c9-42ce-9202-2027e5cca4d5: 115 internal nodes; 0.6 s; peak memory 201 MiB.
2026-09-30T14:38:14Z INFO [300/500] 1d375bfa-d9c9-42ce-9202-2027e5cca4d5: checkpointed 60202 records.
2026-09-30T14:38:15Z INFO [301/500] 1d3783e0-0d38-42ed-ae98-435ed87c080c: 31 internal nodes; 0.6 s; peak memory 201 MiB.
2026-09-30T14:38:15Z INFO [302/500] 1d37ce02-4d90-4f63-9622-27102747b6b8: 58 internal nodes; 0.6 s; peak memory 201 MiB.
2026-09-30T14:38:17Z INFO [303/500] 1d3861fb-6903-4e5a-b34d-2829ad7c5779: 31 internal nodes; 1.9 s; peak memory 201 MiB.
2026-09-30T14:38:18Z INFO [304/500] 1d3994e4-72e8-4a65-9fe4-2658d9f6fa78: 29 internal nodes; 0.7 s; peak memory 201 MiB.
2026-09-30T14:38:19Z INFO [305/500] 1d39f83c-a6e8-457e-93c6-41d8907b5c0f: 44 internal nodes; 1.2 s; peak memory 201 MiB.
2026-09-30T14:38:20Z INFO [306/500] 1d39f8c5-43c7-429e-928a-7f4fbad0eadd: 18 internal nodes; 0.5 s; peak memory 201 MiB.
2026-09-30T14:38:20Z INFO [307/500] 1d3b03d0-0d6d-4173-b6c0-e19c9e2a0d08: 11 internal nodes; 0.3 s; peak memory 201 MiB.
2026-09-30T14:38:21Z INFO [308/500] 1d3b2275-39c2-4c55-8ebd-f3fea1030995: 17 internal nodes; 0.7 s; peak memory 201 MiB.
2026-09-30T14:38:22Z INFO [309/500] 1d3ba0f0-40a8-4518-941f-b38f1e01d437: 50 internal nodes; 1.4 s; peak memory 201 MiB.
2026-09-30T14:38:24Z INFO [310/500] 1d3bbf79-ba54-4c2b-b017-d2b57387edf9: 41 internal nodes; 2.3 s; peak memory 201 MiB.
2026-09-30T14:38:25Z INFO [311/500] 1d3c0b73-a1aa-4bae-bcdb-d5ab7fd81484: 13 internal nodes; 0.3 s; peak memory 201 MiB.
2026-09-30T14:38:25Z INFO [312/500] 1d3c3c6d-0bea-42aa-a5ce-95d029a4b6b6: 17 internal nodes; 0.5 s; peak memory 201 MiB.
2026-09-30T14:38:25Z INFO [313/500] 1d3cd867-65c4-407b-abd6-f6f949e6e12d: 13 internal nodes; 0.3 s; peak memory 201 MiB.
2026-09-30T14:38:26Z INFO [314/500] 1d3ceba3-d60d-45fa-acb2-80da40890675: 20 internal nodes; 0.3 s; peak memory 201 MiB.
2026-09-30T14:38:27Z INFO [315/500] 1d3cfb95-e5c8-4b93-8cf7-602df672ff7c: 42 internal nodes; 1.2 s; peak memory 201 MiB.
2026-09-30T14:38:28Z INFO [316/500] 1d3d10df-a836-4161-964a-a030bc1b66d0: 19 internal nodes; 0.7 s; peak memory 201 MiB.
2026-09-30T14:38:28Z INFO [317/500] 1d3e5f24-a023-4d99-98db-fb096cfefcbb: 27 internal nodes; 0.6 s; peak memory 201 MiB.
2026-09-30T14:38:29Z INFO [318/500] 1d3f05dd-7e1d-4d42-8287-149aa9bed922: 28 internal nodes; 0.5 s; peak memory 201 MiB.
2026-09-30T14:38:29Z INFO [319/500] 1d3f6f21-3140-4f44-82f7-aec7550d0aa3: 17 internal nodes; 0.5 s; peak memory 201 MiB.
2026-09-30T14:38:30Z INFO [320/500] 1d3f7379-e2f3-495d-a9cd-a0cc0f52cf4f: 19 internal nodes; 0.5 s; peak memory 201 MiB.
2026-09-30T14:38:34Z INFO [321/500] 1d40cf22-148a-4f14-94a8-ff442bb06af0: 63 internal nodes; 4.7 s; peak memory 201 MiB.
2026-09-30T14:38:35Z INFO [322/500] 1d418b23-9421-4b14-8410-4f0562bebf1c: 25 internal nodes; 0.5 s; peak memory 201 MiB.
2026-09-30T14:38:35Z INFO [323/500] 1d41f909-3824-4dfa-83a9-36976b82efdc: 22 internal nodes; 0.4 s; peak memory 201 MiB.
2026-09-30T14:38:42Z INFO [324/500] 1d420b60-9ace-4675-a60d-cb1a62eed03e: 2369 internal nodes; 7.1 s; peak memory 241 MiB.
2026-09-30T14:38:43Z INFO [325/500] 1d429383-9cfc-4580-ad4b-dd0c0273ece6: 17 internal nodes; 0.5 s; peak memory 241 MiB.
2026-09-30T14:38:43Z INFO [326/500] 1d42a063-4f9b-4fa1-a5c0-6bc5ac0e6a74: 17 internal nodes; 0.5 s; peak memory 241 MiB.
2026-09-30T14:38:44Z INFO [327/500] 1d42f191-d091-44ec-8cb5-e0e4a48c9d28: 31 internal nodes; 0.8 s; peak memory 241 MiB.
2026-09-30T14:38:47Z INFO [328/500] 1d431c4d-4f01-4ee1-94b1-ec3a1a6d15ad: 638 internal nodes; 2.7 s; peak memory 241 MiB.
2026-09-30T14:38:48Z INFO [329/500] 1d432ab1-13a1-428c-b377-0b6e39d6a3b4: 19 internal nodes; 0.6 s; peak memory 241 MiB.
2026-09-30T14:38:49Z INFO [330/500] 1d442189-4225-4714-a105-c5d0252b763e: 44 internal nodes; 1.0 s; peak memory 241 MiB.
2026-09-30T14:38:52Z INFO [331/500] 1d44a3ae-479b-4e13-b434-9489fbae9f35: 199 internal nodes; 3.4 s; peak memory 241 MiB.
2026-09-30T14:38:52Z INFO [332/500] 1d44ad02-26e1-4a6f-913b-1de541d62ad2: 24 internal nodes; 0.4 s; peak memory 241 MiB.
2026-09-30T14:38:58Z INFO [333/500] 1d44fa15-0395-4ad7-97ad-13986f2aa8ef: 134 internal nodes; 5.1 s; peak memory 241 MiB.
2026-09-30T14:38:58Z INFO [334/500] 1d453077-bb37-4f8f-a7a8-61e53e1564f9: 30 internal nodes; 0.9 s; peak memory 241 MiB.
2026-09-30T14:38:59Z INFO [335/500] 1d454e59-2964-4acf-9d84-c1d1b66923d3: 27 internal nodes; 0.6 s; peak memory 241 MiB.
2026-09-30T14:39:03Z INFO [336/500] 1d456034-4aff-4345-9946-71c6f99830bf: 233 internal nodes; 4.1 s; peak memory 241 MiB.
2026-09-30T14:39:04Z INFO [337/500] 1d4617e9-adc4-48e5-ae5e-f7f174c041f3: 27 internal nodes; 0.6 s; peak memory 241 MiB.
2026-09-30T14:39:05Z INFO [338/500] 1d476db8-8e11-452c-a5ef-2850ed06c707: 55 internal nodes; 1.4 s; peak memory 241 MiB.
2026-09-30T14:39:06Z INFO [339/500] 1d478925-3cb8-4ff4-9a10-6f802c0f4f8d: 27 internal nodes; 0.5 s; peak memory 241 MiB.
2026-09-30T14:39:10Z INFO [340/500] 1d47d22e-e5f4-475d-b746-da92bed98827: 182 internal nodes; 4.6 s; peak memory 241 MiB.
2026-09-30T14:39:11Z INFO [341/500] 1d48634e-988b-4d28-8534-ac36e42565ac: 17 internal nodes; 0.4 s; peak memory 241 MiB.
2026-09-30T14:39:11Z INFO [342/500] 1d48874d-84b7-4237-844e-126fb9b4122f: 17 internal nodes; 0.5 s; peak memory 241 MiB.
2026-09-30T14:39:12Z INFO [343/500] 1d498940-4565-411f-aa2e-c86414777a66: 31 internal nodes; 0.6 s; peak memory 241 MiB.
2026-09-30T14:39:12Z INFO [344/500] 1d49f01a-23ba-49ba-bfda-31883025b36a: 19 internal nodes; 0.6 s; peak memory 241 MiB.
2026-09-30T14:39:24Z INFO [345/500] 1d4a0329-c297-4991-b349-28fb9687ac17: 135 internal nodes; 11.6 s; peak memory 241 MiB.
2026-09-30T14:39:24Z INFO [346/500] 1d4a1fcd-b71d-4bcc-ad11-dfbd27d513e4: 11 internal nodes; 0.3 s; peak memory 241 MiB.
2026-09-30T14:39:25Z INFO [347/500] 1d4c50ae-a428-4b17-a66a-0785b081b942: 17 internal nodes; 0.7 s; peak memory 241 MiB.
2026-09-30T14:39:26Z INFO [348/500] 1d4c9793-e5e3-442f-8d84-3775d4805963: 42 internal nodes; 1.4 s; peak memory 241 MiB.
2026-09-30T14:39:27Z INFO [349/500] 1d4d119a-5229-4cc9-966f-0b7a5302550f: 31 internal nodes; 0.6 s; peak memory 241 MiB.
2026-09-30T14:39:27Z INFO [350/500] 1d4d4a4a-1871-470e-a906-84ae926a2105: 25 internal nodes; 0.5 s; peak memory 241 MiB.
2026-09-30T14:39:28Z INFO [350/500] 1d4d4a4a-1871-470e-a906-84ae926a2105: checkpointed 60252 records.
2026-09-30T14:39:29Z INFO [351/500] 1d4d62e5-fe10-4b73-b17e-0bf47be44f55: 59 internal nodes; 0.9 s; peak memory 241 MiB.
2026-09-30T14:39:30Z INFO [352/500] 1d4da3bb-34bf-4ec7-b052-c1420add6a55: 29 internal nodes; 0.9 s; peak memory 241 MiB.
2026-09-30T14:39:32Z INFO [353/500] 1d4e888e-af95-4f16-b92f-41d5834d9652: 177 internal nodes; 2.4 s; peak memory 241 MiB.
2026-09-30T14:39:32Z INFO [354/500] 1d4eeef9-bb18-44ef-920b-4dce85a44248: 17 internal nodes; 0.5 s; peak memory 241 MiB.
2026-09-30T14:39:33Z INFO [355/500] 1d4f9153-9f20-4ebe-bfa3-ae4b8b30552e: 27 internal nodes; 0.6 s; peak memory 241 MiB.
2026-09-30T14:39:34Z INFO [356/500] 1d503377-533b-43da-8710-e2b7458fe0c2: 31 internal nodes; 0.6 s; peak memory 241 MiB.
2026-09-30T14:39:34Z INFO [357/500] 1d50b4f2-a50e-4573-be6e-bbb40ed62064: 16 internal nodes; 0.4 s; peak memory 241 MiB.
2026-09-30T14:39:35Z INFO [358/500] 1d50ba69-99ca-414f-83e2-0d30f0606463: 31 internal nodes; 0.8 s; peak memory 241 MiB.
2026-09-30T14:39:36Z INFO [359/500] 1d50e425-9df2-478f-b431-526d7275c551: 27 internal nodes; 0.6 s; peak memory 241 MiB.
2026-09-30T14:39:38Z INFO [360/500] 1d515f8c-344a-492d-86dd-600f06b03eca: 177 internal nodes; 2.8 s; peak memory 241 MiB.
2026-09-30T14:39:39Z INFO [361/500] 1d5183b7-69e9-4adc-b2b6-47288535cb7a: 54 internal nodes; 0.8 s; peak memory 241 MiB.
2026-09-30T14:39:42Z INFO [362/500] 1d518d67-4c86-4e2f-8955-6e2c44407f86: 127 internal nodes; 2.8 s; peak memory 241 MiB.
2026-09-30T14:39:43Z INFO [363/500] 1d51a60a-2213-444c-a7c9-bb30dde9344f: 17 internal nodes; 0.5 s; peak memory 241 MiB.
2026-09-30T14:39:43Z INFO [364/500] 1d525b39-05e9-4738-9cea-f2dd2449df23: 90 internal nodes; 0.7 s; peak memory 241 MiB.
2026-09-30T14:39:44Z INFO [365/500] 1d526fd7-558a-4658-a059-bd4672bda0c5: 13 internal nodes; 0.4 s; peak memory 241 MiB.
2026-09-30T14:39:44Z INFO [366/500] 1d52d4e1-e0d8-4daa-90f3-d2c1013668e4: 26 internal nodes; 0.8 s; peak memory 241 MiB.
2026-09-30T14:39:45Z INFO [367/500] 1d53324e-3bc2-47f5-91f2-3af51f4179e3: 27 internal nodes; 0.5 s; peak memory 241 MiB.
2026-09-30T14:39:45Z INFO [368/500] 1d53a1d9-cc90-46a7-bfd7-0c92362ffe2c: 18 internal nodes; 0.4 s; peak memory 241 MiB.
2026-09-30T14:39:46Z INFO [369/500] 1d54360b-1b7f-41a9-8465-0d126836641f: 19 internal nodes; 0.5 s; peak memory 241 MiB.
2026-09-30T14:39:46Z INFO [370/500] 1d54b24d-5e5b-4e99-bd46-b80fc64b6cf4: 17 internal nodes; 0.5 s; peak memory 241 MiB.
2026-09-30T14:39:47Z INFO [371/500] 1d54b7c3-c774-4e44-87de-8e3ba1cb1f98: 17 internal nodes; 0.5 s; peak memory 241 MiB.
2026-09-30T14:39:47Z INFO [372/500] 1d5597b7-03ad-404e-833e-f33315c6bdf7: 91 internal nodes; 0.7 s; peak memory 241 MiB.
2026-09-30T14:39:48Z INFO [373/500] 1d55ac2f-9fa9-4234-9d3d-56b4a8d7b319: 27 internal nodes; 0.5 s; peak memory 241 MiB.
2026-09-30T14:39:48Z INFO [374/500] 1d55f9e4-f2a5-4870-88da-666cc14bc447: 17 internal nodes; 0.5 s; peak memory 241 MiB.
2026-09-30T14:39:49Z INFO [375/500] 1d573d6a-d9ac-4c72-885d-0cfba135999a: 53 internal nodes; 0.8 s; peak memory 241 MiB.
2026-09-30T14:39:56Z INFO [376/500] 1d57b654-76ac-4b77-8132-72d3568cde39: 445 internal nodes; 6.8 s; peak memory 241 MiB.
2026-09-30T14:39:57Z INFO [377/500] 1d57be3d-0f67-4df0-8608-673de9d3651a: 31 internal nodes; 1.1 s; peak memory 241 MiB.
2026-09-30T14:39:59Z INFO [378/500] 1d582b01-0c9e-4348-aaa1-d11cb8738b21: 44 internal nodes; 1.6 s; peak memory 241 MiB.
2026-09-30T14:39:59Z INFO [379/500] 1d58387d-ad61-47a7-9628-49e77e8f9999: 31 internal nodes; 0.6 s; peak memory 241 MiB.
2026-09-30T14:40:00Z INFO [380/500] 1d589199-d5ce-4363-8935-5a28fc206651: 22 internal nodes; 0.4 s; peak memory 241 MiB.
2026-09-30T14:40:00Z INFO [381/500] 1d59ff0e-12af-4c06-8483-d36b2fde10fb: 27 internal nodes; 0.6 s; peak memory 241 MiB.
2026-09-30T14:40:01Z INFO [382/500] 1d5a15f7-23bd-4160-8c78-f84271feec82: 24 internal nodes; 0.7 s; peak memory 241 MiB.
2026-09-30T14:40:02Z INFO [383/500] 1d5a96fd-3a83-43e7-b4a9-b937df250744: 23 internal nodes; 0.5 s; peak memory 241 MiB.
2026-09-30T14:40:02Z INFO [384/500] 1d5aa35e-672b-4c42-b9ce-b964fbbf98fb: 17 internal nodes; 0.6 s; peak memory 241 MiB.
2026-09-30T14:40:03Z INFO [385/500] 1d5abe7b-ed61-47f6-84a4-9ebb5fb3cc74: 30 internal nodes; 0.7 s; peak memory 241 MiB.
2026-09-30T14:40:03Z INFO [386/500] 1d5be81a-20c2-44ef-85f2-53c2c9454bd2: 17 internal nodes; 0.4 s; peak memory 241 MiB.
2026-09-30T14:40:04Z INFO [387/500] 1d5cfe53-3ca5-4b82-8150-07ee1228d79b: 11 internal nodes; 0.3 s; peak memory 241 MiB.
2026-09-30T14:40:05Z INFO [388/500] 1d5d07fa-2060-4962-970c-8f8dd80255fe: 44 internal nodes; 1.3 s; peak memory 241 MiB.
2026-09-30T14:40:06Z INFO [389/500] 1d5d5054-c764-46dc-b7ca-a6ad5b8de16c: 45 internal nodes; 1.4 s; peak memory 241 MiB.
2026-09-30T14:40:07Z INFO [390/500] 1d5d6811-565c-4e85-8144-166ad80df624: 90 internal nodes; 0.7 s; peak memory 241 MiB.
2026-09-30T14:40:08Z INFO [391/500] 1d5eaaec-3dd9-427b-8dd7-ae0a10167bdf: 27 internal nodes; 0.7 s; peak memory 241 MiB.
2026-09-30T14:40:08Z INFO [392/500] 1d5ec7ea-301a-49b1-a68e-5f3dcda1ca96: 11 internal nodes; 0.3 s; peak memory 241 MiB.
2026-09-30T14:40:09Z INFO [393/500] 1d5ed6c0-2523-45ef-b1a9-8e20e3bbd6ec: 27 internal nodes; 0.6 s; peak memory 241 MiB.
2026-09-30T14:40:09Z INFO [394/500] 1d5f8e7f-4c56-4b21-aa2e-1c89e78beaa4: 17 internal nodes; 0.6 s; peak memory 241 MiB.
2026-09-30T14:40:10Z INFO [395/500] 1d5fb413-f8a4-4f1a-bd07-420c8fbe85d3: 17 internal nodes; 0.4 s; peak memory 241 MiB.
2026-09-30T14:40:10Z INFO [396/500] 1d613cf1-8fb7-4caa-bf93-73f06c2085eb: 31 internal nodes; 0.6 s; peak memory 241 MiB.
2026-09-30T14:40:11Z INFO [397/500] 1d62399a-415d-457b-9b1d-60660973584a: 19 internal nodes; 0.5 s; peak memory 241 MiB.
2026-09-30T14:40:13Z INFO [398/500] 1d62ddea-b5fd-4bba-8a82-1aec2dd8feee: 123 internal nodes; 2.7 s; peak memory 241 MiB.
2026-09-30T14:40:14Z INFO [399/500] 1d633ead-e611-483a-9062-98085250f740: 31 internal nodes; 0.7 s; peak memory 241 MiB.
2026-09-30T14:40:17Z INFO [400/500] 1d635f26-413f-48cb-baa9-7c43a9b23390: 73 internal nodes; 3.3 s; peak memory 241 MiB.
2026-09-30T14:40:18Z INFO [400/500] 1d635f26-413f-48cb-baa9-7c43a9b23390: checkpointed 60302 records.
2026-09-30T14:40:18Z INFO [401/500] 1d63f825-ec5e-4c41-a1e0-5e09e6eba7fe: 31 internal nodes; 0.7 s; peak memory 241 MiB.
2026-09-30T14:40:23Z INFO [402/500] 1d6454fa-e661-4c04-98f1-2f9a4749afe3: 180 internal nodes; 4.3 s; peak memory 241 MiB.
2026-09-30T14:40:23Z INFO [403/500] 1d649f55-5c71-4292-84cd-1fb4614b0807: 27 internal nodes; 0.7 s; peak memory 241 MiB.
2026-09-30T14:40:24Z INFO [404/500] 1d64e925-162b-442e-9f18-808c0bd99b86: 27 internal nodes; 0.6 s; peak memory 241 MiB.
2026-09-30T14:40:25Z INFO [405/500] 1d6521e5-3a7d-4459-8693-65511343ef12: 18 internal nodes; 0.7 s; peak memory 241 MiB.
2026-09-30T14:40:25Z INFO [406/500] 1d673d62-f186-4e45-9c08-85ee5a4ce2cb: 13 internal nodes; 0.4 s; peak memory 241 MiB.
2026-09-30T14:40:26Z INFO [407/500] 1d6808b8-36b2-4b63-94c1-0404eeb82a91: 69 internal nodes; 0.9 s; peak memory 241 MiB.
2026-09-30T14:40:27Z INFO [408/500] 1d688865-bffe-41db-8e72-0430a00aa6ca: 44 internal nodes; 1.0 s; peak memory 241 MiB.
2026-09-30T14:40:27Z INFO [409/500] 1d68a9b4-effd-4fff-8993-25aef963692b: 19 internal nodes; 0.4 s; peak memory 241 MiB.
2026-09-30T14:40:28Z INFO [410/500] 1d68bcbf-30c7-42bc-b1cb-b909a0974213: 17 internal nodes; 0.5 s; peak memory 241 MiB.
2026-09-30T14:40:29Z INFO [411/500] 1d68f6e6-f25a-4927-8156-d420bcb20340: 56 internal nodes; 1.1 s; peak memory 241 MiB.
2026-09-30T14:40:30Z INFO [412/500] 1d69f860-3cd4-4e53-a521-f9ba4b2e5a77: 47 internal nodes; 1.1 s; peak memory 241 MiB.
2026-09-30T14:40:34Z INFO [413/500] 1d6a05ce-8c45-45af-af5d-425c2eb7e1ce: 114 internal nodes; 4.4 s; peak memory 241 MiB.
2026-09-30T14:40:35Z INFO [414/500] 1d6a6751-e7e5-416d-a077-82ba6cd0feb6: 83 internal nodes; 0.5 s; peak memory 241 MiB.
2026-09-30T14:40:35Z INFO [415/500] 1d6b1aac-87e2-4c9c-88a9-1b3e2a2b65b7: 19 internal nodes; 0.4 s; peak memory 241 MiB.
2026-09-30T14:40:36Z INFO [416/500] 1d6b2d1b-e5ff-4ec0-a7a0-b930cbda61f4: 27 internal nodes; 0.6 s; peak memory 241 MiB.
2026-09-30T14:40:37Z INFO [417/500] 1d6b46c3-4536-4075-9e6b-542953d615d4: 18 internal nodes; 0.7 s; peak memory 241 MiB.
2026-09-30T14:40:40Z INFO [418/500] 1d6ba10e-2a82-4c7d-8e52-0f58f48fde45: 62 internal nodes; 3.1 s; peak memory 241 MiB.
2026-09-30T14:40:44Z INFO [419/500] 1d6be3eb-9563-494b-bff8-272e81e5fdd8: 115 internal nodes; 4.3 s; peak memory 241 MiB.
2026-09-30T14:40:45Z INFO [420/500] 1d6c511a-c333-431d-95af-9d761a3b3500: 31 internal nodes; 0.8 s; peak memory 241 MiB.
2026-09-30T14:40:45Z INFO [421/500] 1d6c6e84-0d2f-4f30-9f61-87cc73616120: 25 internal nodes; 0.5 s; peak memory 241 MiB.
2026-09-30T14:40:49Z INFO [422/500] 1d6cac8d-ca41-4927-a2fc-7c73303f580b: 186 internal nodes; 3.3 s; peak memory 241 MiB.
2026-09-30T14:40:53Z INFO [423/500] 1d6d925d-24f5-48f2-aaf9-6d7f02aa047b: 61 internal nodes; 4.0 s; peak memory 241 MiB.
2026-09-30T14:40:53Z INFO [424/500] 1d6e8847-ba26-44a3-be5c-140dfb41762f: 63 internal nodes; 0.7 s; peak memory 241 MiB.
2026-09-30T14:40:54Z INFO [425/500] 1d6eaa52-34cb-49fe-ad33-54753b54c6a9: 44 internal nodes; 1.1 s; peak memory 241 MiB.
2026-09-30T14:40:55Z INFO [426/500] 1d70c231-a433-4648-8b66-61cde326a7f6: 31 internal nodes; 0.6 s; peak memory 241 MiB.
2026-09-30T14:40:59Z INFO [427/500] 1d710ca9-ef93-41fb-adf3-4aa2b274da03: 114 internal nodes; 4.2 s; peak memory 241 MiB.
2026-09-30T14:41:00Z INFO [428/500] 1d718573-2b50-43b2-a559-27783ab81deb: 17 internal nodes; 0.6 s; peak memory 241 MiB.
2026-09-30T14:41:01Z INFO [429/500] 1d72dd64-4218-413a-a922-79ff847f9e2b: 23 internal nodes; 0.7 s; peak memory 241 MiB.
2026-09-30T14:41:04Z INFO [430/500] 1d734781-d93d-4e77-aaf8-9a2127f0be7b: 70 internal nodes; 3.1 s; peak memory 241 MiB.
2026-09-30T14:41:04Z INFO [431/500] 1d7358cb-c5c1-4f46-bb69-d50606c6d880: 17 internal nodes; 0.7 s; peak memory 241 MiB.
2026-09-30T14:41:05Z INFO [432/500] 1d73ae6f-0546-44a3-a79e-09e5b0a2c3c3: 27 internal nodes; 0.6 s; peak memory 241 MiB.
2026-09-30T14:41:05Z INFO [433/500] 1d73f19f-060f-4c67-a764-e2e6ceeb6b48: 23 internal nodes; 0.4 s; peak memory 241 MiB.
2026-09-30T14:41:08Z INFO [434/500] 1d7427ef-c71b-4525-ac37-400653099061: 112 internal nodes; 2.5 s; peak memory 241 MiB.
2026-09-30T14:41:08Z INFO [435/500] 1d750540-a536-470c-9575-b7a49dd8ade8: 26 internal nodes; 0.5 s; peak memory 241 MiB.
2026-09-30T14:41:08Z INFO [436/500] 1d7508e8-9fa6-485c-92c3-ced520d94e70: 6 internal nodes; 0.3 s; peak memory 241 MiB.
2026-09-30T14:41:09Z INFO [437/500] 1d753699-cd5b-4de3-a919-0c087b2da245: 17 internal nodes; 0.5 s; peak memory 241 MiB.
2026-09-30T14:41:10Z INFO [438/500] 1d756f1c-edc2-4a8c-920c-b7abb0ebea9e: 31 internal nodes; 0.6 s; peak memory 241 MiB.
2026-09-30T14:41:10Z INFO [439/500] 1d7576d3-a947-4784-aa96-8f90df09ffa1: 19 internal nodes; 0.5 s; peak memory 241 MiB.
2026-09-30T14:41:11Z INFO [440/500] 1d75a502-223e-45db-b46c-e37a350028f6: 19 internal nodes; 0.6 s; peak memory 241 MiB.
2026-09-30T14:41:11Z INFO [441/500] 1d76f3df-aab6-4f04-9e58-f509fcf6d77d: 17 internal nodes; 0.5 s; peak memory 241 MiB.
2026-09-30T14:41:12Z INFO [442/500] 1d77ac9a-804c-4035-8e87-6ee78cd5108b: 26 internal nodes; 0.3 s; peak memory 241 MiB.
2026-09-30T14:41:12Z INFO [443/500] 1d784572-d1e1-41cf-b6ea-fbd60982c115: 27 internal nodes; 0.5 s; peak memory 241 MiB.
2026-09-30T14:41:13Z INFO [444/500] 1d78aa67-90f3-4e8d-a10d-bcf8e75d221a: 58 internal nodes; 0.9 s; peak memory 241 MiB.
2026-09-30T14:41:15Z INFO [445/500] 1d790c5e-8270-4575-b921-13c12ee5f5d3: 40 internal nodes; 1.8 s; peak memory 241 MiB.
2026-09-30T14:41:17Z INFO [446/500] 1d7a21d6-2013-4628-a9a1-86454cef8172: 139 internal nodes; 2.3 s; peak memory 241 MiB.
2026-09-30T14:41:21Z INFO [447/500] 1d7b8279-14b8-409b-90e4-6f4bb5c93e49: 178 internal nodes; 4.0 s; peak memory 241 MiB.
2026-09-30T14:41:22Z INFO [448/500] 1d7bc871-fc6f-421c-9bc2-92ef2b5d6b27: 13 internal nodes; 0.7 s; peak memory 241 MiB.
2026-09-30T14:41:22Z INFO [449/500] 1d7c5296-d093-4d98-85a4-6883f1702b21: 19 internal nodes; 0.4 s; peak memory 241 MiB.
2026-09-30T14:41:23Z INFO [450/500] 1d7c8be6-eae1-4f51-a3d8-a241f8cd0289: 27 internal nodes; 0.5 s; peak memory 241 MiB.
2026-09-30T14:41:23Z INFO [450/500] 1d7c8be6-eae1-4f51-a3d8-a241f8cd0289: checkpointed 60352 records.
2026-09-30T14:41:26Z INFO [451/500] 1d7ce8c9-b150-43a5-9a9e-8c9251bdfef9: 172 internal nodes; 3.2 s; peak memory 241 MiB.
2026-09-30T14:41:27Z INFO [452/500] 1d7d82c4-f26e-4c73-8d1c-ead55cdff720: 25 internal nodes; 0.5 s; peak memory 241 MiB.
2026-09-30T14:41:28Z INFO [453/500] 1d7dc8bf-c7cd-46fe-9c16-eb76a1228680: 56 internal nodes; 1.2 s; peak memory 241 MiB.
2026-09-30T14:41:30Z INFO [454/500] 1d7e8344-7099-47f0-932e-f4c7621152c0: 146 internal nodes; 2.4 s; peak memory 241 MiB.
2026-09-30T14:41:33Z INFO [455/500] 1d7f318a-9d8f-4416-b44f-c54f5747176c: 177 internal nodes; 2.9 s; peak memory 241 MiB.
2026-09-30T14:41:34Z INFO [456/500] 1d7f4c7e-4395-494c-b7b4-b25090992267: 31 internal nodes; 0.8 s; peak memory 241 MiB.
2026-09-30T14:41:35Z INFO [457/500] 1d7fc91b-a00c-4050-8570-e37b2aea8d5a: 27 internal nodes; 0.5 s; peak memory 241 MiB.
2026-09-30T14:41:35Z INFO [458/500] 1d7fdf30-2284-4329-ac16-59307d54401b: 17 internal nodes; 0.6 s; peak memory 241 MiB.
2026-09-30T14:41:36Z INFO [459/500] 1d819d78-4596-41ec-8f1f-951d8b852c4c: 17 internal nodes; 0.4 s; peak memory 241 MiB.
2026-09-30T14:41:38Z INFO [460/500] 1d81de90-bb86-4ce8-a400-98591f8707a4: 106 internal nodes; 2.0 s; peak memory 241 MiB.
2026-09-30T14:41:40Z INFO [461/500] 1d81e01f-a073-4bf5-8553-677acac0af01: 73 internal nodes; 2.7 s; peak memory 241 MiB.
2026-09-30T14:41:41Z INFO [462/500] 1d81ea64-9404-465c-98ce-12708cb97a0e: 17 internal nodes; 0.5 s; peak memory 241 MiB.
2026-09-30T14:41:42Z INFO [463/500] 1d81f79f-fb05-436f-ae97-ace540520119: 38 internal nodes; 0.7 s; peak memory 241 MiB.
2026-09-30T14:41:42Z INFO [464/500] 1d823e46-f223-491b-ae52-d65b867a0ec8: 27 internal nodes; 0.6 s; peak memory 241 MiB.
2026-09-30T14:41:43Z INFO [465/500] 1d82aba8-f176-4b47-a2d4-36910693b048: 16 internal nodes; 0.4 s; peak memory 241 MiB.
2026-09-30T14:41:43Z INFO [466/500] 1d83799b-0815-4e35-9ec1-dd5f20ffe031: 11 internal nodes; 0.3 s; peak memory 241 MiB.
2026-09-30T14:41:43Z INFO [467/500] 1d85a177-5b31-45a0-9feb-5372c32e75d3: 29 internal nodes; 0.5 s; peak memory 241 MiB.
2026-09-30T14:41:48Z INFO [468/500] 1d86df76-3bb3-421c-9d95-02f6db042fc2: 318 internal nodes; 4.4 s; peak memory 241 MiB.
2026-09-30T14:42:03Z INFO [469/500] 1d87237c-2ee0-4212-9731-c27125634745: 2905 internal nodes; 15.5 s; peak memory 265 MiB.
2026-09-30T14:42:04Z INFO [470/500] 1d87bd32-315a-4f1e-9e74-24f3fcdeb4e1: 29 internal nodes; 0.9 s; peak memory 265 MiB.
2026-09-30T14:42:05Z INFO [471/500] 1d889599-abfa-4f1a-865f-b499c9c695d1: 44 internal nodes; 1.2 s; peak memory 265 MiB.
2026-09-30T14:42:08Z INFO [472/500] 1d88a99f-53be-4b78-963b-c308836ef1bb: 73 internal nodes; 3.0 s; peak memory 265 MiB.
2026-09-30T14:42:09Z INFO [473/500] 1d892e63-8c7a-4aad-997b-f197d88dfc33: 27 internal nodes; 0.5 s; peak memory 265 MiB.
2026-09-30T14:42:09Z INFO [474/500] 1d898af5-0699-414b-a3ed-f3f85b52093b: 27 internal nodes; 0.5 s; peak memory 265 MiB.
2026-09-30T14:42:11Z INFO [475/500] 1d89953a-09a8-4fe8-b454-224d06bc6454: 44 internal nodes; 1.3 s; peak memory 265 MiB.
2026-09-30T14:42:11Z INFO [476/500] 1d89bdbe-4576-470c-96a2-43d3e05e1214: 17 internal nodes; 0.5 s; peak memory 265 MiB.
2026-09-30T14:42:14Z INFO [477/500] 1d8a6b60-df0b-4d89-8f81-d5279d9b9ebe: 73 internal nodes; 3.2 s; peak memory 265 MiB.
2026-09-30T14:42:19Z INFO [478/500] 1d8aafbf-7db6-4c50-ac40-c6a4033fca39: 94 internal nodes; 5.1 s; peak memory 265 MiB.
2026-09-30T14:42:20Z INFO [479/500] 1d8b3392-c817-48f3-b58f-8901b2398599: 116 internal nodes; 0.6 s; peak memory 265 MiB.
2026-09-30T14:42:21Z INFO [480/500] 1d8c46cd-a534-47fb-ac14-4292b0621026: 13 internal nodes; 0.5 s; peak memory 265 MiB.
2026-09-30T14:42:21Z INFO [481/500] 1d8d788d-09ae-4613-ac06-303d771f51f7: 27 internal nodes; 0.4 s; peak memory 265 MiB.
2026-09-30T14:42:22Z INFO [482/500] 1d8d98bd-ff4e-47e8-98f0-4347af4fe947: 27 internal nodes; 0.6 s; peak memory 265 MiB.
2026-09-30T14:42:22Z INFO [483/500] 1d8e1cdd-d996-4f9c-82c7-7ca9fa521f40: 29 internal nodes; 0.9 s; peak memory 265 MiB.
2026-09-30T14:42:24Z INFO [484/500] 1d902be6-6e3b-4d38-aca0-a4c72da61d12: 44 internal nodes; 1.5 s; peak memory 265 MiB.
2026-09-30T14:42:25Z INFO [485/500] 1d91d1d9-aa2d-48bc-ab77-154150399974: 27 internal nodes; 0.6 s; peak memory 265 MiB.
2026-09-30T14:42:25Z INFO [486/500] 1d91f15a-ce18-498d-9ab8-15b054035454: 11 internal nodes; 0.3 s; peak memory 265 MiB.
2026-09-30T14:42:26Z INFO [487/500] 1d92799d-a045-40df-917b-9db4a38c1e19: 31 internal nodes; 0.8 s; peak memory 265 MiB.
2026-09-30T14:42:26Z INFO [488/500] 1d92b611-877e-471a-9698-fa22ddcd7c99: 28 internal nodes; 0.5 s; peak memory 265 MiB.
2026-09-30T14:42:27Z INFO [489/500] 1d933906-c5cb-47db-9e14-0ed0c37e90b5: 19 internal nodes; 0.5 s; peak memory 265 MiB.
2026-09-30T14:42:27Z INFO [490/500] 1d935650-db01-4edc-804c-1cd17d008d1e: 27 internal nodes; 0.6 s; peak memory 265 MiB.
2026-09-30T14:42:28Z INFO [491/500] 1d93dcfd-a984-4260-b382-c31455397f26: 61 internal nodes; 0.8 s; peak memory 265 MiB.
2026-09-30T14:42:29Z INFO [492/500] 1d94126b-f500-4111-bc6c-ed29c8de16b4: 31 internal nodes; 0.6 s; peak memory 265 MiB.
2026-09-30T14:42:29Z INFO [493/500] 1d94c5c0-36a6-459e-a7cb-8292142ea45d: 29 internal nodes; 0.8 s; peak memory 265 MiB.
2026-09-30T14:42:30Z INFO [494/500] 1d94f1aa-3a08-425e-b52a-71977babf1b3: 11 internal nodes; 0.3 s; peak memory 265 MiB.
2026-09-30T14:42:30Z INFO [495/500] 1d94f728-3a5b-420c-8da3-9c147c728986: 27 internal nodes; 0.6 s; peak memory 265 MiB.
2026-09-30T14:42:34Z INFO [496/500] 1d956344-61d2-44fe-8384-5cf6c42c88ff: 66 internal nodes; 3.7 s; peak memory 265 MiB.
2026-09-30T14:42:35Z INFO [497/500] 1d95f47a-90be-4b87-bf0a-84f674179b21: 17 internal nodes; 0.6 s; peak memory 265 MiB.
2026-09-30T14:42:35Z INFO [498/500] 1d96506f-15a1-4a25-be47-fa72c7f12846: 17 internal nodes; 0.5 s; peak memory 265 MiB.
2026-09-30T14:42:36Z INFO [499/500] 1d9790f4-3ead-403e-a871-47412101d81d: 22 internal nodes; 0.7 s; peak memory 265 MiB.
2026-09-30T14:42:37Z INFO [500/500] 1d97efd3-152b-471d-9033-2e08589b8fe3: 65 internal nodes; 0.9 s; peak memory 265 MiB.
2026-09-30T14:42:37Z INFO [500/500] 1d97efd3-152b-471d-9033-2e08589b8fe3: checkpointed 60402 records.
2026-09-30T14:42:37Z INFO Wrote 60402 records to /tmp/derivatives/valid_nwb_file_to_out_degrees.jsonl (491 new, 9 failed) in 11.0 min (peak memory 265 MiB).
