2026-09-23T13:11:35Z INFO Logging to /tmp/logs/update_2026-09-23T13-11-35Z.log.
2026-09-23T13:11:35Z INFO Update valid-nwb-file-to-out-degrees (base directory /tmp).
2026-09-23T13:11:36Z INFO Processing 500 items (52992 already recorded).
2026-09-23T13:11:38Z WARNING 024ef50f-ac6f-49ea-806b-93ef4b5e8644: failed while reading the NWB file (KeyError: 'Unable to synchronously open object (component not found)')
2026-09-23T13:11:38Z WARNING [1/500] 024ef50f-ac6f-49ea-806b-93ef4b5e8644: leaving unrecorded for a later run to retry.
2026-09-23T13:11:39Z INFO [2/500] 03cdc3ac-ee4a-4073-996f-67362a1e8905: 23 internal nodes; 1.6 s; peak memory 113 MiB.
2026-09-23T13:11:41Z WARNING 09073220-fbea-45d2-9a39-2cc61fcdc2a1: failed while reading the NWB file (KeyError: 'Unable to synchronously open object (component not found)')
2026-09-23T13:11:41Z WARNING [3/500] 09073220-fbea-45d2-9a39-2cc61fcdc2a1: leaving unrecorded for a later run to retry.
2026-09-23T13:11:43Z WARNING 0dec427d-4db4-44c3-988a-c37959ceaff3: failed while reading the NWB file (KeyError: 'Unable to synchronously open object (component not found)')
2026-09-23T13:11:43Z WARNING [4/500] 0dec427d-4db4-44c3-988a-c37959ceaff3: leaving unrecorded for a later run to retry.
2026-09-23T13:11:46Z INFO [5/500] 0e716bcf-d523-4825-a874-8fe69dfc0527: 44 internal nodes; 3.2 s; peak memory 119 MiB.
2026-09-23T13:11:47Z INFO [6/500] 0e718c7a-054c-4dbc-9460-032d78886ce2: 19 internal nodes; 1.3 s; peak memory 119 MiB.
2026-09-23T13:11:48Z INFO [7/500] 0e7193fa-d196-4c5b-85df-285586231781: 17 internal nodes; 1.0 s; peak memory 119 MiB.
2026-09-23T13:11:50Z INFO [8/500] 0e72b50e-929d-4ea9-8e5a-816d1b03e2e2: 31 internal nodes; 1.4 s; peak memory 120 MiB.
2026-09-23T13:11:51Z INFO [9/500] 0e7317b5-f4b7-4255-8ece-11ace8be15d1: 17 internal nodes; 1.1 s; peak memory 120 MiB.
2026-09-23T13:11:53Z INFO [10/500] 0e733d9f-8738-4da3-9144-98a2948af7aa: 37 internal nodes; 1.9 s; peak memory 120 MiB.
2026-09-23T13:11:54Z INFO [11/500] 0e747274-378b-4075-88c2-263d72d8a622: 26 internal nodes; 1.9 s; peak memory 120 MiB.
2026-09-23T13:11:56Z INFO [12/500] 0e7489dc-e3e5-48e1-bc8d-5fe40910b3f4: 18 internal nodes; 1.5 s; peak memory 120 MiB.
2026-09-23T13:11:57Z INFO [13/500] 0e75489e-5aa8-486f-827a-a04d2343f4d9: 11 internal nodes; 1.0 s; peak memory 120 MiB.
2026-09-23T13:11:59Z INFO [14/500] 0e75f14e-fde4-4cfa-8702-84d418c7f0b3: 29 internal nodes; 2.2 s; peak memory 121 MiB.
2026-09-23T13:12:00Z INFO [15/500] 0e75f291-d597-4d5f-b8f6-4f9d1c5b3a3f: 26 internal nodes; 0.8 s; peak memory 121 MiB.
2026-09-23T13:12:02Z INFO [16/500] 0e76b309-62f7-46df-814b-70e229bd1faa: 31 internal nodes; 1.9 s; peak memory 121 MiB.
2026-09-23T13:12:03Z INFO [17/500] 0e77308f-d211-4307-bc93-0e9accc5e842: 115 internal nodes; 1.5 s; peak memory 121 MiB.
2026-09-23T13:12:05Z INFO [18/500] 0e777e49-e6ae-49c8-a099-d6391bab6abd: 14 internal nodes; 1.4 s; peak memory 121 MiB.
2026-09-23T13:12:11Z INFO [19/500] 0e7796ac-b9f8-46ef-a25f-42585f4e424d: 73 internal nodes; 5.9 s; peak memory 126 MiB.
2026-09-23T13:12:21Z INFO [20/500] 0e7859fd-de4d-4aee-836e-c33b3366551a: 194 internal nodes; 10.1 s; peak memory 136 MiB.
2026-09-23T13:12:22Z INFO [21/500] 0e79515d-b46c-4018-b830-fb7771882227: 13 internal nodes; 1.2 s; peak memory 136 MiB.
2026-09-23T13:12:23Z INFO [22/500] 0e7a0cfa-dd06-4b6c-b5a4-b07bdef3246a: 17 internal nodes; 1.2 s; peak memory 136 MiB.
2026-09-23T13:12:25Z INFO [23/500] 0e7a5f18-f79b-4185-bd11-0b622dc9b10d: 27 internal nodes; 1.6 s; peak memory 136 MiB.
2026-09-23T13:12:26Z INFO [24/500] 0e7ac1f1-9613-48a1-81a0-3efff6ef3dac: 26 internal nodes; 1.7 s; peak memory 136 MiB.
2026-09-23T13:12:28Z INFO [25/500] 0e7ae5ae-b0a9-4be3-8f8c-cf44df5b90ab: 58 internal nodes; 1.9 s; peak memory 136 MiB.
2026-09-23T13:12:30Z INFO [26/500] 0e7b7d87-5fbf-4e6d-b634-45194a4b1cf9: 53 internal nodes; 1.6 s; peak memory 136 MiB.
2026-09-23T13:12:31Z INFO [27/500] 0e7bec3d-0c4c-44da-ba8f-a0986c19cd7e: 17 internal nodes; 1.2 s; peak memory 136 MiB.
2026-09-23T13:12:32Z INFO [28/500] 0e7c49ff-a6e4-4e16-828f-b1bd428aa288: 13 internal nodes; 1.1 s; peak memory 136 MiB.
2026-09-23T13:12:35Z INFO [29/500] 0e7d7d5b-7ec6-4673-b547-2be3d69cf423: 47 internal nodes; 3.3 s; peak memory 136 MiB.
2026-09-23T13:12:39Z INFO [30/500] 0e7e8d3c-19c7-4303-a6ba-9c758fb9a775: 44 internal nodes; 3.0 s; peak memory 136 MiB.
2026-09-23T13:12:40Z INFO [31/500] 0e7f9dd4-0280-471e-b6c8-83444216d162: 27 internal nodes; 1.4 s; peak memory 136 MiB.
2026-09-23T13:12:42Z INFO [32/500] 0e7fe07d-349f-4c48-ae06-20736dbe286d: 53 internal nodes; 1.9 s; peak memory 136 MiB.
2026-09-23T13:12:43Z INFO [33/500] 0e800c69-ca1a-4bd5-8c90-a9fa3ee8e1cb: 17 internal nodes; 1.3 s; peak memory 136 MiB.
2026-09-23T13:12:48Z INFO [34/500] 0e801d89-b98e-42db-88ff-10f05442f796: 91 internal nodes; 5.3 s; peak memory 136 MiB.
2026-09-23T13:12:56Z INFO [35/500] 0e806614-fa68-4c1e-812b-fac8d68d52cb: 188 internal nodes; 7.6 s; peak memory 136 MiB.
2026-09-23T13:12:57Z INFO [36/500] 0e81aa5a-df84-4162-aeed-3a47a3acafa1: 17 internal nodes; 1.3 s; peak memory 136 MiB.
2026-09-23T13:13:01Z INFO [37/500] 0e81deb8-0f28-4287-8cf6-c42048f7a299: 46 internal nodes; 3.9 s; peak memory 136 MiB.
2026-09-23T13:13:04Z INFO [38/500] 0e81fd75-e976-4824-b5d5-2c68d1e911b1: 42 internal nodes; 2.5 s; peak memory 136 MiB.
2026-09-23T13:13:05Z INFO [39/500] 0e82391e-c0e6-4207-8660-661ccd07e5b1: 27 internal nodes; 1.7 s; peak memory 136 MiB.
2026-09-23T13:13:08Z INFO [40/500] 0e833a04-69da-427b-a537-588474d531f7: 44 internal nodes; 2.5 s; peak memory 136 MiB.
2026-09-23T13:13:09Z INFO [41/500] 0e83c927-a40c-4338-9b36-800146a13213: 27 internal nodes; 1.5 s; peak memory 136 MiB.
2026-09-23T13:13:11Z INFO [42/500] 0e83f38d-a2cc-491e-a871-6b4952e58bef: 21 internal nodes; 1.3 s; peak memory 136 MiB.
2026-09-23T13:13:13Z INFO [43/500] 0e845acc-e00c-487d-b018-1c89f2b31582: 31 internal nodes; 2.0 s; peak memory 136 MiB.
2026-09-23T13:13:19Z INFO [44/500] 0e858d7a-dc61-43a8-a722-356dfb77a759: 177 internal nodes; 6.9 s; peak memory 136 MiB.
2026-09-23T13:13:21Z INFO [45/500] 0e85af79-d21e-4014-b0aa-200ad9679ca3: 83 internal nodes; 1.8 s; peak memory 137 MiB.
2026-09-23T13:13:22Z INFO [46/500] 0e85c4cf-f480-44ed-a490-e59ee726a84d: 17 internal nodes; 1.1 s; peak memory 137 MiB.
2026-09-23T13:13:24Z INFO [47/500] 0e85c5e1-efb0-4ce4-a8f3-c544b22fb6a9: 36 internal nodes; 1.8 s; peak memory 137 MiB.
2026-09-23T13:13:26Z INFO [48/500] 0e86d575-29a4-4e47-a375-568d62c2face: 19 internal nodes; 1.3 s; peak memory 137 MiB.
2026-09-23T13:13:27Z INFO [49/500] 0e879a8b-0c71-4722-88a0-83b18aaef08e: 17 internal nodes; 1.2 s; peak memory 137 MiB.
2026-09-23T13:13:29Z INFO [50/500] 0e87e458-a313-44cd-b69a-425fa89cd13d: 26 internal nodes; 2.0 s; peak memory 137 MiB.
2026-09-23T13:13:29Z INFO [50/500] 0e87e458-a313-44cd-b69a-425fa89cd13d: checkpointed 53039 records.
2026-09-23T13:13:30Z INFO [51/500] 0e885abb-8177-4ed3-9510-825057d83f7c: 27 internal nodes; 0.8 s; peak memory 137 MiB.
2026-09-23T13:13:31Z INFO [52/500] 0e88a63b-db59-499e-baec-805cea1083dd: 17 internal nodes; 1.1 s; peak memory 137 MiB.
2026-09-23T13:13:32Z INFO [53/500] 0e892dfe-bfb4-4e45-9f4a-11cbe5f2a547: 25 internal nodes; 1.6 s; peak memory 137 MiB.
2026-09-23T13:13:34Z INFO [54/500] 0e896f8d-51a3-4c93-b07d-cc93b7733d01: 17 internal nodes; 1.2 s; peak memory 137 MiB.
2026-09-23T13:13:41Z INFO [55/500] 0e8baa3c-dffd-47a0-8c78-3609037d04d8: 61 internal nodes; 7.6 s; peak memory 137 MiB.
2026-09-23T13:13:43Z INFO [56/500] 0e8bf43c-01a5-4ce2-b34d-8ea1b187f34b: 31 internal nodes; 2.0 s; peak memory 137 MiB.
2026-09-23T13:13:45Z INFO [57/500] 0e8c44e0-7b5e-4926-9f4e-f0ff70235149: 67 internal nodes; 2.0 s; peak memory 137 MiB.
2026-09-23T13:13:52Z INFO [58/500] 0e8ce425-d4f8-4d49-aa02-67da73056a82: 109 internal nodes; 6.5 s; peak memory 137 MiB.
2026-09-23T13:13:59Z INFO [59/500] 0e8d280a-60e0-484a-a68d-06acd07c7b35: 73 internal nodes; 7.0 s; peak memory 137 MiB.
2026-09-23T13:14:00Z INFO [60/500] 0e8d3c43-a1e8-445f-809c-2a3e55f4a8d2: 11 internal nodes; 0.9 s; peak memory 137 MiB.
2026-09-23T13:14:02Z INFO [61/500] 0e8d657e-b980-4e65-a9d0-45f56e42b1c7: 58 internal nodes; 2.0 s; peak memory 137 MiB.
2026-09-23T13:14:03Z INFO [62/500] 0e8d816d-49d8-413d-b056-539af2a28ef7: 27 internal nodes; 1.6 s; peak memory 137 MiB.
2026-09-23T13:14:05Z INFO [63/500] 0e8e15dd-4e12-4b7e-95bc-e75c3543a499: 27 internal nodes; 1.8 s; peak memory 137 MiB.
2026-09-23T13:14:06Z INFO [64/500] 0e8e180f-ffac-4fd4-8743-d3747cf71e15: 13 internal nodes; 0.8 s; peak memory 137 MiB.
2026-09-23T13:14:07Z INFO [65/500] 0e8ec59f-e87a-40d5-8956-3d34648c5bab: 19 internal nodes; 1.1 s; peak memory 137 MiB.
2026-09-23T13:14:09Z INFO [66/500] 0e8efa33-b2b4-4536-a37e-7f4f9fa781e7: 37 internal nodes; 2.0 s; peak memory 137 MiB.
2026-09-23T13:14:12Z INFO [67/500] 0e8f5aee-27d4-4f1e-9df6-b0de8210fbbc: 44 internal nodes; 2.8 s; peak memory 137 MiB.
2026-09-23T13:14:13Z INFO [68/500] 0e900050-0b25-4b23-9e96-e3f591ff2e3e: 17 internal nodes; 1.2 s; peak memory 137 MiB.
2026-09-23T13:14:14Z INFO [69/500] 0e907aa2-c09d-45f2-a37f-51f8d132101d: 27 internal nodes; 1.5 s; peak memory 137 MiB.
2026-09-23T13:15:10Z INFO [70/500] 0e908fb4-da1d-4dc7-ade0-2a997121f7a6: 477 internal nodes; 55.8 s; peak memory 202 MiB.
2026-09-23T13:15:11Z INFO [71/500] 0e909350-8279-48c1-aa48-5c485ed26d77: 27 internal nodes; 1.4 s; peak memory 202 MiB.
2026-09-23T13:15:13Z INFO [72/500] 0e90c350-c8cd-43be-9561-d0d659b40be5: 27 internal nodes; 1.4 s; peak memory 202 MiB.
2026-09-23T13:15:14Z INFO [73/500] 0e922ffb-4e2b-4575-8fd7-ea75d642c101: 17 internal nodes; 1.2 s; peak memory 202 MiB.
2026-09-23T13:15:15Z INFO [74/500] 0e929707-5357-47cb-b1ff-4ac49b0159d1: 27 internal nodes; 1.4 s; peak memory 202 MiB.
2026-09-23T13:15:18Z INFO [75/500] 0e93ab4f-56d7-4f1b-891f-78e0b0c61f0c: 46 internal nodes; 3.0 s; peak memory 202 MiB.
2026-09-23T13:15:20Z INFO [76/500] 0e93b74f-0414-45af-92dc-a3fcd6e6b1e5: 17 internal nodes; 1.2 s; peak memory 202 MiB.
2026-09-23T13:15:21Z INFO [77/500] 0e93f22c-b98d-4f42-8144-a004fe858f4c: 17 internal nodes; 1.2 s; peak memory 202 MiB.
2026-09-23T13:15:34Z INFO [78/500] 0e940dde-319b-44b9-8bbf-f37caaa13fb2: 348 internal nodes; 13.6 s; peak memory 202 MiB.
2026-09-23T13:15:36Z INFO [79/500] 0e9439e4-e5cc-4950-bdc3-c416bddb4b93: 18 internal nodes; 1.1 s; peak memory 202 MiB.
2026-09-23T13:15:45Z INFO [80/500] 0e947a4f-cc15-4057-a98f-30832fb88e31: 159 internal nodes; 9.1 s; peak memory 202 MiB.
2026-09-23T13:15:47Z INFO [81/500] 0e9486af-fc3f-42f3-9a60-de8bb6edd986: 66 internal nodes; 2.3 s; peak memory 202 MiB.
2026-09-23T13:15:48Z INFO [82/500] 0e948d5f-ca44-4448-a60b-c59178c553ef: 17 internal nodes; 1.2 s; peak memory 202 MiB.
2026-09-23T13:15:50Z INFO [83/500] 0e950451-0fd3-4c7e-9251-4d93f452ad33: 54 internal nodes; 1.8 s; peak memory 202 MiB.
2026-09-23T13:15:52Z INFO [84/500] 0e95be0b-07cd-4561-a705-5c2fbe58c0cd: 25 internal nodes; 1.7 s; peak memory 202 MiB.
2026-09-23T13:15:54Z INFO [85/500] 0e95bf93-3cb8-4a2a-984f-c86c6c643c10: 36 internal nodes; 1.9 s; peak memory 202 MiB.
2026-09-23T13:15:55Z INFO [86/500] 0e96e6f2-d710-4d05-bacc-c592ac117b89: 23 internal nodes; 1.3 s; peak memory 202 MiB.
2026-09-23T13:15:56Z INFO [87/500] 0e974237-fbdf-4a9b-85de-faa1d0b51c2e: 27 internal nodes; 1.3 s; peak memory 202 MiB.
2026-09-23T13:15:57Z INFO [88/500] 0e977228-b834-4302-a9af-4b409e321a5f: 17 internal nodes; 1.0 s; peak memory 202 MiB.
2026-09-23T13:15:58Z INFO [89/500] 0e977a78-c696-4fd2-98e5-5f1f0697df4f: 17 internal nodes; 1.3 s; peak memory 202 MiB.
2026-09-23T13:16:00Z INFO [90/500] 0e97b682-d106-4a8c-ba9e-62e36bc159e5: 27 internal nodes; 1.3 s; peak memory 202 MiB.
2026-09-23T13:16:17Z INFO [91/500] 0e98599c-ecf8-400c-8060-70e4194bf372: 2780 internal nodes; 17.5 s; peak memory 202 MiB.
2026-09-23T13:16:18Z INFO [92/500] 0e987480-9ecb-47ff-bdc7-f37b04d37bda: 17 internal nodes; 1.2 s; peak memory 202 MiB.
2026-09-23T13:16:27Z INFO [93/500] 0e98db92-fb8d-4c48-8839-81d871d727f4: 159 internal nodes; 8.8 s; peak memory 202 MiB.
2026-09-23T13:16:28Z INFO [94/500] 0e98e04c-fa15-4e1d-bd20-8e8db86ab3a5: 17 internal nodes; 1.2 s; peak memory 202 MiB.
2026-09-23T13:16:30Z INFO [95/500] 0e993381-3e17-464b-99be-e7bfbd4d5dd7: 31 internal nodes; 1.8 s; peak memory 202 MiB.
2026-09-23T13:16:32Z INFO [96/500] 0e9a52f6-deed-44b5-85e8-b7a515fa0cb5: 53 internal nodes; 1.9 s; peak memory 202 MiB.
2026-09-23T13:16:34Z INFO [97/500] 0e9aea50-bc4b-45ed-976b-2193b688e76a: 27 internal nodes; 1.6 s; peak memory 202 MiB.
2026-09-23T13:16:35Z INFO [98/500] 0e9b7e34-890b-4ba1-8f68-7b9423fa0233: 36 internal nodes; 1.7 s; peak memory 202 MiB.
2026-09-23T13:16:37Z INFO [99/500] 0e9c1cb2-f374-43c2-8135-5bddd3b203f5: 11 internal nodes; 1.2 s; peak memory 202 MiB.
2026-09-23T13:16:40Z INFO [100/500] 0e9cb77f-8139-4cad-9e51-4c41271e3390: 56 internal nodes; 3.0 s; peak memory 202 MiB.
2026-09-23T13:16:40Z INFO [100/500] 0e9cb77f-8139-4cad-9e51-4c41271e3390: checkpointed 53089 records.
2026-09-23T13:16:41Z INFO [101/500] 0e9d5761-e90e-462c-8f9a-6595b7ca2292: 17 internal nodes; 1.1 s; peak memory 202 MiB.
2026-09-23T13:16:43Z INFO [102/500] 0e9d8576-95e6-4949-b7e5-9955a1e2463f: 31 internal nodes; 1.9 s; peak memory 202 MiB.
2026-09-23T13:16:44Z INFO [103/500] 0e9e26b7-1d51-41a9-9713-cf4aa69374c8: 27 internal nodes; 1.4 s; peak memory 202 MiB.
2026-09-23T13:16:45Z INFO [104/500] 0e9ed953-6035-4b83-b0aa-2a5ed61a9518: 17 internal nodes; 1.3 s; peak memory 202 MiB.
2026-09-23T13:16:47Z INFO [105/500] 0e9f50ae-fcc5-4e18-9e6f-48cb85011f7c: 90 internal nodes; 1.3 s; peak memory 202 MiB.
2026-09-23T13:16:48Z INFO [106/500] 0e9f6b89-90b0-4d61-bd56-548fc7b7f664: 31 internal nodes; 1.7 s; peak memory 202 MiB.
2026-09-23T13:16:51Z INFO [107/500] 0ea08a29-8860-423b-b58c-33980607850c: 44 internal nodes; 2.2 s; peak memory 202 MiB.
2026-09-23T13:16:53Z INFO [108/500] 0ea3ce61-685a-4708-ae88-ee34ea8a489c: 67 internal nodes; 2.1 s; peak memory 202 MiB.
2026-09-23T13:16:54Z INFO [109/500] 0ea4b6ec-278e-465e-996c-2b47f17fb0ea: 27 internal nodes; 1.5 s; peak memory 202 MiB.
2026-09-23T13:16:56Z INFO [110/500] 0ea4e5f6-0818-427e-874a-983f2072e439: 31 internal nodes; 2.0 s; peak memory 202 MiB.
2026-09-23T13:16:57Z INFO [111/500] 0ea55698-709d-4e7e-8906-3e23e100f15e: 13 internal nodes; 1.3 s; peak memory 202 MiB.
2026-09-23T13:17:02Z INFO [112/500] 0ea5aabf-64c4-41ff-a225-6a9f83cd1a05: 107 internal nodes; 4.9 s; peak memory 202 MiB.
2026-09-23T13:17:06Z INFO [113/500] 0ea7783f-d320-4de9-be3d-fb32ddc2df8a: 46 internal nodes; 4.0 s; peak memory 202 MiB.
2026-09-23T13:17:15Z INFO [114/500] 0ea7d236-4eab-44e8-b71c-92847b79ab95: 174 internal nodes; 8.3 s; peak memory 202 MiB.
2026-09-23T13:17:16Z INFO [115/500] 0ea8051b-8289-432e-a7a6-aabb0b924d75: 19 internal nodes; 1.4 s; peak memory 202 MiB.
2026-09-23T13:17:17Z INFO [116/500] 0ea86cde-147b-4f08-9f38-4e3fbfc91dc8: 17 internal nodes; 1.2 s; peak memory 202 MiB.
2026-09-23T13:17:19Z INFO [117/500] 0ea87d4b-3698-4f4b-91b1-5ca57ddb6def: 27 internal nodes; 1.5 s; peak memory 202 MiB.
2026-09-23T13:17:20Z INFO [118/500] 0ea90d79-f057-43ac-a965-cc3639a94e78: 17 internal nodes; 1.2 s; peak memory 202 MiB.
2026-09-23T13:17:22Z INFO [119/500] 0ea9e2da-ace7-4db6-8ac6-128fd6847cc2: 27 internal nodes; 1.5 s; peak memory 202 MiB.
2026-09-23T13:17:22Z INFO [120/500] 0ea9fbf7-718f-4161-afe3-760f3267a11d: 21 internal nodes; 0.9 s; peak memory 202 MiB.
2026-09-23T13:17:24Z INFO [121/500] 0eaa5845-1e11-4790-90bd-646ba2fe63be: 17 internal nodes; 1.1 s; peak memory 202 MiB.
2026-09-23T13:17:26Z INFO [122/500] 0eaa8492-7f73-464a-84bd-7096b3468901: 44 internal nodes; 2.7 s; peak memory 202 MiB.
2026-09-23T13:17:28Z INFO [123/500] 0eaab93a-e0d2-4064-b61b-51c0babaa084: 31 internal nodes; 1.7 s; peak memory 202 MiB.
2026-09-23T13:17:29Z INFO [124/500] 0eab154f-d994-4297-a7c5-42547e601ed5: 11 internal nodes; 0.8 s; peak memory 202 MiB.
2026-09-23T13:17:31Z INFO [125/500] 0eabc4dd-5ec4-4118-b2fa-14f5254ad173: 31 internal nodes; 2.0 s; peak memory 202 MiB.
2026-09-23T13:17:32Z INFO [126/500] 0eabd9e4-101c-4d63-9fe6-c5f7d0a0c14a: 27 internal nodes; 1.4 s; peak memory 202 MiB.
2026-09-23T13:17:33Z INFO [127/500] 0ead0c9b-adbe-4a5f-9cd7-eeb78c2cba78: 17 internal nodes; 1.1 s; peak memory 202 MiB.
2026-09-23T13:17:35Z INFO [128/500] 0ead5b56-8853-4dd7-a45b-78af9ceb3b0d: 17 internal nodes; 1.4 s; peak memory 202 MiB.
2026-09-23T13:17:39Z INFO [129/500] 0eadd890-a4c4-4dae-9da4-69c77757d6cc: 53 internal nodes; 4.8 s; peak memory 202 MiB.
2026-09-23T13:17:41Z INFO [130/500] 0eaddbf6-bcbc-40a0-ae8a-8b1cf5bedca4: 54 internal nodes; 1.7 s; peak memory 202 MiB.
2026-09-23T13:17:57Z INFO [131/500] 0eadf4f0-e2c4-4581-b485-9f14497772d8: 234 internal nodes; 15.9 s; peak memory 202 MiB.
2026-09-23T13:17:59Z INFO [132/500] 0eae547e-c4d7-4a99-ac73-1131fe2a050c: 37 internal nodes; 1.9 s; peak memory 202 MiB.
2026-09-23T13:18:00Z INFO [133/500] 0eaec9b5-ff63-45ec-8e13-f27dfb5ac499: 22 internal nodes; 1.5 s; peak memory 202 MiB.
2026-09-23T13:18:02Z INFO [134/500] 0eaecb42-08d4-4090-9042-b0d0dd334f62: 27 internal nodes; 1.4 s; peak memory 202 MiB.
2026-09-23T13:18:03Z INFO [135/500] 0eafd088-6dfc-4bb7-9f46-9f8d513c6b58: 17 internal nodes; 1.2 s; peak memory 202 MiB.
2026-09-23T13:18:04Z INFO [136/500] 0eb01ecb-af82-4584-9e8f-8288bf7298ec: 11 internal nodes; 0.9 s; peak memory 202 MiB.
2026-09-23T13:18:10Z INFO [137/500] 0eb0eaa0-f59d-43cd-b68f-28d8c5243156: 64 internal nodes; 5.8 s; peak memory 202 MiB.
2026-09-23T13:18:11Z INFO [138/500] 0eb1458c-7ad5-4a36-9ed8-91bdc8082b8d: 27 internal nodes; 1.4 s; peak memory 202 MiB.
2026-09-23T13:18:21Z INFO [139/500] 0eb18653-39f8-406b-8f6d-8ec6580fc07f: 226 internal nodes; 9.8 s; peak memory 202 MiB.
2026-09-23T13:18:22Z INFO [140/500] 0eb1f277-7f92-426c-bc0d-0630c7ef6ca6: 11 internal nodes; 1.1 s; peak memory 202 MiB.
2026-09-23T13:18:25Z INFO [141/500] 0eb3cba0-acd6-46da-8f0a-a51406ceab54: 56 internal nodes; 2.6 s; peak memory 203 MiB.
2026-09-23T13:18:38Z INFO [142/500] 0eb3e2ce-3209-4e9f-9edd-704b4686343b: 288 internal nodes; 13.4 s; peak memory 203 MiB.
2026-09-23T13:18:39Z INFO [143/500] 0eb4114f-7834-4954-83f3-aa9dc81e337c: 18 internal nodes; 1.1 s; peak memory 203 MiB.
2026-09-23T13:18:48Z INFO [144/500] 0eb4c2f6-9e57-4087-bd7d-be088c174197: 43 internal nodes; 8.9 s; peak memory 231 MiB.
2026-09-23T13:18:55Z INFO [145/500] 0eb4dcd0-8234-4c41-8f4f-0df0d477d47b: 73 internal nodes; 6.8 s; peak memory 231 MiB.
2026-09-23T13:18:58Z INFO [146/500] 0eb58195-7daa-4202-ae1d-8704f9798152: 44 internal nodes; 3.0 s; peak memory 231 MiB.
2026-09-23T13:18:59Z INFO [147/500] 0eb5eac0-6d29-48e1-aab3-caa9fdef70d7: 13 internal nodes; 1.3 s; peak memory 231 MiB.
2026-09-23T13:19:01Z INFO [148/500] 0eb6030d-0676-47a4-8b7f-a1f755161ef5: 31 internal nodes; 1.9 s; peak memory 231 MiB.
2026-09-23T13:19:02Z INFO [149/500] 0eb66409-f1ab-4f1d-ac13-c0bd3443281f: 18 internal nodes; 1.2 s; peak memory 231 MiB.
2026-09-23T13:19:04Z INFO [150/500] 0eb7f93d-089b-4bac-ac2f-e0dbdf77a5f5: 29 internal nodes; 1.6 s; peak memory 231 MiB.
2026-09-23T13:19:04Z INFO [150/500] 0eb7f93d-089b-4bac-ac2f-e0dbdf77a5f5: checkpointed 53139 records.
2026-09-23T13:19:05Z INFO [151/500] 0eb8a9db-af15-42fa-a3e3-c98591db3d2e: 18 internal nodes; 1.1 s; peak memory 231 MiB.
2026-09-23T13:19:06Z INFO [152/500] 0eb9395b-cd3b-45df-8da9-c1ff2d65efdd: 11 internal nodes; 0.8 s; peak memory 231 MiB.
2026-09-23T13:19:07Z INFO [153/500] 0eb96b51-a93c-482e-8ce4-6425b523be91: 27 internal nodes; 1.3 s; peak memory 231 MiB.
2026-09-23T13:19:09Z INFO [154/500] 0eb985ea-7424-4d35-9cf6-9124de7bbbca: 27 internal nodes; 1.5 s; peak memory 231 MiB.
2026-09-23T13:19:11Z INFO [155/500] 0eb99b9e-c6df-4586-8d8f-7755aba93967: 29 internal nodes; 1.9 s; peak memory 231 MiB.
2026-09-23T13:19:23Z INFO [156/500] 0eb9ed5c-3b87-424f-a7de-dcac8985e4fc: 321 internal nodes; 12.8 s; peak memory 241 MiB.
2026-09-23T13:19:24Z INFO [157/500] 0eba0a56-3e5c-4277-9cff-cf6dc8c27722: 19 internal nodes; 1.0 s; peak memory 241 MiB.
2026-09-23T13:19:26Z INFO [158/500] 0eba222f-b1fe-4389-bfd5-174d93bda5e5: 31 internal nodes; 1.9 s; peak memory 241 MiB.
2026-09-23T13:19:29Z INFO [159/500] 0ebb0310-f887-4d3e-8135-2e5556b65e15: 66 internal nodes; 2.4 s; peak memory 241 MiB.
2026-09-23T13:19:30Z INFO [160/500] 0ebbfded-3e85-487c-9834-bedc4ee8b82b: 15 internal nodes; 1.1 s; peak memory 241 MiB.
2026-09-23T13:19:34Z INFO [161/500] 0ebcaea6-acc8-4ab9-a1bc-6341a38fe59d: 46 internal nodes; 3.9 s; peak memory 241 MiB.
2026-09-23T13:19:45Z INFO [162/500] 0ebcbb7e-354c-439d-ab0e-ae9e2aee4ae3: 224 internal nodes; 11.8 s; peak memory 241 MiB.
2026-09-23T13:19:54Z INFO [163/500] 0ebcf788-419e-43c9-a1c2-80c7845a0f0f: 164 internal nodes; 8.6 s; peak memory 241 MiB.
2026-09-23T13:19:55Z INFO [164/500] 0ebd0e0d-7246-4e11-8a16-09c9ce28ee5d: 23 internal nodes; 1.2 s; peak memory 241 MiB.
2026-09-23T13:19:56Z INFO [165/500] 0ebd2dd7-a69b-4143-952c-ac7f448cd435: 21 internal nodes; 1.1 s; peak memory 241 MiB.
2026-09-23T13:19:58Z INFO [166/500] 0ebf383b-d267-4424-850c-41c6769094f4: 27 internal nodes; 1.5 s; peak memory 241 MiB.
2026-09-23T13:20:01Z INFO [167/500] 0ebffe25-9709-4262-b719-d36872a03379: 36 internal nodes; 3.4 s; peak memory 241 MiB.
2026-09-23T13:20:04Z INFO [168/500] 0ec05ffe-179a-4743-9081-df4e3428149e: 36 internal nodes; 3.0 s; peak memory 241 MiB.
2026-09-23T13:20:05Z INFO [169/500] 0ec0bf21-c9ba-41fc-b26c-4ba6907c4773: 11 internal nodes; 0.9 s; peak memory 241 MiB.
2026-09-23T13:20:07Z INFO [170/500] 0ec195b1-d277-4328-b315-f734c3319b4c: 18 internal nodes; 1.6 s; peak memory 241 MiB.
2026-09-23T13:20:08Z INFO [171/500] 0ec20f3f-21f9-4f9f-8922-ed91d1cc7fe3: 36 internal nodes; 1.7 s; peak memory 241 MiB.
2026-09-23T13:20:10Z INFO [172/500] 0ec2c93f-f6df-42c1-ac3f-0137187d91e7: 31 internal nodes; 2.1 s; peak memory 241 MiB.
2026-09-23T13:20:19Z INFO [173/500] 0ec34ace-8043-4e3d-a99f-cb5ff2f4643d: 62 internal nodes; 8.8 s; peak memory 241 MiB.
2026-09-23T13:20:20Z INFO [174/500] 0ec45705-1047-447f-a162-1b7240fe8340: 17 internal nodes; 1.2 s; peak memory 241 MiB.
2026-09-23T13:20:22Z INFO [175/500] 0ec46f52-c444-4de8-886f-f6e4ed61b764: 17 internal nodes; 1.2 s; peak memory 241 MiB.
2026-09-23T13:20:24Z INFO [176/500] 0ec4c134-704e-453f-9420-9e95470e1b1a: 25 internal nodes; 2.0 s; peak memory 241 MiB.
2026-09-23T13:20:25Z INFO [177/500] 0ec4f71d-d190-49fc-a03e-d1c39490c9a6: 27 internal nodes; 1.4 s; peak memory 241 MiB.
2026-09-23T13:20:37Z INFO [178/500] 0ec53767-5b7a-4761-bdef-33d109129822: 327 internal nodes; 11.7 s; peak memory 241 MiB.
2026-09-23T13:20:38Z INFO [179/500] 0ec5b4bf-9baa-44a4-8ce8-fe661f53522e: 18 internal nodes; 1.5 s; peak memory 241 MiB.
2026-09-23T13:20:40Z INFO [180/500] 0ec5d952-d4a6-4d48-9d25-e3185a62632a: 27 internal nodes; 1.5 s; peak memory 241 MiB.
2026-09-23T13:20:41Z INFO [181/500] 0ec5fe73-2f37-4325-b42b-29d2b12350b9: 30 internal nodes; 1.7 s; peak memory 241 MiB.
2026-09-23T13:20:48Z INFO [182/500] 0ec659da-4d78-49f7-9cb8-ddbca02b94fc: 54 internal nodes; 6.9 s; peak memory 241 MiB.
2026-09-23T13:20:49Z INFO [183/500] 0ec6a982-b65d-4877-9eae-7fec0fa1e3e4: 17 internal nodes; 1.1 s; peak memory 241 MiB.
2026-09-23T13:21:08Z INFO [184/500] 0ec6c986-d74d-495f-8a5b-a4584a2f4112: 462 internal nodes; 18.5 s; peak memory 243 MiB.
2026-09-23T13:21:10Z INFO [185/500] 0ec7ac53-c6d5-4c3b-8b73-9afbabb5c2a3: 62 internal nodes; 1.8 s; peak memory 243 MiB.
2026-09-23T13:21:11Z INFO [186/500] 0ec85762-ab27-4c2e-bc15-83e7c7e2b8ab: 20 internal nodes; 0.9 s; peak memory 243 MiB.
2026-09-23T13:21:12Z INFO [187/500] 0ec8ccb0-102e-48f0-bcac-8edfc5062d67: 27 internal nodes; 1.4 s; peak memory 243 MiB.
2026-09-23T13:21:14Z INFO [188/500] 0ec8f843-982d-47ef-83d8-e70c744a091b: 27 internal nodes; 1.6 s; peak memory 243 MiB.
2026-09-23T13:21:15Z INFO [189/500] 0ec90faf-57b9-48cc-9719-63568bb11dce: 27 internal nodes; 1.5 s; peak memory 243 MiB.
2026-09-23T13:21:27Z INFO [190/500] 0ec939da-d3fb-47fe-b9a6-d90bad462bd3: 272 internal nodes; 11.3 s; peak memory 243 MiB.
2026-09-23T13:21:28Z INFO [191/500] 0ec9583e-0055-4b0c-bc9c-54eb35262bc4: 17 internal nodes; 1.2 s; peak memory 243 MiB.
2026-09-23T13:21:37Z INFO [192/500] 0eca19c6-fecf-437f-bc17-4190771e4622: 62 internal nodes; 9.0 s; peak memory 243 MiB.
2026-09-23T13:21:39Z INFO [193/500] 0eca336d-f7fd-4c0e-b407-0f7eb6c289a0: 31 internal nodes; 2.2 s; peak memory 243 MiB.
2026-09-23T13:21:41Z INFO [194/500] 0eca39b2-a38f-4ba7-9e08-9a2091bfe381: 31 internal nodes; 1.6 s; peak memory 243 MiB.
2026-09-23T13:21:42Z INFO [195/500] 0eca55e5-bce8-4025-9856-1afb187c3a1e: 27 internal nodes; 1.3 s; peak memory 243 MiB.
2026-09-23T13:21:44Z INFO [196/500] 0eca585b-2cb5-40f0-918a-017d855b2370: 58 internal nodes; 1.7 s; peak memory 243 MiB.
2026-09-23T13:21:58Z INFO [197/500] 0eca86ad-9e38-4996-b0dd-a86cf5317c4e: 224 internal nodes; 14.1 s; peak memory 243 MiB.
2026-09-23T13:21:59Z INFO [198/500] 0ecaae44-938b-4b53-ae5d-bb5b3c8794b9: 17 internal nodes; 1.3 s; peak memory 243 MiB.
2026-09-23T13:22:14Z INFO [199/500] 0ecb528e-1471-4688-8454-616fad7493e3: 227 internal nodes; 14.7 s; peak memory 243 MiB.
2026-09-23T13:22:23Z INFO [200/500] 0ecbc841-0bd4-4118-aebe-5699af466491: 175 internal nodes; 9.1 s; peak memory 243 MiB.
2026-09-23T13:22:23Z INFO [200/500] 0ecbc841-0bd4-4118-aebe-5699af466491: checkpointed 53189 records.
2026-09-23T13:22:25Z INFO [201/500] 0ecc5e25-c10c-4c2f-8716-2ea98294b21b: 31 internal nodes; 2.1 s; peak memory 243 MiB.
2026-09-23T13:22:27Z INFO [202/500] 0ecdcef3-495a-46d4-acf3-f8312703dbd5: 119 internal nodes; 1.7 s; peak memory 243 MiB.
2026-09-23T13:22:29Z INFO [203/500] 0ece7e08-bbcf-4dd2-a0b1-cb6441df1bf0: 30 internal nodes; 1.8 s; peak memory 243 MiB.
2026-09-23T13:22:30Z INFO [204/500] 0ecf252a-6a64-481e-b81a-f31cbb2521a9: 27 internal nodes; 1.6 s; peak memory 243 MiB.
2026-09-23T13:22:31Z INFO [205/500] 0ed08100-d1df-432d-8e51-6b12c8c94d72: 17 internal nodes; 1.2 s; peak memory 243 MiB.
2026-09-23T13:22:32Z INFO [206/500] 0ed097cb-9262-4aaa-b771-5fa04b21fc83: 17 internal nodes; 1.1 s; peak memory 243 MiB.
2026-09-23T13:22:34Z INFO [207/500] 0ed1310c-c327-4c09-8ce4-de72cec8ab6d: 17 internal nodes; 1.3 s; peak memory 243 MiB.
2026-09-23T13:22:36Z INFO [208/500] 0ed13ac0-16c1-4b69-861e-73e314060cb3: 65 internal nodes; 2.2 s; peak memory 243 MiB.
2026-09-23T13:22:38Z INFO [209/500] 0ed32b00-8208-40b8-81f5-3fe53e6598a3: 27 internal nodes; 1.6 s; peak memory 243 MiB.
2026-09-23T13:22:41Z INFO [210/500] 0ed3a3e2-155b-4748-a9e2-210254642db1: 46 internal nodes; 3.8 s; peak memory 243 MiB.
2026-09-23T13:22:42Z INFO [211/500] 0ed4861c-0421-4e4a-8b87-b10212e80104: 26 internal nodes; 0.9 s; peak memory 243 MiB.
2026-09-23T13:22:48Z INFO [212/500] 0ed5da94-2d59-4412-ba03-bd638f76b377: 70 internal nodes; 6.1 s; peak memory 243 MiB.
2026-09-23T13:22:58Z INFO [213/500] 0ed5eb38-afd0-4c61-ab28-3ceb845ee0e4: 697 internal nodes; 9.3 s; peak memory 243 MiB.
2026-09-23T13:22:59Z INFO [214/500] 0ed60e57-33e9-4fd2-b218-e1157d15197d: 13 internal nodes; 0.9 s; peak memory 243 MiB.
2026-09-23T13:23:00Z INFO [215/500] 0ed67f82-5c93-4460-ac36-c2d9ae606521: 27 internal nodes; 1.3 s; peak memory 243 MiB.
2026-09-23T13:23:02Z INFO [216/500] 0ed6d85a-73b2-452f-8cae-e327c82d0975: 31 internal nodes; 1.8 s; peak memory 243 MiB.
2026-09-23T13:23:03Z INFO [217/500] 0ed6e70c-7002-4c4e-817b-793b0b32e144: 27 internal nodes; 1.6 s; peak memory 243 MiB.
2026-09-23T13:23:05Z INFO [218/500] 0ed7382e-43b0-4809-8a7c-d98f1774c55e: 18 internal nodes; 1.4 s; peak memory 243 MiB.
2026-09-23T13:23:07Z INFO [219/500] 0ed7494c-9e0a-490d-ac0f-edbec702ff7c: 26 internal nodes; 2.0 s; peak memory 243 MiB.
2026-09-23T13:23:08Z INFO [220/500] 0ed768ba-b0ee-410b-972c-e752d7ca9a57: 17 internal nodes; 1.1 s; peak memory 243 MiB.
2026-09-23T13:23:09Z INFO [221/500] 0ed788d7-046e-4c27-881f-0fd3191448c7: 27 internal nodes; 1.6 s; peak memory 243 MiB.
2026-09-23T13:23:11Z INFO [222/500] 0ed7b824-3510-48ca-a118-0e9a419c30e1: 27 internal nodes; 2.0 s; peak memory 243 MiB.
2026-09-23T13:23:12Z INFO [223/500] 0ed892c3-f5aa-4b5d-bdb7-0809ac92f570: 17 internal nodes; 1.1 s; peak memory 243 MiB.
2026-09-23T13:23:14Z INFO [224/500] 0ed8fc56-1c97-4c42-a760-dabcba0bd159: 19 internal nodes; 1.3 s; peak memory 243 MiB.
2026-09-23T13:23:16Z INFO [225/500] 0ed95563-d457-4758-a005-2051baf024da: 63 internal nodes; 1.8 s; peak memory 243 MiB.
2026-09-23T13:23:17Z INFO [226/500] 0edbed90-8fe5-4fd4-9a25-aa7d34d1ed20: 11 internal nodes; 1.1 s; peak memory 243 MiB.
2026-09-23T13:23:18Z INFO [227/500] 0edbf0ec-4da7-4810-927d-87a9b021b7e5: 17 internal nodes; 1.4 s; peak memory 243 MiB.
2026-09-23T13:23:21Z INFO [228/500] 0edd059f-3946-47d6-b4cb-4b3498f7d03a: 28 internal nodes; 2.6 s; peak memory 243 MiB.
2026-09-23T13:23:22Z INFO [229/500] 0eddd7ee-cdd3-4864-892d-a9f8a6e14c5d: 27 internal nodes; 1.5 s; peak memory 243 MiB.
2026-09-23T13:23:24Z INFO [230/500] 0ede6cee-1d29-4fd6-8d15-8b98f6e6af5b: 19 internal nodes; 1.4 s; peak memory 243 MiB.
2026-09-23T13:23:25Z INFO [231/500] 0eded098-b6c8-4577-a857-a5562752d939: 18 internal nodes; 1.1 s; peak memory 243 MiB.
2026-09-23T13:23:26Z INFO [232/500] 0edef97a-3fdd-4641-ad02-ef85df5fb822: 23 internal nodes; 1.3 s; peak memory 243 MiB.
2026-09-23T13:23:27Z INFO [233/500] 0edf39ed-7fb2-4a0e-a1a7-c2257d5cc592: 17 internal nodes; 1.2 s; peak memory 243 MiB.
2026-09-23T13:23:28Z INFO [234/500] 0ee03835-efaa-48cc-9a3b-ba1a983979d4: 17 internal nodes; 1.3 s; peak memory 243 MiB.
2026-09-23T13:23:30Z INFO [235/500] 0ee077bd-f13a-4912-8c2e-3b23742e360d: 31 internal nodes; 1.2 s; peak memory 243 MiB.
2026-09-23T13:23:31Z INFO [236/500] 0ee10a00-4753-4dd9-a6da-3776c607d66c: 27 internal nodes; 1.6 s; peak memory 243 MiB.
2026-09-23T13:23:34Z INFO [237/500] 0ee11068-a6a9-4669-a123-30867a9c2a00: 52 internal nodes; 2.7 s; peak memory 243 MiB.
2026-09-23T13:23:36Z INFO [238/500] 0ee1aa93-2c1f-4fe7-a382-c1f64338e067: 72 internal nodes; 2.4 s; peak memory 243 MiB.
2026-09-23T13:23:38Z INFO [239/500] 0ee1ef01-19d8-44cb-baa6-4c001b925be0: 31 internal nodes; 2.0 s; peak memory 243 MiB.
2026-09-23T13:23:40Z INFO [240/500] 0ee251bc-29ac-43e7-b515-e49c61a8a617: 67 internal nodes; 2.1 s; peak memory 243 MiB.
2026-09-23T13:23:42Z INFO [241/500] 0ee26332-80a1-49d1-bd42-f97b25c4fb5e: 58 internal nodes; 1.7 s; peak memory 243 MiB.
2026-09-23T13:23:43Z INFO [242/500] 0ee275ca-9cbc-4364-acf9-6314f21a7a04: 23 internal nodes; 1.3 s; peak memory 243 MiB.
2026-09-23T13:23:45Z INFO [243/500] 0ee3321d-f001-41af-8d5d-c638cc6324a4: 17 internal nodes; 1.2 s; peak memory 243 MiB.
2026-09-23T13:23:46Z INFO [244/500] 0ee3459d-8848-461b-9756-ce7f46a16d44: 58 internal nodes; 1.7 s; peak memory 243 MiB.
2026-09-23T13:23:49Z INFO [245/500] 0ee348aa-c6cb-403f-81ec-7da00598c66e: 30 internal nodes; 2.4 s; peak memory 243 MiB.
2026-09-23T13:23:55Z INFO [246/500] 0ee3ac89-c718-471b-afae-1cd82be2b89a: 73 internal nodes; 6.7 s; peak memory 243 MiB.
2026-09-23T13:23:57Z INFO [247/500] 0ee3d2a1-60ee-4332-9d38-6d1afe413355: 31 internal nodes; 1.3 s; peak memory 243 MiB.
2026-09-23T13:23:57Z INFO [248/500] 0ee41387-4ef0-4a13-b8b3-9d2945c227f3: 11 internal nodes; 0.8 s; peak memory 243 MiB.
2026-09-23T13:23:59Z INFO [249/500] 0ee45862-d277-4ed9-821b-5065b6ad75d0: 27 internal nodes; 1.5 s; peak memory 243 MiB.
2026-09-23T13:24:00Z INFO [250/500] 0ee4e36d-54eb-4c31-9774-4c4cde23b49c: 27 internal nodes; 1.5 s; peak memory 243 MiB.
2026-09-23T13:24:01Z INFO [250/500] 0ee4e36d-54eb-4c31-9774-4c4cde23b49c: checkpointed 53239 records.
2026-09-23T13:24:02Z INFO [251/500] 0ee5a122-8dea-4fc7-a3cd-2958b780f8eb: 17 internal nodes; 1.4 s; peak memory 243 MiB.
2026-09-23T13:24:04Z INFO [252/500] 0ee6a47f-0033-4b28-b305-2bf045dd267f: 116 internal nodes; 1.6 s; peak memory 243 MiB.
2026-09-23T13:24:14Z INFO [253/500] 0ee6d20d-be1a-4744-8b4b-836932671ba8: 175 internal nodes; 10.0 s; peak memory 243 MiB.
2026-09-23T13:24:15Z INFO [254/500] 0ee6e81d-2039-4c2b-92da-dc179e901de6: 62 internal nodes; 1.8 s; peak memory 243 MiB.
2026-09-23T13:24:17Z INFO [255/500] 0ee76a0e-cc0b-440a-a00a-163696647c67: 17 internal nodes; 1.1 s; peak memory 243 MiB.
2026-09-23T13:24:24Z INFO [256/500] 0ee7bcbf-eaf8-4641-9276-e1c847ea6688: 152 internal nodes; 7.0 s; peak memory 243 MiB.
2026-09-23T13:24:31Z INFO [257/500] 0ee7fca5-4f51-47ea-89e2-f5abc258b0e9: 68 internal nodes; 7.1 s; peak memory 243 MiB.
2026-09-23T13:24:32Z INFO [258/500] 0ee971c4-d93a-4a73-a284-154e8eed97e9: 26 internal nodes; 1.2 s; peak memory 243 MiB.
2026-09-23T13:24:33Z INFO [259/500] 0eeac5b1-f103-47f0-968f-a71421e078db: 18 internal nodes; 1.4 s; peak memory 243 MiB.
2026-09-23T13:24:34Z INFO [260/500] 0eeaca0e-9a42-448b-8fa2-a52477a82d4e: 15 internal nodes; 1.1 s; peak memory 243 MiB.
2026-09-23T13:25:01Z INFO [261/500] 0eebd5cf-5883-4b50-97bf-910f26ba3cb1: 1014 internal nodes; 27.1 s; peak memory 250 MiB.
2026-09-23T13:25:10Z INFO [262/500] 0eebe6a1-1041-4a36-86d0-5744e12dd733: 205 internal nodes; 8.9 s; peak memory 250 MiB.
2026-09-23T13:25:12Z INFO [263/500] 0eebf9b4-1ccd-46c4-becb-b748144c6f55: 90 internal nodes; 1.5 s; peak memory 250 MiB.
2026-09-23T13:25:13Z INFO [264/500] 0eecde4d-4b0f-4184-95e2-4b8887518c86: 23 internal nodes; 1.3 s; peak memory 250 MiB.
2026-09-23T13:25:15Z INFO [265/500] 0eee5552-2c68-41b7-98eb-c7a6a564758f: 29 internal nodes; 2.0 s; peak memory 250 MiB.
2026-09-23T13:25:17Z INFO [266/500] 0eee8645-4c7a-489b-9a6e-68821db8e88c: 19 internal nodes; 1.5 s; peak memory 250 MiB.
2026-09-23T13:25:18Z INFO [267/500] 0ef00996-4224-44c2-b4d3-5bad48b6df8d: 31 internal nodes; 1.6 s; peak memory 250 MiB.
2026-09-23T13:25:21Z INFO [268/500] 0ef117fa-fad2-42c0-b448-3995437b3961: 31 internal nodes; 2.2 s; peak memory 250 MiB.
2026-09-23T13:25:22Z INFO [269/500] 0ef1c544-b42b-4948-82e8-ac2d613308d7: 13 internal nodes; 1.2 s; peak memory 250 MiB.
2026-09-23T13:25:33Z INFO [270/500] 0ef1f738-a172-4acf-8231-d36851b4a580: 190 internal nodes; 11.6 s; peak memory 250 MiB.
2026-09-23T13:25:37Z INFO [271/500] 0ef30889-042f-4224-84f9-a3351ea3b8c2: 45 internal nodes; 3.5 s; peak memory 250 MiB.
2026-09-23T13:25:39Z INFO [272/500] 0ef36321-498b-4a1b-80ab-9c611489d280: 120 internal nodes; 1.7 s; peak memory 250 MiB.
2026-09-23T13:25:45Z INFO [273/500] 0ef3c8ba-06e7-401b-9b2e-ce674682613b: 61 internal nodes; 6.0 s; peak memory 250 MiB.
2026-09-23T13:25:46Z INFO [274/500] 0ef5a88e-c819-49b9-b0c3-8e3f1f0ad2ed: 30 internal nodes; 1.6 s; peak memory 250 MiB.
2026-09-23T13:25:47Z INFO [275/500] 0ef5ddc5-6677-4b66-8b4a-bd7c02e7bd90: 17 internal nodes; 1.2 s; peak memory 250 MiB.
2026-09-23T13:25:59Z INFO [276/500] 0ef61c95-11ab-4819-b3aa-0a3ce838c7f9: 223 internal nodes; 11.8 s; peak memory 250 MiB.
2026-09-23T13:26:01Z INFO [277/500] 0ef715ca-2337-481d-a331-a7a9eb900382: 58 internal nodes; 2.2 s; peak memory 250 MiB.
2026-09-23T13:26:03Z INFO [278/500] 0ef79311-8b4b-440c-82de-b4c747c8d5ff: 18 internal nodes; 1.5 s; peak memory 250 MiB.
2026-09-23T13:26:12Z INFO [279/500] 0ef86443-77fa-471e-9a0d-9bd1b7b3a0b3: 181 internal nodes; 8.6 s; peak memory 250 MiB.
2026-09-23T13:26:13Z INFO [280/500] 0ef95d85-6207-424a-bed9-ff4b5e323ab5: 27 internal nodes; 1.4 s; peak memory 250 MiB.
2026-09-23T13:26:15Z INFO [281/500] 0ef9d651-9f2c-429a-a47d-0ce2d929677a: 27 internal nodes; 1.6 s; peak memory 250 MiB.
2026-09-23T13:26:16Z INFO [282/500] 0efa59f0-c432-4cc7-846c-3ced518a0468: 27 internal nodes; 1.5 s; peak memory 250 MiB.
2026-09-23T13:26:24Z INFO [283/500] 0efc225b-e0e1-4f9c-97c8-97724b110abd: 130 internal nodes; 7.5 s; peak memory 250 MiB.
2026-09-23T13:26:25Z INFO [284/500] 0efd1293-10d0-463c-aed2-64b8544ac7c9: 17 internal nodes; 1.2 s; peak memory 250 MiB.
2026-09-23T13:26:28Z INFO [285/500] 0efd9448-f429-4699-b80f-4cd3a0f36424: 44 internal nodes; 3.0 s; peak memory 250 MiB.
2026-09-23T13:26:29Z INFO [286/500] 0efda1d8-f010-4219-b4e2-9d0501c70d9a: 27 internal nodes; 1.3 s; peak memory 250 MiB.
2026-09-23T13:26:30Z INFO [287/500] 0efdfc4e-316d-44ae-ac0c-a2fcfe99a757: 115 internal nodes; 1.3 s; peak memory 250 MiB.
2026-09-23T13:26:32Z INFO [288/500] 0efee1e9-7567-48fe-9e13-79488e7a91c2: 18 internal nodes; 1.3 s; peak memory 250 MiB.
2026-09-23T13:26:44Z INFO [289/500] 0efee546-a45a-4074-a10b-b21fcef62ba5: 200 internal nodes; 12.7 s; peak memory 250 MiB.
2026-09-23T13:26:46Z INFO [290/500] 0f003818-09cf-46ee-9d86-59e5f7103d82: 27 internal nodes; 1.4 s; peak memory 250 MiB.
2026-09-23T13:26:47Z INFO [291/500] 0f0072d8-79ea-40fb-9963-62538eac72be: 17 internal nodes; 1.3 s; peak memory 250 MiB.
2026-09-23T13:26:49Z INFO [292/500] 0f0118ab-c5d9-40ef-b616-1a3c8c039bc3: 63 internal nodes; 1.7 s; peak memory 250 MiB.
2026-09-23T13:26:50Z INFO [293/500] 0f01f2e4-d9dd-4c25-b287-e1035eb06de1: 31 internal nodes; 1.6 s; peak memory 250 MiB.
2026-09-23T13:26:52Z INFO [294/500] 0f023759-62b0-404a-b988-d261636bf319: 17 internal nodes; 1.3 s; peak memory 250 MiB.
2026-09-23T13:26:53Z INFO [295/500] 0f050d15-0fd6-46cc-8f2d-61fea21c924a: 27 internal nodes; 1.3 s; peak memory 250 MiB.
2026-09-23T13:26:55Z INFO [296/500] 0f05d7e8-5de9-4113-85de-9b41c2d81267: 22 internal nodes; 1.7 s; peak memory 250 MiB.
2026-09-23T13:26:56Z INFO [297/500] 0f06e8a3-b59f-47d3-a4d0-606201fec30d: 18 internal nodes; 1.1 s; peak memory 250 MiB.
2026-09-23T13:26:57Z INFO [298/500] 0f06fb84-f238-4f10-b825-445f18a810fe: 17 internal nodes; 1.2 s; peak memory 250 MiB.
2026-09-23T13:26:59Z INFO [299/500] 0f072286-ce96-4fc9-931d-6fdc30f5e614: 31 internal nodes; 2.0 s; peak memory 250 MiB.
2026-09-23T13:27:01Z INFO [300/500] 0f0746c5-bb1f-485f-a879-1c3dcd9ddd05: 39 internal nodes; 2.1 s; peak memory 250 MiB.
2026-09-23T13:27:01Z INFO [300/500] 0f0746c5-bb1f-485f-a879-1c3dcd9ddd05: checkpointed 53289 records.
2026-09-23T13:27:03Z INFO [301/500] 0f0840c9-0c55-48b3-840d-5bea82b650d1: 54 internal nodes; 1.9 s; peak memory 250 MiB.
2026-09-23T13:27:13Z INFO [302/500] 0f095c54-f7e8-4df6-bd53-09360b5d0e5d: 207 internal nodes; 9.2 s; peak memory 250 MiB.
2026-09-23T13:27:14Z INFO [303/500] 0f099712-9c59-4abd-8b42-26d1c3e27fc8: 19 internal nodes; 1.4 s; peak memory 250 MiB.
2026-09-23T13:27:15Z INFO [304/500] 0f09ac4c-709a-4dbf-bc3e-21eb43b34fcc: 29 internal nodes; 1.6 s; peak memory 250 MiB.
2026-09-23T13:27:17Z INFO [305/500] 0f0a07c5-4850-461e-ae22-c59f85a4bd84: 17 internal nodes; 1.2 s; peak memory 250 MiB.
2026-09-23T13:27:25Z INFO [306/500] 0f0a666a-c5ad-4ec5-af4d-a26a722eaafa: 235 internal nodes; 8.4 s; peak memory 250 MiB.
2026-09-23T13:27:26Z INFO [307/500] 0f0a82d7-c14a-4679-a2a5-7936d28ff8b2: 27 internal nodes; 1.3 s; peak memory 250 MiB.
2026-09-23T13:27:28Z INFO [308/500] 0f0ba283-2d0b-447a-9206-838ff90f5147: 27 internal nodes; 1.5 s; peak memory 250 MiB.
2026-09-23T13:27:29Z INFO [309/500] 0f0bacd3-be70-4365-89f3-d1f62ba7173d: 13 internal nodes; 1.5 s; peak memory 250 MiB.
2026-09-23T13:27:30Z INFO [310/500] 0f0bcf0f-ec2a-48ae-abce-932fe0a1ec85: 19 internal nodes; 1.1 s; peak memory 250 MiB.
2026-09-23T13:27:33Z INFO [311/500] 0f0bcf77-4833-40d0-b7c9-c2ad199158aa: 31 internal nodes; 2.4 s; peak memory 250 MiB.
2026-09-23T13:27:43Z INFO [312/500] 0f0bf7ed-c6f3-406f-bbd1-c2da5af28f55: 193 internal nodes; 9.9 s; peak memory 250 MiB.
2026-09-23T13:27:44Z INFO [313/500] 0f0c19f2-cba4-4b2d-821c-07fd7fc6ba6a: 27 internal nodes; 1.6 s; peak memory 250 MiB.
2026-09-23T13:27:46Z INFO [314/500] 0f0c5542-ea2a-4805-8b2a-7b49b506e3b4: 31 internal nodes; 1.9 s; peak memory 250 MiB.
2026-09-23T13:27:47Z INFO [315/500] 0f0ccf54-00b6-4772-bca4-baa22c12109f: 17 internal nodes; 1.1 s; peak memory 250 MiB.
2026-09-23T13:27:48Z INFO [316/500] 0f0da936-950e-427f-a4d4-261eefd0f64f: 20 internal nodes; 1.1 s; peak memory 250 MiB.
2026-09-23T13:27:50Z INFO [317/500] 0f0db08b-0ab7-4a9c-97c2-ec70d7badc87: 31 internal nodes; 1.9 s; peak memory 250 MiB.
2026-09-23T13:27:52Z INFO [318/500] 0f0df611-4b29-4ccf-bdbb-5f4b123d778b: 17 internal nodes; 1.2 s; peak memory 250 MiB.
2026-09-23T13:27:53Z INFO [319/500] 0f0dff56-6366-4193-8c5e-6d453356ab6a: 115 internal nodes; 1.6 s; peak memory 250 MiB.
2026-09-23T13:27:54Z INFO [320/500] 0f0e3918-fb63-4fb1-8add-ec099a4cf51d: 13 internal nodes; 0.9 s; peak memory 250 MiB.
2026-09-23T13:27:57Z INFO [321/500] 0f0e917d-0403-446e-be11-7b9fb52f684b: 45 internal nodes; 3.1 s; peak memory 250 MiB.
2026-09-23T13:27:59Z INFO [322/500] 0f0ec34c-32bf-4edc-9be0-887d93a580e0: 61 internal nodes; 1.8 s; peak memory 250 MiB.
2026-09-23T13:28:00Z INFO [323/500] 0f0fe620-972d-4dce-8e66-ca568f4dd3bd: 26 internal nodes; 1.2 s; peak memory 250 MiB.
2026-09-23T13:28:02Z INFO [324/500] 0f1070d0-a88b-4101-8bb8-cef5b1c4c75f: 29 internal nodes; 1.8 s; peak memory 250 MiB.
2026-09-23T13:28:03Z INFO [325/500] 0f1164b5-dc45-4fde-adb9-c80a5674c79e: 19 internal nodes; 1.3 s; peak memory 250 MiB.
2026-09-23T13:28:05Z INFO [326/500] 0f117125-d717-4333-b230-ec5257e91043: 27 internal nodes; 1.6 s; peak memory 250 MiB.
2026-09-23T13:28:07Z INFO [327/500] 0f118145-7c7a-4ca0-9d44-4525c3e2d151: 67 internal nodes; 2.2 s; peak memory 250 MiB.
2026-09-23T13:28:08Z INFO [328/500] 0f122dce-e977-475b-a59f-c859fbf7221c: 17 internal nodes; 1.1 s; peak memory 250 MiB.
2026-09-23T13:28:10Z INFO [329/500] 0f126c6a-a04c-4e1e-ada0-05ca1ac067d2: 27 internal nodes; 1.9 s; peak memory 250 MiB.
2026-09-23T13:28:11Z INFO [330/500] 0f1320fb-e6dd-4f1c-ba1d-091a50e563ec: 27 internal nodes; 1.4 s; peak memory 250 MiB.
2026-09-23T13:28:13Z INFO [331/500] 0f15a031-1692-4191-8b7f-aca7a58a0a6e: 18 internal nodes; 1.4 s; peak memory 250 MiB.
2026-09-23T13:28:21Z INFO [332/500] 0f15f701-a7e6-4d0f-ae77-9598629bd4c8: 196 internal nodes; 8.4 s; peak memory 250 MiB.
2026-09-23T13:28:29Z INFO [333/500] 0f16c545-537a-4ebd-aa93-ae9493103d26: 177 internal nodes; 7.7 s; peak memory 250 MiB.
2026-09-23T13:28:30Z INFO [334/500] 0f17011b-bdc0-431c-9476-c39c2c09bd07: 11 internal nodes; 0.9 s; peak memory 250 MiB.
2026-09-23T13:28:31Z INFO [335/500] 0f1787a6-4990-4985-b724-2253ba7d03cb: 27 internal nodes; 1.4 s; peak memory 250 MiB.
2026-09-23T13:28:33Z INFO [336/500] 0f17983f-9420-452b-8056-93c4506a803c: 27 internal nodes; 1.6 s; peak memory 250 MiB.
2026-09-23T13:28:34Z INFO [337/500] 0f18684e-2551-48b7-9de3-3e0f9610a4a6: 17 internal nodes; 0.9 s; peak memory 250 MiB.
2026-09-23T13:28:36Z INFO [338/500] 0f1890dd-4292-4eb0-977e-243ff34e7587: 44 internal nodes; 2.1 s; peak memory 250 MiB.
2026-09-23T13:28:37Z INFO [339/500] 0f190502-fafd-48c9-a7ca-0d5ed0057f95: 17 internal nodes; 1.2 s; peak memory 250 MiB.
2026-09-23T13:28:38Z INFO [340/500] 0f191f56-0eda-41aa-9016-26f31bc15dac: 17 internal nodes; 1.3 s; peak memory 250 MiB.
2026-09-23T13:28:46Z INFO [341/500] 0f1926fa-f63f-4b50-9bdd-bdcae2462e84: 61 internal nodes; 7.5 s; peak memory 250 MiB.
2026-09-23T13:28:57Z INFO [342/500] 0f19ab5e-a6bd-478c-9fcf-5c65569fc82a: 247 internal nodes; 10.6 s; peak memory 250 MiB.
2026-09-23T13:28:57Z INFO [343/500] 0f1a5230-0a58-4b0a-89ee-8172ff367331: 23 internal nodes; 0.9 s; peak memory 250 MiB.
2026-09-23T13:28:59Z INFO [344/500] 0f1b1d85-4777-46df-ab15-04523e2ade51: 27 internal nodes; 1.4 s; peak memory 250 MiB.
2026-09-23T13:29:00Z INFO [345/500] 0f1b5902-d244-4090-b4fd-01183dd6e4e1: 17 internal nodes; 1.2 s; peak memory 250 MiB.
2026-09-23T13:29:17Z INFO [346/500] 0f1d2f31-cec0-45e2-a19c-d2068e7d5fad: 261 internal nodes; 16.7 s; peak memory 250 MiB.
2026-09-23T13:29:21Z INFO [347/500] 0f1d6d73-18e3-4c4e-ada1-2890f65e3048: 53 internal nodes; 4.5 s; peak memory 250 MiB.
2026-09-23T13:29:22Z INFO [348/500] 0f1e6a38-b732-413e-a3f4-e65d7970b1b4: 19 internal nodes; 1.2 s; peak memory 250 MiB.
2026-09-23T13:29:35Z INFO [349/500] 0f20c12b-ca59-41a2-b701-cf5b86aaaf69: 229 internal nodes; 13.0 s; peak memory 250 MiB.
2026-09-23T13:29:37Z INFO [350/500] 0f21ab5c-4d13-47c6-a6f0-ef0353f98e14: 17 internal nodes; 1.3 s; peak memory 250 MiB.
2026-09-23T13:29:37Z INFO [350/500] 0f21ab5c-4d13-47c6-a6f0-ef0353f98e14: checkpointed 53339 records.
2026-09-23T13:29:38Z INFO [351/500] 0f2235ad-f42f-4b70-b4dc-0df937f6b089: 53 internal nodes; 1.5 s; peak memory 250 MiB.
2026-09-23T13:29:40Z INFO [352/500] 0f2270cf-8cf3-4477-bab6-2df77ead0cb7: 17 internal nodes; 1.2 s; peak memory 250 MiB.
2026-09-23T13:29:41Z INFO [353/500] 0f231548-7c8f-448a-bd4e-b19546107cec: 17 internal nodes; 1.3 s; peak memory 250 MiB.
2026-09-23T13:29:42Z INFO [354/500] 0f232cfc-a707-409c-b072-2b4c23f11621: 27 internal nodes; 1.4 s; peak memory 250 MiB.
2026-09-23T13:29:44Z INFO [355/500] 0f234170-9077-451f-9696-4c576a47edb1: 27 internal nodes; 1.5 s; peak memory 250 MiB.
2026-09-23T13:29:45Z INFO [356/500] 0f24340f-7267-4b5c-af26-fd800036968c: 16 internal nodes; 1.2 s; peak memory 250 MiB.
2026-09-23T13:29:47Z INFO [357/500] 0f2438aa-79a7-4fc8-94e3-71f57720f160: 44 internal nodes; 2.5 s; peak memory 250 MiB.
2026-09-23T13:29:49Z INFO [358/500] 0f24ecb7-f2c7-4af5-8984-f647e081ea67: 31 internal nodes; 1.5 s; peak memory 250 MiB.
2026-09-23T13:29:50Z INFO [359/500] 0f25554a-a3f5-440f-aee9-966311092eeb: 27 internal nodes; 1.5 s; peak memory 250 MiB.
2026-09-23T13:29:52Z INFO [360/500] 0f25b242-9a08-447d-b934-a7eb8ad85409: 17 internal nodes; 1.1 s; peak memory 250 MiB.
2026-09-23T13:29:55Z INFO [361/500] 0f25fb2a-3f0e-4592-a417-a496b251a645: 44 internal nodes; 3.0 s; peak memory 250 MiB.
2026-09-23T13:29:56Z INFO [362/500] 0f26b410-b4e7-4f1e-a287-3777a03da264: 17 internal nodes; 1.5 s; peak memory 250 MiB.
2026-09-23T13:29:58Z INFO [363/500] 0f26ba49-bfd9-42c3-a33e-cf5b06674f5c: 54 internal nodes; 1.8 s; peak memory 250 MiB.
2026-09-23T13:30:01Z INFO [364/500] 0f279b15-7ce1-44e9-a7e8-7782039204d5: 42 internal nodes; 3.0 s; peak memory 250 MiB.
2026-09-23T13:30:02Z INFO [365/500] 0f27a405-1b70-46be-93b6-bdfb51fed9f2: 17 internal nodes; 0.9 s; peak memory 250 MiB.
2026-09-23T13:30:04Z INFO [366/500] 0f2809ab-174a-4d6e-875b-16cb09b0164c: 31 internal nodes; 2.2 s; peak memory 250 MiB.
2026-09-23T13:30:06Z INFO [367/500] 0f282001-bb92-40d1-b810-13e92fccdedb: 29 internal nodes; 1.9 s; peak memory 250 MiB.
2026-09-23T13:30:15Z INFO [368/500] 0f288dec-f4c8-4c95-82b4-c47125d29c41: 1122 internal nodes; 9.3 s; peak memory 254 MiB.
2026-09-23T13:30:16Z INFO [369/500] 0f28ffa2-93d1-4e1f-905b-37b6cc4dbcc7: 17 internal nodes; 1.2 s; peak memory 254 MiB.
2026-09-23T13:30:18Z INFO [370/500] 0f2940fa-efad-4755-a396-799d4f2e0758: 31 internal nodes; 1.9 s; peak memory 254 MiB.
2026-09-23T13:30:19Z INFO [371/500] 0f29856d-0930-430d-8b5f-cb2ee9fa1d91: 18 internal nodes; 1.2 s; peak memory 254 MiB.
2026-09-23T13:30:23Z INFO [372/500] 0f29a4de-3a8f-4bd3-82af-bbeaca2ed55f: 44 internal nodes; 3.3 s; peak memory 254 MiB.
2026-09-23T13:30:24Z INFO [373/500] 0f2a0432-393a-4d24-8c1c-dfbdea1e3cab: 21 internal nodes; 1.4 s; peak memory 254 MiB.
2026-09-23T13:30:25Z INFO [374/500] 0f2a2f4e-6f84-40c5-b114-491514958576: 17 internal nodes; 1.3 s; peak memory 254 MiB.
2026-09-23T13:30:33Z INFO [375/500] 0f2a95bb-3e6b-44c8-9eae-c3299483eb36: 62 internal nodes; 7.6 s; peak memory 254 MiB.
2026-09-23T13:30:34Z INFO [376/500] 0f2a9968-ed5b-448c-b87b-e7378fd68629: 27 internal nodes; 1.4 s; peak memory 254 MiB.
2026-09-23T13:30:36Z INFO [377/500] 0f2cb8dd-556f-44a7-99a8-2b5a2290bae8: 60 internal nodes; 1.7 s; peak memory 254 MiB.
2026-09-23T13:30:37Z INFO [378/500] 0f2d89b1-0020-4ffa-b1d1-90e61aaa8459: 17 internal nodes; 1.3 s; peak memory 254 MiB.
2026-09-23T13:30:39Z INFO [379/500] 0f2f2bf5-bdd3-48d7-852a-58dca1af1edc: 17 internal nodes; 1.3 s; peak memory 254 MiB.
2026-09-23T13:30:40Z INFO [380/500] 0f2f7d02-7281-4b24-942e-c3263a2b00e1: 13 internal nodes; 1.3 s; peak memory 254 MiB.
2026-09-23T13:30:52Z INFO [381/500] 0f302227-f836-4bf3-9a57-39149fc960ac: 115 internal nodes; 11.6 s; peak memory 254 MiB.
2026-09-23T13:30:53Z INFO [382/500] 0f315f95-4cd4-4f4c-b855-2efce9a99d54: 27 internal nodes; 1.0 s; peak memory 254 MiB.
2026-09-23T13:30:54Z INFO [383/500] 0f31a847-29fd-4f38-b2fa-85bd89d32d3a: 31 internal nodes; 1.7 s; peak memory 254 MiB.
2026-09-23T13:30:56Z INFO [384/500] 0f31d21c-5a67-444f-80af-3d9bf171db7a: 31 internal nodes; 1.6 s; peak memory 254 MiB.
2026-09-23T13:30:57Z INFO [385/500] 0f31e1b0-0cb7-4e13-b8a4-1e09445547d4: 17 internal nodes; 1.0 s; peak memory 254 MiB.
2026-09-23T13:30:58Z INFO [386/500] 0f324ce9-0f25-437a-90df-77f3ee23e185: 17 internal nodes; 0.9 s; peak memory 254 MiB.
2026-09-23T13:30:59Z INFO [387/500] 0f32a17a-8eca-433c-befa-998171beca41: 19 internal nodes; 1.5 s; peak memory 254 MiB.
2026-09-23T13:31:49Z INFO [388/500] 0f32a779-adc0-43b1-bb76-b09fda290074: 93 internal nodes; 49.4 s; peak memory 287 MiB.
2026-09-23T13:31:56Z INFO [389/500] 0f32f189-689f-41c5-bfad-f80b6eee83aa: 61 internal nodes; 7.3 s; peak memory 287 MiB.
2026-09-23T13:31:57Z INFO [390/500] 0f330e3c-5229-40f8-a3a9-c4a1119d8c0d: 16 internal nodes; 1.4 s; peak memory 287 MiB.
2026-09-23T13:31:59Z INFO [391/500] 0f3333fa-1e62-486d-9316-04a2fceae74c: 31 internal nodes; 1.6 s; peak memory 287 MiB.
2026-09-23T13:32:01Z INFO [392/500] 0f3392cf-8c05-460c-84aa-b1aa2f44605c: 31 internal nodes; 1.9 s; peak memory 287 MiB.
2026-09-23T13:32:03Z INFO [393/500] 0f33d2b6-7842-488e-9455-91a4a89f227f: 31 internal nodes; 1.7 s; peak memory 287 MiB.
2026-09-23T13:32:04Z INFO [394/500] 0f33f0fe-2f8b-40f2-88ec-c5e72955d8f1: 18 internal nodes; 1.1 s; peak memory 287 MiB.
2026-09-23T13:32:05Z INFO [395/500] 0f343dbb-f524-4f9f-88d5-8ba31474f297: 13 internal nodes; 1.1 s; peak memory 287 MiB.
2026-09-23T13:32:13Z INFO [396/500] 0f356bbb-c0b3-4b7e-8153-be9ec6a03349: 166 internal nodes; 8.4 s; peak memory 287 MiB.
2026-09-23T13:32:15Z INFO [397/500] 0f3588f2-9be7-4027-8316-9477e38b84d1: 27 internal nodes; 1.6 s; peak memory 287 MiB.
2026-09-23T13:32:16Z INFO [398/500] 0f363aad-13a3-4c79-9bff-7ceef36eb469: 11 internal nodes; 0.8 s; peak memory 287 MiB.
2026-09-23T13:32:16Z INFO [399/500] 0f36ee9e-dc22-45c4-9504-b1dff68a4b89: 11 internal nodes; 0.9 s; peak memory 287 MiB.
2026-09-23T13:32:17Z INFO [400/500] 0f36f608-48bb-4538-8120-2101c85b98ea: 17 internal nodes; 0.9 s; peak memory 287 MiB.
2026-09-23T13:32:17Z INFO [400/500] 0f36f608-48bb-4538-8120-2101c85b98ea: checkpointed 53389 records.
2026-09-23T13:32:19Z INFO [401/500] 0f3732d0-2fd3-4f1c-b7f8-121d6d34e463: 27 internal nodes; 1.5 s; peak memory 287 MiB.
2026-09-23T13:32:20Z INFO [402/500] 0f3770fa-1f1e-4540-bbec-6164e2f5e636: 27 internal nodes; 1.5 s; peak memory 287 MiB.
2026-09-23T13:32:22Z INFO [403/500] 0f379a0d-5b8a-4d23-b150-055eecb15cbc: 13 internal nodes; 1.4 s; peak memory 287 MiB.
2026-09-23T13:32:23Z INFO [404/500] 0f37f302-8195-4058-982f-568b7ac70550: 16 internal nodes; 1.2 s; peak memory 287 MiB.
2026-09-23T13:32:24Z INFO [405/500] 0f382ae0-c001-4006-b6b3-410bef6816d8: 17 internal nodes; 1.0 s; peak memory 287 MiB.
2026-09-23T13:32:26Z INFO [406/500] 0f387255-061c-498d-b1d4-57efb4a68885: 30 internal nodes; 1.7 s; peak memory 287 MiB.
2026-09-23T13:32:28Z INFO [407/500] 0f38a599-9a68-4582-b853-201fc0a279c8: 66 internal nodes; 1.7 s; peak memory 287 MiB.
2026-09-23T13:32:29Z INFO [408/500] 0f38e56e-67bd-4ed0-997e-dd1c0353c3e6: 115 internal nodes; 1.5 s; peak memory 287 MiB.
2026-09-23T13:32:32Z INFO [409/500] 0f395623-ae31-41b2-bfdf-5345e5d578ad: 30 internal nodes; 2.5 s; peak memory 287 MiB.
2026-09-23T13:32:33Z INFO [410/500] 0f3a1f53-7c95-4ca4-9807-66698ab8a4ef: 26 internal nodes; 1.3 s; peak memory 287 MiB.
2026-09-23T13:32:35Z INFO [411/500] 0f3aa4a5-ce52-4b85-9752-de2ee1e1d62f: 44 internal nodes; 2.4 s; peak memory 287 MiB.
2026-09-23T13:32:36Z INFO [412/500] 0f3aad3a-302b-464b-bada-f3c6c2e52b9c: 17 internal nodes; 1.2 s; peak memory 287 MiB.
2026-09-23T13:32:38Z INFO [413/500] 0f3b1726-8112-4173-8236-db23426f2663: 24 internal nodes; 1.4 s; peak memory 287 MiB.
2026-09-23T13:32:39Z INFO [414/500] 0f3b35ee-6328-4bb9-8789-fc42bc1501d1: 28 internal nodes; 1.4 s; peak memory 287 MiB.
2026-09-23T13:32:41Z INFO [415/500] 0f3b928f-d80b-489c-bee5-115aeed26828: 26 internal nodes; 1.8 s; peak memory 287 MiB.
2026-09-23T13:32:48Z INFO [416/500] 0f3c5e5d-d289-46e6-b756-ec02d96c5631: 75 internal nodes; 7.2 s; peak memory 287 MiB.
2026-09-23T13:32:50Z INFO [417/500] 0f3d43b4-09b0-4b64-8ced-881214910610: 32 internal nodes; 1.9 s; peak memory 287 MiB.
2026-09-23T13:32:51Z INFO [418/500] 0f3e1a2e-9aa9-488e-97dd-d60f2511bec5: 24 internal nodes; 1.2 s; peak memory 287 MiB.
2026-09-23T13:32:58Z INFO [419/500] 0f3e6902-d542-4fe8-8f12-0f2415217a7e: 152 internal nodes; 6.9 s; peak memory 287 MiB.
2026-09-23T13:33:00Z INFO [420/500] 0f3e974e-6f2e-4fe6-8497-5dbb09eff23c: 27 internal nodes; 1.5 s; peak memory 287 MiB.
2026-09-23T13:33:01Z INFO [421/500] 0f3f1b98-755e-40d4-970f-13104b772b61: 27 internal nodes; 1.6 s; peak memory 287 MiB.
2026-09-23T13:33:08Z INFO [422/500] 0f3f59e7-f7bf-4170-a1e1-54fe53f35537: 161 internal nodes; 6.6 s; peak memory 287 MiB.
2026-09-23T13:33:09Z INFO [423/500] 0f3f6def-2d52-4ca6-bfd7-05ae42c45727: 23 internal nodes; 1.3 s; peak memory 287 MiB.
2026-09-23T13:33:15Z INFO [424/500] 0f3fcc65-4e20-420e-9409-1bc70bfb261c: 135 internal nodes; 5.9 s; peak memory 287 MiB.
2026-09-23T13:33:16Z INFO [425/500] 0f4040d7-1d65-4c79-acfe-4ac2788b4678: 24 internal nodes; 1.3 s; peak memory 287 MiB.
2026-09-23T13:33:18Z INFO [426/500] 0f423710-f683-405a-a701-b467d1627772: 27 internal nodes; 1.6 s; peak memory 287 MiB.
2026-09-23T13:33:21Z INFO [427/500] 0f42572b-9978-44e6-8479-fef75bd425de: 65 internal nodes; 2.5 s; peak memory 287 MiB.
2026-09-23T13:33:25Z INFO [428/500] 0f429487-a7d4-4071-92d9-ccbea7331f32: 89 internal nodes; 4.6 s; peak memory 287 MiB.
2026-09-23T13:33:26Z INFO [429/500] 0f43fc9f-70e0-4c6b-8b18-00c8d99bc7e9: 17 internal nodes; 1.1 s; peak memory 287 MiB.
2026-09-23T13:33:29Z INFO [430/500] 0f4429c6-6065-4480-8265-0b121306c22f: 44 internal nodes; 2.6 s; peak memory 287 MiB.
2026-09-23T13:33:30Z INFO [431/500] 0f444c72-1888-46f1-a7a0-44c1387f7153: 27 internal nodes; 1.0 s; peak memory 287 MiB.
2026-09-23T13:34:17Z INFO [432/500] 0f4607a9-116c-4e40-9acc-795ebc0f9715: 3274 internal nodes; 47.6 s; peak memory 365 MiB.
2026-09-23T13:34:18Z INFO [433/500] 0f467539-30e8-408f-a8ec-068b1578eb50: 11 internal nodes; 0.9 s; peak memory 365 MiB.
2026-09-23T13:34:20Z INFO [434/500] 0f46a2a2-772d-49d0-8a7d-440073c340aa: 27 internal nodes; 1.3 s; peak memory 365 MiB.
2026-09-23T13:34:21Z INFO [435/500] 0f46e7b5-f6d5-4702-ab6f-410a2b513eec: 13 internal nodes; 1.0 s; peak memory 365 MiB.
2026-09-23T13:34:22Z INFO [436/500] 0f472ec2-a64d-4e55-a90a-956c651748fc: 27 internal nodes; 1.6 s; peak memory 365 MiB.
2026-09-23T13:34:25Z INFO [437/500] 0f47942d-22ae-4719-91e1-15993fc7ad3d: 44 internal nodes; 3.1 s; peak memory 365 MiB.
2026-09-23T13:34:27Z INFO [438/500] 0f491db0-1b26-43d1-af3f-1415ebc0a221: 17 internal nodes; 1.3 s; peak memory 365 MiB.
2026-09-23T13:34:28Z INFO [439/500] 0f4959e7-d5ab-4e5a-bd73-dfb3b5aebf42: 31 internal nodes; 1.7 s; peak memory 365 MiB.
2026-09-23T13:34:30Z INFO [440/500] 0f49e379-b966-4aa6-930d-e2e9353401a9: 61 internal nodes; 1.6 s; peak memory 365 MiB.
2026-09-23T13:34:40Z INFO [441/500] 0f4a97c7-2298-4f31-bfb9-c20de37bbd24: 164 internal nodes; 10.3 s; peak memory 365 MiB.
2026-09-23T13:34:41Z INFO [442/500] 0f4a9d62-b3ce-42fe-88ab-4eb80a15f846: 27 internal nodes; 1.4 s; peak memory 365 MiB.
2026-09-23T13:34:43Z INFO [443/500] 0f4b6362-5528-457c-8f67-37a55f3614e1: 17 internal nodes; 1.2 s; peak memory 365 MiB.
2026-09-23T13:34:44Z INFO [444/500] 0f4b7ff3-923f-4749-aa73-350fcf099b7a: 17 internal nodes; 1.2 s; peak memory 365 MiB.
2026-09-23T13:34:45Z INFO [445/500] 0f4b8aa6-652c-41c9-8459-a4d2a38ccc36: 27 internal nodes; 1.3 s; peak memory 365 MiB.
2026-09-23T13:34:48Z INFO [446/500] 0f4bca34-fe01-4be1-ab74-e136a4a5085b: 66 internal nodes; 2.4 s; peak memory 365 MiB.
2026-09-23T13:34:57Z INFO [447/500] 0f4bfa81-dd6b-4d9e-8f60-582671686a0a: 232 internal nodes; 9.9 s; peak memory 365 MiB.
2026-09-23T13:34:59Z INFO [448/500] 0f4c5025-add5-418c-8c1e-7612db4a094c: 17 internal nodes; 1.2 s; peak memory 365 MiB.
2026-09-23T13:35:00Z INFO [449/500] 0f4c7503-83f2-48b0-b9d8-013c9082c249: 17 internal nodes; 1.2 s; peak memory 365 MiB.
2026-09-23T13:35:07Z INFO [450/500] 0f4ccec8-74de-45d4-91f6-495a23f533ec: 146 internal nodes; 7.5 s; peak memory 365 MiB.
2026-09-23T13:35:08Z INFO [450/500] 0f4ccec8-74de-45d4-91f6-495a23f533ec: checkpointed 53439 records.
2026-09-23T13:35:09Z INFO [451/500] 0f4cdc45-a77a-4e30-8e8d-8ffc38780362: 17 internal nodes; 1.2 s; peak memory 365 MiB.
2026-09-23T13:35:10Z INFO [452/500] 0f4cf7bd-6e11-4611-8bf3-0fdf61bf0a36: 17 internal nodes; 1.2 s; peak memory 365 MiB.
2026-09-23T13:35:11Z INFO [453/500] 0f4d8fd3-9719-4c69-8c32-59b92bbe0b60: 11 internal nodes; 1.3 s; peak memory 365 MiB.
2026-09-23T13:35:12Z INFO [454/500] 0f4d9881-b47b-4a89-8dc0-f72ea039d6fb: 11 internal nodes; 0.9 s; peak memory 365 MiB.
2026-09-23T13:35:30Z INFO [455/500] 0f4e1a4a-e976-4ea6-ae09-3d6f552f43a8: 495 internal nodes; 18.1 s; peak memory 365 MiB.
2026-09-23T13:35:31Z INFO [456/500] 0f4fe66a-1d38-49f9-8db4-e15ea1d364f2: 19 internal nodes; 1.2 s; peak memory 365 MiB.
2026-09-23T13:35:33Z INFO [457/500] 0f5074aa-647f-452a-8a63-71d8849eec43: 27 internal nodes; 1.4 s; peak memory 365 MiB.
2026-09-23T13:35:34Z INFO [458/500] 0f507b73-1026-4930-9925-9eb48a96bb44: 17 internal nodes; 1.1 s; peak memory 365 MiB.
2026-09-23T13:35:35Z INFO [459/500] 0f510f40-e076-4dd1-acf3-684c08d99778: 18 internal nodes; 0.7 s; peak memory 365 MiB.
2026-09-23T13:35:36Z INFO [460/500] 0f515d45-cef3-40ce-8013-fdf7f16d1128: 37 internal nodes; 1.6 s; peak memory 365 MiB.
2026-09-23T13:35:45Z INFO [461/500] 0f520316-7d34-409c-9256-20bf5d412185: 177 internal nodes; 8.6 s; peak memory 365 MiB.
2026-09-23T13:35:46Z INFO [462/500] 0f520cb0-5045-45a9-843c-7671cd985352: 29 internal nodes; 1.2 s; peak memory 365 MiB.
2026-09-23T13:35:48Z INFO [463/500] 0f53c3f4-2064-4416-a94d-940815031fbc: 37 internal nodes; 1.7 s; peak memory 365 MiB.
2026-09-23T13:35:58Z INFO [464/500] 0f541c1d-7cec-478d-9fc3-c443983d62f2: 203 internal nodes; 9.8 s; peak memory 365 MiB.
2026-09-23T13:36:12Z INFO [465/500] 0f548303-14c6-439d-8a91-7f3c3b58bcef: 88 internal nodes; 14.9 s; peak memory 365 MiB.
2026-09-23T13:36:13Z INFO [466/500] 0f548bb4-6162-4ccf-87fb-ae8b7fee427b: 24 internal nodes; 1.0 s; peak memory 365 MiB.
2026-09-23T13:36:14Z INFO [467/500] 0f54d3b7-5768-4355-aa05-d4912b52b2a2: 27 internal nodes; 0.8 s; peak memory 365 MiB.
2026-09-23T13:36:15Z INFO [468/500] 0f55194e-e2dc-4aee-aed1-46471f2d95b4: 13 internal nodes; 1.2 s; peak memory 365 MiB.
2026-09-23T13:36:16Z INFO [469/500] 0f555412-d78e-4ec9-9552-534e14b275fa: 13 internal nodes; 1.0 s; peak memory 365 MiB.
2026-09-23T13:38:23Z INFO [470/500] 0f555821-23ab-485a-afe6-9413295bffd1: 93 internal nodes; 126.9 s; peak memory 408 MiB.
2026-09-23T13:38:25Z INFO [471/500] 0f55ca1b-53bf-4e17-a824-3119d3c6094c: 90 internal nodes; 1.2 s; peak memory 408 MiB.
2026-09-23T13:38:26Z INFO [472/500] 0f564d59-767c-44fe-9dcd-acc2ef2919fc: 19 internal nodes; 1.2 s; peak memory 408 MiB.
2026-09-23T13:38:32Z INFO [473/500] 0f567dba-4e66-449b-b449-5e693fb902a8: 165 internal nodes; 5.9 s; peak memory 408 MiB.
2026-09-23T13:38:33Z INFO [474/500] 0f586dac-df65-4d73-afb4-ffe42fcf9401: 18 internal nodes; 1.3 s; peak memory 408 MiB.
2026-09-23T13:38:34Z INFO [475/500] 0f58e608-5f74-4e85-969e-745ee20e4bfb: 116 internal nodes; 1.4 s; peak memory 408 MiB.
2026-09-23T13:38:35Z INFO [476/500] 0f5a97d3-82fd-43cd-8c54-96d4ca84ef01: 14 internal nodes; 1.0 s; peak memory 408 MiB.
2026-09-23T13:38:37Z INFO [477/500] 0f5ab495-7a02-40db-9211-861382d8f15f: 22 internal nodes; 1.3 s; peak memory 408 MiB.
2026-09-23T13:38:38Z INFO [478/500] 0f5adac6-d950-441e-b15a-cd43501f8042: 17 internal nodes; 1.2 s; peak memory 408 MiB.
2026-09-23T13:38:40Z INFO [479/500] 0f5bdd5b-9430-4468-ab9b-f95f2df766d6: 63 internal nodes; 1.7 s; peak memory 408 MiB.
2026-09-23T13:38:42Z INFO [480/500] 0f5d75b9-7ab9-4d1e-a1c5-57fbf343c9a5: 116 internal nodes; 1.9 s; peak memory 408 MiB.
2026-09-23T13:38:43Z INFO [481/500] 0f5dea31-43f9-483e-92de-3dc01e7e9f5d: 27 internal nodes; 1.5 s; peak memory 408 MiB.
2026-09-23T13:38:44Z INFO [482/500] 0f5e599c-a27f-4779-8b83-cf9b85aab82f: 17 internal nodes; 1.1 s; peak memory 408 MiB.
2026-09-23T13:38:45Z INFO [483/500] 0f5e7270-ff11-429d-9ccc-1f918fbb7d9e: 26 internal nodes; 0.8 s; peak memory 408 MiB.
2026-09-23T13:38:46Z INFO [484/500] 0f5eab25-637e-4119-863b-8a5d7879cea8: 17 internal nodes; 0.8 s; peak memory 408 MiB.
2026-09-23T13:38:48Z INFO [485/500] 0f5faa5d-ef90-4daf-9082-49ddf417ce8b: 58 internal nodes; 2.4 s; peak memory 408 MiB.
2026-09-23T13:38:57Z INFO [486/500] 0f6067f8-5e6d-4853-9925-d05aced202b7: 176 internal nodes; 8.9 s; peak memory 408 MiB.
2026-09-23T13:39:03Z INFO [487/500] 0f614e3b-817c-4eff-86ba-d6d40b539944: 62 internal nodes; 6.2 s; peak memory 408 MiB.
2026-09-23T13:39:55Z INFO [488/500] 0f615b76-24d9-476a-bca2-f9de772eaee1: 5931 internal nodes; 51.3 s; peak memory 455 MiB.
2026-09-23T13:39:58Z INFO [489/500] 0f61c1f6-de1b-46ca-85de-752f7178452f: 44 internal nodes; 2.9 s; peak memory 455 MiB.
2026-09-23T13:39:59Z INFO [490/500] 0f6297f9-29d0-467e-b55e-473e0928f7b8: 61 internal nodes; 1.8 s; peak memory 455 MiB.
2026-09-23T13:40:01Z INFO [491/500] 0f6323f2-8828-4394-9c20-aa900d9d7f16: 30 internal nodes; 1.6 s; peak memory 455 MiB.
2026-09-23T13:40:02Z INFO [492/500] 0f63df44-4c94-4c6b-8f2e-d0760e7f0429: 11 internal nodes; 0.9 s; peak memory 455 MiB.
2026-09-23T13:40:05Z INFO [493/500] 0f641a41-edc3-4c7e-a379-72abf0141b7b: 44 internal nodes; 3.2 s; peak memory 455 MiB.
2026-09-23T13:40:06Z INFO [494/500] 0f6607fd-bfc5-4769-af54-7c99f85961c7: 17 internal nodes; 1.2 s; peak memory 455 MiB.
2026-09-23T13:40:07Z INFO [495/500] 0f67e5b2-3380-4375-a147-b8c30698894d: 11 internal nodes; 0.8 s; peak memory 455 MiB.
2026-09-23T13:40:08Z INFO [496/500] 0f685f56-bd7b-4b20-8422-0551463334d3: 116 internal nodes; 1.4 s; peak memory 455 MiB.
2026-09-23T13:40:10Z INFO [497/500] 0f687fe6-85c1-4041-ba29-256044253c8a: 27 internal nodes; 1.3 s; peak memory 455 MiB.
2026-09-23T13:40:11Z INFO [498/500] 0f68ce66-4b87-4498-aa07-e59e806626d3: 27 internal nodes; 1.3 s; peak memory 455 MiB.
2026-09-23T13:40:13Z INFO [499/500] 0f6a5d93-b2f6-4965-a0d9-b254c12061b3: 44 internal nodes; 2.6 s; peak memory 455 MiB.
2026-09-23T13:40:15Z INFO [500/500] 0f6d7f0b-067c-4d41-8eda-0fd66541aa11: 27 internal nodes; 1.4 s; peak memory 455 MiB.
2026-09-23T13:40:15Z INFO [500/500] 0f6d7f0b-067c-4d41-8eda-0fd66541aa11: checkpointed 53489 records.
2026-09-23T13:40:15Z INFO Wrote 53489 records to /tmp/derivatives/valid_nwb_file_to_out_degrees.jsonl (497 new, 3 failed) in 28.7 min (peak memory 455 MiB).
